make: Nothing to be done for 'all'.
###################################################################
# Sweep 3: ray depth  (block=256, spheres=200)
# Each config run 3x
###################################################################

===================================================================
[depth_75_r1] ./renders/raytracer --block-size 256 --max-depth 75 --num-spheres 200
===================================================================
Config: blockSize=256 MAX_SPHERES=512 maxDepth=75 numSpheres=200
Scene initialized

============= OPENMP =============
Time:                          656.131 s
Wrote 'output/openmp.jpg'

Spheres generated: 200 (requested 200)

============= GLOBAL =============
Kernel time:                    13.617 s
Memory transfer time:            0.006 s
Total (without mem):            13.617 s
Total (with mem):               13.623 s
Throughput:                       0.03 Mpixels/sec
Speedup vs OpenMP (kernel):      48.19x
Speedup vs OpenMP (with mem):    48.17x
Wrote 'output/cuda_global.jpg'

============= CONSTANT =============
Kernel time:                    12.537 s
Memory transfer time:            0.098 s
Total (without mem):            12.537 s
Total (with mem):               12.635 s
Throughput:                       0.03 Mpixels/sec
Speedup vs OpenMP (kernel):      52.34x
Speedup vs OpenMP (with mem):    51.93x
Wrote 'output/cuda_constant.jpg'

============= SHARED =============
Kernel time:                    12.602 s
Memory transfer time:            0.098 s
Total (without mem):            12.602 s
Total (with mem):               12.700 s
Throughput:                       0.03 Mpixels/sec
Speedup vs OpenMP (kernel):      52.07x
Speedup vs OpenMP (with mem):    51.66x
Wrote 'output/cuda_shared.jpg'

============= 1D TEXTURE =============
Kernel time:                    13.542 s
Memory transfer time:            0.004 s
Total (without mem):            13.542 s
Total (with mem):               13.547 s
Throughput:                       0.03 Mpixels/sec
Speedup vs OpenMP (kernel):      48.45x
Speedup vs OpenMP (with mem):    48.44x
Wrote 'output/cuda_1d_texture.jpg'

============= 2D TEXTURE =============
Kernel time:                    13.570 s
Memory transfer time:            0.005 s
Total (without mem):            13.570 s
Total (with mem):               13.576 s
Throughput:                       0.03 Mpixels/sec
Speedup vs OpenMP (kernel):      48.35x
Speedup vs OpenMP (with mem):    48.33x
Wrote 'output/cuda_2d_texture.jpg'

============= 2D TEXTURE + CONSTANT =============
Kernel time:                    12.527 s
Memory transfer time:            0.098 s
Total (without mem):            12.527 s
Total (with mem):               12.625 s
Throughput:                       0.03 Mpixels/sec
Speedup vs OpenMP (kernel):      52.38x
Speedup vs OpenMP (with mem):    51.97x
Wrote 'output/cuda_2d_texture_constant.jpg'

============= REALISTIC =============
Kernel time:                    13.599 s
Memory transfer time:            0.006 s
Total (without mem):            13.599 s
Total (with mem):               13.604 s
Throughput:                       0.03 Mpixels/sec
Speedup vs OpenMP (kernel):      48.25x
Speedup vs OpenMP (with mem):    48.23x
Wrote 'output/cuda_realistic.jpg'

===================================================================
[depth_75_r2] ./renders/raytracer --block-size 256 --max-depth 75 --num-spheres 200
===================================================================
Config: blockSize=256 MAX_SPHERES=512 maxDepth=75 numSpheres=200
Scene initialized

============= OPENMP =============
Time:                          658.300 s
Wrote 'output/openmp.jpg'

Spheres generated: 200 (requested 200)

============= GLOBAL =============
Kernel time:                    13.600 s
Memory transfer time:            0.005 s
Total (without mem):            13.600 s
Total (with mem):               13.605 s
Throughput:                       0.03 Mpixels/sec
Speedup vs OpenMP (kernel):      48.40x
Speedup vs OpenMP (with mem):    48.39x
Wrote 'output/cuda_global.jpg'

============= CONSTANT =============
Kernel time:                    12.505 s
Memory transfer time:            0.010 s
Total (without mem):            12.505 s
Total (with mem):               12.515 s
Throughput:                       0.03 Mpixels/sec
Speedup vs OpenMP (kernel):      52.64x
Speedup vs OpenMP (with mem):    52.60x
Wrote 'output/cuda_constant.jpg'

============= SHARED =============
Kernel time:                    12.611 s
Memory transfer time:            0.010 s
Total (without mem):            12.611 s
Total (with mem):               12.621 s
Throughput:                       0.03 Mpixels/sec
Speedup vs OpenMP (kernel):      52.20x
Speedup vs OpenMP (with mem):    52.16x
Wrote 'output/cuda_shared.jpg'

============= 1D TEXTURE =============
Kernel time:                    13.576 s
Memory transfer time:            0.004 s
Total (without mem):            13.576 s
Total (with mem):               13.580 s
Throughput:                       0.03 Mpixels/sec
Speedup vs OpenMP (kernel):      48.49x
Speedup vs OpenMP (with mem):    48.47x
Wrote 'output/cuda_1d_texture.jpg'

============= 2D TEXTURE =============
Kernel time:                    13.531 s
Memory transfer time:            0.006 s
Total (without mem):            13.531 s
Total (with mem):               13.538 s
Throughput:                       0.03 Mpixels/sec
Speedup vs OpenMP (kernel):      48.65x
Speedup vs OpenMP (with mem):    48.63x
Wrote 'output/cuda_2d_texture.jpg'

============= 2D TEXTURE + CONSTANT =============
Kernel time:                    12.502 s
Memory transfer time:            0.012 s
Total (without mem):            12.502 s
Total (with mem):               12.514 s
Throughput:                       0.03 Mpixels/sec
Speedup vs OpenMP (kernel):      52.66x
Speedup vs OpenMP (with mem):    52.60x
Wrote 'output/cuda_2d_texture_constant.jpg'

============= REALISTIC =============
Kernel time:                    13.565 s
Memory transfer time:            0.007 s
Total (without mem):            13.565 s
Total (with mem):               13.572 s
Throughput:                       0.03 Mpixels/sec
Speedup vs OpenMP (kernel):      48.53x
Speedup vs OpenMP (with mem):    48.50x
Wrote 'output/cuda_realistic.jpg'

===================================================================
[depth_75_r3] ./renders/raytracer --block-size 256 --max-depth 75 --num-spheres 200
===================================================================
Config: blockSize=256 MAX_SPHERES=512 maxDepth=75 numSpheres=200
Scene initialized

============= OPENMP =============
Time:                          655.433 s
Wrote 'output/openmp.jpg'

Spheres generated: 200 (requested 200)

============= GLOBAL =============
Kernel time:                    13.613 s
Memory transfer time:            0.005 s
Total (without mem):            13.613 s
Total (with mem):               13.618 s
Throughput:                       0.03 Mpixels/sec
Speedup vs OpenMP (kernel):      48.15x
Speedup vs OpenMP (with mem):    48.13x
Wrote 'output/cuda_global.jpg'

============= CONSTANT =============
Kernel time:                    12.492 s
Memory transfer time:            0.011 s
Total (without mem):            12.492 s
Total (with mem):               12.503 s
Throughput:                       0.03 Mpixels/sec
Speedup vs OpenMP (kernel):      52.47x
Speedup vs OpenMP (with mem):    52.42x
Wrote 'output/cuda_constant.jpg'

============= SHARED =============
Kernel time:                    12.625 s
Memory transfer time:            0.011 s
Total (without mem):            12.625 s
Total (with mem):               12.636 s
Throughput:                       0.03 Mpixels/sec
Speedup vs OpenMP (kernel):      51.91x
Speedup vs OpenMP (with mem):    51.87x
Wrote 'output/cuda_shared.jpg'

============= 1D TEXTURE =============
Kernel time:                    13.548 s
Memory transfer time:            0.004 s
Total (without mem):            13.548 s
Total (with mem):               13.552 s
Throughput:                       0.03 Mpixels/sec
Speedup vs OpenMP (kernel):      48.38x
Speedup vs OpenMP (with mem):    48.37x
Wrote 'output/cuda_1d_texture.jpg'

============= 2D TEXTURE =============
Kernel time:                    13.575 s
Memory transfer time:            0.007 s
Total (without mem):            13.575 s
Total (with mem):               13.582 s
Throughput:                       0.03 Mpixels/sec
Speedup vs OpenMP (kernel):      48.28x
Speedup vs OpenMP (with mem):    48.26x
Wrote 'output/cuda_2d_texture.jpg'

============= 2D TEXTURE + CONSTANT =============
Kernel time:                    12.544 s
Memory transfer time:            0.013 s
Total (without mem):            12.544 s
Total (with mem):               12.558 s
Throughput:                       0.03 Mpixels/sec
Speedup vs OpenMP (kernel):      52.25x
Speedup vs OpenMP (with mem):    52.19x
Wrote 'output/cuda_2d_texture_constant.jpg'

============= REALISTIC =============
Kernel time:                    13.540 s
Memory transfer time:            0.007 s
Total (without mem):            13.540 s
Total (with mem):               13.547 s
Throughput:                       0.03 Mpixels/sec
Speedup vs OpenMP (kernel):      48.41x
Speedup vs OpenMP (with mem):    48.38x
Wrote 'output/cuda_realistic.jpg'

===================================================================
[depth_100_r1] ./renders/raytracer --block-size 256 --max-depth 100 --num-spheres 200
===================================================================
Config: blockSize=256 MAX_SPHERES=512 maxDepth=100 numSpheres=200
Scene initialized

============= OPENMP =============
Time:                          656.849 s
Wrote 'output/openmp.jpg'

Spheres generated: 200 (requested 200)

============= GLOBAL =============
Kernel time:                    13.627 s
Memory transfer time:            0.005 s
Total (without mem):            13.627 s
Total (with mem):               13.632 s
Throughput:                       0.03 Mpixels/sec
Speedup vs OpenMP (kernel):      48.20x
Speedup vs OpenMP (with mem):    48.18x
Wrote 'output/cuda_global.jpg'

============= CONSTANT =============
Kernel time:                    12.557 s
Memory transfer time:            0.009 s
Total (without mem):            12.557 s
Total (with mem):               12.566 s
Throughput:                       0.03 Mpixels/sec
Speedup vs OpenMP (kernel):      52.31x
Speedup vs OpenMP (with mem):    52.27x
Wrote 'output/cuda_constant.jpg'

============= SHARED =============
Kernel time:                    12.649 s
Memory transfer time:            0.009 s
Total (without mem):            12.649 s
Total (with mem):               12.659 s
Throughput:                       0.03 Mpixels/sec
Speedup vs OpenMP (kernel):      51.93x
Speedup vs OpenMP (with mem):    51.89x
Wrote 'output/cuda_shared.jpg'

============= 1D TEXTURE =============
Kernel time:                    13.642 s
Memory transfer time:            0.004 s
Total (without mem):            13.642 s
Total (with mem):               13.646 s
Throughput:                       0.03 Mpixels/sec
Speedup vs OpenMP (kernel):      48.15x
Speedup vs OpenMP (with mem):    48.13x
Wrote 'output/cuda_1d_texture.jpg'

============= 2D TEXTURE =============
Kernel time:                    13.627 s
Memory transfer time:            0.004 s
Total (without mem):            13.627 s
Total (with mem):               13.631 s
Throughput:                       0.03 Mpixels/sec
Speedup vs OpenMP (kernel):      48.20x
Speedup vs OpenMP (with mem):    48.19x
Wrote 'output/cuda_2d_texture.jpg'

============= 2D TEXTURE + CONSTANT =============
Kernel time:                    12.582 s
Memory transfer time:            0.009 s
Total (without mem):            12.582 s
Total (with mem):               12.591 s
Throughput:                       0.03 Mpixels/sec
Speedup vs OpenMP (kernel):      52.20x
Speedup vs OpenMP (with mem):    52.17x
Wrote 'output/cuda_2d_texture_constant.jpg'

============= REALISTIC =============
Kernel time:                    13.588 s
Memory transfer time:            0.004 s
Total (without mem):            13.588 s
Total (with mem):               13.593 s
Throughput:                       0.03 Mpixels/sec
Speedup vs OpenMP (kernel):      48.34x
Speedup vs OpenMP (with mem):    48.32x
Wrote 'output/cuda_realistic.jpg'

===================================================================
[depth_100_r2] ./renders/raytracer --block-size 256 --max-depth 100 --num-spheres 200
===================================================================
Config: blockSize=256 MAX_SPHERES=512 maxDepth=100 numSpheres=200
Scene initialized

============= OPENMP =============
Time:                          656.163 s
Wrote 'output/openmp.jpg'

Spheres generated: 200 (requested 200)

============= GLOBAL =============
Kernel time:                    13.660 s
Memory transfer time:            0.005 s
Total (without mem):            13.660 s
Total (with mem):               13.665 s
Throughput:                       0.03 Mpixels/sec
Speedup vs OpenMP (kernel):      48.03x
Speedup vs OpenMP (with mem):    48.02x
Wrote 'output/cuda_global.jpg'

============= CONSTANT =============
Kernel time:                    12.570 s
Memory transfer time:            0.011 s
Total (without mem):            12.570 s
Total (with mem):               12.580 s
Throughput:                       0.03 Mpixels/sec
Speedup vs OpenMP (kernel):      52.20x
Speedup vs OpenMP (with mem):    52.16x
Wrote 'output/cuda_constant.jpg'

============= SHARED =============
Kernel time:                    12.613 s
Memory transfer time:            0.011 s
Total (without mem):            12.613 s
Total (with mem):               12.624 s
Throughput:                       0.03 Mpixels/sec
Speedup vs OpenMP (kernel):      52.02x
Speedup vs OpenMP (with mem):    51.98x
Wrote 'output/cuda_shared.jpg'

============= 1D TEXTURE =============
Kernel time:                    13.585 s
Memory transfer time:            0.004 s
Total (without mem):            13.585 s
Total (with mem):               13.589 s
Throughput:                       0.03 Mpixels/sec
Speedup vs OpenMP (kernel):      48.30x
Speedup vs OpenMP (with mem):    48.29x
Wrote 'output/cuda_1d_texture.jpg'

============= 2D TEXTURE =============
Kernel time:                    13.581 s
Memory transfer time:            0.004 s
Total (without mem):            13.581 s
Total (with mem):               13.585 s
Throughput:                       0.03 Mpixels/sec
Speedup vs OpenMP (kernel):      48.32x
Speedup vs OpenMP (with mem):    48.30x
Wrote 'output/cuda_2d_texture.jpg'

============= 2D TEXTURE + CONSTANT =============
Kernel time:                    12.541 s
Memory transfer time:            0.011 s
Total (without mem):            12.541 s
Total (with mem):               12.552 s
Throughput:                       0.03 Mpixels/sec
Speedup vs OpenMP (kernel):      52.32x
Speedup vs OpenMP (with mem):    52.27x
Wrote 'output/cuda_2d_texture_constant.jpg'

============= REALISTIC =============
Kernel time:                    13.637 s
Memory transfer time:            0.004 s
Total (without mem):            13.637 s
Total (with mem):               13.641 s
Throughput:                       0.03 Mpixels/sec
Speedup vs OpenMP (kernel):      48.12x
Speedup vs OpenMP (with mem):    48.10x
Wrote 'output/cuda_realistic.jpg'

===================================================================
[depth_100_r3] ./renders/raytracer --block-size 256 --max-depth 100 --num-spheres 200
===================================================================
Config: blockSize=256 MAX_SPHERES=512 maxDepth=100 numSpheres=200
Scene initialized

============= OPENMP =============
Time:                          655.921 s
Wrote 'output/openmp.jpg'

Spheres generated: 200 (requested 200)

============= GLOBAL =============
Kernel time:                    13.686 s
Memory transfer time:            0.005 s
Total (without mem):            13.686 s
Total (with mem):               13.691 s
Throughput:                       0.03 Mpixels/sec
Speedup vs OpenMP (kernel):      47.93x
Speedup vs OpenMP (with mem):    47.91x
Wrote 'output/cuda_global.jpg'

============= CONSTANT =============
Kernel time:                    12.536 s
Memory transfer time:            0.016 s
Total (without mem):            12.536 s
Total (with mem):               12.553 s
Throughput:                       0.03 Mpixels/sec
Speedup vs OpenMP (kernel):      52.32x
Speedup vs OpenMP (with mem):    52.25x
Wrote 'output/cuda_constant.jpg'

============= SHARED =============
Kernel time:                    12.630 s
Memory transfer time:            0.016 s
Total (without mem):            12.630 s
Total (with mem):               12.646 s
Throughput:                       0.03 Mpixels/sec
Speedup vs OpenMP (kernel):      51.93x
Speedup vs OpenMP (with mem):    51.87x
Wrote 'output/cuda_shared.jpg'

============= 1D TEXTURE =============
Kernel time:                    13.617 s
Memory transfer time:            0.004 s
Total (without mem):            13.617 s
Total (with mem):               13.621 s
Throughput:                       0.03 Mpixels/sec
Speedup vs OpenMP (kernel):      48.17x
Speedup vs OpenMP (with mem):    48.16x
Wrote 'output/cuda_1d_texture.jpg'

============= 2D TEXTURE =============
Kernel time:                    13.609 s
Memory transfer time:            0.004 s
Total (without mem):            13.609 s
Total (with mem):               13.613 s
Throughput:                       0.03 Mpixels/sec
Speedup vs OpenMP (kernel):      48.20x
Speedup vs OpenMP (with mem):    48.18x
Wrote 'output/cuda_2d_texture.jpg'

============= 2D TEXTURE + CONSTANT =============
Kernel time:                    12.573 s
Memory transfer time:            0.016 s
Total (without mem):            12.573 s
Total (with mem):               12.589 s
Throughput:                       0.03 Mpixels/sec
Speedup vs OpenMP (kernel):      52.17x
Speedup vs OpenMP (with mem):    52.10x
Wrote 'output/cuda_2d_texture_constant.jpg'

============= REALISTIC =============
Kernel time:                    13.563 s
Memory transfer time:            0.004 s
Total (without mem):            13.563 s
Total (with mem):               13.567 s
Throughput:                       0.03 Mpixels/sec
Speedup vs OpenMP (kernel):      48.36x
Speedup vs OpenMP (with mem):    48.35x
Wrote 'output/cuda_realistic.jpg'

All sweeps complete.
Per-run logs:    metrics/logs/2026-05-15_10-16-55_*.log
Aggregated CSV:  metrics/summary.csv

###################################################################
# Generating averaged plots from this session (since 2026-05-15_10-16-55)
###################################################################
