Config: blockSize=256 MAX_SPHERES=512 maxDepth=50 numSpheres=full
Scene initialized

============= OPENMP =============
Time:                          432.053 s
Wrote 'output/openmp.jpg'

Spheres generated: 203 (requested 203)

============= GLOBAL =============
Kernel time:                     9.284 s
Memory transfer time:            0.002 s
Total (without mem):             9.284 s
Total (with mem):                9.286 s
Throughput:                       0.04 Mpixels/sec
Speedup vs OpenMP (kernel):      46.54x
Speedup vs OpenMP (with mem):    46.53x
Wrote 'output/cuda_global.jpg'

============= CONSTANT =============
Kernel time:                     9.375 s
Memory transfer time:            0.002 s
Total (without mem):             9.375 s
Total (with mem):                9.377 s
Throughput:                       0.04 Mpixels/sec
Speedup vs OpenMP (kernel):      46.09x
Speedup vs OpenMP (with mem):    46.08x
Wrote 'output/cuda_constant.jpg'

============= SHARED =============
Kernel time:                     9.250 s
Memory transfer time:            0.002 s
Total (without mem):             9.250 s
Total (with mem):                9.251 s
Throughput:                       0.04 Mpixels/sec
Speedup vs OpenMP (kernel):      46.71x
Speedup vs OpenMP (with mem):    46.70x
Wrote 'output/cuda_shared.jpg'

============= 1D TEXTURE =============
Kernel time:                     9.292 s
Memory transfer time:            0.002 s
Total (without mem):             9.292 s
Total (with mem):                9.293 s
Throughput:                       0.04 Mpixels/sec
Speedup vs OpenMP (kernel):      46.50x
Speedup vs OpenMP (with mem):    46.49x
Wrote 'output/cuda_1d_texture.jpg'

============= 2D TEXTURE =============
Kernel time:                     9.395 s
Memory transfer time:            0.002 s
Total (without mem):             9.395 s
Total (with mem):                9.396 s
Throughput:                       0.04 Mpixels/sec
Speedup vs OpenMP (kernel):      45.99x
Speedup vs OpenMP (with mem):    45.98x
Wrote 'output/cuda_2d_texture.jpg'

============= 2D TEXTURE + CONSTANT =============
Kernel time:                     9.408 s
Memory transfer time:            0.002 s
Total (without mem):             9.408 s
Total (with mem):                9.410 s
Throughput:                       0.04 Mpixels/sec
Speedup vs OpenMP (kernel):      45.92x
Speedup vs OpenMP (with mem):    45.91x
Wrote 'output/cuda_2d_texture_constant.jpg'

============= REALISTIC =============
Kernel time:                     9.338 s
Memory transfer time:            0.002 s
Total (without mem):             9.338 s
Total (with mem):                9.340 s
Throughput:                       0.04 Mpixels/sec
Speedup vs OpenMP (kernel):      46.27x
Speedup vs OpenMP (with mem):    46.26x
Wrote 'output/cuda_realistic.jpg'
