Rank 14 of 16 processes
Rank 6 of 16 processes
Rank 8 of 16 processes
Rank 10 of 16 processes
Rank 0 of 16 processes
Rank 2 of 16 processes
Rank 4 of 16 processes
Rank 11 of 16 processes
Rank 12 of 16 processes
Rank 15 of 16 processes
Rank 9 of 16 processes
Rank 1 of 16 processes
Rank 3 of 16 processes
Rank 5 of 16 processes
Rank 13 of 16 processes
Rank 7 of 16 processes
Softmax regression: 10 classes; 784 features
[Mode] Non-IID Label Shard Distribution
[Mode] Non-IID Label Shard Distribution
[Mode] Non-IID Label Shard Distribution
[Mode] Non-IID Label Shard Distribution
[Mode] Non-IID Label Shard Distribution
[Mode] Non-IID Label Shard Distribution
[Mode] Non-IID Label Shard Distribution
[Mode] Non-IID Label Shard Distribution
[Mode] Non-IID Label Shard Distribution
[Mode] Non-IID Label Shard Distribution
[Mode] Non-IID Label Shard Distribution
[Mode] Non-IID Label Shard Distribution
[Mode] Non-IID Label Shard Distribution
[Mode] Non-IID Label Shard Distribution
[Mode] Non-IID Label Shard Distribution
[Worker 9] Applied feature skew rotation: 90 degrees
[Distributed Worker 9] Shard size: 4000
Softmax regression: 10 classes; 784 features
[Worker 14] Applied feature skew rotation: 140 degrees
[Worker 10] Applied feature skew rotation: 100 degrees
[Worker 6] Applied feature skew rotation: 60 degrees
[Worker 8] Applied feature skew rotation: 80 degrees
[Distributed Worker 14] Shard size: 4000
Softmax regression: 10 classes; 784 features
[Worker 13] Applied feature skew rotation: 130 degrees
[Distributed Worker 10] Shard size: 4000
Softmax regression: 10 classes; 784 features
[Worker 5] Applied feature skew rotation: 50 degrees
[Worker 3] Applied feature skew rotation: 30 degrees
[Distributed Worker 6] Shard size: 4000
[Distributed Worker 8] Shard size: 4000
Softmax regression: 10 classes; 784 features
Softmax regression: 10 classes; 784 features
[Distributed Worker 13] Shard size: 4000
Softmax regression: 10 classes; 784 features
[Worker 15] Applied feature skew rotation: 150 degrees
[Distributed Worker 5] Shard size: 4000
Softmax regression: 10 classes; 784 features
[Distributed Worker 3] Shard size: 4000
Softmax regression: 10 classes; 784 features
[Worker 1] Applied feature skew rotation: 10 degrees
[Distributed Worker 15] Shard size: 4000
Softmax regression: 10 classes; 784 features
[Distributed Worker 1] Shard size: 4000
Softmax regression: 10 classes; 784 features
[Worker 4] Applied feature skew rotation: 40 degrees
[Worker 2] Applied feature skew rotation: 20 degrees
[Distributed Worker 4] Shard size: 4000
Softmax regression: 10 classes; 784 features
[Distributed Worker 2] Shard size: 4000
Softmax regression: 10 classes; 784 features
[Worker 12] Applied feature skew rotation: 120 degrees
[Distributed Worker 12] Shard size: 4000
Softmax regression: 10 classes; 784 features
[Worker 11] Applied feature skew rotation: 110 degrees
[Worker 7] Applied feature skew rotation: 70 degrees
[Distributed Worker 11] Shard size: 4000
Softmax regression: 10 classes; 784 features
[Distributed Worker 7] Shard size: 4000
Softmax regression: 10 classes; 784 features
[Worker 8] Round 1 | Loss: 0.0597692 | Train Acc: 98.56%
[Worker 5] Round 1 | Loss: 0.0952428 | Train Acc: 97.165%
[Worker 13] Round 1 | Loss: 0.0256698 | Train Acc: 99.425%
[Worker 1] Round 1 | Loss: 0.00871285 | Train Acc: 99.84%
[Worker 9] Round 1 | Loss: 0.0124233 | Train Acc: 99.845%
[Worker 10] Round 1 | Loss: 0.016558 | Train Acc: 99.68%
[Worker 6] Round 1 | Loss: 0.00984158 | Train Acc: 99.84%
[Worker 14] Round 1 | Loss: 0.0949704 | Train Acc: 97.23%
[Worker 2] Round 1 | Loss: 0.0204626 | Train Acc: 99.63%
[Worker 4] Round 1 | Loss: 0.0514071 | Train Acc: 98.895%
[Worker 12] Round 1 | Loss: 0.011462 | Train Acc: 99.84%
[Worker 11] Round 1 | Loss: 0.0287679 | Train Acc: 99.645%
[Worker 3] Round 1 | Loss: 0.00952953 | Train Acc: 99.84%
[Worker 7] Round 1 | Loss: 0.0362973 | Train Acc: 99.165%
[Worker 15] Round 1 | Loss: 0.00882502 | Train Acc: 99.865%
[Central Round] 1 [Global Test Accuracy]: 20.38%
[Worker 4] Round 2 | Loss: 0.0467013 | Train Acc: 99.12%
[Worker 14] Round 2 | Loss: 0.0907973 | Train Acc: 97.54%
[Worker 10] Round 2 | Loss: 0.0157365 | Train Acc: 99.685%
[Worker 8] Round 2 | Loss: 0.055428 | Train Acc: 98.88%
[Worker 12] Round 2 | Loss: 0.00938336 | Train Acc: 99.975%
[Worker 7] Round 2 | Loss: 0.0330614 | Train Acc: 99.355%
[Worker 3] Round 2 | Loss: 0.00723906 | Train Acc: 100%
[Worker 11] Round 2 | Loss: 0.0257049 | Train Acc: 99.735%
[Worker 5] Round 2 | Loss: 0.0904612 | Train Acc: 97.425%
[Worker 6] Round 2 | Loss: 0.00782344 | Train Acc: 99.99%
[Worker 13] Round 2 | Loss: 0.0215078 | Train Acc: 99.615%
[Worker 2] Round 2 | Loss: 0.0174165 | Train Acc: 99.75%
[Worker 15] Round 2 | Loss: 0.00870611 | Train Acc: 99.91%
[Worker 9] Round 2 | Loss: 0.0109756 | Train Acc: 99.925%
[Worker 1] Round 2 | Loss: 0.00794618 | Train Acc: 99.85%
[Central Round] 2 [Global Test Accuracy]: 25.64%
[Worker 4] Round 3 | Loss: 0.0434227 | Train Acc: 99.21%
[Worker 6] Round 3 | Loss: 0.0074213 | Train Acc: 99.99%
[Worker 8] Round 3 | Loss: 0.05274 | Train Acc: 98.96%
[Worker 3] Round 3 | Loss: 0.00633443 | Train Acc: 99.995%
[Worker 7] Round 3 | Loss: 0.0308525 | Train Acc: 99.415%
[Worker 10] Round 3 | Loss: 0.0142612 | Train Acc: 99.745%
[Worker 14] Round 3 | Loss: 0.0877489 | Train Acc: 97.66%
[Worker 5] Round 3 | Loss: 0.0878854 | Train Acc: 97.55%
[Worker 1] Round 3 | Loss: 0.00724587 | Train Acc: 99.9%
[Worker 11] Round 3 | Loss: 0.0235996 | Train Acc: 99.8%
[Worker 9] Round 3 | Loss: 0.010616 | Train Acc: 99.925%
[Worker 2] Round 3 | Loss: 0.0157051 | Train Acc: 99.78%
[Worker 13] Round 3 | Loss: 0.019304 | Train Acc: 99.655%
[Worker 15] Round 3 | Loss: 0.00818895 | Train Acc: 99.925%
[Worker 12] Round 3 | Loss: 0.00858029 | Train Acc: 99.985%
[Central Round] 3 [Global Test Accuracy]: 28.3%
[Worker 8] Round 4 | Loss: 0.0503135 | Train Acc: 98.975%
[Worker 4] Round 4 | Loss: 0.0416186 | Train Acc: 99.27%
[Worker 10] Round 4 | Loss: 0.0138208 | Train Acc: 99.73%
[Worker 6] Round 4 | Loss: 0.00729976 | Train Acc: 99.985%
[Worker 1] Round 4 | Loss: 0.00672471 | Train Acc: 99.97%
[Worker 3] Round 4 | Loss: 0.00591424 | Train Acc: 100%
[Worker 5] Round 4 | Loss: 0.0857895 | Train Acc: 97.54%
[Worker 7] Round 4 | Loss: 0.0294256 | Train Acc: 99.43%
[Worker 2] Round 4 | Loss: 0.0148068 | Train Acc: 99.79%
[Worker 11] Round 4 | Loss: 0.0224206 | Train Acc: 99.78%
[Worker 9] Round 4 | Loss: 0.010405 | Train Acc: 99.9%
[Worker 13] Round 4 | Loss: 0.017339 | Train Acc: 99.775%
[Worker 15] Round 4 | Loss: 0.00801787 | Train Acc: 99.905%
[Worker 12] Round 4 | Loss: 0.00823487 | Train Acc: 99.98%
[Worker 14] Round 4 | Loss: 0.0852408 | Train Acc: 97.67%
[Central Round] 4 [Global Test Accuracy]: 29.71%
[Worker 4] Round 5 | Loss: 0.0500961 | Train Acc: 99.0917%
[Worker 6] Round 5 | Loss: 0.0111922 | Train Acc: 99.9417%
[Worker 8] Round 5 | Loss: 0.0617931 | Train Acc: 98.8167%
[Worker 10] Round 5 | Loss: 0.0177371 | Train Acc: 99.7%
[Worker 7] Round 5 | Loss: 0.0368004 | Train Acc: 99.3833%
[Worker 5] Round 5 | Loss: 0.0950446 | Train Acc: 97.3583%
[Worker 3] Round 5 | Loss: 0.00858776 | Train Acc: 99.9917%
[Worker 2] Round 5 | Loss: 0.0196771 | Train Acc: 99.75%
[Worker 1] Round 5 | Loss: 0.00965697 | Train Acc: 99.95%
[Worker 9] Round 5 | Loss: 0.0154894 | Train Acc: 99.8833%
[Worker 12] Round 5 | Loss: 0.0120819 | Train Acc: 99.9667%
[Worker 11] Round 5 | Loss: 0.0291766 | Train Acc: 99.725%
[Worker 15] Round 5 | Loss: 0.0126326 | Train Acc: 99.7833%
[Worker 13] Round 5 | Loss: 0.0222152 | Train Acc: 99.7167%
[Worker 14] Round 5 | Loss: 0.096406 | Train Acc: 97.6%
[Central Round] 5 [Global Test Accuracy]: 30.93%
[Worker 6] Round 6 | Loss: 0.0111738 | Train Acc: 99.95%
[Worker 12] Round 6 | Loss: 0.0123161 | Train Acc: 99.9417%
[Worker 7] Round 6 | Loss: 0.0355641 | Train Acc: 99.4167%
[Worker 3] Round 6 | Loss: 0.00831383 | Train Acc: 99.975%
[Worker 10] Round 6 | Loss: 0.0175357 | Train Acc: 99.7333%
[Worker 5] Round 6 | Loss: 0.0932974 | Train Acc: 97.4833%
[Worker 4] Round 6 | Loss: 0.0481596 | Train Acc: 99.1083%
[Worker 11] Round 6 | Loss: 0.0282783 | Train Acc: 99.6833%
[Worker 2] Round 6 | Loss: 0.0189409 | Train Acc: 99.775%
[Worker 9] Round 6 | Loss: 0.015058 | Train Acc: 99.9083%
[Worker 8] Round 6 | Loss: 0.0588873 | Train Acc: 98.8833%
[Worker 15] Round 6 | Loss: 0.0124061 | Train Acc: 99.8167%
[Worker 13] Round 6 | Loss: 0.0211381 | Train Acc: 99.7583%
[Worker 1] Round 6 | Loss: 0.00946861 | Train Acc: 99.9667%
[Worker 14] Round 6 | Loss: 0.0941955 | Train Acc: 97.5333%
[Central Round] 6 [Global Test Accuracy]: 31.65%
[Worker 8] Round 7 | Loss: 0.0577713 | Train Acc: 98.8333%
[Worker 6] Round 7 | Loss: 0.0112721 | Train Acc: 99.9167%
[Worker 14] Round 7 | Loss: 0.0922212 | Train Acc: 97.5167%
[Worker 5] Round 7 | Loss: 0.092083 | Train Acc: 97.35%
[Worker 3] Round 7 | Loss: 0.00824484 | Train Acc: 99.9583%
[Worker 10] Round 7 | Loss: 0.0166118 | Train Acc: 99.7167%
[Worker 7] Round 7 | Loss: 0.0353714 | Train Acc: 99.4167%
[Worker 4] Round 7 | Loss: 0.0473767 | Train Acc: 99.1%
[Worker 1] Round 7 | Loss: 0.00926465 | Train Acc: 99.95%
[Worker 2] Round 7 | Loss: 0.0181128 | Train Acc: 99.7667%
[Worker 11] Round 7 | Loss: 0.0272309 | Train Acc: 99.675%
[Worker 9] Round 7 | Loss: 0.0148254 | Train Acc: 99.8917%
[Worker 13] Round 7 | Loss: 0.0202444 | Train Acc: 99.7583%
[Worker 15] Round 7 | Loss: 0.0120435 | Train Acc: 99.8083%
[Worker 12] Round 7 | Loss: 0.0119985 | Train Acc: 99.9167%
[Central Round] 7 [Global Test Accuracy]: 31.93%
[Worker 8] Round 8 | Loss: 0.05619 | Train Acc: 98.9167%
[Worker 6] Round 8 | Loss: 0.011222 | Train Acc: 99.9417%
[Worker 10] Round 8 | Loss: 0.0163787 | Train Acc: 99.7583%
[Worker 7] Round 8 | Loss: 0.0348414 | Train Acc: 99.3917%
[Worker 3] Round 8 | Loss: 0.00799547 | Train Acc: 99.95%
[Worker 14] Round 8 | Loss: 0.0903992 | Train Acc: 97.6583%
[Worker 5] Round 8 | Loss: 0.0910874 | Train Acc: 97.525%
[Worker 2] Round 8 | Loss: 0.0177657 | Train Acc: 99.7583%
[Worker 11] Round 8 | Loss: 0.0259664 | Train Acc: 99.75%
[Worker 1] Round 8 | Loss: 0.0092677 | Train Acc: 99.9333%
[Worker 4] Round 8 | Loss: 0.0457992 | Train Acc: 99.175%
[Worker 9] Round 8 | Loss: 0.0148219 | Train Acc: 99.8667%
[Worker 15] Round 8 | Loss: 0.0120522 | Train Acc: 99.8667%
[Worker 13] Round 8 | Loss: 0.0194305 | Train Acc: 99.775%
[Worker 12] Round 8 | Loss: 0.0120444 | Train Acc: 99.9583%
[Central Round] 8 [Global Test Accuracy]: 32.12%
[Worker 8] Round 9 | Loss: 0.0549249 | Train Acc: 98.9667%
[Worker 6] Round 9 | Loss: 0.0115782 | Train Acc: 99.9083%
[Worker 10] Round 9 | Loss: 0.0159896 | Train Acc: 99.7333%
[Worker 14] Round 9 | Loss: 0.0895157 | Train Acc: 97.6833%
[Worker 3] Round 9 | Loss: 0.00811505 | Train Acc: 99.95%
[Worker 7] Round 9 | Loss: 0.034649 | Train Acc: 99.3667%
[Worker 5] Round 9 | Loss: 0.089877 | Train Acc: 97.5667%
[Worker 2] Round 9 | Loss: 0.0175206 | Train Acc: 99.7333%
[Worker 1] Round 9 | Loss: 0.00967341 | Train Acc: 99.9167%
[Worker 4] Round 9 | Loss: 0.0455782 | Train Acc: 99.1083%
[Worker 11] Round 9 | Loss: 0.025579 | Train Acc: 99.6917%
[Worker 13] Round 9 | Loss: 0.0193173 | Train Acc: 99.7667%
[Worker 9] Round 9 | Loss: 0.0146942 | Train Acc: 99.875%
[Worker 15] Round 9 | Loss: 0.0118912 | Train Acc: 99.8583%
[Worker 12] Round 9 | Loss: 0.0121372 | Train Acc: 99.9%
[Central Round] 9 [Global Test Accuracy]: 32.34%
[Worker 8] Round 10 | Loss: 0.0538389 | Train Acc: 98.975%
[Worker 6] Round 10 | Loss: 0.0111276 | Train Acc: 99.9083%
[Worker 5] Round 10 | Loss: 0.0894736 | Train Acc: 97.5417%
[Worker 10] Round 10 | Loss: 0.0158195 | Train Acc: 99.725%
[Worker 14] Round 10 | Loss: 0.0877751 | Train Acc: 97.6917%
[Worker 7] Round 10 | Loss: 0.0341253 | Train Acc: 99.3667%
[Worker 3] Round 10 | Loss: 0.00810257 | Train Acc: 99.9167%
[Worker 2] Round 10 | Loss: 0.0173572 | Train Acc: 99.7167%
[Worker 4] Round 10 | Loss: 0.0443996 | Train Acc: 99.1417%
[Worker 11] Round 10 | Loss: 0.0250099 | Train Acc: 99.7%
[Worker 1] Round 10 | Loss: 0.00920925 | Train Acc: 99.95%
[Worker 9] Round 10 | Loss: 0.0146342 | Train Acc: 99.9083%
[Worker 13] Round 10 | Loss: 0.0185239 | Train Acc: 99.8167%
[Worker 15] Round 10 | Loss: 0.0119838 | Train Acc: 99.8083%
[Worker 12] Round 10 | Loss: 0.0122971 | Train Acc: 99.9083%
[Central Round] 10 [Global Test Accuracy]: 32.51%
[Worker 8] Round 11 | Loss: 0.0525612 | Train Acc: 98.95%
[Worker 6] Round 11 | Loss: 0.0115438 | Train Acc: 99.9167%
[Worker 13] Round 11 | Loss: 0.0182377 | Train Acc: 99.8083%
[Worker 14] Round 11 | Loss: 0.0867988 | Train Acc: 97.7833%
[Worker 10] Round 11 | Loss: 0.0153865 | Train Acc: 99.7167%
[Worker 3] Round 11 | Loss: 0.00792896 | Train Acc: 99.9167%
[Worker 5] Round 11 | Loss: 0.087583 | Train Acc: 97.6%
[Worker 4] Round 11 | Loss: 0.0442367 | Train Acc: 99.15%
[Worker 7] Round 11 | Loss: 0.0340779 | Train Acc: 99.3833%
[Worker 2] Round 11 | Loss: 0.0170557 | Train Acc: 99.7333%
[Worker 11] Round 11 | Loss: 0.0246984 | Train Acc: 99.6667%
[Worker 15] Round 11 | Loss: 0.0117875 | Train Acc: 99.8583%
[Worker 9] Round 11 | Loss: 0.0146449 | Train Acc: 99.85%
[Worker 1] Round 11 | Loss: 0.00930028 | Train Acc: 99.9167%
[Worker 12] Round 11 | Loss: 0.011939 | Train Acc: 99.8917%
[Central Round] 11 [Global Test Accuracy]: 32.7%
[Worker 6] Round 12 | Loss: 0.0115952 | Train Acc: 99.875%
[Worker 8] Round 12 | Loss: 0.0514452 | Train Acc: 99.0083%
[Worker 3] Round 12 | Loss: 0.00798998 | Train Acc: 99.9417%
[Worker 5] Round 12 | Loss: 0.088005 | Train Acc: 97.4833%
[Worker 1] Round 12 | Loss: 0.00909755 | Train Acc: 99.9333%
[Worker 2] Round 12 | Loss: 0.0167799 | Train Acc: 99.7583%
[Worker 10] Round 12 | Loss: 0.0152585 | Train Acc: 99.7333%
[Worker 14] Round 12 | Loss: 0.0853011 | Train Acc: 97.7167%
[Worker 7] Round 12 | Loss: 0.03364 | Train Acc: 99.35%
[Worker 13] Round 12 | Loss: 0.017826 | Train Acc: 99.7833%
[Worker 4] Round 12 | Loss: 0.0438743 | Train Acc: 99.15%
[Worker 11] Round 12 | Loss: 0.0240756 | Train Acc: 99.725%
[Worker 15] Round 12 | Loss: 0.0116883 | Train Acc: 99.8417%
[Worker 9] Round 12 | Loss: 0.0143626 | Train Acc: 99.8833%
[Worker 12] Round 12 | Loss: 0.0118524 | Train Acc: 99.8833%
[Central Round] 12 [Global Test Accuracy]: 32.81%
[Worker 6] Round 13 | Loss: 0.011931 | Train Acc: 99.8333%
[Worker 8] Round 13 | Loss: 0.0509302 | Train Acc: 98.9833%
[Worker 3] Round 13 | Loss: 0.00799717 | Train Acc: 99.9083%
[Worker 14] Round 13 | Loss: 0.0843325 | Train Acc: 97.8333%
[Worker 2] Round 13 | Loss: 0.0165572 | Train Acc: 99.7417%
[Worker 10] Round 13 | Loss: 0.0151114 | Train Acc: 99.75%
[Worker 5] Round 13 | Loss: 0.0866987 | Train Acc: 97.5667%
[Worker 7] Round 13 | Loss: 0.0332594 | Train Acc: 99.4%
[Worker 4] Round 13 | Loss: 0.0432849 | Train Acc: 99.2%
[Worker 1] Round 13 | Loss: 0.00911408 | Train Acc: 99.925%
[Worker 13] Round 13 | Loss: 0.0177655 | Train Acc: 99.7417%
[Worker 11] Round 13 | Loss: 0.0233912 | Train Acc: 99.6917%
[Worker 9] Round 13 | Loss: 0.0141804 | Train Acc: 99.9083%
[Worker 15] Round 13 | Loss: 0.0116988 | Train Acc: 99.9167%
[Worker 12] Round 13 | Loss: 0.0119677 | Train Acc: 99.8667%
[Central Round] 13 [Global Test Accuracy]: 32.83%
[Worker 8] Round 14 | Loss: 0.0500116 | Train Acc: 99.0167%
[Worker 6] Round 14 | Loss: 0.012015 | Train Acc: 99.85%
[Worker 3] Round 14 | Loss: 0.00809589 | Train Acc: 99.9167%
[Worker 10] Round 14 | Loss: 0.0155313 | Train Acc: 99.6833%
[Worker 2] Round 14 | Loss: 0.0162421 | Train Acc: 99.7167%
[Worker 14] Round 14 | Loss: 0.0835541 | Train Acc: 97.8167%
[Worker 5] Round 14 | Loss: 0.0865106 | Train Acc: 97.55%
[Worker 1] Round 14 | Loss: 0.00908667 | Train Acc: 99.9417%
[Worker 7] Round 14 | Loss: 0.0331725 | Train Acc: 99.4083%
[Worker 4] Round 14 | Loss: 0.0426008 | Train Acc: 99.2%
[Worker 9] Round 14 | Loss: 0.0143922 | Train Acc: 99.85%
[Worker 13] Round 14 | Loss: 0.0172419 | Train Acc: 99.8083%
[Worker 11] Round 14 | Loss: 0.023713 | Train Acc: 99.6333%
[Worker 15] Round 14 | Loss: 0.0119003 | Train Acc: 99.8583%
[Worker 12] Round 14 | Loss: 0.0121784 | Train Acc: 99.8667%
[Central Round] 14 [Global Test Accuracy]: 32.86%
[Worker 8] Round 15 | Loss: 0.049819 | Train Acc: 98.9667%
[Worker 5] Round 15 | Loss: 0.0856624 | Train Acc: 97.6083%
[Worker 10] Round 15 | Loss: 0.0148406 | Train Acc: 99.75%
[Worker 3] Round 15 | Loss: 0.00812468 | Train Acc: 99.8917%
[Worker 14] Round 15 | Loss: 0.0828214 | Train Acc: 97.75%
[Worker 6] Round 15 | Loss: 0.0116373 | Train Acc: 99.8667%
[Worker 4] Round 15 | Loss: 0.0422193 | Train Acc: 99.2%
[Worker 7] Round 15 | Loss: 0.0330774 | Train Acc: 99.3667%
[Worker 2] Round 15 | Loss: 0.016264 | Train Acc: 99.725%
[Worker 13] Round 15 | Loss: 0.0173135 | Train Acc: 99.775%
[Worker 1] Round 15 | Loss: 0.00911686 | Train Acc: 99.95%
[Worker 11] Round 15 | Loss: 0.0231452 | Train Acc: 99.6417%
[Worker 15] Round 15 | Loss: 0.0117596 | Train Acc: 99.85%
[Worker 9] Round 15 | Loss: 0.0142227 | Train Acc: 99.8667%
[Worker 12] Round 15 | Loss: 0.0119363 | Train Acc: 99.85%
[Central Round] 15 [Global Test Accuracy]: 33.05%
[Worker 8] Round 16 | Loss: 0.0489388 | Train Acc: 98.975%
[Worker 10] Round 16 | Loss: 0.0150827 | Train Acc: 99.7083%
[Worker 6] Round 16 | Loss: 0.0116209 | Train Acc: 99.8667%
[Worker 14] Round 16 | Loss: 0.082148 | Train Acc: 97.9083%
[Worker 3] Round 16 | Loss: 0.00818869 | Train Acc: 99.8583%
[Worker 2] Round 16 | Loss: 0.0159528 | Train Acc: 99.75%
[Worker 5] Round 16 | Loss: 0.0854932 | Train Acc: 97.5167%
[Worker 7] Round 16 | Loss: 0.0335099 | Train Acc: 99.375%
[Worker 4] Round 16 | Loss: 0.0423192 | Train Acc: 99.1333%
[Worker 9] Round 16 | Loss: 0.0144416 | Train Acc: 99.825%
[Worker 13] Round 16 | Loss: 0.0173648 | Train Acc: 99.7833%
[Worker 11] Round 16 | Loss: 0.0229404 | Train Acc: 99.65%
[Worker 15] Round 16 | Loss: 0.0116044 | Train Acc: 99.8917%
[Worker 12] Round 16 | Loss: 0.0118334 | Train Acc: 99.8833%
[Worker 1] Round 16 | Loss: 0.00898514 | Train Acc: 99.9583%
[Central Round] 16 [Global Test Accuracy]: 33.02%
[Worker 10] Round 17 | Loss: 0.0147913 | Train Acc: 99.6833%
[Worker 8] Round 17 | Loss: 0.0483548 | Train Acc: 98.9917%
[Worker 6] Round 17 | Loss: 0.0115478 | Train Acc: 99.85%
[Worker 14] Round 17 | Loss: 0.0810418 | Train Acc: 97.85%
[Worker 5] Round 17 | Loss: 0.0844207 | Train Acc: 97.5333%
[Worker 3] Round 17 | Loss: 0.0082976 | Train Acc: 99.85%
[Worker 1] Round 17 | Loss: 0.00901304 | Train Acc: 99.925%
[Worker 7] Round 17 | Loss: 0.0331619 | Train Acc: 99.3667%
[Worker 2] Round 17 | Loss: 0.016089 | Train Acc: 99.7583%
[Worker 11] Round 17 | Loss: 0.022668 | Train Acc: 99.7333%
[Worker 4] Round 17 | Loss: 0.0419278 | Train Acc: 99.1667%
[Worker 13] Round 17 | Loss: 0.0170217 | Train Acc: 99.8%
[Worker 15] Round 17 | Loss: 0.0113852 | Train Acc: 99.9083%
[Worker 9] Round 17 | Loss: 0.0146837 | Train Acc: 99.875%
[Worker 12] Round 17 | Loss: 0.0119555 | Train Acc: 99.9%
[Central Round] 17 [Global Test Accuracy]: 33.04%
[Worker 6] Round 18 | Loss: 0.0116579 | Train Acc: 99.8417%
[Worker 8] Round 18 | Loss: 0.0477061 | Train Acc: 99.0083%
[Worker 10] Round 18 | Loss: 0.0144333 | Train Acc: 99.7667%
[Worker 14] Round 18 | Loss: 0.0802822 | Train Acc: 97.8833%
[Worker 3] Round 18 | Loss: 0.00816382 | Train Acc: 99.8917%
[Worker 5] Round 18 | Loss: 0.0840839 | Train Acc: 97.6167%
[Worker 13] Round 18 | Loss: 0.0169737 | Train Acc: 99.8%
[Worker 2] Round 18 | Loss: 0.0157414 | Train Acc: 99.7417%
[Worker 7] Round 18 | Loss: 0.0326143 | Train Acc: 99.4%
[Worker 4] Round 18 | Loss: 0.0411837 | Train Acc: 99.15%
[Worker 11] Round 18 | Loss: 0.0223836 | Train Acc: 99.675%
[Worker 1] Round 18 | Loss: 0.00891096 | Train Acc: 99.925%
[Worker 15] Round 18 | Loss: 0.011519 | Train Acc: 99.8583%
[Worker 9] Round 18 | Loss: 0.0140041 | Train Acc: 99.8917%
[Worker 12] Round 18 | Loss: 0.0118048 | Train Acc: 99.9%
[Central Round] 18 [Global Test Accuracy]: 33.09%
[Worker 8] Round 19 | Loss: 0.0469615 | Train Acc: 99.0167%
[Worker 6] Round 19 | Loss: 0.0119537 | Train Acc: 99.8667%
[Worker 14] Round 19 | Loss: 0.0797089 | Train Acc: 97.9667%
[Worker 10] Round 19 | Loss: 0.0146713 | Train Acc: 99.7083%
[Worker 3] Round 19 | Loss: 0.00824328 | Train Acc: 99.8833%
[Worker 7] Round 19 | Loss: 0.03264 | Train Acc: 99.4083%
[Worker 5] Round 19 | Loss: 0.0840116 | Train Acc: 97.5583%
[Worker 1] Round 19 | Loss: 0.00917849 | Train Acc: 99.875%
[Worker 2] Round 19 | Loss: 0.0156215 | Train Acc: 99.7583%
[Worker 4] Round 19 | Loss: 0.0408319 | Train Acc: 99.1417%
[Worker 13] Round 19 | Loss: 0.0167814 | Train Acc: 99.8%
[Worker 11] Round 19 | Loss: 0.0224378 | Train Acc: 99.675%
[Worker 9] Round 19 | Loss: 0.0144094 | Train Acc: 99.8167%
[Worker 15] Round 19 | Loss: 0.0117164 | Train Acc: 99.8333%
[Worker 12] Round 19 | Loss: 0.0118125 | Train Acc: 99.8667%
[Central Round] 19 [Global Test Accuracy]: 33.08%
[Worker 8] Round 20 | Loss: 0.046854 | Train Acc: 99.025%
[Worker 10] Round 20 | Loss: 0.014492 | Train Acc: 99.7417%
[Worker 6] Round 20 | Loss: 0.0118506 | Train Acc: 99.8417%
[Worker 14] Round 20 | Loss: 0.0791781 | Train Acc: 97.9833%
[Worker 1] Round 20 | Loss: 0.00916679 | Train Acc: 99.8833%
[Worker 3] Round 20 | Loss: 0.00808876 | Train Acc: 99.875%
[Worker 5] Round 20 | Loss: 0.083025 | Train Acc: 97.5417%
[Worker 2] Round 20 | Loss: 0.015767 | Train Acc: 99.6917%
[Worker 4] Round 20 | Loss: 0.0409573 | Train Acc: 99.1333%
[Worker 13] Round 20 | Loss: 0.0163995 | Train Acc: 99.8083%
[Worker 7] Round 20 | Loss: 0.0328589 | Train Acc: 99.35%
[Worker 11] Round 20 | Loss: 0.0219174 | Train Acc: 99.6667%
[Worker 9] Round 20 | Loss: 0.0140547 | Train Acc: 99.85%
[Worker 15] Round 20 | Loss: 0.011789 | Train Acc: 99.8667%
[Worker 12] Round 20 | Loss: 0.0123021 | Train Acc: 99.8667%
[Central Round] 20 [Global Test Accuracy]: 33.11%
[Worker 8] Round 21 | Loss: 0.0468751 | Train Acc: 98.975%
[Worker 10] Round 21 | Loss: 0.0142916 | Train Acc: 99.75%
[Worker 7] Round 21 | Loss: 0.0324724 | Train Acc: 99.2917%
[Worker 3] Round 21 | Loss: 0.00830114 | Train Acc: 99.8417%
[Worker 5] Round 21 | Loss: 0.0830638 | Train Acc: 97.5583%
[Worker 6] Round 21 | Loss: 0.0119166 | Train Acc: 99.85%
[Worker 2] Round 21 | Loss: 0.0156255 | Train Acc: 99.7333%
[Worker 14] Round 21 | Loss: 0.0778996 | Train Acc: 97.925%
[Worker 11] Round 21 | Loss: 0.021862 | Train Acc: 99.6583%
[Worker 4] Round 21 | Loss: 0.0403624 | Train Acc: 99.1583%
[Worker 13] Round 21 | Loss: 0.0165702 | Train Acc: 99.7917%
[Worker 9] Round 21 | Loss: 0.0136925 | Train Acc: 99.8917%
[Worker 15] Round 21 | Loss: 0.0114099 | Train Acc: 99.875%
[Worker 1] Round 21 | Loss: 0.0089373 | Train Acc: 99.9083%
[Worker 12] Round 21 | Loss: 0.0116508 | Train Acc: 99.8417%
[Central Round] 21 [Global Test Accuracy]: 33.11%
[Worker 8] Round 22 | Loss: 0.0461254 | Train Acc: 99%
[Worker 14] Round 22 | Loss: 0.0778902 | Train Acc: 97.9583%
[Worker 6] Round 22 | Loss: 0.0118804 | Train Acc: 99.8333%
[Worker 10] Round 22 | Loss: 0.0140863 | Train Acc: 99.7667%
[Worker 3] Round 22 | Loss: 0.00818693 | Train Acc: 99.875%
[Worker 7] Round 22 | Loss: 0.0324427 | Train Acc: 99.3417%
[Worker 5] Round 22 | Loss: 0.0828465 | Train Acc: 97.6%
[Worker 4] Round 22 | Loss: 0.04033 | Train Acc: 99.125%
[Worker 11] Round 22 | Loss: 0.0217281 | Train Acc: 99.675%
[Worker 13] Round 22 | Loss: 0.0169485 | Train Acc: 99.7583%
[Worker 2] Round 22 | Loss: 0.0153986 | Train Acc: 99.7417%
[Worker 1] Round 22 | Loss: 0.00916651 | Train Acc: 99.9083%
[Worker 15] Round 22 | Loss: 0.0119355 | Train Acc: 99.875%
[Worker 9] Round 22 | Loss: 0.0142595 | Train Acc: 99.8167%
[Worker 12] Round 22 | Loss: 0.0122927 | Train Acc: 99.8083%
[Central Round] 22 [Global Test Accuracy]: 33.12%
[Worker 8] Round 23 | Loss: 0.0460006 | Train Acc: 98.9583%
[Worker 4] Round 23 | Loss: 0.0397089 | Train Acc: 99.175%
[Worker 10] Round 23 | Loss: 0.0143652 | Train Acc: 99.7417%
[Worker 14] Round 23 | Loss: 0.0777102 | Train Acc: 98.0083%
[Worker 6] Round 23 | Loss: 0.011588 | Train Acc: 99.85%
[Worker 2] Round 23 | Loss: 0.0152882 | Train Acc: 99.7417%
[Worker 5] Round 23 | Loss: 0.0830839 | Train Acc: 97.625%
[Worker 7] Round 23 | Loss: 0.0318874 | Train Acc: 99.3083%
[Worker 3] Round 23 | Loss: 0.00823267 | Train Acc: 99.8667%
[Worker 1] Round 23 | Loss: 0.00882399 | Train Acc: 99.9%
[Worker 13] Round 23 | Loss: 0.0163961 | Train Acc: 99.7667%
[Worker 11] Round 23 | Loss: 0.0215248 | Train Acc: 99.6667%
[Worker 9] Round 23 | Loss: 0.0140023 | Train Acc: 99.8583%
[Worker 15] Round 23 | Loss: 0.0115215 | Train Acc: 99.875%
[Worker 12] Round 23 | Loss: 0.0113525 | Train Acc: 99.8833%
[Central Round] 23 [Global Test Accuracy]: 33.18%
[Worker 8] Round 24 | Loss: 0.0453313 | Train Acc: 99%
[Worker 6] Round 24 | Loss: 0.0118789 | Train Acc: 99.8417%
[Worker 14] Round 24 | Loss: 0.0767224 | Train Acc: 98.05%
[Worker 10] Round 24 | Loss: 0.0145284 | Train Acc: 99.7%
[Worker 2] Round 24 | Loss: 0.015055 | Train Acc: 99.775%
[Worker 4] Round 24 | Loss: 0.0402118 | Train Acc: 99.1%
[Worker 3] Round 24 | Loss: 0.0084115 | Train Acc: 99.8583%
[Worker 7] Round 24 | Loss: 0.0323988 | Train Acc: 99.3667%
[Worker 5] Round 24 | Loss: 0.0821465 | Train Acc: 97.625%
[Worker 11] Round 24 | Loss: 0.0214773 | Train Acc: 99.65%
[Worker 9] Round 24 | Loss: 0.0141148 | Train Acc: 99.8333%
[Worker 13] Round 24 | Loss: 0.0162916 | Train Acc: 99.775%
[Worker 15] Round 24 | Loss: 0.0119098 | Train Acc: 99.8583%
[Worker 1] Round 24 | Loss: 0.00886307 | Train Acc: 99.9167%
[Worker 12] Round 24 | Loss: 0.011766 | Train Acc: 99.85%
[Central Round] 24 [Global Test Accuracy]: 33.23%
[Worker 8] Round 25 | Loss: 0.0445342 | Train Acc: 99.075%
[Worker 10] Round 25 | Loss: 0.0140122 | Train Acc: 99.7333%
[Worker 14] Round 25 | Loss: 0.0762596 | Train Acc: 97.95%
[Worker 6] Round 25 | Loss: 0.0121864 | Train Acc: 99.8333%
[Worker 7] Round 25 | Loss: 0.0317067 | Train Acc: 99.3333%
[Worker 5] Round 25 | Loss: 0.0818578 | Train Acc: 97.7333%
[Worker 3] Round 25 | Loss: 0.00814854 | Train Acc: 99.8583%
[Worker 2] Round 25 | Loss: 0.0151685 | Train Acc: 99.7167%
[Worker 1] Round 25 | Loss: 0.00903876 | Train Acc: 99.9167%
[Worker 4] Round 25 | Loss: 0.0391231 | Train Acc: 99.175%
[Worker 11] Round 25 | Loss: 0.0211273 | Train Acc: 99.6667%
[Worker 13] Round 25 | Loss: 0.0163364 | Train Acc: 99.7583%
[Worker 9] Round 25 | Loss: 0.0138995 | Train Acc: 99.875%
[Worker 15] Round 25 | Loss: 0.011377 | Train Acc: 99.875%
[Worker 12] Round 25 | Loss: 0.0114627 | Train Acc: 99.8333%
[Central Round] 25 [Global Test Accuracy]: 33.17%
[Worker 8] Round 26 | Loss: 0.044609 | Train Acc: 99.0417%
[Worker 6] Round 26 | Loss: 0.0120497 | Train Acc: 99.8333%
[Worker 10] Round 26 | Loss: 0.0140307 | Train Acc: 99.7667%
[Worker 14] Round 26 | Loss: 0.0755685 | Train Acc: 98.0917%
[Worker 7] Round 26 | Loss: 0.031775 | Train Acc: 99.3333%
[Worker 2] Round 26 | Loss: 0.0150432 | Train Acc: 99.75%
[Worker 3] Round 26 | Loss: 0.00833185 | Train Acc: 99.8583%
[Worker 4] Round 26 | Loss: 0.0395973 | Train Acc: 99.15%
[Worker 5] Round 26 | Loss: 0.0815696 | Train Acc: 97.625%
[Worker 11] Round 26 | Loss: 0.0215353 | Train Acc: 99.6417%
[Worker 13] Round 26 | Loss: 0.0162521 | Train Acc: 99.7667%
[Worker 9] Round 26 | Loss: 0.0142292 | Train Acc: 99.8%
[Worker 15] Round 26 | Loss: 0.0117122 | Train Acc: 99.8417%
[Worker 12] Round 26 | Loss: 0.0117305 | Train Acc: 99.8583%
[Worker 1] Round 26 | Loss: 0.00900581 | Train Acc: 99.8833%
[Central Round] 26 [Global Test Accuracy]: 33.17%
[Worker 8] Round 27 | Loss: 0.0442481 | Train Acc: 99.025%
[Worker 10] Round 27 | Loss: 0.013708 | Train Acc: 99.775%
[Worker 14] Round 27 | Loss: 0.0755416 | Train Acc: 98.0083%
[Worker 6] Round 27 | Loss: 0.0118382 | Train Acc: 99.825%
[Worker 5] Round 27 | Loss: 0.0813887 | Train Acc: 97.5667%
[Worker 3] Round 27 | Loss: 0.00841274 | Train Acc: 99.8417%
[Worker 2] Round 27 | Loss: 0.0149817 | Train Acc: 99.7%
[Worker 13] Round 27 | Loss: 0.0160764 | Train Acc: 99.8%
[Worker 4] Round 27 | Loss: 0.0396745 | Train Acc: 99.1333%
[Worker 7] Round 27 | Loss: 0.031752 | Train Acc: 99.375%
[Worker 1] Round 27 | Loss: 0.00870434 | Train Acc: 99.9167%
[Worker 11] Round 27 | Loss: 0.0207221 | Train Acc: 99.7083%
[Worker 15] Round 27 | Loss: 0.0113589 | Train Acc: 99.8667%
[Worker 9] Round 27 | Loss: 0.0138496 | Train Acc: 99.85%
[Worker 12] Round 27 | Loss: 0.0117364 | Train Acc: 99.8333%
[Central Round] 27 [Global Test Accuracy]: 33.13%
[Worker 8] Round 28 | Loss: 0.0437194 | Train Acc: 99.1583%
[Worker 6] Round 28 | Loss: 0.0122083 | Train Acc: 99.8167%
[Worker 14] Round 28 | Loss: 0.0749328 | Train Acc: 98.0167%
[Worker 10] Round 28 | Loss: 0.0138405 | Train Acc: 99.775%
[Worker 7] Round 28 | Loss: 0.0318971 | Train Acc: 99.3583%
[Worker 3] Round 28 | Loss: 0.00832644 | Train Acc: 99.8583%
[Worker 2] Round 28 | Loss: 0.0149688 | Train Acc: 99.7%
[Worker 4] Round 28 | Loss: 0.0392864 | Train Acc: 99.175%
[Worker 5] Round 28 | Loss: 0.0814323 | Train Acc: 97.625%
[Worker 13] Round 28 | Loss: 0.0162052 | Train Acc: 99.7583%
[Worker 11] Round 28 | Loss: 0.0207859 | Train Acc: 99.625%
[Worker 1] Round 28 | Loss: 0.00938395 | Train Acc: 99.9%
[Worker 15] Round 28 | Loss: 0.0115752 | Train Acc: 99.85%
[Worker 9] Round 28 | Loss: 0.0143376 | Train Acc: 99.8167%
[Worker 12] Round 28 | Loss: 0.0117283 | Train Acc: 99.85%
[Central Round] 28 [Global Test Accuracy]: 33.12%
[Worker 8] Round 29 | Loss: 0.0439969 | Train Acc: 99.0417%
[Worker 10] Round 29 | Loss: 0.014083 | Train Acc: 99.7583%
[Worker 4] Round 29 | Loss: 0.0385493 | Train Acc: 99.1583%
[Worker 1] Round 29 | Loss: 0.00881576 | Train Acc: 99.925%
[Worker 14] Round 29 | Loss: 0.0742714 | Train Acc: 98.025%
[Worker 5] Round 29 | Loss: 0.0807119 | Train Acc: 97.7583%
[Worker 6] Round 29 | Loss: 0.0117238 | Train Acc: 99.8917%
[Worker 7] Round 29 | Loss: 0.0320726 | Train Acc: 99.3417%
[Worker 3] Round 29 | Loss: 0.00838576 | Train Acc: 99.8667%
[Worker 2] Round 29 | Loss: 0.0148762 | Train Acc: 99.7667%
[Worker 11] Round 29 | Loss: 0.0207734 | Train Acc: 99.6583%
[Worker 13] Round 29 | Loss: 0.01584 | Train Acc: 99.7833%
[Worker 9] Round 29 | Loss: 0.0136993 | Train Acc: 99.8917%
[Worker 15] Round 29 | Loss: 0.0120009 | Train Acc: 99.8333%
[Worker 12] Round 29 | Loss: 0.0116051 | Train Acc: 99.875%
[Central Round] 29 [Global Test Accuracy]: 33.02%
[Worker 7] Round 30 | Loss: 0.031467 | Train Acc: 99.3833%
[Worker 8] Round 30 | Loss: 0.0440172 | Train Acc: 99.0083%
[Worker 3] Round 30 | Loss: 0.00828598 | Train Acc: 99.8667%
[Worker 5] Round 30 | Loss: 0.0800669 | Train Acc: 97.6667%
[Worker 1] Round 30 | Loss: 0.00871293 | Train Acc: 99.9%
[Worker 14] Round 30 | Loss: 0.0740548 | Train Acc: 97.9917%
[Worker 6] Round 30 | Loss: 0.0114087 | Train Acc: 99.85%
[Worker 10] Round 30 | Loss: 0.0134755 | Train Acc: 99.7833%
[Worker 13] Round 30 | Loss: 0.0158174 | Train Acc: 99.7667%
[Worker 11] Round 30 | Loss: 0.0205757 | Train Acc: 99.675%
[Worker 9] Round 30 | Loss: 0.013493 | Train Acc: 99.8667%
[Worker 2] Round 30 | Loss: 0.0145958 | Train Acc: 99.7583%
[Worker 4] Round 30 | Loss: 0.0385892 | Train Acc: 99.1917%
[Worker 15] Round 30 | Loss: 0.0116227 | Train Acc: 99.8417%
[Worker 12] Round 30 | Loss: 0.0116175 | Train Acc: 99.85%
[Central Round] 30 [Global Test Accuracy]: 33.03%
[Worker 8] Round 31 | Loss: 0.0429998 | Train Acc: 99.0667%
[Worker 10] Round 31 | Loss: 0.0140587 | Train Acc: 99.7667%
[Worker 14] Round 31 | Loss: 0.073888 | Train Acc: 98.0167%
[Worker 7] Round 31 | Loss: 0.0318215 | Train Acc: 99.35%
[Worker 6] Round 31 | Loss: 0.0115469 | Train Acc: 99.8583%
[Worker 2] Round 31 | Loss: 0.0146721 | Train Acc: 99.7583%
[Worker 5] Round 31 | Loss: 0.0803914 | Train Acc: 97.675%
[Worker 3] Round 31 | Loss: 0.008368 | Train Acc: 99.8583%
[Worker 4] Round 31 | Loss: 0.0383784 | Train Acc: 99.125%
[Worker 11] Round 31 | Loss: 0.0208137 | Train Acc: 99.65%
[Worker 13] Round 31 | Loss: 0.0158375 | Train Acc: 99.7833%
[Worker 9] Round 31 | Loss: 0.013854 | Train Acc: 99.85%
[Worker 15] Round 31 | Loss: 0.0116785 | Train Acc: 99.8833%
[Worker 12] Round 31 | Loss: 0.0116116 | Train Acc: 99.8667%
[Worker 1] Round 31 | Loss: 0.00915443 | Train Acc: 99.9083%
[Central Round] 31 [Global Test Accuracy]: 33.03%
[Worker 8] Round 32 | Loss: 0.0431548 | Train Acc: 99.1%
[Worker 10] Round 32 | Loss: 0.0134957 | Train Acc: 99.7667%
[Worker 4] Round 32 | Loss: 0.0380584 | Train Acc: 99.225%
[Worker 14] Round 32 | Loss: 0.0735231 | Train Acc: 98.0917%
[Worker 1] Round 32 | Loss: 0.00885848 | Train Acc: 99.9167%
[Worker 5] Round 32 | Loss: 0.0802617 | Train Acc: 97.7333%
[Worker 7] Round 32 | Loss: 0.0310505 | Train Acc: 99.35%
[Worker 6] Round 32 | Loss: 0.0116748 | Train Acc: 99.8333%
[Worker 3] Round 32 | Loss: 0.00839084 | Train Acc: 99.85%
[Worker 2] Round 32 | Loss: 0.0145278 | Train Acc: 99.775%
[Worker 11] Round 32 | Loss: 0.0202243 | Train Acc: 99.7%
[Worker 13] Round 32 | Loss: 0.0156401 | Train Acc: 99.7833%
[Worker 9] Round 32 | Loss: 0.0134663 | Train Acc: 99.8833%
[Worker 15] Round 32 | Loss: 0.0114899 | Train Acc: 99.8917%
[Worker 12] Round 32 | Loss: 0.0114318 | Train Acc: 99.85%
[Central Round] 32 [Global Test Accuracy]: 32.96%
[Worker 8] Round 33 | Loss: 0.0426378 | Train Acc: 99.1167%
[Worker 2] Round 33 | Loss: 0.0145452 | Train Acc: 99.75%
[Worker 14] Round 33 | Loss: 0.0729007 | Train Acc: 98.1%
[Worker 6] Round 33 | Loss: 0.0116194 | Train Acc: 99.8417%
[Worker 7] Round 33 | Loss: 0.0313215 | Train Acc: 99.3917%
[Worker 3] Round 33 | Loss: 0.00823738 | Train Acc: 99.8333%
[Worker 10] Round 33 | Loss: 0.0139998 | Train Acc: 99.7333%
[Worker 1] Round 33 | Loss: 0.00854831 | Train Acc: 99.9417%
[Worker 5] Round 33 | Loss: 0.0803175 | Train Acc: 97.625%
[Worker 4] Round 33 | Loss: 0.0383556 | Train Acc: 99.175%
[Worker 11] Round 33 | Loss: 0.0203584 | Train Acc: 99.6417%
[Worker 13] Round 33 | Loss: 0.0160612 | Train Acc: 99.7167%
[Worker 9] Round 33 | Loss: 0.0140034 | Train Acc: 99.825%
[Worker 15] Round 33 | Loss: 0.0112644 | Train Acc: 99.8583%
[Worker 12] Round 33 | Loss: 0.011628 | Train Acc: 99.8333%
[Central Round] 33 [Global Test Accuracy]: 32.9%
[Worker 8] Round 34 | Loss: 0.0426875 | Train Acc: 99.0667%
[Worker 10] Round 34 | Loss: 0.013566 | Train Acc: 99.7667%
[Worker 14] Round 34 | Loss: 0.0726152 | Train Acc: 98.1083%
[Worker 4] Round 34 | Loss: 0.0378883 | Train Acc: 99.1583%
[Worker 6] Round 34 | Loss: 0.0116782 | Train Acc: 99.825%
[Worker 2] Round 34 | Loss: 0.0141263 | Train Acc: 99.7833%
[Worker 3] Round 34 | Loss: 0.00832534 | Train Acc: 99.8583%
[Worker 5] Round 34 | Loss: 0.0794947 | Train Acc: 97.7083%
[Worker 7] Round 34 | Loss: 0.0312053 | Train Acc: 99.3583%
[Worker 1] Round 34 | Loss: 0.00886139 | Train Acc: 99.9333%
[Worker 11] Round 34 | Loss: 0.0202538 | Train Acc: 99.6583%
[Worker 13] Round 34 | Loss: 0.0153518 | Train Acc: 99.8%
[Worker 9] Round 34 | Loss: 0.0133358 | Train Acc: 99.8583%
[Worker 15] Round 34 | Loss: 0.0112758 | Train Acc: 99.8917%
[Worker 12] Round 34 | Loss: 0.012085 | Train Acc: 99.8167%
[Central Round] 34 [Global Test Accuracy]: 32.93%
[Worker 8] Round 35 | Loss: 0.0425797 | Train Acc: 99.05%
[Worker 6] Round 35 | Loss: 0.0118297 | Train Acc: 99.8417%
[Worker 10] Round 35 | Loss: 0.0135425 | Train Acc: 99.7667%
[Worker 1] Round 35 | Loss: 0.00900192 | Train Acc: 99.925%
[Worker 5] Round 35 | Loss: 0.0794043 | Train Acc: 97.7%
[Worker 3] Round 35 | Loss: 0.00825323 | Train Acc: 99.8417%
[Worker 2] Round 35 | Loss: 0.01418 | Train Acc: 99.7583%
[Worker 14] Round 35 | Loss: 0.0718026 | Train Acc: 98.1333%
[Worker 7] Round 35 | Loss: 0.0310119 | Train Acc: 99.3833%
[Worker 11] Round 35 | Loss: 0.0201446 | Train Acc: 99.7%
[Worker 4] Round 35 | Loss: 0.0376672 | Train Acc: 99.2%
[Worker 9] Round 35 | Loss: 0.0139978 | Train Acc: 99.8083%
[Worker 13] Round 35 | Loss: 0.0158526 | Train Acc: 99.725%
[Worker 15] Round 35 | Loss: 0.011447 | Train Acc: 99.85%
[Worker 12] Round 35 | Loss: 0.0116607 | Train Acc: 99.825%
[Central Round] 35 [Global Test Accuracy]: 32.92%
[Worker 8] Round 36 | Loss: 0.0424962 | Train Acc: 99.0833%
[Worker 2] Round 36 | Loss: 0.0142635 | Train Acc: 99.7417%
[Worker 10] Round 36 | Loss: 0.0132211 | Train Acc: 99.7833%
[Worker 14] Round 36 | Loss: 0.0720941 | Train Acc: 98.1333%
[Worker 6] Round 36 | Loss: 0.0119596 | Train Acc: 99.8%
[Worker 5] Round 36 | Loss: 0.0788985 | Train Acc: 97.5833%
[Worker 3] Round 36 | Loss: 0.00830582 | Train Acc: 99.85%
[Worker 11] Round 36 | Loss: 0.0201598 | Train Acc: 99.6583%
[Worker 4] Round 36 | Loss: 0.0376949 | Train Acc: 99.2%
[Worker 7] Round 36 | Loss: 0.0311265 | Train Acc: 99.3667%
[Worker 13] Round 36 | Loss: 0.0153779 | Train Acc: 99.7917%
[Worker 9] Round 36 | Loss: 0.0135208 | Train Acc: 99.8833%
[Worker 15] Round 36 | Loss: 0.0114567 | Train Acc: 99.8583%
[Worker 12] Round 36 | Loss: 0.0117958 | Train Acc: 99.8083%
[Worker 1] Round 36 | Loss: 0.00852524 | Train Acc: 99.9167%
[Central Round] 36 [Global Test Accuracy]: 32.89%
[Worker 8] Round 37 | Loss: 0.0419523 | Train Acc: 99.1417%
[Worker 2] Round 37 | Loss: 0.0143247 | Train Acc: 99.7583%
[Worker 10] Round 37 | Loss: 0.0136237 | Train Acc: 99.7333%
[Worker 14] Round 37 | Loss: 0.0712664 | Train Acc: 98.1667%
[Worker 6] Round 37 | Loss: 0.0116273 | Train Acc: 99.8417%
[Worker 5] Round 37 | Loss: 0.0786591 | Train Acc: 97.7333%
[Worker 7] Round 37 | Loss: 0.0310295 | Train Acc: 99.4083%
[Worker 4] Round 37 | Loss: 0.037297 | Train Acc: 99.2%
[Worker 1] Round 37 | Loss: 0.00861935 | Train Acc: 99.8833%
[Worker 3] Round 37 | Loss: 0.00845179 | Train Acc: 99.85%
[Worker 13] Round 37 | Loss: 0.015087 | Train Acc: 99.825%
[Worker 11] Round 37 | Loss: 0.01974 | Train Acc: 99.65%
[Worker 15] Round 37 | Loss: 0.0112045 | Train Acc: 99.85%
[Worker 9] Round 37 | Loss: 0.0137203 | Train Acc: 99.825%
[Worker 12] Round 37 | Loss: 0.0114785 | Train Acc: 99.8333%
[Central Round] 37 [Global Test Accuracy]: 32.82%
[Worker 8] Round 38 | Loss: 0.0420642 | Train Acc: 99.0833%
[Worker 2] Round 38 | Loss: 0.0142703 | Train Acc: 99.775%
[Worker 14] Round 38 | Loss: 0.0714013 | Train Acc: 98%
[Worker 10] Round 38 | Loss: 0.0129854 | Train Acc: 99.75%
[Worker 6] Round 38 | Loss: 0.0114742 | Train Acc: 99.8583%
[Worker 7] Round 38 | Loss: 0.0305812 | Train Acc: 99.3917%
[Worker 3] Round 38 | Loss: 0.00833228 | Train Acc: 99.8417%
[Worker 4] Round 38 | Loss: 0.0369304 | Train Acc: 99.175%
[Worker 5] Round 38 | Loss: 0.0787201 | Train Acc: 97.7083%
[Worker 1] Round 38 | Loss: 0.00916307 | Train Acc: 99.9167%
[Worker 11] Round 38 | Loss: 0.0197405 | Train Acc: 99.6583%
[Worker 13] Round 38 | Loss: 0.0156152 | Train Acc: 99.75%
[Worker 9] Round 38 | Loss: 0.0134611 | Train Acc: 99.85%
[Worker 15] Round 38 | Loss: 0.0113097 | Train Acc: 99.85%
[Worker 12] Round 38 | Loss: 0.0115839 | Train Acc: 99.8333%
[Central Round] 38 [Global Test Accuracy]: 32.83%
[Worker 2] Round 39 | Loss: 0.0142055 | Train Acc: 99.7333%
[Worker 8] Round 39 | Loss: 0.0419322 | Train Acc: 99.1167%
[Worker 6] Round 39 | Loss: 0.0122957 | Train Acc: 99.8%
[Worker 5] Round 39 | Loss: 0.0788057 | Train Acc: 97.7083%
[Worker 14] Round 39 | Loss: 0.0704692 | Train Acc: 98.1417%
[Worker 10] Round 39 | Loss: 0.0138091 | Train Acc: 99.7833%
[Worker 7] Round 39 | Loss: 0.0308016 | Train Acc: 99.375%
[Worker 3] Round 39 | Loss: 0.00823434 | Train Acc: 99.8667%
[Worker 4] Round 39 | Loss: 0.0372788 | Train Acc: 99.175%
[Worker 1] Round 39 | Loss: 0.00862898 | Train Acc: 99.925%
[Worker 9] Round 39 | Loss: 0.0143034 | Train Acc: 99.825%
[Worker 11] Round 39 | Loss: 0.0196034 | Train Acc: 99.625%
[Worker 13] Round 39 | Loss: 0.0151831 | Train Acc: 99.8167%
[Worker 15] Round 39 | Loss: 0.0116492 | Train Acc: 99.85%
[Worker 12] Round 39 | Loss: 0.0116306 | Train Acc: 99.8667%
[Central Round] 39 [Global Test Accuracy]: 32.76%
[Worker 8] Round 40 | Loss: 0.0418467 | Train Acc: 99.125%
[Worker 2] Round 40 | Loss: 0.0139094 | Train Acc: 99.775%
[Worker 6] Round 40 | Loss: 0.0116654 | Train Acc: 99.775%
[Worker 14] Round 40 | Loss: 0.0703966 | Train Acc: 98.1833%
[Worker 10] Round 40 | Loss: 0.0131915 | Train Acc: 99.7583%
[Worker 7] Round 40 | Loss: 0.0312146 | Train Acc: 99.425%
[Worker 5] Round 40 | Loss: 0.078084 | Train Acc: 97.7167%
[Worker 3] Round 40 | Loss: 0.00840306 | Train Acc: 99.8583%
[Worker 1] Round 40 | Loss: 0.00855153 | Train Acc: 99.9167%
[Worker 4] Round 40 | Loss: 0.0376193 | Train Acc: 99.2167%
[Worker 11] Round 40 | Loss: 0.0197811 | Train Acc: 99.7%
[Worker 13] Round 40 | Loss: 0.0151732 | Train Acc: 99.8%
[Worker 15] Round 40 | Loss: 0.0110198 | Train Acc: 99.8667%
[Worker 9] Round 40 | Loss: 0.014297 | Train Acc: 99.825%
[Worker 12] Round 40 | Loss: 0.0116578 | Train Acc: 99.8167%
[Central Round] 40 [Global Test Accuracy]: 32.74%
[Central] Early stopping at round 40 after 5 rounds without global accuracy improvement.

[Central] Done. Federated data saved to /home-mscluster/ldemelo/HPC_Assignment/problem1/federated_clustering_mpi/metrics/sweep_5/federated/label_shard_noniid_rotate_feature_skew_np16_rep1
