Rank 5 of 16 processes
Rank 8 of 16 processes
Rank 10 of 16 processes
Rank 11 of 16 processes
Rank 12 of 16 processes
Rank 14 of 16 processes
Rank 6 of 16 processes
Rank 2 of 16 processes
Rank 4 of 16 processes
Rank 15 of 16 processes
Rank 3 of 16 processes
Rank 7 of 16 processes
Rank 9 of 16 processes
Rank 13 of 16 processes
Rank 1 of 16 processes
Rank 0 of 16 processes
Softmax regression: 10 classes; 784 features
[Mode] Non-IID Label Shard Distribution
[Mode] Non-IID Label Shard Distribution
[Mode] Non-IID Label Shard Distribution
[Mode] Non-IID Label Shard Distribution
[Mode] Non-IID Label Shard Distribution
[Mode] Non-IID Label Shard Distribution
[Mode] Non-IID Label Shard Distribution
[Distributed Worker 6] Shard size: 4000
Softmax regression: 10 classes; 784 features
[Distributed Worker 8] Shard size: 4000
Softmax regression: 10 classes; 784 features
[Mode] Non-IID Label Shard Distribution
[Distributed Worker 4] Shard size: 4000
Softmax regression: 10 classes; 784 features
[Mode] Non-IID Label Shard Distribution
[Mode] Non-IID Label Shard Distribution
[Distributed Worker 3] Shard size: 4000
Softmax regression: 10 classes; 784 features
[Distributed Worker 13] Shard size: 4000
Softmax regression: 10 classes; 784 features
[Distributed Worker 1] Shard size: 4000
Softmax regression: 10 classes; 784 features
[Distributed Worker 10] Shard size: 4000
Softmax regression: 10 classes; 784 features
[Mode] Non-IID Label Shard Distribution
[Mode] Non-IID Label Shard Distribution
[Distributed Worker 5] Shard size: 4000
Softmax regression: 10 classes; 784 features
[Mode] Non-IID Label Shard Distribution
[Distributed Worker 11] Shard size: 4000
Softmax regression: 10 classes; 784 features
[Distributed Worker 14] Shard size: 4000
Softmax regression: 10 classes; 784 features
[Distributed Worker 15] Shard size: 4000
Softmax regression: 10 classes; 784 features
[Distributed Worker 9] Shard size: 4000
Softmax regression: 10 classes; 784 features
[Distributed Worker 12] Shard size: 4000
Softmax regression: 10 classes; 784 features
[Mode] Non-IID Label Shard Distribution
[Mode] Non-IID Label Shard Distribution
[Distributed Worker 7] Shard size: 4000
Softmax regression: 10 classes; 784 features
[Distributed Worker 2] Shard size: 4000
Softmax regression: 10 classes; 784 features
[Worker 8] Round 1 | Loss: 0.0604452 | Train Acc: 98.57%
[Worker 5] Round 1 | Loss: 0.0964213 | Train Acc: 97.12%
[Worker 13] Round 1 | Loss: 0.0235639 | Train Acc: 99.535%
[Worker 11] Round 1 | Loss: 0.0280363 | Train Acc: 99.625%
[Worker 9] Round 1 | Loss: 0.0124177 | Train Acc: 99.875%
[Worker 1] Round 1 | Loss: 0.00838538 | Train Acc: 99.855%
[Worker 12] Round 1 | Loss: 0.0102631 | Train Acc: 99.845%
[Worker 4] Round 1 | Loss: 0.0509715 | Train Acc: 98.87%
[Worker 3] Round 1 | Loss: 0.00940913 | Train Acc: 99.84%
[Worker 7] Round 1 | Loss: 0.036886 | Train Acc: 99.19%
[Worker 15] Round 1 | Loss: 0.00922067 | Train Acc: 99.85%
[Worker 6] Round 1 | Loss: 0.0101726 | Train Acc: 99.84%
[Worker 10] Round 1 | Loss: 0.0174714 | Train Acc: 99.57%
[Worker 2] Round 1 | Loss: 0.0201066 | Train Acc: 99.665%
[Worker 14] Round 1 | Loss: 0.0932442 | Train Acc: 97.325%
[Central Round] 1 [Global Test Accuracy]: 53.95%
[Worker 8] Round 2 | Loss: 0.0558625 | Train Acc: 98.785%
[Worker 2] Round 2 | Loss: 0.0171407 | Train Acc: 99.805%
[Worker 12] Round 2 | Loss: 0.00895177 | Train Acc: 99.97%
[Worker 10] Round 2 | Loss: 0.0159864 | Train Acc: 99.635%
[Worker 6] Round 2 | Loss: 0.00807731 | Train Acc: 99.98%
[Worker 14] Round 2 | Loss: 0.0898228 | Train Acc: 97.545%
[Worker 3] Round 2 | Loss: 0.00729475 | Train Acc: 100%
[Worker 9] Round 2 | Loss: 0.0111365 | Train Acc: 99.925%
[Worker 7] Round 2 | Loss: 0.0333505 | Train Acc: 99.33%
[Worker 15] Round 2 | Loss: 0.00888246 | Train Acc: 99.895%
[Worker 5] Round 2 | Loss: 0.0913364 | Train Acc: 97.34%
[Worker 11] Round 2 | Loss: 0.0251395 | Train Acc: 99.705%
[Worker 4] Round 2 | Loss: 0.0464887 | Train Acc: 99.14%
[Worker 1] Round 2 | Loss: 0.00792103 | Train Acc: 99.895%
[Worker 13] Round 2 | Loss: 0.0206372 | Train Acc: 99.585%
[Central Round] 2 [Global Test Accuracy]: 64.48%
[Worker 2] Round 3 | Loss: 0.0154165 | Train Acc: 99.82%
[Worker 8] Round 3 | Loss: 0.0530215 | Train Acc: 98.91%
[Worker 10] Round 3 | Loss: 0.0142084 | Train Acc: 99.725%
[Worker 6] Round 3 | Loss: 0.00763379 | Train Acc: 99.99%
[Worker 12] Round 3 | Loss: 0.00824411 | Train Acc: 99.985%
[Worker 9] Round 3 | Loss: 0.0108993 | Train Acc: 99.905%
[Worker 5] Round 3 | Loss: 0.0885434 | Train Acc: 97.43%
[Worker 14] Round 3 | Loss: 0.0868402 | Train Acc: 97.6%
[Worker 3] Round 3 | Loss: 0.00652381 | Train Acc: 100%
[Worker 7] Round 3 | Loss: 0.0308929 | Train Acc: 99.385%
[Worker 15] Round 3 | Loss: 0.00843182 | Train Acc: 99.875%
[Worker 1] Round 3 | Loss: 0.00730013 | Train Acc: 99.94%
[Worker 11] Round 3 | Loss: 0.0229728 | Train Acc: 99.79%
[Worker 13] Round 3 | Loss: 0.0189849 | Train Acc: 99.645%
[Worker 4] Round 3 | Loss: 0.0431066 | Train Acc: 99.21%
[Central Round] 3 [Global Test Accuracy]: 69.83%
[Worker 10] Round 4 | Loss: 0.0134781 | Train Acc: 99.735%
[Worker 12] Round 4 | Loss: 0.00796197 | Train Acc: 99.97%
[Worker 8] Round 4 | Loss: 0.0504555 | Train Acc: 98.98%
[Worker 4] Round 4 | Loss: 0.0412971 | Train Acc: 99.3%
[Worker 15] Round 4 | Loss: 0.00820517 | Train Acc: 99.9%
[Worker 3] Round 4 | Loss: 0.00630374 | Train Acc: 99.995%
[Worker 1] Round 4 | Loss: 0.00685656 | Train Acc: 99.975%
[Worker 6] Round 4 | Loss: 0.00750366 | Train Acc: 99.99%
[Worker 14] Round 4 | Loss: 0.0844345 | Train Acc: 97.645%
[Worker 13] Round 4 | Loss: 0.017414 | Train Acc: 99.725%
[Worker 11] Round 4 | Loss: 0.021794 | Train Acc: 99.76%
[Worker 2] Round 4 | Loss: 0.014676 | Train Acc: 99.805%
[Worker 9] Round 4 | Loss: 0.0106371 | Train Acc: 99.88%
[Worker 5] Round 4 | Loss: 0.0862042 | Train Acc: 97.535%
[Worker 7] Round 4 | Loss: 0.0291172 | Train Acc: 99.405%
[Central Round] 4 [Global Test Accuracy]: 73.52%
[Worker 5] Round 5 | Loss: 0.0958835 | Train Acc: 97.3917%
[Worker 7] Round 5 | Loss: 0.0361735 | Train Acc: 99.375%
[Worker 2] Round 5 | Loss: 0.0196093 | Train Acc: 99.775%
[Worker 9] Round 5 | Loss: 0.0159386 | Train Acc: 99.8333%
[Worker 15] Round 5 | Loss: 0.012851 | Train Acc: 99.7833%
[Worker 3] Round 5 | Loss: 0.00935235 | Train Acc: 99.9833%
[Worker 1] Round 5 | Loss: 0.00984929 | Train Acc: 99.9667%
[Worker 11] Round 5 | Loss: 0.0284098 | Train Acc: 99.7333%
[Worker 14] Round 5 | Loss: 0.0958816 | Train Acc: 97.55%
[Worker 8] Round 5 | Loss: 0.061729 | Train Acc: 98.8417%
[Worker 6] Round 5 | Loss: 0.0114712 | Train Acc: 99.9333%
[Worker 12] Round 5 | Loss: 0.0117072 | Train Acc: 99.9667%
[Worker 13] Round 5 | Loss: 0.0224722 | Train Acc: 99.7083%
[Worker 4] Round 5 | Loss: 0.0498717 | Train Acc: 99.1083%
[Worker 10] Round 5 | Loss: 0.0172767 | Train Acc: 99.7333%
[Central Round] 5 [Global Test Accuracy]: 76.59%
[Worker 8] Round 6 | Loss: 0.0588895 | Train Acc: 98.8667%
[Worker 10] Round 6 | Loss: 0.0170164 | Train Acc: 99.7583%
[Worker 12] Round 6 | Loss: 0.01196 | Train Acc: 99.925%
[Worker 2] Round 6 | Loss: 0.0188479 | Train Acc: 99.7833%
[Worker 6] Round 6 | Loss: 0.0114228 | Train Acc: 99.9583%
[Worker 3] Round 6 | Loss: 0.00927631 | Train Acc: 99.95%
[Worker 15] Round 6 | Loss: 0.0122944 | Train Acc: 99.8333%
[Worker 9] Round 6 | Loss: 0.0156351 | Train Acc: 99.8667%
[Worker 5] Round 6 | Loss: 0.0942977 | Train Acc: 97.425%
[Worker 7] Round 6 | Loss: 0.0346575 | Train Acc: 99.4%
[Worker 14] Round 6 | Loss: 0.0936552 | Train Acc: 97.525%
[Worker 1] Round 6 | Loss: 0.00953364 | Train Acc: 99.9833%
[Worker 4] Round 6 | Loss: 0.0479768 | Train Acc: 99.1917%
[Worker 11] Round 6 | Loss: 0.0273748 | Train Acc: 99.7583%
[Worker 13] Round 6 | Loss: 0.0214361 | Train Acc: 99.725%
[Central Round] 6 [Global Test Accuracy]: 78.13%
[Worker 8] Round 7 | Loss: 0.057585 | Train Acc: 98.9083%
[Worker 12] Round 7 | Loss: 0.0117843 | Train Acc: 99.9167%
[Worker 2] Round 7 | Loss: 0.0180279 | Train Acc: 99.7583%
[Worker 6] Round 7 | Loss: 0.0115066 | Train Acc: 99.9333%
[Worker 10] Round 7 | Loss: 0.0159454 | Train Acc: 99.8%
[Worker 9] Round 7 | Loss: 0.0153981 | Train Acc: 99.8583%
[Worker 3] Round 7 | Loss: 0.00941094 | Train Acc: 99.9333%
[Worker 5] Round 7 | Loss: 0.0931639 | Train Acc: 97.3083%
[Worker 14] Round 7 | Loss: 0.091374 | Train Acc: 97.6083%
[Worker 15] Round 7 | Loss: 0.0120831 | Train Acc: 99.8417%
[Worker 7] Round 7 | Loss: 0.0341018 | Train Acc: 99.3583%
[Worker 11] Round 7 | Loss: 0.0263877 | Train Acc: 99.75%
[Worker 1] Round 7 | Loss: 0.00957375 | Train Acc: 99.95%
[Worker 13] Round 7 | Loss: 0.020476 | Train Acc: 99.7%
[Worker 4] Round 7 | Loss: 0.0472107 | Train Acc: 99.1833%
[Central Round] 7 [Global Test Accuracy]: 79.5%
[Worker 8] Round 8 | Loss: 0.0558644 | Train Acc: 98.9417%
[Worker 12] Round 8 | Loss: 0.0117678 | Train Acc: 99.9333%
[Worker 2] Round 8 | Loss: 0.0176685 | Train Acc: 99.8%
[Worker 5] Round 8 | Loss: 0.0920847 | Train Acc: 97.4%
[Worker 6] Round 8 | Loss: 0.0115487 | Train Acc: 99.9333%
[Worker 9] Round 8 | Loss: 0.0154412 | Train Acc: 99.8583%
[Worker 10] Round 8 | Loss: 0.0156448 | Train Acc: 99.7917%
[Worker 7] Round 8 | Loss: 0.0333555 | Train Acc: 99.3667%
[Worker 3] Round 8 | Loss: 0.00911499 | Train Acc: 99.9417%
[Worker 15] Round 8 | Loss: 0.0120292 | Train Acc: 99.8417%
[Worker 14] Round 8 | Loss: 0.0897052 | Train Acc: 97.6833%
[Worker 1] Round 8 | Loss: 0.00925769 | Train Acc: 99.975%
[Worker 13] Round 8 | Loss: 0.0197273 | Train Acc: 99.75%
[Worker 11] Round 8 | Loss: 0.0251582 | Train Acc: 99.7667%
[Worker 4] Round 8 | Loss: 0.0456501 | Train Acc: 99.25%
[Central Round] 8 [Global Test Accuracy]: 80.34%
[Worker 8] Round 9 | Loss: 0.0544011 | Train Acc: 98.9667%
[Worker 12] Round 9 | Loss: 0.011589 | Train Acc: 99.95%
[Worker 2] Round 9 | Loss: 0.0174152 | Train Acc: 99.7833%
[Worker 10] Round 9 | Loss: 0.0152502 | Train Acc: 99.8167%
[Worker 9] Round 9 | Loss: 0.0156424 | Train Acc: 99.85%
[Worker 5] Round 9 | Loss: 0.0908469 | Train Acc: 97.5417%
[Worker 6] Round 9 | Loss: 0.0119013 | Train Acc: 99.9083%
[Worker 14] Round 9 | Loss: 0.0889113 | Train Acc: 97.675%
[Worker 3] Round 9 | Loss: 0.0096231 | Train Acc: 99.925%
[Worker 15] Round 9 | Loss: 0.012047 | Train Acc: 99.825%
[Worker 7] Round 9 | Loss: 0.0328694 | Train Acc: 99.3667%
[Worker 1] Round 9 | Loss: 0.00969723 | Train Acc: 99.8917%
[Worker 4] Round 9 | Loss: 0.0457405 | Train Acc: 99.1417%
[Worker 11] Round 9 | Loss: 0.0246746 | Train Acc: 99.75%
[Worker 13] Round 9 | Loss: 0.0198852 | Train Acc: 99.7083%
[Central Round] 9 [Global Test Accuracy]: 81.23%
[Worker 8] Round 10 | Loss: 0.0535318 | Train Acc: 98.95%
[Worker 12] Round 10 | Loss: 0.012092 | Train Acc: 99.875%
[Worker 10] Round 10 | Loss: 0.0149484 | Train Acc: 99.8167%
[Worker 6] Round 10 | Loss: 0.0114635 | Train Acc: 99.925%
[Worker 9] Round 10 | Loss: 0.0153551 | Train Acc: 99.8583%
[Worker 2] Round 10 | Loss: 0.0170467 | Train Acc: 99.7833%
[Worker 3] Round 10 | Loss: 0.00947255 | Train Acc: 99.9%
[Worker 5] Round 10 | Loss: 0.0901243 | Train Acc: 97.5417%
[Worker 15] Round 10 | Loss: 0.0115417 | Train Acc: 99.8583%
[Worker 7] Round 10 | Loss: 0.0326183 | Train Acc: 99.3333%
[Worker 4] Round 10 | Loss: 0.0448314 | Train Acc: 99.2083%
[Worker 1] Round 10 | Loss: 0.00925708 | Train Acc: 99.9333%
[Worker 11] Round 10 | Loss: 0.0242088 | Train Acc: 99.7417%
[Worker 14] Round 10 | Loss: 0.0868836 | Train Acc: 97.725%
[Worker 13] Round 10 | Loss: 0.0188971 | Train Acc: 99.75%
[Central Round] 10 [Global Test Accuracy]: 81.9%
[Worker 8] Round 11 | Loss: 0.0523384 | Train Acc: 98.9583%
[Worker 2] Round 11 | Loss: 0.0168157 | Train Acc: 99.7833%
[Worker 9] Round 11 | Loss: 0.0153383 | Train Acc: 99.85%
[Worker 12] Round 11 | Loss: 0.0115795 | Train Acc: 99.8833%
[Worker 5] Round 11 | Loss: 0.0885158 | Train Acc: 97.4917%
[Worker 15] Round 11 | Loss: 0.0118117 | Train Acc: 99.8417%
[Worker 10] Round 11 | Loss: 0.0145601 | Train Acc: 99.825%
[Worker 7] Round 11 | Loss: 0.0322177 | Train Acc: 99.3333%
[Worker 6] Round 11 | Loss: 0.0117834 | Train Acc: 99.8917%
[Worker 3] Round 11 | Loss: 0.0093889 | Train Acc: 99.8833%
[Worker 1] Round 11 | Loss: 0.00932823 | Train Acc: 99.9417%
[Worker 14] Round 11 | Loss: 0.0863214 | Train Acc: 97.775%
[Worker 13] Round 11 | Loss: 0.0188353 | Train Acc: 99.7333%
[Worker 11] Round 11 | Loss: 0.023881 | Train Acc: 99.7417%
[Worker 4] Round 11 | Loss: 0.0442728 | Train Acc: 99.2083%
[Central Round] 11 [Global Test Accuracy]: 82.64%
[Worker 8] Round 12 | Loss: 0.0512451 | Train Acc: 98.9833%
[Worker 2] Round 12 | Loss: 0.0164807 | Train Acc: 99.8%
[Worker 10] Round 12 | Loss: 0.0144065 | Train Acc: 99.8083%
[Worker 12] Round 12 | Loss: 0.0119357 | Train Acc: 99.85%
[Worker 6] Round 12 | Loss: 0.011769 | Train Acc: 99.8833%
[Worker 9] Round 12 | Loss: 0.0154167 | Train Acc: 99.8333%
[Worker 5] Round 12 | Loss: 0.0890201 | Train Acc: 97.4917%
[Worker 7] Round 12 | Loss: 0.0316007 | Train Acc: 99.3667%
[Worker 14] Round 12 | Loss: 0.0844714 | Train Acc: 97.8417%
[Worker 15] Round 12 | Loss: 0.0115963 | Train Acc: 99.9%
[Worker 3] Round 12 | Loss: 0.00960101 | Train Acc: 99.9083%
[Worker 1] Round 12 | Loss: 0.00897567 | Train Acc: 99.9417%
[Worker 11] Round 12 | Loss: 0.0236561 | Train Acc: 99.7083%
[Worker 13] Round 12 | Loss: 0.0184047 | Train Acc: 99.675%
[Worker 4] Round 12 | Loss: 0.0441327 | Train Acc: 99.1583%
[Central Round] 12 [Global Test Accuracy]: 83.12%
[Worker 8] Round 13 | Loss: 0.0504025 | Train Acc: 98.9833%
[Worker 2] Round 13 | Loss: 0.016276 | Train Acc: 99.8%
[Worker 9] Round 13 | Loss: 0.0152754 | Train Acc: 99.8417%
[Worker 10] Round 13 | Loss: 0.014338 | Train Acc: 99.8167%
[Worker 7] Round 13 | Loss: 0.0311868 | Train Acc: 99.3833%
[Worker 12] Round 13 | Loss: 0.0117789 | Train Acc: 99.9%
[Worker 6] Round 13 | Loss: 0.0121336 | Train Acc: 99.85%
[Worker 5] Round 13 | Loss: 0.0877341 | Train Acc: 97.525%
[Worker 15] Round 13 | Loss: 0.0118064 | Train Acc: 99.8417%
[Worker 3] Round 13 | Loss: 0.00960644 | Train Acc: 99.9%
[Worker 14] Round 13 | Loss: 0.0834136 | Train Acc: 97.8083%
[Worker 1] Round 13 | Loss: 0.00918625 | Train Acc: 99.9333%
[Worker 11] Round 13 | Loss: 0.0229328 | Train Acc: 99.7583%
[Worker 13] Round 13 | Loss: 0.0183915 | Train Acc: 99.7333%
[Worker 4] Round 13 | Loss: 0.0437146 | Train Acc: 99.2167%
[Central Round] 13 [Global Test Accuracy]: 83.61%
[Worker 12] Round 14 | Loss: 0.0119929 | Train Acc: 99.8667%
[Worker 9] Round 14 | Loss: 0.0153801 | Train Acc: 99.8417%
[Worker 10] Round 14 | Loss: 0.0146022 | Train Acc: 99.7667%
[Worker 8] Round 14 | Loss: 0.0497278 | Train Acc: 98.9917%
[Worker 14] Round 14 | Loss: 0.0824845 | Train Acc: 97.8917%
[Worker 2] Round 14 | Loss: 0.0160299 | Train Acc: 99.7833%
[Worker 6] Round 14 | Loss: 0.0124552 | Train Acc: 99.8667%
[Worker 7] Round 14 | Loss: 0.0313889 | Train Acc: 99.375%
[Worker 15] Round 14 | Loss: 0.0119673 | Train Acc: 99.8833%
[Worker 3] Round 14 | Loss: 0.00992083 | Train Acc: 99.8833%
[Worker 13] Round 14 | Loss: 0.0177638 | Train Acc: 99.75%
[Worker 1] Round 14 | Loss: 0.00898077 | Train Acc: 99.95%
[Worker 11] Round 14 | Loss: 0.0227083 | Train Acc: 99.7167%
[Worker 5] Round 14 | Loss: 0.0874454 | Train Acc: 97.4583%
[Worker 4] Round 14 | Loss: 0.0431763 | Train Acc: 99.1917%
[Central Round] 14 [Global Test Accuracy]: 83.86%
[Worker 8] Round 15 | Loss: 0.0495276 | Train Acc: 98.975%
[Worker 12] Round 15 | Loss: 0.0117727 | Train Acc: 99.8917%
[Worker 9] Round 15 | Loss: 0.0153146 | Train Acc: 99.8333%
[Worker 10] Round 15 | Loss: 0.0139035 | Train Acc: 99.8167%
[Worker 3] Round 15 | Loss: 0.00981452 | Train Acc: 99.8833%
[Worker 1] Round 15 | Loss: 0.00909039 | Train Acc: 99.9167%
[Worker 2] Round 15 | Loss: 0.0159506 | Train Acc: 99.8083%
[Worker 6] Round 15 | Loss: 0.01171 | Train Acc: 99.8833%
[Worker 5] Round 15 | Loss: 0.0865247 | Train Acc: 97.625%
[Worker 7] Round 15 | Loss: 0.0307789 | Train Acc: 99.4%
[Worker 15] Round 15 | Loss: 0.0117651 | Train Acc: 99.8417%
[Worker 4] Round 15 | Loss: 0.0428383 | Train Acc: 99.2%
[Worker 11] Round 15 | Loss: 0.0224544 | Train Acc: 99.75%
[Worker 14] Round 15 | Loss: 0.0817158 | Train Acc: 97.8167%
[Worker 13] Round 15 | Loss: 0.0180883 | Train Acc: 99.6917%
[Central Round] 15 [Global Test Accuracy]: 84.11%
[Worker 2] Round 16 | Loss: 0.0157125 | Train Acc: 99.7833%
[Worker 12] Round 16 | Loss: 0.0119628 | Train Acc: 99.9%
[Worker 9] Round 16 | Loss: 0.0157028 | Train Acc: 99.8167%
[Worker 14] Round 16 | Loss: 0.0813385 | Train Acc: 97.8833%
[Worker 10] Round 16 | Loss: 0.0143114 | Train Acc: 99.7917%
[Worker 7] Round 16 | Loss: 0.0311041 | Train Acc: 99.3917%
[Worker 3] Round 16 | Loss: 0.01001 | Train Acc: 99.8417%
[Worker 6] Round 16 | Loss: 0.0118062 | Train Acc: 99.8833%
[Worker 5] Round 16 | Loss: 0.0863084 | Train Acc: 97.575%
[Worker 4] Round 16 | Loss: 0.0428094 | Train Acc: 99.25%
[Worker 15] Round 16 | Loss: 0.0116367 | Train Acc: 99.875%
[Worker 8] Round 16 | Loss: 0.0485764 | Train Acc: 99%
[Worker 1] Round 16 | Loss: 0.00889829 | Train Acc: 99.9583%
[Worker 11] Round 16 | Loss: 0.0221456 | Train Acc: 99.775%
[Worker 13] Round 16 | Loss: 0.0180407 | Train Acc: 99.7%
[Central Round] 16 [Global Test Accuracy]: 84.48%
[Worker 4] Round 17 | Loss: 0.0428246 | Train Acc: 99.1583%
[Worker 6] Round 17 | Loss: 0.0120642 | Train Acc: 99.8833%
[Worker 10] Round 17 | Loss: 0.0137746 | Train Acc: 99.8167%
[Worker 12] Round 17 | Loss: 0.011891 | Train Acc: 99.8833%
[Worker 9] Round 17 | Loss: 0.0159656 | Train Acc: 99.7917%
[Worker 14] Round 17 | Loss: 0.0803 | Train Acc: 97.8%
[Worker 15] Round 17 | Loss: 0.0115819 | Train Acc: 99.8417%
[Worker 5] Round 17 | Loss: 0.0854539 | Train Acc: 97.55%
[Worker 2] Round 17 | Loss: 0.0156968 | Train Acc: 99.8167%
[Worker 3] Round 17 | Loss: 0.0101462 | Train Acc: 99.8583%
[Worker 7] Round 17 | Loss: 0.0308733 | Train Acc: 99.4083%
[Worker 11] Round 17 | Loss: 0.0219152 | Train Acc: 99.7417%
[Worker 13] Round 17 | Loss: 0.0177968 | Train Acc: 99.7083%
[Worker 1] Round 17 | Loss: 0.00905684 | Train Acc: 99.9167%
[Worker 8] Round 17 | Loss: 0.0479215 | Train Acc: 99.025%
[Central Round] 17 [Global Test Accuracy]: 84.75%
[Worker 12] Round 18 | Loss: 0.0119158 | Train Acc: 99.85%
[Worker 4] Round 18 | Loss: 0.0419942 | Train Acc: 99.1667%
[Worker 2] Round 18 | Loss: 0.015464 | Train Acc: 99.825%
[Worker 10] Round 18 | Loss: 0.0135776 | Train Acc: 99.85%
[Worker 6] Round 18 | Loss: 0.012042 | Train Acc: 99.8583%
[Worker 7] Round 18 | Loss: 0.0302595 | Train Acc: 99.3667%
[Worker 5] Round 18 | Loss: 0.0850446 | Train Acc: 97.7083%
[Worker 9] Round 18 | Loss: 0.0148064 | Train Acc: 99.8583%
[Worker 14] Round 18 | Loss: 0.079421 | Train Acc: 97.9%
[Worker 15] Round 18 | Loss: 0.0113233 | Train Acc: 99.8833%
[Worker 3] Round 18 | Loss: 0.0100681 | Train Acc: 99.8667%
[Worker 1] Round 18 | Loss: 0.00875598 | Train Acc: 99.9333%
[Worker 8] Round 18 | Loss: 0.0473686 | Train Acc: 99.1083%
[Worker 13] Round 18 | Loss: 0.017385 | Train Acc: 99.6917%
[Worker 11] Round 18 | Loss: 0.0215339 | Train Acc: 99.7833%
[Central Round] 18 [Global Test Accuracy]: 84.96%
[Worker 12] Round 19 | Loss: 0.0118491 | Train Acc: 99.8833%
[Worker 10] Round 19 | Loss: 0.0137926 | Train Acc: 99.8083%
[Worker 6] Round 19 | Loss: 0.0124505 | Train Acc: 99.8167%
[Worker 15] Round 19 | Loss: 0.0115804 | Train Acc: 99.8417%
[Worker 2] Round 19 | Loss: 0.0152704 | Train Acc: 99.8%
[Worker 9] Round 19 | Loss: 0.0157911 | Train Acc: 99.775%
[Worker 7] Round 19 | Loss: 0.0303177 | Train Acc: 99.4083%
[Worker 5] Round 19 | Loss: 0.0852026 | Train Acc: 97.6333%
[Worker 3] Round 19 | Loss: 0.010068 | Train Acc: 99.85%
[Worker 14] Round 19 | Loss: 0.0788975 | Train Acc: 98%
[Worker 13] Round 19 | Loss: 0.0173569 | Train Acc: 99.7083%
[Worker 1] Round 19 | Loss: 0.00899354 | Train Acc: 99.9417%
[Worker 11] Round 19 | Loss: 0.0217027 | Train Acc: 99.775%
[Worker 8] Round 19 | Loss: 0.0466255 | Train Acc: 99.0083%
[Worker 4] Round 19 | Loss: 0.0419605 | Train Acc: 99.2167%
[Central Round] 19 [Global Test Accuracy]: 85.09%
[Worker 4] Round 20 | Loss: 0.0420556 | Train Acc: 99.225%
[Worker 2] Round 20 | Loss: 0.015416 | Train Acc: 99.775%
[Worker 5] Round 20 | Loss: 0.0841115 | Train Acc: 97.525%
[Worker 3] Round 20 | Loss: 0.00995021 | Train Acc: 99.8583%
[Worker 6] Round 20 | Loss: 0.0120597 | Train Acc: 99.8667%
[Worker 7] Round 20 | Loss: 0.0304818 | Train Acc: 99.3833%
[Worker 15] Round 20 | Loss: 0.0116802 | Train Acc: 99.8417%
[Worker 10] Round 20 | Loss: 0.0136842 | Train Acc: 99.7917%
[Worker 12] Round 20 | Loss: 0.0123498 | Train Acc: 99.8083%
[Worker 1] Round 20 | Loss: 0.00911658 | Train Acc: 99.9083%
[Worker 9] Round 20 | Loss: 0.0152565 | Train Acc: 99.8%
[Worker 11] Round 20 | Loss: 0.0210627 | Train Acc: 99.8083%
[Worker 14] Round 20 | Loss: 0.0784173 | Train Acc: 98.0167%
[Worker 8] Round 20 | Loss: 0.0462169 | Train Acc: 99.0417%
[Worker 13] Round 20 | Loss: 0.0171859 | Train Acc: 99.7417%
[Central Round] 20 [Global Test Accuracy]: 85.3%
[Worker 4] Round 21 | Loss: 0.0412124 | Train Acc: 99.225%
[Worker 12] Round 21 | Loss: 0.0118522 | Train Acc: 99.85%
[Worker 10] Round 21 | Loss: 0.0134131 | Train Acc: 99.8417%
[Worker 9] Round 21 | Loss: 0.0151624 | Train Acc: 99.8417%
[Worker 7] Round 21 | Loss: 0.0301691 | Train Acc: 99.3583%
[Worker 5] Round 21 | Loss: 0.0840575 | Train Acc: 97.6583%
[Worker 6] Round 21 | Loss: 0.0122637 | Train Acc: 99.8917%
[Worker 2] Round 21 | Loss: 0.0153914 | Train Acc: 99.775%
[Worker 15] Round 21 | Loss: 0.011389 | Train Acc: 99.85%
[Worker 3] Round 21 | Loss: 0.0102558 | Train Acc: 99.8417%
[Worker 14] Round 21 | Loss: 0.0770725 | Train Acc: 98.0417%
[Worker 1] Round 21 | Loss: 0.00893065 | Train Acc: 99.9333%
[Worker 11] Round 21 | Loss: 0.0211246 | Train Acc: 99.7583%
[Worker 8] Round 21 | Loss: 0.0466461 | Train Acc: 99.0417%
[Worker 13] Round 21 | Loss: 0.0171505 | Train Acc: 99.7333%
[Central Round] 21 [Global Test Accuracy]: 85.54%
[Worker 10] Round 22 | Loss: 0.0131402 | Train Acc: 99.8333%
[Worker 4] Round 22 | Loss: 0.0412877 | Train Acc: 99.2583%
[Worker 14] Round 22 | Loss: 0.0769423 | Train Acc: 98.0417%
[Worker 12] Round 22 | Loss: 0.0124288 | Train Acc: 99.8333%
[Worker 2] Round 22 | Loss: 0.0153226 | Train Acc: 99.775%
[Worker 9] Round 22 | Loss: 0.0156184 | Train Acc: 99.825%
[Worker 3] Round 22 | Loss: 0.0102348 | Train Acc: 99.825%
[Worker 5] Round 22 | Loss: 0.0841509 | Train Acc: 97.575%
[Worker 15] Round 22 | Loss: 0.0119628 | Train Acc: 99.85%
[Worker 7] Round 22 | Loss: 0.0299386 | Train Acc: 99.3917%
[Worker 6] Round 22 | Loss: 0.0121989 | Train Acc: 99.85%
[Worker 1] Round 22 | Loss: 0.00916706 | Train Acc: 99.9%
[Worker 11] Round 22 | Loss: 0.0210983 | Train Acc: 99.75%
[Worker 13] Round 22 | Loss: 0.0173402 | Train Acc: 99.75%
[Worker 8] Round 22 | Loss: 0.0453518 | Train Acc: 99.1083%
[Central Round] 22 [Global Test Accuracy]: 85.56%
[Worker 4] Round 23 | Loss: 0.0409495 | Train Acc: 99.2417%
[Worker 12] Round 23 | Loss: 0.0115482 | Train Acc: 99.8417%
[Worker 14] Round 23 | Loss: 0.0767736 | Train Acc: 97.9917%
[Worker 10] Round 23 | Loss: 0.0135382 | Train Acc: 99.8417%
[Worker 2] Round 23 | Loss: 0.0149218 | Train Acc: 99.8%
[Worker 9] Round 23 | Loss: 0.0151162 | Train Acc: 99.8%
[Worker 5] Round 23 | Loss: 0.0842601 | Train Acc: 97.5167%
[Worker 7] Round 23 | Loss: 0.0295443 | Train Acc: 99.4083%
[Worker 3] Round 23 | Loss: 0.0103213 | Train Acc: 99.8167%
[Worker 6] Round 23 | Loss: 0.0119785 | Train Acc: 99.8667%
[Worker 1] Round 23 | Loss: 0.00871223 | Train Acc: 99.95%
[Worker 15] Round 23 | Loss: 0.0117984 | Train Acc: 99.8167%
[Worker 11] Round 23 | Loss: 0.0208231 | Train Acc: 99.7333%
[Worker 13] Round 23 | Loss: 0.0172652 | Train Acc: 99.6833%
[Worker 8] Round 23 | Loss: 0.0454684 | Train Acc: 99.0583%
[Central Round] 23 [Global Test Accuracy]: 85.65%
[Worker 14] Round 24 | Loss: 0.0761969 | Train Acc: 98.1167%
[Worker 4] Round 24 | Loss: 0.0415488 | Train Acc: 99.2%
[Worker 10] Round 24 | Loss: 0.0138258 | Train Acc: 99.8083%
[Worker 12] Round 24 | Loss: 0.011828 | Train Acc: 99.8417%
[Worker 5] Round 24 | Loss: 0.0833581 | Train Acc: 97.6%
[Worker 2] Round 24 | Loss: 0.0149315 | Train Acc: 99.8%
[Worker 7] Round 24 | Loss: 0.0298154 | Train Acc: 99.4333%
[Worker 15] Round 24 | Loss: 0.0118358 | Train Acc: 99.85%
[Worker 1] Round 24 | Loss: 0.00890711 | Train Acc: 99.9083%
[Worker 3] Round 24 | Loss: 0.0106256 | Train Acc: 99.8333%
[Worker 6] Round 24 | Loss: 0.0123822 | Train Acc: 99.8083%
[Worker 11] Round 24 | Loss: 0.0206234 | Train Acc: 99.75%
[Worker 13] Round 24 | Loss: 0.016866 | Train Acc: 99.7667%
[Worker 8] Round 24 | Loss: 0.0447117 | Train Acc: 99.0333%
[Worker 9] Round 24 | Loss: 0.0157204 | Train Acc: 99.775%
[Central Round] 24 [Global Test Accuracy]: 85.54%
[Worker 4] Round 25 | Loss: 0.0405566 | Train Acc: 99.25%
[Worker 14] Round 25 | Loss: 0.0758793 | Train Acc: 97.9417%
[Worker 10] Round 25 | Loss: 0.0130716 | Train Acc: 99.8417%
[Worker 9] Round 25 | Loss: 0.0154693 | Train Acc: 99.7917%
[Worker 12] Round 25 | Loss: 0.0118073 | Train Acc: 99.8667%
[Worker 2] Round 25 | Loss: 0.0149611 | Train Acc: 99.825%
[Worker 3] Round 25 | Loss: 0.0102944 | Train Acc: 99.8417%
[Worker 5] Round 25 | Loss: 0.0830629 | Train Acc: 97.7%
[Worker 7] Round 25 | Loss: 0.0293572 | Train Acc: 99.4417%
[Worker 15] Round 25 | Loss: 0.0115409 | Train Acc: 99.8417%
[Worker 1] Round 25 | Loss: 0.00892684 | Train Acc: 99.9083%
[Worker 6] Round 25 | Loss: 0.0124307 | Train Acc: 99.8333%
[Worker 11] Round 25 | Loss: 0.0204008 | Train Acc: 99.7917%
[Worker 8] Round 25 | Loss: 0.0443213 | Train Acc: 99.1333%
[Worker 13] Round 25 | Loss: 0.0171276 | Train Acc: 99.7583%
[Central Round] 25 [Global Test Accuracy]: 85.83%
[Worker 4] Round 26 | Loss: 0.0409765 | Train Acc: 99.25%
[Worker 10] Round 26 | Loss: 0.013227 | Train Acc: 99.8333%
[Worker 14] Round 26 | Loss: 0.0748575 | Train Acc: 98.0917%
[Worker 9] Round 26 | Loss: 0.0157261 | Train Acc: 99.7583%
[Worker 12] Round 26 | Loss: 0.0118481 | Train Acc: 99.9083%
[Worker 2] Round 26 | Loss: 0.0149121 | Train Acc: 99.7833%
[Worker 5] Round 26 | Loss: 0.0826783 | Train Acc: 97.6667%
[Worker 3] Round 26 | Loss: 0.0106096 | Train Acc: 99.825%
[Worker 7] Round 26 | Loss: 0.0292557 | Train Acc: 99.4583%
[Worker 15] Round 26 | Loss: 0.011968 | Train Acc: 99.8083%
[Worker 6] Round 26 | Loss: 0.012608 | Train Acc: 99.8583%
[Worker 1] Round 26 | Loss: 0.00894112 | Train Acc: 99.9083%
[Worker 11] Round 26 | Loss: 0.020956 | Train Acc: 99.7083%
[Worker 13] Round 26 | Loss: 0.0168234 | Train Acc: 99.7833%
[Worker 8] Round 26 | Loss: 0.0441952 | Train Acc: 99.0333%
[Central Round] 26 [Global Test Accuracy]: 85.87%
[Worker 4] Round 27 | Loss: 0.0413506 | Train Acc: 99.1167%
[Worker 2] Round 27 | Loss: 0.0146999 | Train Acc: 99.85%
[Worker 5] Round 27 | Loss: 0.0825014 | Train Acc: 97.7083%
[Worker 12] Round 27 | Loss: 0.0120362 | Train Acc: 99.8417%
[Worker 9] Round 27 | Loss: 0.0149389 | Train Acc: 99.8167%
[Worker 6] Round 27 | Loss: 0.0124181 | Train Acc: 99.8083%
[Worker 3] Round 27 | Loss: 0.0107156 | Train Acc: 99.825%
[Worker 10] Round 27 | Loss: 0.0128361 | Train Acc: 99.85%
[Worker 14] Round 27 | Loss: 0.0746829 | Train Acc: 98.1167%
[Worker 15] Round 27 | Loss: 0.0114623 | Train Acc: 99.85%
[Worker 7] Round 27 | Loss: 0.0291366 | Train Acc: 99.4167%
[Worker 8] Round 27 | Loss: 0.0439067 | Train Acc: 99.1%
[Worker 1] Round 27 | Loss: 0.00871855 | Train Acc: 99.9333%
[Worker 11] Round 27 | Loss: 0.0201153 | Train Acc: 99.7917%
[Worker 13] Round 27 | Loss: 0.0167538 | Train Acc: 99.7333%
[Central Round] 27 [Global Test Accuracy]: 85.96%
[Worker 4] Round 28 | Loss: 0.040679 | Train Acc: 99.1167%
[Worker 2] Round 28 | Loss: 0.0151327 | Train Acc: 99.7583%
[Worker 10] Round 28 | Loss: 0.0130468 | Train Acc: 99.8417%
[Worker 6] Round 28 | Loss: 0.0126926 | Train Acc: 99.8083%
[Worker 12] Round 28 | Loss: 0.0118928 | Train Acc: 99.85%
[Worker 9] Round 28 | Loss: 0.0157674 | Train Acc: 99.7417%
[Worker 3] Round 28 | Loss: 0.0106836 | Train Acc: 99.8167%
[Worker 5] Round 28 | Loss: 0.0826038 | Train Acc: 97.6917%
[Worker 7] Round 28 | Loss: 0.0293374 | Train Acc: 99.4583%
[Worker 14] Round 28 | Loss: 0.0744228 | Train Acc: 98.0083%
[Worker 15] Round 28 | Loss: 0.0120714 | Train Acc: 99.8583%
[Worker 1] Round 28 | Loss: 0.00928743 | Train Acc: 99.9%
[Worker 8] Round 28 | Loss: 0.0432773 | Train Acc: 99.1583%
[Worker 11] Round 28 | Loss: 0.0202772 | Train Acc: 99.7833%
[Worker 13] Round 28 | Loss: 0.0169771 | Train Acc: 99.7333%
[Central Round] 28 [Global Test Accuracy]: 86.16%
[Worker 4] Round 29 | Loss: 0.040224 | Train Acc: 99.2417%
[Worker 2] Round 29 | Loss: 0.0148549 | Train Acc: 99.7833%
[Worker 10] Round 29 | Loss: 0.0132552 | Train Acc: 99.85%
[Worker 6] Round 29 | Loss: 0.0123146 | Train Acc: 99.825%
[Worker 9] Round 29 | Loss: 0.0152404 | Train Acc: 99.7917%
[Worker 12] Round 29 | Loss: 0.0119479 | Train Acc: 99.825%
[Worker 5] Round 29 | Loss: 0.0820723 | Train Acc: 97.725%
[Worker 7] Round 29 | Loss: 0.0295342 | Train Acc: 99.4583%
[Worker 15] Round 29 | Loss: 0.0123366 | Train Acc: 99.8583%
[Worker 14] Round 29 | Loss: 0.0737313 | Train Acc: 98.125%
[Worker 3] Round 29 | Loss: 0.0104558 | Train Acc: 99.8583%
[Worker 1] Round 29 | Loss: 0.008866 | Train Acc: 99.9083%
[Worker 11] Round 29 | Loss: 0.0202536 | Train Acc: 99.7917%
[Worker 13] Round 29 | Loss: 0.0166664 | Train Acc: 99.7417%
[Worker 8] Round 29 | Loss: 0.0434174 | Train Acc: 99.0667%
[Central Round] 29 [Global Test Accuracy]: 86.23%
[Worker 10] Round 30 | Loss: 0.012795 | Train Acc: 99.85%
[Worker 4] Round 30 | Loss: 0.0402642 | Train Acc: 99.1667%
[Worker 9] Round 30 | Loss: 0.0149531 | Train Acc: 99.8333%
[Worker 2] Round 30 | Loss: 0.0146358 | Train Acc: 99.8083%
[Worker 6] Round 30 | Loss: 0.0120505 | Train Acc: 99.825%
[Worker 15] Round 30 | Loss: 0.0116148 | Train Acc: 99.8333%
[Worker 5] Round 30 | Loss: 0.08125 | Train Acc: 97.7833%
[Worker 3] Round 30 | Loss: 0.0104363 | Train Acc: 99.8333%
[Worker 12] Round 30 | Loss: 0.0116711 | Train Acc: 99.8167%
[Worker 14] Round 30 | Loss: 0.0735931 | Train Acc: 98.0083%
[Worker 7] Round 30 | Loss: 0.0289861 | Train Acc: 99.5%
[Worker 1] Round 30 | Loss: 0.00860656 | Train Acc: 99.9333%
[Worker 8] Round 30 | Loss: 0.0433999 | Train Acc: 99.0917%
[Worker 11] Round 30 | Loss: 0.020054 | Train Acc: 99.775%
[Worker 13] Round 30 | Loss: 0.0168668 | Train Acc: 99.7917%
[Central Round] 30 [Global Test Accuracy]: 86.38%
[Worker 4] Round 31 | Loss: 0.040116 | Train Acc: 99.225%
[Worker 12] Round 31 | Loss: 0.0120462 | Train Acc: 99.8167%
[Worker 9] Round 31 | Loss: 0.0153585 | Train Acc: 99.775%
[Worker 10] Round 31 | Loss: 0.0132099 | Train Acc: 99.8833%
[Worker 5] Round 31 | Loss: 0.0818128 | Train Acc: 97.6917%
[Worker 6] Round 31 | Loss: 0.0122876 | Train Acc: 99.8167%
[Worker 2] Round 31 | Loss: 0.0146144 | Train Acc: 99.8%
[Worker 14] Round 31 | Loss: 0.0734884 | Train Acc: 98.05%
[Worker 7] Round 31 | Loss: 0.0291991 | Train Acc: 99.4083%
[Worker 3] Round 31 | Loss: 0.0106266 | Train Acc: 99.8%
[Worker 15] Round 31 | Loss: 0.0121214 | Train Acc: 99.8%
[Worker 1] Round 31 | Loss: 0.00885512 | Train Acc: 99.9167%
[Worker 8] Round 31 | Loss: 0.0428387 | Train Acc: 99.0583%
[Worker 11] Round 31 | Loss: 0.020032 | Train Acc: 99.75%
[Worker 13] Round 31 | Loss: 0.0169107 | Train Acc: 99.7167%
[Central Round] 31 [Global Test Accuracy]: 86.48%
[Worker 12] Round 32 | Loss: 0.0118006 | Train Acc: 99.85%
[Worker 2] Round 32 | Loss: 0.0146972 | Train Acc: 99.825%
[Worker 4] Round 32 | Loss: 0.0401838 | Train Acc: 99.125%
[Worker 10] Round 32 | Loss: 0.0129136 | Train Acc: 99.8417%
[Worker 14] Round 32 | Loss: 0.0730043 | Train Acc: 98.125%
[Worker 9] Round 32 | Loss: 0.0153926 | Train Acc: 99.7917%
[Worker 5] Round 32 | Loss: 0.0816452 | Train Acc: 97.7167%
[Worker 15] Round 32 | Loss: 0.0120541 | Train Acc: 99.8333%
[Worker 3] Round 32 | Loss: 0.0106161 | Train Acc: 99.8167%
[Worker 7] Round 32 | Loss: 0.0287449 | Train Acc: 99.4667%
[Worker 6] Round 32 | Loss: 0.0123391 | Train Acc: 99.8167%
[Worker 8] Round 32 | Loss: 0.0430493 | Train Acc: 99.1167%
[Worker 1] Round 32 | Loss: 0.00897438 | Train Acc: 99.9%
[Worker 11] Round 32 | Loss: 0.019739 | Train Acc: 99.725%
[Worker 13] Round 32 | Loss: 0.0165272 | Train Acc: 99.7083%
[Central Round] 32 [Global Test Accuracy]: 86.49%
[Worker 12] Round 33 | Loss: 0.0119222 | Train Acc: 99.8583%
[Worker 4] Round 33 | Loss: 0.0397541 | Train Acc: 99.2583%
[Worker 7] Round 33 | Loss: 0.0288088 | Train Acc: 99.4333%
[Worker 10] Round 33 | Loss: 0.0132641 | Train Acc: 99.8%
[Worker 14] Round 33 | Loss: 0.0728258 | Train Acc: 98.1%
[Worker 9] Round 33 | Loss: 0.0158254 | Train Acc: 99.7583%
[Worker 2] Round 33 | Loss: 0.0146367 | Train Acc: 99.7917%
[Worker 3] Round 33 | Loss: 0.0105704 | Train Acc: 99.8083%
[Worker 5] Round 33 | Loss: 0.0815749 | Train Acc: 97.725%
[Worker 15] Round 33 | Loss: 0.011979 | Train Acc: 99.775%
[Worker 6] Round 33 | Loss: 0.0125128 | Train Acc: 99.775%
[Worker 1] Round 33 | Loss: 0.00864795 | Train Acc: 99.8917%
[Worker 11] Round 33 | Loss: 0.0199388 | Train Acc: 99.7333%
[Worker 8] Round 33 | Loss: 0.0422901 | Train Acc: 99.1583%
[Worker 13] Round 33 | Loss: 0.016836 | Train Acc: 99.675%
[Central Round] 33 [Global Test Accuracy]: 86.6%
[Worker 4] Round 34 | Loss: 0.0398099 | Train Acc: 99.1583%
[Worker 12] Round 34 | Loss: 0.0121459 | Train Acc: 99.8333%
[Worker 10] Round 34 | Loss: 0.0129584 | Train Acc: 99.8333%
[Worker 2] Round 34 | Loss: 0.0141878 | Train Acc: 99.8333%
[Worker 5] Round 34 | Loss: 0.0811515 | Train Acc: 97.6%
[Worker 14] Round 34 | Loss: 0.0720991 | Train Acc: 98.175%
[Worker 7] Round 34 | Loss: 0.028612 | Train Acc: 99.4417%
[Worker 9] Round 34 | Loss: 0.0156182 | Train Acc: 99.75%
[Worker 15] Round 34 | Loss: 0.0119491 | Train Acc: 99.8083%
[Worker 3] Round 34 | Loss: 0.0105464 | Train Acc: 99.8167%
[Worker 6] Round 34 | Loss: 0.0124018 | Train Acc: 99.8%
[Worker 1] Round 34 | Loss: 0.00882796 | Train Acc: 99.9083%
[Worker 13] Round 34 | Loss: 0.0161262 | Train Acc: 99.7917%
[Worker 11] Round 34 | Loss: 0.0197505 | Train Acc: 99.7667%
[Worker 8] Round 34 | Loss: 0.0422589 | Train Acc: 99.0917%
[Central Round] 34 [Global Test Accuracy]: 86.65%
[Worker 4] Round 35 | Loss: 0.0398135 | Train Acc: 99.1917%
[Worker 12] Round 35 | Loss: 0.0120609 | Train Acc: 99.8417%
[Worker 2] Round 35 | Loss: 0.0142563 | Train Acc: 99.8%
[Worker 10] Round 35 | Loss: 0.0128859 | Train Acc: 99.8333%
[Worker 9] Round 35 | Loss: 0.0157654 | Train Acc: 99.775%
[Worker 14] Round 35 | Loss: 0.0713859 | Train Acc: 98.1667%
[Worker 5] Round 35 | Loss: 0.0806454 | Train Acc: 97.7667%
[Worker 3] Round 35 | Loss: 0.0103315 | Train Acc: 99.8167%
[Worker 15] Round 35 | Loss: 0.0116424 | Train Acc: 99.825%
[Worker 7] Round 35 | Loss: 0.0288146 | Train Acc: 99.425%
[Worker 6] Round 35 | Loss: 0.0125587 | Train Acc: 99.825%
[Worker 1] Round 35 | Loss: 0.00884118 | Train Acc: 99.8833%
[Worker 8] Round 35 | Loss: 0.0424184 | Train Acc: 99.0833%
[Worker 11] Round 35 | Loss: 0.019352 | Train Acc: 99.7833%
[Worker 13] Round 35 | Loss: 0.0166732 | Train Acc: 99.7083%
[Central Round] 35 [Global Test Accuracy]: 86.7%
[Worker 4] Round 36 | Loss: 0.0397432 | Train Acc: 99.2083%
[Worker 12] Round 36 | Loss: 0.0122677 | Train Acc: 99.8417%
[Worker 9] Round 36 | Loss: 0.015199 | Train Acc: 99.8%
[Worker 2] Round 36 | Loss: 0.0144368 | Train Acc: 99.7833%
[Worker 10] Round 36 | Loss: 0.0125013 | Train Acc: 99.875%
[Worker 7] Round 36 | Loss: 0.0285289 | Train Acc: 99.475%
[Worker 6] Round 36 | Loss: 0.0127687 | Train Acc: 99.8167%
[Worker 3] Round 36 | Loss: 0.010591 | Train Acc: 99.8333%
[Worker 15] Round 36 | Loss: 0.0118931 | Train Acc: 99.7833%
[Worker 5] Round 36 | Loss: 0.0802581 | Train Acc: 97.6833%
[Worker 14] Round 36 | Loss: 0.072101 | Train Acc: 98.0667%
[Worker 8] Round 36 | Loss: 0.0420277 | Train Acc: 99.1083%
[Worker 11] Round 36 | Loss: 0.0194546 | Train Acc: 99.825%
[Worker 1] Round 36 | Loss: 0.00861158 | Train Acc: 99.9083%
[Worker 13] Round 36 | Loss: 0.0163792 | Train Acc: 99.7417%
[Central Round] 36 [Global Test Accuracy]: 86.7%
[Worker 4] Round 37 | Loss: 0.0393545 | Train Acc: 99.2167%
[Worker 8] Round 37 | Loss: 0.0417557 | Train Acc: 99.0917%
[Worker 12] Round 37 | Loss: 0.0119113 | Train Acc: 99.8083%
[Worker 10] Round 37 | Loss: 0.0130415 | Train Acc: 99.8333%
[Worker 9] Round 37 | Loss: 0.0151918 | Train Acc: 99.7667%
[Worker 2] Round 37 | Loss: 0.0142853 | Train Acc: 99.8%
[Worker 6] Round 37 | Loss: 0.0123042 | Train Acc: 99.75%
[Worker 3] Round 37 | Loss: 0.0105719 | Train Acc: 99.7917%
[Worker 14] Round 37 | Loss: 0.0708188 | Train Acc: 98.1083%
[Worker 15] Round 37 | Loss: 0.0115598 | Train Acc: 99.8%
[Worker 7] Round 37 | Loss: 0.0285788 | Train Acc: 99.4917%
[Worker 5] Round 37 | Loss: 0.0799499 | Train Acc: 97.6167%
[Worker 11] Round 37 | Loss: 0.0193508 | Train Acc: 99.7667%
[Worker 1] Round 37 | Loss: 0.00856462 | Train Acc: 99.9%
[Worker 13] Round 37 | Loss: 0.0160823 | Train Acc: 99.7667%
[Central Round] 37 [Global Test Accuracy]: 86.77%
[Worker 12] Round 38 | Loss: 0.0119419 | Train Acc: 99.8167%
[Worker 4] Round 38 | Loss: 0.0391601 | Train Acc: 99.2167%
[Worker 8] Round 38 | Loss: 0.0419302 | Train Acc: 99.075%
[Worker 9] Round 38 | Loss: 0.0152856 | Train Acc: 99.7667%
[Worker 6] Round 38 | Loss: 0.0123044 | Train Acc: 99.8583%
[Worker 10] Round 38 | Loss: 0.0125154 | Train Acc: 99.8583%
[Worker 2] Round 38 | Loss: 0.0141518 | Train Acc: 99.825%
[Worker 5] Round 38 | Loss: 0.0800442 | Train Acc: 97.7667%
[Worker 14] Round 38 | Loss: 0.0711834 | Train Acc: 98.0583%
[Worker 7] Round 38 | Loss: 0.028056 | Train Acc: 99.4833%
[Worker 3] Round 38 | Loss: 0.0104178 | Train Acc: 99.8333%
[Worker 15] Round 38 | Loss: 0.0117941 | Train Acc: 99.7917%
[Worker 1] Round 38 | Loss: 0.0090953 | Train Acc: 99.9%
[Worker 11] Round 38 | Loss: 0.0192156 | Train Acc: 99.7583%
[Worker 13] Round 38 | Loss: 0.0167294 | Train Acc: 99.7333%
[Central Round] 38 [Global Test Accuracy]: 86.85%
[Worker 12] Round 39 | Loss: 0.0118803 | Train Acc: 99.8333%
[Worker 4] Round 39 | Loss: 0.039465 | Train Acc: 99.2583%
[Worker 8] Round 39 | Loss: 0.0419483 | Train Acc: 99.1167%
[Worker 2] Round 39 | Loss: 0.0143566 | Train Acc: 99.7917%
[Worker 10] Round 39 | Loss: 0.0132251 | Train Acc: 99.8167%
[Worker 6] Round 39 | Loss: 0.0129503 | Train Acc: 99.7917%
[Worker 7] Round 39 | Loss: 0.0286331 | Train Acc: 99.425%
[Worker 5] Round 39 | Loss: 0.080155 | Train Acc: 97.7667%
[Worker 15] Round 39 | Loss: 0.0118349 | Train Acc: 99.8167%
[Worker 14] Round 39 | Loss: 0.0704266 | Train Acc: 98.1083%
[Worker 9] Round 39 | Loss: 0.0157762 | Train Acc: 99.7667%
[Worker 3] Round 39 | Loss: 0.0105918 | Train Acc: 99.8%
[Worker 1] Round 39 | Loss: 0.00882326 | Train Acc: 99.9083%
[Worker 11] Round 39 | Loss: 0.019069 | Train Acc: 99.8%
[Worker 13] Round 39 | Loss: 0.016077 | Train Acc: 99.7833%
[Central Round] 39 [Global Test Accuracy]: 86.84%
[Worker 4] Round 40 | Loss: 0.0395368 | Train Acc: 99.2167%
[Worker 8] Round 40 | Loss: 0.0416349 | Train Acc: 99.0833%
[Worker 12] Round 40 | Loss: 0.0122996 | Train Acc: 99.8%
[Worker 10] Round 40 | Loss: 0.0126432 | Train Acc: 99.8583%
[Worker 2] Round 40 | Loss: 0.0140843 | Train Acc: 99.825%
[Worker 6] Round 40 | Loss: 0.0124673 | Train Acc: 99.825%
[Worker 9] Round 40 | Loss: 0.016049 | Train Acc: 99.75%
[Worker 5] Round 40 | Loss: 0.0797351 | Train Acc: 97.8333%
[Worker 14] Round 40 | Loss: 0.0701833 | Train Acc: 98.2083%
[Worker 3] Round 40 | Loss: 0.0108182 | Train Acc: 99.8167%
[Worker 15] Round 40 | Loss: 0.0117488 | Train Acc: 99.825%
[Worker 7] Round 40 | Loss: 0.0287505 | Train Acc: 99.475%
[Worker 1] Round 40 | Loss: 0.0087909 | Train Acc: 99.9167%
[Worker 11] Round 40 | Loss: 0.0193274 | Train Acc: 99.7583%
[Worker 13] Round 40 | Loss: 0.0169727 | Train Acc: 99.7667%
[Central Round] 40 [Global Test Accuracy]: 86.88%
[Worker 12] Round 41 | Loss: 0.0119512 | Train Acc: 99.85%
[Worker 4] Round 41 | Loss: 0.0390938 | Train Acc: 99.1833%
[Worker 8] Round 41 | Loss: 0.0411738 | Train Acc: 99.1333%
[Worker 6] Round 41 | Loss: 0.0126005 | Train Acc: 99.7917%
[Worker 9] Round 41 | Loss: 0.0147697 | Train Acc: 99.8167%
[Worker 10] Round 41 | Loss: 0.0127082 | Train Acc: 99.8333%
[Worker 5] Round 41 | Loss: 0.0795195 | Train Acc: 97.725%
[Worker 3] Round 41 | Loss: 0.0105299 | Train Acc: 99.825%
[Worker 7] Round 41 | Loss: 0.0282012 | Train Acc: 99.5167%
[Worker 14] Round 41 | Loss: 0.0700855 | Train Acc: 98.1%
[Worker 15] Round 41 | Loss: 0.0115732 | Train Acc: 99.8417%
[Worker 2] Round 41 | Loss: 0.0140387 | Train Acc: 99.8%
[Worker 1] Round 41 | Loss: 0.00867434 | Train Acc: 99.8833%
[Worker 11] Round 41 | Loss: 0.0194897 | Train Acc: 99.7667%
[Worker 13] Round 41 | Loss: 0.0165741 | Train Acc: 99.75%
[Central Round] 41 [Global Test Accuracy]: 86.9%
[Worker 4] Round 42 | Loss: 0.0398366 | Train Acc: 99.2083%
[Worker 12] Round 42 | Loss: 0.0117797 | Train Acc: 99.8583%
[Worker 8] Round 42 | Loss: 0.0410614 | Train Acc: 99.1167%
[Worker 10] Round 42 | Loss: 0.0129773 | Train Acc: 99.85%
[Worker 9] Round 42 | Loss: 0.0151397 | Train Acc: 99.7667%
[Worker 2] Round 42 | Loss: 0.0143275 | Train Acc: 99.775%
[Worker 6] Round 42 | Loss: 0.012981 | Train Acc: 99.7917%
[Worker 14] Round 42 | Loss: 0.0700821 | Train Acc: 98.175%
[Worker 3] Round 42 | Loss: 0.0103619 | Train Acc: 99.8333%
[Worker 7] Round 42 | Loss: 0.0280677 | Train Acc: 99.5167%
[Worker 1] Round 42 | Loss: 0.00879157 | Train Acc: 99.9%
[Worker 5] Round 42 | Loss: 0.0797061 | Train Acc: 97.725%
[Worker 15] Round 42 | Loss: 0.0118611 | Train Acc: 99.8083%
[Worker 11] Round 42 | Loss: 0.0190522 | Train Acc: 99.75%
[Worker 13] Round 42 | Loss: 0.0159273 | Train Acc: 99.7667%
[Central Round] 42 [Global Test Accuracy]: 86.97%
[Worker 4] Round 43 | Loss: 0.0391996 | Train Acc: 99.1833%
[Worker 12] Round 43 | Loss: 0.0120235 | Train Acc: 99.8333%
[Worker 8] Round 43 | Loss: 0.0406826 | Train Acc: 99.1417%
[Worker 10] Round 43 | Loss: 0.012535 | Train Acc: 99.825%
[Worker 2] Round 43 | Loss: 0.0140997 | Train Acc: 99.7917%
[Worker 6] Round 43 | Loss: 0.0130051 | Train Acc: 99.8083%
[Worker 9] Round 43 | Loss: 0.0152114 | Train Acc: 99.7667%
[Worker 14] Round 43 | Loss: 0.0698399 | Train Acc: 98.125%
[Worker 5] Round 43 | Loss: 0.0787538 | Train Acc: 97.7833%
[Worker 3] Round 43 | Loss: 0.0104887 | Train Acc: 99.8167%
[Worker 7] Round 43 | Loss: 0.0283251 | Train Acc: 99.5%
[Worker 15] Round 43 | Loss: 0.0117716 | Train Acc: 99.7917%
[Worker 1] Round 43 | Loss: 0.00878279 | Train Acc: 99.8917%
[Worker 11] Round 43 | Loss: 0.0192711 | Train Acc: 99.8083%
[Worker 13] Round 43 | Loss: 0.0167024 | Train Acc: 99.7083%
[Central Round] 43 [Global Test Accuracy]: 86.97%
[Worker 8] Round 44 | Loss: 0.0403059 | Train Acc: 99.1583%
[Worker 12] Round 44 | Loss: 0.0118115 | Train Acc: 99.8083%
[Worker 10] Round 44 | Loss: 0.012344 | Train Acc: 99.8833%
[Worker 4] Round 44 | Loss: 0.0392192 | Train Acc: 99.1583%
[Worker 6] Round 44 | Loss: 0.0130597 | Train Acc: 99.7583%
[Worker 14] Round 44 | Loss: 0.0691233 | Train Acc: 98.2583%
[Worker 15] Round 44 | Loss: 0.0117229 | Train Acc: 99.7917%
[Worker 13] Round 44 | Loss: 0.016385 | Train Acc: 99.7333%
[Worker 9] Round 44 | Loss: 0.0156971 | Train Acc: 99.7167%
[Worker 2] Round 44 | Loss: 0.0141763 | Train Acc: 99.7917%
[Worker 3] Round 44 | Loss: 0.0104988 | Train Acc: 99.8%
[Worker 1] Round 44 | Loss: 0.00835161 | Train Acc: 99.9083%
[Worker 11] Round 44 | Loss: 0.0192672 | Train Acc: 99.775%
[Worker 7] Round 44 | Loss: 0.028308 | Train Acc: 99.4417%
[Worker 5] Round 44 | Loss: 0.0789611 | Train Acc: 97.7917%
[Central Round] 44 [Global Test Accuracy]: 86.93%
[Worker 5] Round 45 | Loss: 0.0789782 | Train Acc: 97.85%
[Worker 7] Round 45 | Loss: 0.027837 | Train Acc: 99.4917%
[Worker 2] Round 45 | Loss: 0.0141075 | Train Acc: 99.775%
[Worker 9] Round 45 | Loss: 0.015328 | Train Acc: 99.7667%
[Worker 3] Round 45 | Loss: 0.0105739 | Train Acc: 99.8167%
[Worker 1] Round 45 | Loss: 0.00845476 | Train Acc: 99.9167%
[Worker 11] Round 45 | Loss: 0.0189341 | Train Acc: 99.725%
[Worker 4] Round 45 | Loss: 0.0385974 | Train Acc: 99.2833%
[Worker 6] Round 45 | Loss: 0.0127479 | Train Acc: 99.8%
[Worker 15] Round 45 | Loss: 0.0115479 | Train Acc: 99.8417%
[Worker 14] Round 45 | Loss: 0.0691829 | Train Acc: 98.1833%
[Worker 12] Round 45 | Loss: 0.0122399 | Train Acc: 99.7833%
[Worker 13] Round 45 | Loss: 0.0157831 | Train Acc: 99.7833%
[Worker 10] Round 45 | Loss: 0.0126559 | Train Acc: 99.8333%
[Worker 8] Round 45 | Loss: 0.0406915 | Train Acc: 99.15%
[Central Round] 45 [Global Test Accuracy]: 86.98%
[Central] Early stopping at round 45 after 5 rounds without global accuracy improvement.

[Central] Done. Federated data saved to /home-mscluster/ldemelo/HPC_Assignment/problem1/federated_clustering_mpi/metrics/sweep_5/federated/label_shard_noniid_np16_rep2
