Rank 6 of 7 processes
Rank 0 of 7 processes
Rank 2 of 7 processes
Rank 5 of 7 processes
Rank 3 of 7 processes
Rank 4 of 7 processes
Rank 1 of 7 processes
Softmax regression: 10 classes; 784 features
[Mode] Non-IID Label Shard Distribution
[Mode] Non-IID Label Shard Distribution
[Mode] Non-IID Label Shard Distribution
[Mode] Non-IID Label Shard Distribution
[Mode] Non-IID Label Shard Distribution
[Mode] Non-IID Label Shard Distribution
[Distributed Worker 2] Shard size: 10000
Softmax regression: 10 classes; 784 features
[Distributed Worker 6] Shard size: 10000
[Distributed Worker 4] Shard size: 10000
Softmax regression: 10 classes; 784 features
Softmax regression: 10 classes; 784 features
[Distributed Worker 3] Shard size: 10000
Softmax regression: 10 classes; 784 features
[Distributed Worker 1] Shard size: 10000
Softmax regression: 10 classes; 784 features
[Distributed Worker 5] Shard size: 10000
Softmax regression: 10 classes; 784 features
[Worker 2] Round 1 | Loss: 0.0932634 | Train Acc: 97.284%
[Worker 6] Round 1 | Loss: 0.0698909 | Train Acc: 97.864%
[Worker 4] Round 1 | Loss: 0.104926 | Train Acc: 96.944%
[Worker 3] Round 1 | Loss: 0.0300244 | Train Acc: 99.294%
[Worker 1] Round 1 | Loss: 0.0118221 | Train Acc: 99.754%
[Worker 5] Round 1 | Loss: 0.0558014 | Train Acc: 98.42%
[Central Round] 1 [Global Test Accuracy]: 49.38%
[Worker 5] Round 2 | Loss: 0.0485652 | Train Acc: 98.66%
[Worker 1] Round 2 | Loss: 0.00994566 | Train Acc: 99.806%
[Worker 3] Round 2 | Loss: 0.0263353 | Train Acc: 99.392%
[Worker 2] Round 2 | Loss: 0.0860429 | Train Acc: 97.498%
[Worker 4] Round 2 | Loss: 0.0961656 | Train Acc: 97.214%
[Worker 6] Round 2 | Loss: 0.0648484 | Train Acc: 98.098%
[Central Round] 2 [Global Test Accuracy]: 56.3%
[Worker 5] Round 3 | Loss: 0.0442317 | Train Acc: 98.75%
[Worker 1] Round 3 | Loss: 0.00914083 | Train Acc: 99.814%
[Worker 3] Round 3 | Loss: 0.0245904 | Train Acc: 99.454%
[Worker 2] Round 3 | Loss: 0.0820635 | Train Acc: 97.626%
[Worker 4] Round 3 | Loss: 0.090532 | Train Acc: 97.388%
[Worker 6] Round 3 | Loss: 0.0618267 | Train Acc: 98.164%
[Central Round] 3 [Global Test Accuracy]: 61.97%
[Worker 5] Round 4 | Loss: 0.0411433 | Train Acc: 98.842%
[Worker 1] Round 4 | Loss: 0.00865163 | Train Acc: 99.84%
[Worker 3] Round 4 | Loss: 0.0234583 | Train Acc: 99.466%
[Worker 2] Round 4 | Loss: 0.0790296 | Train Acc: 97.696%
[Worker 6] Round 4 | Loss: 0.0592136 | Train Acc: 98.278%
[Worker 4] Round 4 | Loss: 0.0862706 | Train Acc: 97.506%
[Central Round] 4 [Global Test Accuracy]: 65.26%
[Worker 5] Round 5 | Loss: 0.0445925 | Train Acc: 98.7933%
[Worker 1] Round 5 | Loss: 0.0110999 | Train Acc: 99.7833%
[Worker 3] Round 5 | Loss: 0.0268091 | Train Acc: 99.4167%
[Worker 2] Round 5 | Loss: 0.0842463 | Train Acc: 97.6467%
[Worker 4] Round 5 | Loss: 0.09108 | Train Acc: 97.44%
[Worker 6] Round 5 | Loss: 0.0635407 | Train Acc: 98.19%
[Central Round] 5 [Global Test Accuracy]: 69.04%
[Worker 5] Round 6 | Loss: 0.0429578 | Train Acc: 98.7833%
[Worker 1] Round 6 | Loss: 0.0111416 | Train Acc: 99.7867%
[Worker 3] Round 6 | Loss: 0.0264333 | Train Acc: 99.4%
[Worker 2] Round 6 | Loss: 0.0828082 | Train Acc: 97.64%
[Worker 4] Round 6 | Loss: 0.088349 | Train Acc: 97.4167%
[Worker 6] Round 6 | Loss: 0.0616333 | Train Acc: 98.1533%
[Central Round] 6 [Global Test Accuracy]: 70.71%
[Worker 5] Round 7 | Loss: 0.0418922 | Train Acc: 98.8833%
[Worker 1] Round 7 | Loss: 0.0108341 | Train Acc: 99.7933%
[Worker 3] Round 7 | Loss: 0.0259116 | Train Acc: 99.4467%
[Worker 2] Round 7 | Loss: 0.0812336 | Train Acc: 97.6567%
[Worker 6] Round 7 | Loss: 0.0608617 | Train Acc: 98.2567%
[Worker 4] Round 7 | Loss: 0.0859048 | Train Acc: 97.5%
[Central Round] 7 [Global Test Accuracy]: 72.13%
[Worker 5] Round 8 | Loss: 0.0412983 | Train Acc: 98.8767%
[Worker 1] Round 8 | Loss: 0.0109151 | Train Acc: 99.8033%
[Worker 3] Round 8 | Loss: 0.0257618 | Train Acc: 99.4467%
[Worker 2] Round 8 | Loss: 0.079547 | Train Acc: 97.73%
[Worker 4] Round 8 | Loss: 0.0847365 | Train Acc: 97.5333%
[Worker 6] Round 8 | Loss: 0.0594734 | Train Acc: 98.3033%
[Central Round] 8 [Global Test Accuracy]: 73.25%
[Worker 5] Round 9 | Loss: 0.0401173 | Train Acc: 98.8367%
[Worker 1] Round 9 | Loss: 0.0107913 | Train Acc: 99.7733%
[Worker 3] Round 9 | Loss: 0.0253807 | Train Acc: 99.4733%
[Worker 2] Round 9 | Loss: 0.0794027 | Train Acc: 97.72%
[Worker 4] Round 9 | Loss: 0.0834885 | Train Acc: 97.52%
[Worker 6] Round 9 | Loss: 0.0587755 | Train Acc: 98.2733%
[Central Round] 9 [Global Test Accuracy]: 74.25%
[Worker 5] Round 10 | Loss: 0.0395218 | Train Acc: 98.88%
[Worker 1] Round 10 | Loss: 0.0107357 | Train Acc: 99.7767%
[Worker 3] Round 10 | Loss: 0.0250837 | Train Acc: 99.42%
[Worker 2] Round 10 | Loss: 0.0778045 | Train Acc: 97.7267%
[Worker 4] Round 10 | Loss: 0.0821119 | Train Acc: 97.6167%
[Worker 6] Round 10 | Loss: 0.0580604 | Train Acc: 98.3233%
[Central Round] 10 [Global Test Accuracy]: 74.91%
[Worker 5] Round 11 | Loss: 0.0388521 | Train Acc: 98.94%
[Worker 1] Round 11 | Loss: 0.01053 | Train Acc: 99.7867%
[Worker 3] Round 11 | Loss: 0.0251489 | Train Acc: 99.4533%
[Worker 2] Round 11 | Loss: 0.0774736 | Train Acc: 97.7367%
[Worker 4] Round 11 | Loss: 0.0813737 | Train Acc: 97.6333%
[Worker 6] Round 11 | Loss: 0.0575658 | Train Acc: 98.3367%
[Central Round] 11 [Global Test Accuracy]: 75.96%
[Worker 5] Round 12 | Loss: 0.0383509 | Train Acc: 98.9333%
[Worker 1] Round 12 | Loss: 0.0105406 | Train Acc: 99.79%
[Worker 3] Round 12 | Loss: 0.0248328 | Train Acc: 99.4567%
[Worker 2] Round 12 | Loss: 0.0770354 | Train Acc: 97.75%
[Worker 6] Round 12 | Loss: 0.0566074 | Train Acc: 98.3933%
[Worker 4] Round 12 | Loss: 0.0802689 | Train Acc: 97.6133%
[Central Round] 12 [Global Test Accuracy]: 76.09%
[Worker 5] Round 13 | Loss: 0.037697 | Train Acc: 98.94%
[Worker 1] Round 13 | Loss: 0.0104819 | Train Acc: 99.7767%
[Worker 3] Round 13 | Loss: 0.0244517 | Train Acc: 99.46%
[Worker 2] Round 13 | Loss: 0.0760744 | Train Acc: 97.75%
[Worker 6] Round 13 | Loss: 0.05608 | Train Acc: 98.4033%
[Worker 4] Round 13 | Loss: 0.0794271 | Train Acc: 97.6733%
[Central Round] 13 [Global Test Accuracy]: 76.68%
[Worker 5] Round 14 | Loss: 0.0375442 | Train Acc: 98.9833%
[Worker 1] Round 14 | Loss: 0.0103909 | Train Acc: 99.7767%
[Worker 3] Round 14 | Loss: 0.0243964 | Train Acc: 99.47%
[Worker 6] Round 14 | Loss: 0.0558919 | Train Acc: 98.4267%
[Worker 2] Round 14 | Loss: 0.0761712 | Train Acc: 97.71%
[Worker 4] Round 14 | Loss: 0.0786583 | Train Acc: 97.6733%
[Central Round] 14 [Global Test Accuracy]: 77.03%
[Worker 5] Round 15 | Loss: 0.0370945 | Train Acc: 98.97%
[Worker 1] Round 15 | Loss: 0.0104677 | Train Acc: 99.7933%
[Worker 3] Round 15 | Loss: 0.0241906 | Train Acc: 99.4733%
[Worker 6] Round 15 | Loss: 0.0554668 | Train Acc: 98.4267%
[Worker 2] Round 15 | Loss: 0.0747017 | Train Acc: 97.7767%
[Worker 4] Round 15 | Loss: 0.0779313 | Train Acc: 97.6533%
[Central Round] 15 [Global Test Accuracy]: 77.22%
[Worker 5] Round 16 | Loss: 0.0367242 | Train Acc: 98.98%
[Worker 1] Round 16 | Loss: 0.0105247 | Train Acc: 99.7667%
[Worker 3] Round 16 | Loss: 0.0242555 | Train Acc: 99.4633%
[Worker 2] Round 16 | Loss: 0.0744893 | Train Acc: 97.77%
[Worker 6] Round 16 | Loss: 0.0549842 | Train Acc: 98.36%
[Worker 4] Round 16 | Loss: 0.0774323 | Train Acc: 97.6467%
[Central Round] 16 [Global Test Accuracy]: 77.6%
[Worker 5] Round 17 | Loss: 0.0364081 | Train Acc: 98.9667%
[Worker 1] Round 17 | Loss: 0.010639 | Train Acc: 99.77%
[Worker 3] Round 17 | Loss: 0.0239684 | Train Acc: 99.4767%
[Worker 2] Round 17 | Loss: 0.073746 | Train Acc: 97.83%
[Worker 6] Round 17 | Loss: 0.0547826 | Train Acc: 98.4367%
[Worker 4] Round 17 | Loss: 0.0766816 | Train Acc: 97.6467%
[Central Round] 17 [Global Test Accuracy]: 77.85%
[Worker 5] Round 18 | Loss: 0.0362478 | Train Acc: 98.95%
[Worker 1] Round 18 | Loss: 0.0102457 | Train Acc: 99.7833%
[Worker 3] Round 18 | Loss: 0.0238891 | Train Acc: 99.5%
[Worker 2] Round 18 | Loss: 0.0730663 | Train Acc: 97.8333%
[Worker 6] Round 18 | Loss: 0.0543284 | Train Acc: 98.4467%
[Worker 4] Round 18 | Loss: 0.0757499 | Train Acc: 97.68%
[Central Round] 18 [Global Test Accuracy]: 78.15%
[Worker 5] Round 19 | Loss: 0.0358951 | Train Acc: 98.9633%
[Worker 1] Round 19 | Loss: 0.0102098 | Train Acc: 99.8%
[Worker 3] Round 19 | Loss: 0.0237781 | Train Acc: 99.4567%
[Worker 6] Round 19 | Loss: 0.0540192 | Train Acc: 98.4233%
[Worker 2] Round 19 | Loss: 0.0731792 | Train Acc: 97.8733%
[Worker 4] Round 19 | Loss: 0.0757013 | Train Acc: 97.7067%
[Central Round] 19 [Global Test Accuracy]: 78.56%
[Worker 5] Round 20 | Loss: 0.0355214 | Train Acc: 99.0067%
[Worker 1] Round 20 | Loss: 0.0104377 | Train Acc: 99.77%
[Worker 3] Round 20 | Loss: 0.0237739 | Train Acc: 99.4733%
[Worker 6] Round 20 | Loss: 0.0536191 | Train Acc: 98.49%
[Worker 2] Round 20 | Loss: 0.0725029 | Train Acc: 97.7867%
[Worker 4] Round 20 | Loss: 0.0746105 | Train Acc: 97.7167%
[Central Round] 20 [Global Test Accuracy]: 78.73%
[Worker 5] Round 21 | Loss: 0.0351782 | Train Acc: 99.0167%
[Worker 1] Round 21 | Loss: 0.0105199 | Train Acc: 99.7833%
[Worker 3] Round 21 | Loss: 0.0239475 | Train Acc: 99.4667%
[Worker 2] Round 21 | Loss: 0.0722838 | Train Acc: 97.86%
[Worker 6] Round 21 | Loss: 0.0534872 | Train Acc: 98.4467%
[Worker 4] Round 21 | Loss: 0.074461 | Train Acc: 97.73%
[Central Round] 21 [Global Test Accuracy]: 78.6%
[Worker 5] Round 22 | Loss: 0.0348104 | Train Acc: 99.04%
[Worker 1] Round 22 | Loss: 0.0102386 | Train Acc: 99.78%
[Worker 3] Round 22 | Loss: 0.0236867 | Train Acc: 99.48%
[Worker 6] Round 22 | Loss: 0.053049 | Train Acc: 98.4633%
[Worker 2] Round 22 | Loss: 0.0718167 | Train Acc: 97.8833%
[Worker 4] Round 22 | Loss: 0.0739805 | Train Acc: 97.7133%
[Central Round] 22 [Global Test Accuracy]: 78.99%
[Worker 5] Round 23 | Loss: 0.0344087 | Train Acc: 99.0433%
[Worker 1] Round 23 | Loss: 0.0102099 | Train Acc: 99.8067%
[Worker 3] Round 23 | Loss: 0.0235216 | Train Acc: 99.48%
[Worker 2] Round 23 | Loss: 0.0720952 | Train Acc: 97.9033%
[Worker 4] Round 23 | Loss: 0.0730202 | Train Acc: 97.7033%
[Worker 6] Round 23 | Loss: 0.052692 | Train Acc: 98.4967%
[Central Round] 23 [Global Test Accuracy]: 79.05%
[Worker 5] Round 24 | Loss: 0.034293 | Train Acc: 99.0433%
[Worker 1] Round 24 | Loss: 0.0101227 | Train Acc: 99.7833%
[Worker 3] Round 24 | Loss: 0.023249 | Train Acc: 99.5133%
[Worker 2] Round 24 | Loss: 0.0717472 | Train Acc: 97.8267%
[Worker 4] Round 24 | Loss: 0.0729943 | Train Acc: 97.7433%
[Worker 6] Round 24 | Loss: 0.0525506 | Train Acc: 98.4633%
[Central Round] 24 [Global Test Accuracy]: 79.1%
[Worker 5] Round 25 | Loss: 0.0343136 | Train Acc: 98.9967%
[Worker 1] Round 25 | Loss: 0.0102163 | Train Acc: 99.77%
[Worker 3] Round 25 | Loss: 0.0232607 | Train Acc: 99.49%
[Worker 2] Round 25 | Loss: 0.0712199 | Train Acc: 97.9067%
[Worker 4] Round 25 | Loss: 0.072621 | Train Acc: 97.7867%
[Worker 6] Round 25 | Loss: 0.0523692 | Train Acc: 98.4767%
[Central Round] 25 [Global Test Accuracy]: 79.28%
[Worker 5] Round 26 | Loss: 0.0338168 | Train Acc: 99.0367%
[Worker 1] Round 26 | Loss: 0.0105093 | Train Acc: 99.7733%
[Worker 3] Round 26 | Loss: 0.0234711 | Train Acc: 99.5033%
[Worker 2] Round 26 | Loss: 0.0707785 | Train Acc: 97.9133%
[Worker 4] Round 26 | Loss: 0.0721179 | Train Acc: 97.7767%
[Worker 6] Round 26 | Loss: 0.0520689 | Train Acc: 98.5%
[Central Round] 26 [Global Test Accuracy]: 79.41%
[Worker 5] Round 27 | Loss: 0.0339567 | Train Acc: 99.0267%
[Worker 1] Round 27 | Loss: 0.0102671 | Train Acc: 99.7767%
[Worker 3] Round 27 | Loss: 0.0230952 | Train Acc: 99.5233%
[Worker 2] Round 27 | Loss: 0.0704234 | Train Acc: 97.9267%
[Worker 6] Round 27 | Loss: 0.0519192 | Train Acc: 98.52%
[Worker 4] Round 27 | Loss: 0.0719063 | Train Acc: 97.7533%
[Central Round] 27 [Global Test Accuracy]: 79.58%
[Worker 5] Round 28 | Loss: 0.0336198 | Train Acc: 99.0667%
[Worker 1] Round 28 | Loss: 0.0102309 | Train Acc: 99.7733%
[Worker 3] Round 28 | Loss: 0.023047 | Train Acc: 99.5067%
[Worker 2] Round 28 | Loss: 0.0704338 | Train Acc: 97.8967%
[Worker 4] Round 28 | Loss: 0.0710448 | Train Acc: 97.8367%
[Worker 6] Round 28 | Loss: 0.0516539 | Train Acc: 98.57%
[Central Round] 28 [Global Test Accuracy]: 79.57%
[Worker 5] Round 29 | Loss: 0.0336565 | Train Acc: 99.0667%
[Worker 1] Round 29 | Loss: 0.0103989 | Train Acc: 99.79%
[Worker 3] Round 29 | Loss: 0.0231361 | Train Acc: 99.4867%
[Worker 2] Round 29 | Loss: 0.0699406 | Train Acc: 97.8733%
[Worker 4] Round 29 | Loss: 0.0708872 | Train Acc: 97.7933%
[Worker 6] Round 29 | Loss: 0.051391 | Train Acc: 98.55%
[Central Round] 29 [Global Test Accuracy]: 79.66%
[Worker 5] Round 30 | Loss: 0.0335295 | Train Acc: 99.0667%
[Worker 1] Round 30 | Loss: 0.0101815 | Train Acc: 99.7833%
[Worker 3] Round 30 | Loss: 0.0231382 | Train Acc: 99.51%
[Worker 2] Round 30 | Loss: 0.0700364 | Train Acc: 98%
[Worker 4] Round 30 | Loss: 0.0710831 | Train Acc: 97.8233%
[Worker 6] Round 30 | Loss: 0.0513305 | Train Acc: 98.55%
[Central Round] 30 [Global Test Accuracy]: 79.68%
[Worker 5] Round 31 | Loss: 0.0333986 | Train Acc: 99.0733%
[Worker 1] Round 31 | Loss: 0.0100884 | Train Acc: 99.76%
[Worker 3] Round 31 | Loss: 0.0226985 | Train Acc: 99.52%
[Worker 2] Round 31 | Loss: 0.0694354 | Train Acc: 97.9567%
[Worker 6] Round 31 | Loss: 0.0513149 | Train Acc: 98.5433%
[Worker 4] Round 31 | Loss: 0.0704169 | Train Acc: 97.7967%
[Central Round] 31 [Global Test Accuracy]: 79.53%
[Worker 5] Round 32 | Loss: 0.0330414 | Train Acc: 99.0433%
[Worker 1] Round 32 | Loss: 0.0102894 | Train Acc: 99.7867%
[Worker 3] Round 32 | Loss: 0.0229775 | Train Acc: 99.5267%
[Worker 2] Round 32 | Loss: 0.0691614 | Train Acc: 97.9567%
[Worker 4] Round 32 | Loss: 0.0702478 | Train Acc: 97.8533%
[Worker 6] Round 32 | Loss: 0.0509167 | Train Acc: 98.5567%
[Central Round] 32 [Global Test Accuracy]: 79.86%
[Worker 5] Round 33 | Loss: 0.0330445 | Train Acc: 99.0767%
[Worker 1] Round 33 | Loss: 0.0101073 | Train Acc: 99.77%
[Worker 3] Round 33 | Loss: 0.0228898 | Train Acc: 99.5%
[Worker 2] Round 33 | Loss: 0.0686079 | Train Acc: 97.9867%
[Worker 4] Round 33 | Loss: 0.0697485 | Train Acc: 97.7967%
[Worker 6] Round 33 | Loss: 0.050989 | Train Acc: 98.57%
[Central Round] 33 [Global Test Accuracy]: 80.09%
[Worker 5] Round 34 | Loss: 0.0328561 | Train Acc: 99.0967%
[Worker 1] Round 34 | Loss: 0.0100206 | Train Acc: 99.7933%
[Worker 3] Round 34 | Loss: 0.0229814 | Train Acc: 99.5067%
[Worker 2] Round 34 | Loss: 0.0686997 | Train Acc: 97.93%
[Worker 4] Round 34 | Loss: 0.069359 | Train Acc: 97.8467%
[Worker 6] Round 34 | Loss: 0.0505325 | Train Acc: 98.53%
[Central Round] 34 [Global Test Accuracy]: 79.86%
[Worker 5] Round 35 | Loss: 0.0326192 | Train Acc: 99.0833%
[Worker 1] Round 35 | Loss: 0.010238 | Train Acc: 99.7467%
[Worker 3] Round 35 | Loss: 0.0226351 | Train Acc: 99.5067%
[Worker 2] Round 35 | Loss: 0.0684639 | Train Acc: 97.97%
[Worker 4] Round 35 | Loss: 0.0692824 | Train Acc: 97.89%
[Worker 6] Round 35 | Loss: 0.050535 | Train Acc: 98.5233%
[Central Round] 35 [Global Test Accuracy]: 80.04%
[Worker 5] Round 36 | Loss: 0.0322922 | Train Acc: 99.09%
[Worker 1] Round 36 | Loss: 0.0100227 | Train Acc: 99.7867%
[Worker 3] Round 36 | Loss: 0.0229346 | Train Acc: 99.5133%
[Worker 2] Round 36 | Loss: 0.0681721 | Train Acc: 97.9933%
[Worker 4] Round 36 | Loss: 0.0687717 | Train Acc: 97.86%
[Worker 6] Round 36 | Loss: 0.0502916 | Train Acc: 98.66%
[Central Round] 36 [Global Test Accuracy]: 80.1%
[Worker 5] Round 37 | Loss: 0.032573 | Train Acc: 99.09%
[Worker 1] Round 37 | Loss: 0.0102499 | Train Acc: 99.7667%
[Worker 3] Round 37 | Loss: 0.0228383 | Train Acc: 99.5267%
[Worker 2] Round 37 | Loss: 0.0684447 | Train Acc: 97.9867%
[Worker 4] Round 37 | Loss: 0.0685866 | Train Acc: 97.9033%
[Worker 6] Round 37 | Loss: 0.0502603 | Train Acc: 98.5767%
[Central Round] 37 [Global Test Accuracy]: 80%
[Worker 5] Round 38 | Loss: 0.0324081 | Train Acc: 99.0933%
[Worker 1] Round 38 | Loss: 0.0101638 | Train Acc: 99.7867%
[Worker 3] Round 38 | Loss: 0.0223823 | Train Acc: 99.5267%
[Worker 2] Round 38 | Loss: 0.0683713 | Train Acc: 97.95%
[Worker 4] Round 38 | Loss: 0.0685477 | Train Acc: 97.85%
[Worker 6] Round 38 | Loss: 0.0502268 | Train Acc: 98.5667%
[Central Round] 38 [Global Test Accuracy]: 79.97%
[Worker 5] Round 39 | Loss: 0.0323871 | Train Acc: 99.0767%
[Worker 1] Round 39 | Loss: 0.0101763 | Train Acc: 99.7633%
[Worker 3] Round 39 | Loss: 0.0222628 | Train Acc: 99.5533%
[Worker 2] Round 39 | Loss: 0.0682827 | Train Acc: 97.9733%
[Worker 4] Round 39 | Loss: 0.0685041 | Train Acc: 97.9167%
[Worker 6] Round 39 | Loss: 0.0501883 | Train Acc: 98.5533%
[Central Round] 39 [Global Test Accuracy]: 80.2%
[Worker 5] Round 40 | Loss: 0.0321212 | Train Acc: 99.1267%
[Worker 1] Round 40 | Loss: 0.0101317 | Train Acc: 99.77%
[Worker 3] Round 40 | Loss: 0.0222979 | Train Acc: 99.55%
[Worker 2] Round 40 | Loss: 0.0675641 | Train Acc: 98.0233%
[Worker 4] Round 40 | Loss: 0.0677054 | Train Acc: 97.9233%
[Worker 6] Round 40 | Loss: 0.0496321 | Train Acc: 98.5533%
[Central Round] 40 [Global Test Accuracy]: 80.19%
[Worker 5] Round 41 | Loss: 0.032004 | Train Acc: 99.1367%
[Worker 1] Round 41 | Loss: 0.0100407 | Train Acc: 99.79%
[Worker 3] Round 41 | Loss: 0.0222421 | Train Acc: 99.5233%
[Worker 2] Round 41 | Loss: 0.0672122 | Train Acc: 98.04%
[Worker 4] Round 41 | Loss: 0.0678055 | Train Acc: 97.9333%
[Worker 6] Round 41 | Loss: 0.0496359 | Train Acc: 98.5833%
[Central Round] 41 [Global Test Accuracy]: 80.13%
[Worker 5] Round 42 | Loss: 0.0318788 | Train Acc: 99.11%
[Worker 1] Round 42 | Loss: 0.0100829 | Train Acc: 99.7733%
[Worker 3] Round 42 | Loss: 0.0222899 | Train Acc: 99.49%
[Worker 2] Round 42 | Loss: 0.0671145 | Train Acc: 98.0567%
[Worker 4] Round 42 | Loss: 0.0675047 | Train Acc: 97.9467%
[Worker 6] Round 42 | Loss: 0.0494016 | Train Acc: 98.6%
[Central Round] 42 [Global Test Accuracy]: 80.17%
[Worker 5] Round 43 | Loss: 0.0317648 | Train Acc: 99.1333%
[Worker 1] Round 43 | Loss: 0.010209 | Train Acc: 99.76%
[Worker 3] Round 43 | Loss: 0.0220975 | Train Acc: 99.55%
[Worker 2] Round 43 | Loss: 0.0668979 | Train Acc: 98.0267%
[Worker 6] Round 43 | Loss: 0.0494907 | Train Acc: 98.6067%
[Worker 4] Round 43 | Loss: 0.0670078 | Train Acc: 97.9033%
[Central Round] 43 [Global Test Accuracy]: 80.13%
[Worker 5] Round 44 | Loss: 0.0315933 | Train Acc: 99.13%
[Worker 1] Round 44 | Loss: 0.0101844 | Train Acc: 99.76%
[Worker 3] Round 44 | Loss: 0.022154 | Train Acc: 99.5333%
[Worker 2] Round 44 | Loss: 0.0670158 | Train Acc: 98.07%
[Worker 6] Round 44 | Loss: 0.0493531 | Train Acc: 98.59%
[Worker 4] Round 44 | Loss: 0.0668037 | Train Acc: 97.9333%
[Central Round] 44 [Global Test Accuracy]: 80.24%
[Central] Early stopping at round 44 after 5 rounds without global accuracy improvement.

[Central] Done. Federated data saved to /home-mscluster/ldemelo/HPC_Assignment/problem1/federated_clustering_mpi/metrics/sweep_5/federated/label_shard_noniid_np7_rep3
