Rank 0 of 7 processes
Rank 2 of 7 processes
Rank 4 of 7 processes
Rank 6 of 7 processes
Rank 1 of 7 processes
Rank 3 of 7 processes
Rank 5 of 7 processes
Softmax regression: 10 classes; 784 features
[Mode] Non-IID Label Shard Distribution
[Mode] Non-IID Label Shard Distribution
[Mode] Non-IID Label Shard Distribution
[Mode] Non-IID Label Shard Distribution
[Mode] Non-IID Label Shard Distribution
[Mode] Non-IID Label Shard Distribution
[Worker 6] Applied feature skew rotation: 60 degrees
[Worker 4] Applied feature skew rotation: 40 degrees
[Worker 2] Applied feature skew rotation: 20 degrees
[Distributed Worker 6] Shard size: 10000
Softmax regression: 10 classes; 784 features
[Distributed Worker 4] Shard size: 10000
Softmax regression: 10 classes; 784 features
[Distributed Worker 2] Shard size: 10000
Softmax regression: 10 classes; 784 features
[Worker 1] Applied feature skew rotation: 10 degrees
[Worker 5] Applied feature skew rotation: 50 degrees
[Worker 3] Applied feature skew rotation: 30 degrees
[Distributed Worker 1] Shard size: 10000
Softmax regression: 10 classes; 784 features
[Distributed Worker 5] Shard size: 10000
Softmax regression: 10 classes; 784 features
[Distributed Worker 3] Shard size: 10000
Softmax regression: 10 classes; 784 features
[Worker 6] Round 1 | Loss: 0.0717381 | Train Acc: 97.822%
[Worker 1] Round 1 | Loss: 0.0117441 | Train Acc: 99.762%
[Worker 5] Round 1 | Loss: 0.05603 | Train Acc: 98.406%
[Worker 3] Round 1 | Loss: 0.0310052 | Train Acc: 99.262%
[Worker 4] Round 1 | Loss: 0.106514 | Train Acc: 96.84%
[Worker 2] Round 1 | Loss: 0.0937181 | Train Acc: 97.28%
[Central Round] 1 [Global Test Accuracy]: 33.5%
[Worker 3] Round 2 | Loss: 0.0270901 | Train Acc: 99.388%
[Worker 1] Round 2 | Loss: 0.00997894 | Train Acc: 99.808%
[Worker 5] Round 2 | Loss: 0.0490411 | Train Acc: 98.65%
[Worker 6] Round 2 | Loss: 0.0662728 | Train Acc: 97.99%
[Worker 4] Round 2 | Loss: 0.0979334 | Train Acc: 97.122%
[Worker 2] Round 2 | Loss: 0.0867123 | Train Acc: 97.514%
[Central Round] 2 [Global Test Accuracy]: 35.25%
[Worker 3] Round 3 | Loss: 0.0252813 | Train Acc: 99.43%
[Worker 1] Round 3 | Loss: 0.00922559 | Train Acc: 99.814%
[Worker 5] Round 3 | Loss: 0.0449259 | Train Acc: 98.764%
[Worker 2] Round 3 | Loss: 0.0827547 | Train Acc: 97.61%
[Worker 4] Round 3 | Loss: 0.092518 | Train Acc: 97.318%
[Worker 6] Round 3 | Loss: 0.0631841 | Train Acc: 98.116%
[Central Round] 3 [Global Test Accuracy]: 37.39%
[Worker 5] Round 4 | Loss: 0.0418237 | Train Acc: 98.812%
[Worker 1] Round 4 | Loss: 0.00869554 | Train Acc: 99.838%
[Worker 3] Round 4 | Loss: 0.0240797 | Train Acc: 99.462%
[Worker 2] Round 4 | Loss: 0.0798186 | Train Acc: 97.676%
[Worker 4] Round 4 | Loss: 0.0883018 | Train Acc: 97.38%
[Worker 6] Round 4 | Loss: 0.0604799 | Train Acc: 98.224%
[Central Round] 4 [Global Test Accuracy]: 39.58%
[Worker 3] Round 5 | Loss: 0.0275338 | Train Acc: 99.3533%
[Worker 1] Round 5 | Loss: 0.0110819 | Train Acc: 99.8133%
[Worker 5] Round 5 | Loss: 0.0453023 | Train Acc: 98.79%
[Worker 2] Round 5 | Loss: 0.0852224 | Train Acc: 97.6%
[Worker 4] Round 5 | Loss: 0.0930419 | Train Acc: 97.32%
[Worker 6] Round 5 | Loss: 0.0646679 | Train Acc: 98.1433%
[Central Round] 5 [Global Test Accuracy]: 41.76%
[Worker 3] Round 6 | Loss: 0.0272184 | Train Acc: 99.38%
[Worker 1] Round 6 | Loss: 0.0109544 | Train Acc: 99.81%
[Worker 5] Round 6 | Loss: 0.0437096 | Train Acc: 98.7733%
[Worker 2] Round 6 | Loss: 0.0838033 | Train Acc: 97.6333%
[Worker 4] Round 6 | Loss: 0.0905697 | Train Acc: 97.3333%
[Worker 6] Round 6 | Loss: 0.0627943 | Train Acc: 98.16%
[Central Round] 6 [Global Test Accuracy]: 42.69%
[Worker 3] Round 7 | Loss: 0.026592 | Train Acc: 99.37%
[Worker 1] Round 7 | Loss: 0.0107007 | Train Acc: 99.8033%
[Worker 5] Round 7 | Loss: 0.0426081 | Train Acc: 98.7933%
[Worker 2] Round 7 | Loss: 0.0822138 | Train Acc: 97.6333%
[Worker 4] Round 7 | Loss: 0.0879528 | Train Acc: 97.4167%
[Worker 6] Round 7 | Loss: 0.0618834 | Train Acc: 98.2467%
[Central Round] 7 [Global Test Accuracy]: 43.3%
[Worker 3] Round 8 | Loss: 0.0263393 | Train Acc: 99.4167%
[Worker 1] Round 8 | Loss: 0.0107771 | Train Acc: 99.7967%
[Worker 5] Round 8 | Loss: 0.0419599 | Train Acc: 98.8033%
[Worker 2] Round 8 | Loss: 0.0806064 | Train Acc: 97.68%
[Worker 4] Round 8 | Loss: 0.086938 | Train Acc: 97.37%
[Worker 6] Round 8 | Loss: 0.0604799 | Train Acc: 98.2667%
[Central Round] 8 [Global Test Accuracy]: 43.65%
[Worker 5] Round 9 | Loss: 0.0408035 | Train Acc: 98.77%
[Worker 1] Round 9 | Loss: 0.0105695 | Train Acc: 99.8067%
[Worker 3] Round 9 | Loss: 0.0260749 | Train Acc: 99.4133%
[Worker 2] Round 9 | Loss: 0.080051 | Train Acc: 97.6667%
[Worker 4] Round 9 | Loss: 0.0856493 | Train Acc: 97.4467%
[Worker 6] Round 9 | Loss: 0.0597536 | Train Acc: 98.2833%
[Central Round] 9 [Global Test Accuracy]: 43.89%
[Worker 3] Round 10 | Loss: 0.0258015 | Train Acc: 99.4133%
[Worker 1] Round 10 | Loss: 0.0104728 | Train Acc: 99.8067%
[Worker 5] Round 10 | Loss: 0.0400997 | Train Acc: 98.83%
[Worker 2] Round 10 | Loss: 0.0788102 | Train Acc: 97.7167%
[Worker 4] Round 10 | Loss: 0.0841512 | Train Acc: 97.5367%
[Worker 6] Round 10 | Loss: 0.0588733 | Train Acc: 98.33%
[Central Round] 10 [Global Test Accuracy]: 43.92%
[Worker 3] Round 11 | Loss: 0.0256514 | Train Acc: 99.4433%
[Worker 1] Round 11 | Loss: 0.0103409 | Train Acc: 99.8033%
[Worker 5] Round 11 | Loss: 0.0393097 | Train Acc: 98.87%
[Worker 2] Round 11 | Loss: 0.0781484 | Train Acc: 97.7433%
[Worker 4] Round 11 | Loss: 0.0833759 | Train Acc: 97.55%
[Worker 6] Round 11 | Loss: 0.0583013 | Train Acc: 98.3333%
[Central Round] 11 [Global Test Accuracy]: 44.15%
[Worker 3] Round 12 | Loss: 0.0253668 | Train Acc: 99.4067%
[Worker 1] Round 12 | Loss: 0.0102736 | Train Acc: 99.82%
[Worker 5] Round 12 | Loss: 0.0389982 | Train Acc: 98.8633%
[Worker 2] Round 12 | Loss: 0.0777936 | Train Acc: 97.7867%
[Worker 6] Round 12 | Loss: 0.0573492 | Train Acc: 98.3567%
[Worker 4] Round 12 | Loss: 0.0823146 | Train Acc: 97.5167%
[Central Round] 12 [Global Test Accuracy]: 44.31%
[Worker 5] Round 13 | Loss: 0.0381337 | Train Acc: 98.91%
[Worker 3] Round 13 | Loss: 0.0251174 | Train Acc: 99.44%
[Worker 1] Round 13 | Loss: 0.0100234 | Train Acc: 99.82%
[Worker 2] Round 13 | Loss: 0.0768262 | Train Acc: 97.74%
[Worker 6] Round 13 | Loss: 0.0567108 | Train Acc: 98.3933%
[Worker 4] Round 13 | Loss: 0.0814119 | Train Acc: 97.6%
[Central Round] 13 [Global Test Accuracy]: 44.42%
[Worker 3] Round 14 | Loss: 0.0249349 | Train Acc: 99.4533%
[Worker 1] Round 14 | Loss: 0.0101735 | Train Acc: 99.8033%
[Worker 5] Round 14 | Loss: 0.0379387 | Train Acc: 98.9367%
[Worker 2] Round 14 | Loss: 0.0766975 | Train Acc: 97.73%
[Worker 6] Round 14 | Loss: 0.0565945 | Train Acc: 98.3833%
[Worker 4] Round 14 | Loss: 0.0807817 | Train Acc: 97.5967%
[Central Round] 14 [Global Test Accuracy]: 44.36%
[Worker 3] Round 15 | Loss: 0.0246983 | Train Acc: 99.4567%
[Worker 1] Round 15 | Loss: 0.0101018 | Train Acc: 99.8167%
[Worker 5] Round 15 | Loss: 0.0374473 | Train Acc: 98.9333%
[Worker 2] Round 15 | Loss: 0.0754082 | Train Acc: 97.7667%
[Worker 6] Round 15 | Loss: 0.0559788 | Train Acc: 98.45%
[Worker 4] Round 15 | Loss: 0.0799456 | Train Acc: 97.5933%
[Central Round] 15 [Global Test Accuracy]: 44.7%
[Worker 3] Round 16 | Loss: 0.0247938 | Train Acc: 99.47%
[Worker 1] Round 16 | Loss: 0.0100739 | Train Acc: 99.8267%
[Worker 5] Round 16 | Loss: 0.0369954 | Train Acc: 98.8967%
[Worker 2] Round 16 | Loss: 0.075271 | Train Acc: 97.7767%
[Worker 4] Round 16 | Loss: 0.0794763 | Train Acc: 97.5867%
[Worker 6] Round 16 | Loss: 0.0553257 | Train Acc: 98.4133%
[Central Round] 16 [Global Test Accuracy]: 44.58%
[Worker 5] Round 17 | Loss: 0.0368309 | Train Acc: 98.9%
[Worker 1] Round 17 | Loss: 0.010192 | Train Acc: 99.82%
[Worker 3] Round 17 | Loss: 0.0244333 | Train Acc: 99.4667%
[Worker 2] Round 17 | Loss: 0.0745591 | Train Acc: 97.86%
[Worker 6] Round 17 | Loss: 0.0553683 | Train Acc: 98.4167%
[Worker 4] Round 17 | Loss: 0.0784304 | Train Acc: 97.6033%
[Central Round] 17 [Global Test Accuracy]: 44.5%
[Worker 1] Round 18 | Loss: 0.00993265 | Train Acc: 99.8267%
[Worker 5] Round 18 | Loss: 0.0365274 | Train Acc: 98.9633%
[Worker 3] Round 18 | Loss: 0.0242907 | Train Acc: 99.4867%
[Worker 2] Round 18 | Loss: 0.073709 | Train Acc: 97.7933%
[Worker 4] Round 18 | Loss: 0.0777988 | Train Acc: 97.63%
[Worker 6] Round 18 | Loss: 0.0549181 | Train Acc: 98.4333%
[Central Round] 18 [Global Test Accuracy]: 44.34%
[Worker 3] Round 19 | Loss: 0.0241927 | Train Acc: 99.4533%
[Worker 1] Round 19 | Loss: 0.00989251 | Train Acc: 99.8233%
[Worker 5] Round 19 | Loss: 0.0363271 | Train Acc: 98.9367%
[Worker 2] Round 19 | Loss: 0.0737649 | Train Acc: 97.8433%
[Worker 4] Round 19 | Loss: 0.0776511 | Train Acc: 97.6767%
[Worker 6] Round 19 | Loss: 0.0544513 | Train Acc: 98.4533%
[Central Round] 19 [Global Test Accuracy]: 44.55%
[Worker 5] Round 20 | Loss: 0.0358596 | Train Acc: 98.9833%
[Worker 3] Round 20 | Loss: 0.0241333 | Train Acc: 99.47%
[Worker 1] Round 20 | Loss: 0.00991414 | Train Acc: 99.8133%
[Worker 2] Round 20 | Loss: 0.0732489 | Train Acc: 97.7667%
[Worker 4] Round 20 | Loss: 0.076495 | Train Acc: 97.7133%
[Worker 6] Round 20 | Loss: 0.0541539 | Train Acc: 98.49%
[Central Round] 20 [Global Test Accuracy]: 44.47%
[Worker 1] Round 21 | Loss: 0.00990205 | Train Acc: 99.8167%
[Worker 3] Round 21 | Loss: 0.0242066 | Train Acc: 99.4633%
[Worker 5] Round 21 | Loss: 0.0353972 | Train Acc: 98.9667%
[Worker 2] Round 21 | Loss: 0.0728931 | Train Acc: 97.8333%
[Worker 4] Round 21 | Loss: 0.0762919 | Train Acc: 97.7533%
[Worker 6] Round 21 | Loss: 0.0540831 | Train Acc: 98.4767%
[Central Round] 21 [Global Test Accuracy]: 44.49%
[Worker 3] Round 22 | Loss: 0.0240477 | Train Acc: 99.44%
[Worker 1] Round 22 | Loss: 0.00978873 | Train Acc: 99.8367%
[Worker 5] Round 22 | Loss: 0.0351182 | Train Acc: 98.97%
[Worker 2] Round 22 | Loss: 0.0719921 | Train Acc: 97.8233%
[Worker 4] Round 22 | Loss: 0.0759538 | Train Acc: 97.7067%
[Worker 6] Round 22 | Loss: 0.0535524 | Train Acc: 98.5267%
[Central Round] 22 [Global Test Accuracy]: 44.46%
[Worker 1] Round 23 | Loss: 0.00969047 | Train Acc: 99.8133%
[Worker 3] Round 23 | Loss: 0.0238184 | Train Acc: 99.4533%
[Worker 5] Round 23 | Loss: 0.0347741 | Train Acc: 99%
[Worker 2] Round 23 | Loss: 0.0721997 | Train Acc: 97.83%
[Worker 4] Round 23 | Loss: 0.0750993 | Train Acc: 97.7233%
[Worker 6] Round 23 | Loss: 0.0530712 | Train Acc: 98.5067%
[Central Round] 23 [Global Test Accuracy]: 44.42%
[Worker 3] Round 24 | Loss: 0.0235031 | Train Acc: 99.4933%
[Worker 5] Round 24 | Loss: 0.0346351 | Train Acc: 99%
[Worker 1] Round 24 | Loss: 0.00976598 | Train Acc: 99.82%
[Worker 2] Round 24 | Loss: 0.0722203 | Train Acc: 97.89%
[Worker 4] Round 24 | Loss: 0.0749211 | Train Acc: 97.7933%
[Worker 6] Round 24 | Loss: 0.0528398 | Train Acc: 98.5533%
[Central Round] 24 [Global Test Accuracy]: 44.39%
[Worker 3] Round 25 | Loss: 0.023658 | Train Acc: 99.47%
[Worker 5] Round 25 | Loss: 0.0346545 | Train Acc: 99.0033%
[Worker 1] Round 25 | Loss: 0.00971624 | Train Acc: 99.8133%
[Worker 2] Round 25 | Loss: 0.0716383 | Train Acc: 97.8567%
[Worker 4] Round 25 | Loss: 0.0743919 | Train Acc: 97.72%
[Worker 6] Round 25 | Loss: 0.0524722 | Train Acc: 98.52%
[Central Round] 25 [Global Test Accuracy]: 44.48%
[Worker 1] Round 26 | Loss: 0.00978852 | Train Acc: 99.8233%
[Worker 3] Round 26 | Loss: 0.0235949 | Train Acc: 99.47%
[Worker 5] Round 26 | Loss: 0.0341528 | Train Acc: 99.03%
[Worker 4] Round 26 | Loss: 0.0740349 | Train Acc: 97.7733%
[Worker 6] Round 26 | Loss: 0.0524113 | Train Acc: 98.5467%
[Worker 2] Round 26 | Loss: 0.0712895 | Train Acc: 97.9133%
[Central Round] 26 [Global Test Accuracy]: 44.35%
[Worker 3] Round 27 | Loss: 0.0233951 | Train Acc: 99.48%
[Worker 1] Round 27 | Loss: 0.00968199 | Train Acc: 99.8233%
[Worker 5] Round 27 | Loss: 0.0339841 | Train Acc: 99.0233%
[Worker 4] Round 27 | Loss: 0.073703 | Train Acc: 97.7267%
[Worker 6] Round 27 | Loss: 0.0522968 | Train Acc: 98.52%
[Worker 2] Round 27 | Loss: 0.0709692 | Train Acc: 97.8633%
[Central Round] 27 [Global Test Accuracy]: 44.25%
[Worker 3] Round 28 | Loss: 0.0232699 | Train Acc: 99.4667%
[Worker 1] Round 28 | Loss: 0.00968583 | Train Acc: 99.82%
[Worker 5] Round 28 | Loss: 0.0337709 | Train Acc: 99.05%
[Worker 4] Round 28 | Loss: 0.0730937 | Train Acc: 97.7867%
[Worker 6] Round 28 | Loss: 0.0520006 | Train Acc: 98.53%
[Worker 2] Round 28 | Loss: 0.0706711 | Train Acc: 97.8867%
[Central Round] 28 [Global Test Accuracy]: 44.12%
[Worker 1] Round 29 | Loss: 0.00970969 | Train Acc: 99.8233%
[Worker 3] Round 29 | Loss: 0.0233771 | Train Acc: 99.46%
[Worker 5] Round 29 | Loss: 0.033768 | Train Acc: 99.04%
[Worker 6] Round 29 | Loss: 0.0517603 | Train Acc: 98.5633%
[Worker 4] Round 29 | Loss: 0.0726175 | Train Acc: 97.8033%
[Worker 2] Round 29 | Loss: 0.0700659 | Train Acc: 97.89%
[Central Round] 29 [Global Test Accuracy]: 44.3%
[Worker 3] Round 30 | Loss: 0.0232782 | Train Acc: 99.48%
[Worker 1] Round 30 | Loss: 0.00959856 | Train Acc: 99.81%
[Worker 5] Round 30 | Loss: 0.0335502 | Train Acc: 99.0733%
[Worker 6] Round 30 | Loss: 0.0515988 | Train Acc: 98.5833%
[Worker 4] Round 30 | Loss: 0.072669 | Train Acc: 97.81%
[Worker 2] Round 30 | Loss: 0.0701409 | Train Acc: 97.9233%
[Central Round] 30 [Global Test Accuracy]: 44.11%
[Worker 3] Round 31 | Loss: 0.0228958 | Train Acc: 99.5067%
[Worker 5] Round 31 | Loss: 0.0333972 | Train Acc: 99.0633%
[Worker 1] Round 31 | Loss: 0.00944871 | Train Acc: 99.8133%
[Worker 6] Round 31 | Loss: 0.0516692 | Train Acc: 98.5167%
[Worker 4] Round 31 | Loss: 0.0721202 | Train Acc: 97.7633%
[Worker 2] Round 31 | Loss: 0.0696908 | Train Acc: 97.9467%
[Central Round] 31 [Global Test Accuracy]: 44.27%
[Worker 3] Round 32 | Loss: 0.0230208 | Train Acc: 99.49%
[Worker 1] Round 32 | Loss: 0.0095498 | Train Acc: 99.83%
[Worker 5] Round 32 | Loss: 0.0331611 | Train Acc: 99.0533%
[Worker 6] Round 32 | Loss: 0.0509078 | Train Acc: 98.5733%
[Worker 4] Round 32 | Loss: 0.0718678 | Train Acc: 97.8467%
[Worker 2] Round 32 | Loss: 0.0694944 | Train Acc: 97.9133%
[Central Round] 32 [Global Test Accuracy]: 44.35%
[Worker 5] Round 33 | Loss: 0.0331137 | Train Acc: 99.04%
[Worker 3] Round 33 | Loss: 0.022965 | Train Acc: 99.4833%
[Worker 1] Round 33 | Loss: 0.00948034 | Train Acc: 99.8333%
[Worker 6] Round 33 | Loss: 0.0512356 | Train Acc: 98.54%
[Worker 4] Round 33 | Loss: 0.0713556 | Train Acc: 97.77%
[Worker 2] Round 33 | Loss: 0.0690115 | Train Acc: 97.9733%
[Central Round] 33 [Global Test Accuracy]: 44.31%
[Worker 3] Round 34 | Loss: 0.0228858 | Train Acc: 99.4933%
[Worker 1] Round 34 | Loss: 0.0094981 | Train Acc: 99.8133%
[Worker 5] Round 34 | Loss: 0.0328555 | Train Acc: 99.0867%
[Worker 2] Round 34 | Loss: 0.0686805 | Train Acc: 97.9733%
[Worker 4] Round 34 | Loss: 0.0711721 | Train Acc: 97.78%
[Worker 6] Round 34 | Loss: 0.0507568 | Train Acc: 98.5433%
[Central Round] 34 [Global Test Accuracy]: 44.19%
[Worker 3] Round 35 | Loss: 0.0226941 | Train Acc: 99.4967%
[Worker 1] Round 35 | Loss: 0.00968242 | Train Acc: 99.8133%
[Worker 5] Round 35 | Loss: 0.0326397 | Train Acc: 99.06%
[Worker 2] Round 35 | Loss: 0.0685836 | Train Acc: 97.9633%
[Worker 4] Round 35 | Loss: 0.0709732 | Train Acc: 97.8067%
[Worker 6] Round 35 | Loss: 0.050614 | Train Acc: 98.5333%
[Central Round] 35 [Global Test Accuracy]: 44.2%
[Worker 1] Round 36 | Loss: 0.00935577 | Train Acc: 99.85%
[Worker 5] Round 36 | Loss: 0.0323934 | Train Acc: 99.06%
[Worker 3] Round 36 | Loss: 0.0228579 | Train Acc: 99.4833%
[Worker 2] Round 36 | Loss: 0.068176 | Train Acc: 97.9567%
[Worker 4] Round 36 | Loss: 0.0705016 | Train Acc: 97.8233%
[Worker 6] Round 36 | Loss: 0.050506 | Train Acc: 98.5967%
[Central Round] 36 [Global Test Accuracy]: 44.21%
[Worker 1] Round 37 | Loss: 0.0095345 | Train Acc: 99.8167%
[Worker 3] Round 37 | Loss: 0.0228843 | Train Acc: 99.48%
[Worker 5] Round 37 | Loss: 0.0324276 | Train Acc: 99.0833%
[Worker 6] Round 37 | Loss: 0.0503578 | Train Acc: 98.5667%
[Worker 4] Round 37 | Loss: 0.0701726 | Train Acc: 97.86%
[Worker 2] Round 37 | Loss: 0.068289 | Train Acc: 97.95%
[Central Round] 37 [Global Test Accuracy]: 44.22%
[Worker 3] Round 38 | Loss: 0.0223046 | Train Acc: 99.4933%
[Worker 5] Round 38 | Loss: 0.0323781 | Train Acc: 99.0933%
[Worker 1] Round 38 | Loss: 0.00944292 | Train Acc: 99.81%
[Worker 6] Round 38 | Loss: 0.0502068 | Train Acc: 98.5767%
[Worker 4] Round 38 | Loss: 0.0700666 | Train Acc: 97.9033%
[Worker 2] Round 38 | Loss: 0.0683963 | Train Acc: 97.9567%
[Central Round] 38 [Global Test Accuracy]: 44.25%
[Worker 3] Round 39 | Loss: 0.0222348 | Train Acc: 99.52%
[Worker 5] Round 39 | Loss: 0.0324004 | Train Acc: 99.08%
[Worker 1] Round 39 | Loss: 0.00940762 | Train Acc: 99.8133%
[Worker 2] Round 39 | Loss: 0.0681796 | Train Acc: 97.9533%
[Worker 4] Round 39 | Loss: 0.0701728 | Train Acc: 97.8867%
[Worker 6] Round 39 | Loss: 0.0501047 | Train Acc: 98.59%
[Central Round] 39 [Global Test Accuracy]: 44.19%
[Worker 3] Round 40 | Loss: 0.0223221 | Train Acc: 99.52%
[Worker 5] Round 40 | Loss: 0.0321137 | Train Acc: 99.09%
[Worker 1] Round 40 | Loss: 0.00930952 | Train Acc: 99.84%
[Worker 2] Round 40 | Loss: 0.0674372 | Train Acc: 98.0233%
[Worker 4] Round 40 | Loss: 0.0694229 | Train Acc: 97.9167%
[Worker 6] Round 40 | Loss: 0.049725 | Train Acc: 98.56%
[Central Round] 40 [Global Test Accuracy]: 44.23%
[Central] Early stopping at round 40 after 5 rounds without global accuracy improvement.

[Central] Done. Federated data saved to /home-mscluster/ldemelo/HPC_Assignment/problem1/federated_clustering_mpi/metrics/sweep_5/federated/label_shard_noniid_rotate_feature_skew_np7_rep3
