Rank 6 of 7 processes
Rank 3 of 7 processes
Rank 4 of 7 processes
Rank 5 of 7 processes
Rank 0 of 7 processes
Rank 1 of 7 processes
Rank 2 of 7 processes
Softmax regression: 10 classes; 784 features
[Mode] IID Round Robin Baseline
[Mode] IID Round Robin Baseline
[Mode] IID Round Robin Baseline
[Mode] IID Round Robin Baseline
[Mode] IID Round Robin Baseline
[Mode] IID Round Robin Baseline
[Distributed Worker 4] Shard size: 10000
[Distributed Worker 2] Shard size: 10000
[Distributed Worker 6] Shard size: 10000
Softmax regression: 10 classes; 784 features
Softmax regression: 10 classes; 784 features
Softmax regression: 10 classes; 784 features
[Distributed Worker 1] Shard size: 10000
Softmax regression: 10 classes; 784 features
[Distributed Worker 3] Shard size: 10000
Softmax regression: 10 classes; 784 features
[Distributed Worker 5] Shard size: 10000
Softmax regression: 10 classes; 784 features
[Worker 1] Round 1 | Loss: 0.454238 | Train Acc: 87.346%
[Worker 3] Round 1 | Loss: 0.456862 | Train Acc: 87.376%
[Worker 5] Round 1 | Loss: 0.433024 | Train Acc: 88.194%
[Worker 2] Round 1 | Loss: 0.287834 | Train Acc: 92.674%
[Worker 4] Round 1 | Loss: 0.289429 | Train Acc: 92.392%
[Worker 6] Round 1 | Loss: 0.293909 | Train Acc: 92.622%
[Central Round] 1 [Global Test Accuracy]: 91.06%
[Worker 5] Round 2 | Loss: 0.336578 | Train Acc: 90.414%
[Worker 3] Round 2 | Loss: 0.360873 | Train Acc: 89.668%
[Worker 1] Round 2 | Loss: 0.362114 | Train Acc: 89.676%
[Worker 2] Round 2 | Loss: 0.201352 | Train Acc: 94.46%
[Worker 6] Round 2 | Loss: 0.206977 | Train Acc: 94.352%
[Worker 4] Round 2 | Loss: 0.199738 | Train Acc: 94.272%
[Central Round] 2 [Global Test Accuracy]: 91.59%
[Worker 1] Round 3 | Loss: 0.345827 | Train Acc: 90.194%
[Worker 3] Round 3 | Loss: 0.34335 | Train Acc: 90.194%
[Worker 5] Round 3 | Loss: 0.319937 | Train Acc: 90.98%
[Worker 2] Round 3 | Loss: 0.188298 | Train Acc: 94.896%
[Worker 6] Round 3 | Loss: 0.193325 | Train Acc: 94.71%
[Worker 4] Round 3 | Loss: 0.18545 | Train Acc: 94.674%
[Central Round] 3 [Global Test Accuracy]: 91.77%
[Worker 3] Round 4 | Loss: 0.334461 | Train Acc: 90.474%
[Worker 1] Round 4 | Loss: 0.33751 | Train Acc: 90.404%
[Worker 5] Round 4 | Loss: 0.310266 | Train Acc: 91.212%
[Worker 2] Round 4 | Loss: 0.181868 | Train Acc: 95.082%
[Worker 6] Round 4 | Loss: 0.186724 | Train Acc: 94.904%
[Worker 4] Round 4 | Loss: 0.178059 | Train Acc: 94.964%
[Central Round] 4 [Global Test Accuracy]: 92.06%
[Worker 3] Round 5 | Loss: 0.336383 | Train Acc: 90.4033%
[Worker 1] Round 5 | Loss: 0.340887 | Train Acc: 90.33%
[Worker 5] Round 5 | Loss: 0.313078 | Train Acc: 91.18%
[Worker 6] Round 5 | Loss: 0.189564 | Train Acc: 94.8567%
[Worker 4] Round 5 | Loss: 0.180594 | Train Acc: 94.9367%
[Worker 2] Round 5 | Loss: 0.184474 | Train Acc: 95.02%
[Central Round] 5 [Global Test Accuracy]: 92.08%
[Worker 3] Round 6 | Loss: 0.333915 | Train Acc: 90.46%
[Worker 1] Round 6 | Loss: 0.33723 | Train Acc: 90.4333%
[Worker 5] Round 6 | Loss: 0.309705 | Train Acc: 91.2267%
[Worker 2] Round 6 | Loss: 0.182444 | Train Acc: 95.03%
[Worker 6] Round 6 | Loss: 0.187619 | Train Acc: 94.8767%
[Worker 4] Round 6 | Loss: 0.178301 | Train Acc: 95.1%
[Central Round] 6 [Global Test Accuracy]: 92.15%
[Worker 5] Round 7 | Loss: 0.305606 | Train Acc: 91.3067%
[Worker 3] Round 7 | Loss: 0.330503 | Train Acc: 90.5767%
[Worker 1] Round 7 | Loss: 0.334323 | Train Acc: 90.57%
[Worker 2] Round 7 | Loss: 0.18089 | Train Acc: 95.0967%
[Worker 4] Round 7 | Loss: 0.176298 | Train Acc: 95.11%
[Worker 6] Round 7 | Loss: 0.186338 | Train Acc: 94.9867%
[Central Round] 7 [Global Test Accuracy]: 92.21%
[Worker 1] Round 8 | Loss: 0.33221 | Train Acc: 90.6267%
[Worker 3] Round 8 | Loss: 0.328283 | Train Acc: 90.6967%
[Worker 5] Round 8 | Loss: 0.303385 | Train Acc: 91.3733%
[Worker 2] Round 8 | Loss: 0.179464 | Train Acc: 95.2%
[Worker 6] Round 8 | Loss: 0.184676 | Train Acc: 95.0467%
[Worker 4] Round 8 | Loss: 0.174458 | Train Acc: 95.2%
[Central Round] 8 [Global Test Accuracy]: 92.17%
[Worker 3] Round 9 | Loss: 0.326502 | Train Acc: 90.6933%
[Worker 1] Round 9 | Loss: 0.330281 | Train Acc: 90.6167%
[Worker 5] Round 9 | Loss: 0.301818 | Train Acc: 91.5633%
[Worker 2] Round 9 | Loss: 0.177875 | Train Acc: 95.23%
[Worker 6] Round 9 | Loss: 0.183767 | Train Acc: 94.9767%
[Worker 4] Round 9 | Loss: 0.172997 | Train Acc: 95.1533%
[Central Round] 9 [Global Test Accuracy]: 92.29%
[Worker 1] Round 10 | Loss: 0.328402 | Train Acc: 90.72%
[Worker 3] Round 10 | Loss: 0.324067 | Train Acc: 90.77%
[Worker 5] Round 10 | Loss: 0.299462 | Train Acc: 91.54%
[Worker 6] Round 10 | Loss: 0.182318 | Train Acc: 95.1167%
[Worker 2] Round 10 | Loss: 0.176612 | Train Acc: 95.2867%
[Worker 4] Round 10 | Loss: 0.171859 | Train Acc: 95.2467%
[Central Round] 10 [Global Test Accuracy]: 92.26%
[Worker 3] Round 11 | Loss: 0.321916 | Train Acc: 90.7833%
[Worker 1] Round 11 | Loss: 0.327386 | Train Acc: 90.75%
[Worker 5] Round 11 | Loss: 0.297305 | Train Acc: 91.5067%
[Worker 2] Round 11 | Loss: 0.175483 | Train Acc: 95.3333%
[Worker 6] Round 11 | Loss: 0.181204 | Train Acc: 95.15%
[Worker 4] Round 11 | Loss: 0.170827 | Train Acc: 95.2467%
[Central Round] 11 [Global Test Accuracy]: 92.22%
[Worker 1] Round 12 | Loss: 0.325667 | Train Acc: 90.9267%
[Worker 3] Round 12 | Loss: 0.320765 | Train Acc: 90.81%
[Worker 5] Round 12 | Loss: 0.296381 | Train Acc: 91.6033%
[Worker 2] Round 12 | Loss: 0.174547 | Train Acc: 95.3833%
[Worker 6] Round 12 | Loss: 0.179829 | Train Acc: 95.2067%
[Worker 4] Round 12 | Loss: 0.169824 | Train Acc: 95.3233%
[Central Round] 12 [Global Test Accuracy]: 92.24%
[Worker 3] Round 13 | Loss: 0.31953 | Train Acc: 90.9267%
[Worker 1] Round 13 | Loss: 0.324168 | Train Acc: 90.8533%
[Worker 5] Round 13 | Loss: 0.294575 | Train Acc: 91.5733%
[Worker 2] Round 13 | Loss: 0.173554 | Train Acc: 95.3033%
[Worker 6] Round 13 | Loss: 0.179588 | Train Acc: 95.22%
[Worker 4] Round 13 | Loss: 0.168491 | Train Acc: 95.29%
[Central Round] 13 [Global Test Accuracy]: 92.33%
[Worker 3] Round 14 | Loss: 0.318337 | Train Acc: 91.04%
[Worker 1] Round 14 | Loss: 0.323315 | Train Acc: 90.91%
[Worker 5] Round 14 | Loss: 0.293816 | Train Acc: 91.67%
[Worker 2] Round 14 | Loss: 0.172515 | Train Acc: 95.35%
[Worker 6] Round 14 | Loss: 0.177686 | Train Acc: 95.3067%
[Worker 4] Round 14 | Loss: 0.167759 | Train Acc: 95.3633%
[Central Round] 14 [Global Test Accuracy]: 92.31%
[Worker 1] Round 15 | Loss: 0.321941 | Train Acc: 90.9267%
[Worker 3] Round 15 | Loss: 0.317201 | Train Acc: 91.04%
[Worker 5] Round 15 | Loss: 0.292548 | Train Acc: 91.6733%
[Worker 6] Round 15 | Loss: 0.176896 | Train Acc: 95.2433%
[Worker 2] Round 15 | Loss: 0.17142 | Train Acc: 95.4267%
[Worker 4] Round 15 | Loss: 0.166983 | Train Acc: 95.4167%
[Central Round] 15 [Global Test Accuracy]: 92.41%
[Worker 3] Round 16 | Loss: 0.31617 | Train Acc: 91.0533%
[Worker 5] Round 16 | Loss: 0.290825 | Train Acc: 91.7867%
[Worker 1] Round 16 | Loss: 0.320722 | Train Acc: 90.94%
[Worker 2] Round 16 | Loss: 0.171147 | Train Acc: 95.4733%
[Worker 4] Round 16 | Loss: 0.166368 | Train Acc: 95.4267%
[Worker 6] Round 16 | Loss: 0.176836 | Train Acc: 95.27%
[Central Round] 16 [Global Test Accuracy]: 92.39%
[Worker 1] Round 17 | Loss: 0.319629 | Train Acc: 90.9833%
[Worker 3] Round 17 | Loss: 0.315104 | Train Acc: 91.09%
[Worker 5] Round 17 | Loss: 0.290213 | Train Acc: 91.7933%
[Worker 2] Round 17 | Loss: 0.170342 | Train Acc: 95.45%
[Worker 6] Round 17 | Loss: 0.175309 | Train Acc: 95.3%
[Worker 4] Round 17 | Loss: 0.165757 | Train Acc: 95.4733%
[Central Round] 17 [Global Test Accuracy]: 92.33%
[Worker 1] Round 18 | Loss: 0.319294 | Train Acc: 90.9333%
[Worker 3] Round 18 | Loss: 0.314857 | Train Acc: 91.1267%
[Worker 5] Round 18 | Loss: 0.288656 | Train Acc: 91.8167%
[Worker 2] Round 18 | Loss: 0.169767 | Train Acc: 95.54%
[Worker 6] Round 18 | Loss: 0.175367 | Train Acc: 95.36%
[Worker 4] Round 18 | Loss: 0.165198 | Train Acc: 95.4167%
[Central Round] 18 [Global Test Accuracy]: 92.3%
[Worker 3] Round 19 | Loss: 0.313312 | Train Acc: 91.0433%
[Worker 1] Round 19 | Loss: 0.317546 | Train Acc: 91.04%
[Worker 5] Round 19 | Loss: 0.288085 | Train Acc: 91.8433%
[Worker 2] Round 19 | Loss: 0.168733 | Train Acc: 95.54%
[Worker 4] Round 19 | Loss: 0.164533 | Train Acc: 95.4467%
[Worker 6] Round 19 | Loss: 0.174727 | Train Acc: 95.3533%
[Central Round] 19 [Global Test Accuracy]: 92.43%
[Worker 1] Round 20 | Loss: 0.316768 | Train Acc: 91.0267%
[Worker 3] Round 20 | Loss: 0.312588 | Train Acc: 91.14%
[Worker 5] Round 20 | Loss: 0.287211 | Train Acc: 91.87%
[Worker 2] Round 20 | Loss: 0.168146 | Train Acc: 95.5167%
[Worker 6] Round 20 | Loss: 0.174231 | Train Acc: 95.3833%
[Worker 4] Round 20 | Loss: 0.164047 | Train Acc: 95.5167%
[Central Round] 20 [Global Test Accuracy]: 92.48%
[Worker 3] Round 21 | Loss: 0.311601 | Train Acc: 91.0367%
[Worker 1] Round 21 | Loss: 0.315882 | Train Acc: 91.0367%
[Worker 5] Round 21 | Loss: 0.286743 | Train Acc: 91.8333%
[Worker 2] Round 21 | Loss: 0.167514 | Train Acc: 95.6%
[Worker 6] Round 21 | Loss: 0.173371 | Train Acc: 95.4633%
[Worker 4] Round 21 | Loss: 0.163645 | Train Acc: 95.4633%
[Central Round] 21 [Global Test Accuracy]: 92.44%
[Worker 3] Round 22 | Loss: 0.310749 | Train Acc: 91.23%
[Worker 1] Round 22 | Loss: 0.315194 | Train Acc: 91.1033%
[Worker 5] Round 22 | Loss: 0.28595 | Train Acc: 91.81%
[Worker 2] Round 22 | Loss: 0.167206 | Train Acc: 95.5733%
[Worker 6] Round 22 | Loss: 0.172824 | Train Acc: 95.3933%
[Worker 4] Round 22 | Loss: 0.163153 | Train Acc: 95.5233%
[Central Round] 22 [Global Test Accuracy]: 92.49%
[Worker 1] Round 23 | Loss: 0.3145 | Train Acc: 91.1367%
[Worker 3] Round 23 | Loss: 0.310384 | Train Acc: 91.2367%
[Worker 5] Round 23 | Loss: 0.284527 | Train Acc: 91.9567%
[Worker 6] Round 23 | Loss: 0.17259 | Train Acc: 95.46%
[Worker 2] Round 23 | Loss: 0.166825 | Train Acc: 95.59%
[Worker 4] Round 23 | Loss: 0.162802 | Train Acc: 95.52%
[Central Round] 23 [Global Test Accuracy]: 92.51%
[Worker 3] Round 24 | Loss: 0.309327 | Train Acc: 91.2467%
[Worker 1] Round 24 | Loss: 0.313621 | Train Acc: 91.14%
[Worker 5] Round 24 | Loss: 0.284368 | Train Acc: 91.91%
[Worker 2] Round 24 | Loss: 0.1663 | Train Acc: 95.5567%
[Worker 6] Round 24 | Loss: 0.171935 | Train Acc: 95.4133%
[Worker 4] Round 24 | Loss: 0.162256 | Train Acc: 95.5467%
[Central Round] 24 [Global Test Accuracy]: 92.46%
[Worker 1] Round 25 | Loss: 0.313237 | Train Acc: 91.19%
[Worker 3] Round 25 | Loss: 0.309014 | Train Acc: 91.1967%
[Worker 5] Round 25 | Loss: 0.283386 | Train Acc: 91.94%
[Worker 2] Round 25 | Loss: 0.165576 | Train Acc: 95.6533%
[Worker 6] Round 25 | Loss: 0.171606 | Train Acc: 95.47%
[Worker 4] Round 25 | Loss: 0.161742 | Train Acc: 95.57%
[Central Round] 25 [Global Test Accuracy]: 92.41%
[Worker 3] Round 26 | Loss: 0.308558 | Train Acc: 91.2233%
[Worker 1] Round 26 | Loss: 0.312439 | Train Acc: 91.1467%
[Worker 5] Round 26 | Loss: 0.282704 | Train Acc: 91.9533%
[Worker 2] Round 26 | Loss: 0.16513 | Train Acc: 95.6767%
[Worker 6] Round 26 | Loss: 0.171193 | Train Acc: 95.45%
[Worker 4] Round 26 | Loss: 0.161223 | Train Acc: 95.5933%
[Central Round] 26 [Global Test Accuracy]: 92.42%
[Worker 1] Round 27 | Loss: 0.311565 | Train Acc: 91.2433%
[Worker 3] Round 27 | Loss: 0.307659 | Train Acc: 91.3833%
[Worker 5] Round 27 | Loss: 0.282218 | Train Acc: 91.9967%
[Worker 2] Round 27 | Loss: 0.16465 | Train Acc: 95.7%
[Worker 6] Round 27 | Loss: 0.170589 | Train Acc: 95.4533%
[Worker 4] Round 27 | Loss: 0.160982 | Train Acc: 95.63%
[Central Round] 27 [Global Test Accuracy]: 92.49%
[Worker 1] Round 28 | Loss: 0.310924 | Train Acc: 91.22%
[Worker 3] Round 28 | Loss: 0.306807 | Train Acc: 91.34%
[Worker 5] Round 28 | Loss: 0.281672 | Train Acc: 92.01%
[Worker 2] Round 28 | Loss: 0.164538 | Train Acc: 95.68%
[Worker 6] Round 28 | Loss: 0.170338 | Train Acc: 95.47%
[Worker 4] Round 28 | Loss: 0.160688 | Train Acc: 95.6533%
[Central Round] 28 [Global Test Accuracy]: 92.45%
[Worker 1] Round 29 | Loss: 0.310706 | Train Acc: 91.2667%
[Worker 3] Round 29 | Loss: 0.306673 | Train Acc: 91.3433%
[Worker 5] Round 29 | Loss: 0.281031 | Train Acc: 92.0433%
[Worker 2] Round 29 | Loss: 0.164248 | Train Acc: 95.65%
[Worker 6] Round 29 | Loss: 0.169651 | Train Acc: 95.4933%
[Worker 4] Round 29 | Loss: 0.160026 | Train Acc: 95.6%
[Central Round] 29 [Global Test Accuracy]: 92.5%
[Worker 1] Round 30 | Loss: 0.310417 | Train Acc: 91.28%
[Worker 3] Round 30 | Loss: 0.305977 | Train Acc: 91.37%
[Worker 5] Round 30 | Loss: 0.280164 | Train Acc: 92.0967%
[Worker 2] Round 30 | Loss: 0.163541 | Train Acc: 95.7167%
[Worker 6] Round 30 | Loss: 0.169571 | Train Acc: 95.4667%
[Worker 4] Round 30 | Loss: 0.159468 | Train Acc: 95.6833%
[Central Round] 30 [Global Test Accuracy]: 92.61%
[Worker 1] Round 31 | Loss: 0.309691 | Train Acc: 91.2633%
[Worker 3] Round 31 | Loss: 0.305069 | Train Acc: 91.32%
[Worker 5] Round 31 | Loss: 0.280075 | Train Acc: 92.1367%
[Worker 2] Round 31 | Loss: 0.163394 | Train Acc: 95.7367%
[Worker 6] Round 31 | Loss: 0.169138 | Train Acc: 95.5267%
[Worker 4] Round 31 | Loss: 0.159719 | Train Acc: 95.6767%
[Central Round] 31 [Global Test Accuracy]: 92.63%
[Worker 1] Round 32 | Loss: 0.310084 | Train Acc: 91.2667%
[Worker 3] Round 32 | Loss: 0.304643 | Train Acc: 91.3267%
[Worker 5] Round 32 | Loss: 0.279415 | Train Acc: 92.0533%
[Worker 2] Round 32 | Loss: 0.162961 | Train Acc: 95.74%
[Worker 6] Round 32 | Loss: 0.169208 | Train Acc: 95.5033%
[Worker 4] Round 32 | Loss: 0.15937 | Train Acc: 95.6567%
[Central Round] 32 [Global Test Accuracy]: 92.53%
[Worker 5] Round 33 | Loss: 0.27894 | Train Acc: 92.0233%
[Worker 1] Round 33 | Loss: 0.309041 | Train Acc: 91.43%
[Worker 3] Round 33 | Loss: 0.304244 | Train Acc: 91.4167%
[Worker 6] Round 33 | Loss: 0.168362 | Train Acc: 95.58%
[Worker 2] Round 33 | Loss: 0.162975 | Train Acc: 95.7%
[Worker 4] Round 33 | Loss: 0.158816 | Train Acc: 95.6767%
[Central Round] 33 [Global Test Accuracy]: 92.48%
[Worker 3] Round 34 | Loss: 0.304342 | Train Acc: 91.46%
[Worker 1] Round 34 | Loss: 0.308478 | Train Acc: 91.3733%
[Worker 5] Round 34 | Loss: 0.278397 | Train Acc: 92.09%
[Worker 2] Round 34 | Loss: 0.162461 | Train Acc: 95.7633%
[Worker 6] Round 34 | Loss: 0.168228 | Train Acc: 95.5467%
[Worker 4] Round 34 | Loss: 0.158826 | Train Acc: 95.7%
[Central Round] 34 [Global Test Accuracy]: 92.52%
[Worker 3] Round 35 | Loss: 0.303839 | Train Acc: 91.4233%
[Worker 1] Round 35 | Loss: 0.307898 | Train Acc: 91.4233%
[Worker 5] Round 35 | Loss: 0.278178 | Train Acc: 92.1067%
[Worker 2] Round 35 | Loss: 0.162106 | Train Acc: 95.78%
[Worker 6] Round 35 | Loss: 0.168229 | Train Acc: 95.5433%
[Worker 4] Round 35 | Loss: 0.158351 | Train Acc: 95.68%
[Central Round] 35 [Global Test Accuracy]: 92.54%
[Worker 3] Round 36 | Loss: 0.303211 | Train Acc: 91.45%
[Worker 1] Round 36 | Loss: 0.307149 | Train Acc: 91.35%
[Worker 5] Round 36 | Loss: 0.27734 | Train Acc: 92.1333%
[Worker 2] Round 36 | Loss: 0.161616 | Train Acc: 95.72%
[Worker 6] Round 36 | Loss: 0.167822 | Train Acc: 95.5467%
[Worker 4] Round 36 | Loss: 0.158043 | Train Acc: 95.6833%
[Central Round] 36 [Global Test Accuracy]: 92.57%
[Worker 3] Round 37 | Loss: 0.302219 | Train Acc: 91.5733%
[Worker 1] Round 37 | Loss: 0.306699 | Train Acc: 91.5133%
[Worker 5] Round 37 | Loss: 0.276993 | Train Acc: 92.1867%
[Worker 2] Round 37 | Loss: 0.161686 | Train Acc: 95.7567%
[Worker 6] Round 37 | Loss: 0.167462 | Train Acc: 95.54%
[Worker 4] Round 37 | Loss: 0.158 | Train Acc: 95.6933%
[Central Round] 37 [Global Test Accuracy]: 92.52%
[Worker 3] Round 38 | Loss: 0.302392 | Train Acc: 91.5033%
[Worker 1] Round 38 | Loss: 0.307116 | Train Acc: 91.47%
[Worker 5] Round 38 | Loss: 0.276444 | Train Acc: 92.1133%
[Worker 2] Round 38 | Loss: 0.161153 | Train Acc: 95.85%
[Worker 6] Round 38 | Loss: 0.1671 | Train Acc: 95.6467%
[Worker 4] Round 38 | Loss: 0.158308 | Train Acc: 95.66%
[Central Round] 38 [Global Test Accuracy]: 92.54%
[Worker 3] Round 39 | Loss: 0.301374 | Train Acc: 91.4833%
[Worker 1] Round 39 | Loss: 0.306147 | Train Acc: 91.5067%
[Worker 5] Round 39 | Loss: 0.27615 | Train Acc: 92.1267%
[Worker 2] Round 39 | Loss: 0.161155 | Train Acc: 95.7667%
[Worker 6] Round 39 | Loss: 0.166556 | Train Acc: 95.6067%
[Worker 4] Round 39 | Loss: 0.157319 | Train Acc: 95.6833%
[Central Round] 39 [Global Test Accuracy]: 92.6%
[Worker 3] Round 40 | Loss: 0.301493 | Train Acc: 91.5567%
[Worker 1] Round 40 | Loss: 0.305432 | Train Acc: 91.4367%
[Worker 5] Round 40 | Loss: 0.276139 | Train Acc: 92.1267%
[Worker 2] Round 40 | Loss: 0.160812 | Train Acc: 95.8267%
[Worker 4] Round 40 | Loss: 0.15761 | Train Acc: 95.67%
[Worker 6] Round 40 | Loss: 0.166327 | Train Acc: 95.57%
[Central Round] 40 [Global Test Accuracy]: 92.66%
[Central] Early stopping at round 40 after 5 rounds without global accuracy improvement.

[Central] Done. Federated data saved to /home-mscluster/ldemelo/HPC_Assignment/problem1/federated_clustering_mpi/metrics/sweep_5/federated/round_robin_iid_np7_rep1
