Rank 2 of 16 processes
Rank 3 of 16 processes
Rank 7 of 16 processes
Rank 8 of 16 processes
Rank 11 of 16 processes
Rank 13 of 16 processes
Rank 15 of 16 processes
Rank 9 of 16 processes
Rank 1 of 16 processes
Rank 6 of 16 processes
Rank 12 of 16 processes
Rank 10 of 16 processes
Rank 14 of 16 processes
Rank 4 of 16 processes
Rank 0 of 16 processes
Rank 5 of 16 processes
Softmax regression: 10 classes; 784 features
[Mode] IID Round Robin Baseline
[Mode] IID Round Robin Baseline
[Mode] IID Round Robin Baseline
[Mode] IID Round Robin Baseline
[Mode] IID Round Robin Baseline
[Mode] IID Round Robin Baseline
[Mode] IID Round Robin Baseline
[Distributed Worker 8] Shard size: 4000
[Distributed Worker 2] Shard size: 4000
Softmax regression: 10 classes; 784 features
Softmax regression: 10 classes; 784 features
[Mode] IID Round Robin Baseline
[Mode] IID Round Robin Baseline
[Mode] IID Round Robin Baseline
[Mode] IID Round Robin Baseline
[Distributed Worker 3] Shard size: 4000
[Distributed Worker 9] Shard size: 4000
[Distributed Worker 7] Shard size: 4000
Softmax regression: 10 classes; 784 features
Softmax regression: 10 classes; 784 features
Softmax regression: 10 classes; 784 features
[Distributed Worker 11] Shard size: 4000
Softmax regression: 10 classes; 784 features
[Distributed Worker 5] Shard size: 4000
Softmax regression: 10 classes; 784 features
[Mode] IID Round Robin Baseline
[Mode] IID Round Robin Baseline
[Distributed Worker 15] Shard size: 4000
Softmax regression: 10 classes; 784 features
[Distributed Worker 4] Shard size: 4000
Softmax regression: 10 classes; 784 features
[Distributed Worker 12] Shard size: 4000
[Distributed Worker 14] Shard size: 4000
Softmax regression: 10 classes; 784 features
Softmax regression: 10 classes; 784 features
[Distributed Worker 1] Shard size: 4000
Softmax regression: 10 classes; 784 features
[Distributed Worker 13] Shard size: 4000
Softmax regression: 10 classes; 784 features
[Mode] IID Round Robin Baseline
[Mode] IID Round Robin Baseline
[Distributed Worker 6] Shard size: 4000
[Distributed Worker 10] Shard size: 4000
Softmax regression: 10 classes; 784 features
Softmax regression: 10 classes; 784 features
[Worker 8] Round 1 | Loss: 0.483841 | Train Acc: 87.845%
[Worker 4] Round 1 | Loss: 0.509378 | Train Acc: 86.735%
[Worker 12] Round 1 | Loss: 0.4949 | Train Acc: 87.34%
[Worker 9] Round 1 | Loss: 0.512752 | Train Acc: 86.82%
[Worker 11] Round 1 | Loss: 0.468091 | Train Acc: 88.025%
[Worker 1] Round 1 | Loss: 0.501353 | Train Acc: 87.02%
[Worker 3] Round 1 | Loss: 0.503335 | Train Acc: 86.715%
[Worker 7] Round 1 | Loss: 0.488387 | Train Acc: 87.375%
[Worker 15] Round 1 | Loss: 0.528465 | Train Acc: 86.46%
[Worker 5] Round 1 | Loss: 0.505794 | Train Acc: 87.05%
[Worker 13] Round 1 | Loss: 0.499848 | Train Acc: 87.115%
[Worker 2] Round 1 | Loss: 0.504147 | Train Acc: 87.32%
[Worker 14] Round 1 | Loss: 0.491573 | Train Acc: 87.43%
[Worker 6] Round 1 | Loss: 0.47994 | Train Acc: 87.955%
[Worker 10] Round 1 | Loss: 0.50488 | Train Acc: 86.76%
[Central Round] 1 [Global Test Accuracy]: 90.41%
[Worker 10] Round 2 | Loss: 0.339196 | Train Acc: 90.27%
[Worker 9] Round 2 | Loss: 0.347044 | Train Acc: 90.41%
[Worker 2] Round 2 | Loss: 0.339582 | Train Acc: 90.915%
[Worker 8] Round 2 | Loss: 0.319004 | Train Acc: 91.2%
[Worker 6] Round 2 | Loss: 0.313914 | Train Acc: 91.575%
[Worker 13] Round 2 | Loss: 0.332366 | Train Acc: 90.91%
[Worker 5] Round 2 | Loss: 0.34427 | Train Acc: 90.64%
[Worker 12] Round 2 | Loss: 0.330675 | Train Acc: 90.605%
[Worker 1] Round 2 | Loss: 0.337734 | Train Acc: 90.705%
[Worker 11] Round 2 | Loss: 0.299224 | Train Acc: 91.735%
[Worker 4] Round 2 | Loss: 0.345161 | Train Acc: 90.03%
[Worker 15] Round 2 | Loss: 0.364003 | Train Acc: 89.84%
[Worker 7] Round 2 | Loss: 0.322954 | Train Acc: 90.87%
[Worker 3] Round 2 | Loss: 0.340517 | Train Acc: 90.31%
[Worker 14] Round 2 | Loss: 0.325335 | Train Acc: 90.81%
[Central Round] 2 [Global Test Accuracy]: 91%
[Worker 4] Round 3 | Loss: 0.31976 | Train Acc: 90.69%
[Worker 2] Round 3 | Loss: 0.314324 | Train Acc: 91.33%
[Worker 8] Round 3 | Loss: 0.294121 | Train Acc: 91.875%
[Worker 12] Round 3 | Loss: 0.306256 | Train Acc: 91.375%
[Worker 9] Round 3 | Loss: 0.320789 | Train Acc: 91.02%
[Worker 10] Round 3 | Loss: 0.313656 | Train Acc: 90.83%
[Worker 11] Round 3 | Loss: 0.272906 | Train Acc: 92.175%
[Worker 6] Round 3 | Loss: 0.287445 | Train Acc: 92.28%
[Worker 1] Round 3 | Loss: 0.313295 | Train Acc: 91.375%
[Worker 5] Round 3 | Loss: 0.319668 | Train Acc: 91.25%
[Worker 7] Round 3 | Loss: 0.297681 | Train Acc: 91.59%
[Worker 15] Round 3 | Loss: 0.337375 | Train Acc: 90.37%
[Worker 3] Round 3 | Loss: 0.315922 | Train Acc: 91.015%
[Worker 13] Round 3 | Loss: 0.306604 | Train Acc: 91.545%
[Worker 14] Round 3 | Loss: 0.299565 | Train Acc: 91.285%
[Central Round] 3 [Global Test Accuracy]: 91.4%
[Worker 4] Round 4 | Loss: 0.306943 | Train Acc: 90.955%
[Worker 8] Round 4 | Loss: 0.281856 | Train Acc: 92.145%
[Worker 2] Round 4 | Loss: 0.301162 | Train Acc: 91.7%
[Worker 12] Round 4 | Loss: 0.293437 | Train Acc: 91.865%
[Worker 6] Round 4 | Loss: 0.274211 | Train Acc: 92.655%
[Worker 9] Round 4 | Loss: 0.307171 | Train Acc: 91.345%
[Worker 11] Round 4 | Loss: 0.259167 | Train Acc: 92.525%
[Worker 5] Round 4 | Loss: 0.306833 | Train Acc: 91.61%
[Worker 1] Round 4 | Loss: 0.300632 | Train Acc: 91.835%
[Worker 15] Round 4 | Loss: 0.323493 | Train Acc: 90.61%
[Worker 7] Round 4 | Loss: 0.28441 | Train Acc: 92.005%
[Worker 13] Round 4 | Loss: 0.292994 | Train Acc: 91.975%
[Worker 10] Round 4 | Loss: 0.299899 | Train Acc: 91.15%
[Worker 3] Round 4 | Loss: 0.302916 | Train Acc: 91.33%
[Worker 14] Round 4 | Loss: 0.285654 | Train Acc: 91.73%
[Central Round] 4 [Global Test Accuracy]: 91.61%
[Worker 4] Round 5 | Loss: 0.307829 | Train Acc: 91.1333%
[Worker 6] Round 5 | Loss: 0.275187 | Train Acc: 92.55%
[Worker 9] Round 5 | Loss: 0.307418 | Train Acc: 91.175%
[Worker 2] Round 5 | Loss: 0.302424 | Train Acc: 91.7167%
[Worker 11] Round 5 | Loss: 0.258763 | Train Acc: 92.5333%
[Worker 5] Round 5 | Loss: 0.306486 | Train Acc: 91.4333%
[Worker 1] Round 5 | Loss: 0.30169 | Train Acc: 91.6667%
[Worker 12] Round 5 | Loss: 0.294526 | Train Acc: 91.9167%
[Worker 8] Round 5 | Loss: 0.282187 | Train Acc: 92.075%
[Worker 13] Round 5 | Loss: 0.293608 | Train Acc: 91.9667%
[Worker 10] Round 5 | Loss: 0.300881 | Train Acc: 91.1%
[Worker 15] Round 5 | Loss: 0.323718 | Train Acc: 90.5917%
[Worker 7] Round 5 | Loss: 0.284322 | Train Acc: 91.925%
[Worker 3] Round 5 | Loss: 0.303036 | Train Acc: 91.25%
[Worker 14] Round 5 | Loss: 0.285595 | Train Acc: 91.6917%
[Central Round] 5 [Global Test Accuracy]: 91.67%
[Worker 4] Round 6 | Loss: 0.304501 | Train Acc: 91.25%
[Worker 6] Round 6 | Loss: 0.270938 | Train Acc: 92.6583%
[Worker 2] Round 6 | Loss: 0.297611 | Train Acc: 91.75%
[Worker 9] Round 6 | Loss: 0.303542 | Train Acc: 91.3583%
[Worker 5] Round 6 | Loss: 0.302407 | Train Acc: 91.6417%
[Worker 11] Round 6 | Loss: 0.254774 | Train Acc: 92.6167%
[Worker 12] Round 6 | Loss: 0.290941 | Train Acc: 91.8333%
[Worker 8] Round 6 | Loss: 0.278262 | Train Acc: 92.0333%
[Worker 10] Round 6 | Loss: 0.297454 | Train Acc: 91.1417%
[Worker 1] Round 6 | Loss: 0.297175 | Train Acc: 91.8333%
[Worker 15] Round 6 | Loss: 0.318922 | Train Acc: 90.625%
[Worker 7] Round 6 | Loss: 0.28043 | Train Acc: 92.0917%
[Worker 13] Round 6 | Loss: 0.289711 | Train Acc: 92%
[Worker 3] Round 6 | Loss: 0.299623 | Train Acc: 91.325%
[Worker 14] Round 6 | Loss: 0.281416 | Train Acc: 91.7083%
[Central Round] 6 [Global Test Accuracy]: 91.79%
[Worker 4] Round 7 | Loss: 0.300221 | Train Acc: 91.4083%
[Worker 2] Round 7 | Loss: 0.294288 | Train Acc: 91.8917%
[Worker 6] Round 7 | Loss: 0.267274 | Train Acc: 92.85%
[Worker 9] Round 7 | Loss: 0.299258 | Train Acc: 91.6083%
[Worker 11] Round 7 | Loss: 0.250746 | Train Acc: 92.8167%
[Worker 8] Round 7 | Loss: 0.275559 | Train Acc: 92.0833%
[Worker 5] Round 7 | Loss: 0.298782 | Train Acc: 91.8083%
[Worker 7] Round 7 | Loss: 0.277182 | Train Acc: 92.3333%
[Worker 12] Round 7 | Loss: 0.287741 | Train Acc: 92.0083%
[Worker 15] Round 7 | Loss: 0.315577 | Train Acc: 90.8917%
[Worker 1] Round 7 | Loss: 0.293624 | Train Acc: 91.9083%
[Worker 10] Round 7 | Loss: 0.292792 | Train Acc: 91.3083%
[Worker 13] Round 7 | Loss: 0.285728 | Train Acc: 92.125%
[Worker 3] Round 7 | Loss: 0.295363 | Train Acc: 91.55%
[Worker 14] Round 7 | Loss: 0.278183 | Train Acc: 91.8667%
[Central Round] 7 [Global Test Accuracy]: 91.79%
[Worker 4] Round 8 | Loss: 0.297212 | Train Acc: 91.5%
[Worker 2] Round 8 | Loss: 0.291229 | Train Acc: 92.0917%
[Worker 6] Round 8 | Loss: 0.264831 | Train Acc: 92.9417%
[Worker 9] Round 8 | Loss: 0.29635 | Train Acc: 91.5167%
[Worker 11] Round 8 | Loss: 0.247855 | Train Acc: 92.95%
[Worker 5] Round 8 | Loss: 0.295749 | Train Acc: 91.9083%
[Worker 12] Round 8 | Loss: 0.284784 | Train Acc: 91.9917%
[Worker 1] Round 8 | Loss: 0.291291 | Train Acc: 91.9083%
[Worker 7] Round 8 | Loss: 0.274434 | Train Acc: 92.1833%
[Worker 10] Round 8 | Loss: 0.289968 | Train Acc: 91.35%
[Worker 8] Round 8 | Loss: 0.272953 | Train Acc: 92.2333%
[Worker 3] Round 8 | Loss: 0.292684 | Train Acc: 91.6583%
[Worker 15] Round 8 | Loss: 0.311693 | Train Acc: 90.95%
[Worker 13] Round 8 | Loss: 0.282962 | Train Acc: 92.25%
[Worker 14] Round 8 | Loss: 0.275025 | Train Acc: 91.9333%
[Central Round] 8 [Global Test Accuracy]: 91.89%
[Worker 4] Round 9 | Loss: 0.295151 | Train Acc: 91.65%
[Worker 2] Round 9 | Loss: 0.287964 | Train Acc: 92.0583%
[Worker 6] Round 9 | Loss: 0.26154 | Train Acc: 93.125%
[Worker 8] Round 9 | Loss: 0.270433 | Train Acc: 92.2833%
[Worker 9] Round 9 | Loss: 0.294251 | Train Acc: 91.7083%
[Worker 11] Round 9 | Loss: 0.244819 | Train Acc: 92.9583%
[Worker 5] Round 9 | Loss: 0.29294 | Train Acc: 92.0083%
[Worker 1] Round 9 | Loss: 0.289132 | Train Acc: 92.0333%
[Worker 3] Round 9 | Loss: 0.290301 | Train Acc: 91.6333%
[Worker 12] Round 9 | Loss: 0.282399 | Train Acc: 92.2%
[Worker 10] Round 9 | Loss: 0.287311 | Train Acc: 91.4167%
[Worker 7] Round 9 | Loss: 0.271823 | Train Acc: 92.3333%
[Worker 15] Round 9 | Loss: 0.30947 | Train Acc: 90.8583%
[Worker 14] Round 9 | Loss: 0.272243 | Train Acc: 92.025%
[Worker 13] Round 9 | Loss: 0.280762 | Train Acc: 92.2333%
[Central Round] 9 [Global Test Accuracy]: 91.88%
[Worker 6] Round 10 | Loss: 0.259673 | Train Acc: 93.0333%
[Worker 11] Round 10 | Loss: 0.242423 | Train Acc: 92.9833%
[Worker 8] Round 10 | Loss: 0.26846 | Train Acc: 92.4583%
[Worker 2] Round 10 | Loss: 0.286115 | Train Acc: 92.1167%
[Worker 7] Round 10 | Loss: 0.269351 | Train Acc: 92.5667%
[Worker 4] Round 10 | Loss: 0.292445 | Train Acc: 91.7667%
[Worker 12] Round 10 | Loss: 0.280228 | Train Acc: 92.225%
[Worker 10] Round 10 | Loss: 0.28563 | Train Acc: 91.425%
[Worker 14] Round 10 | Loss: 0.270169 | Train Acc: 92.1917%
[Worker 15] Round 10 | Loss: 0.30699 | Train Acc: 91.1083%
[Worker 13] Round 10 | Loss: 0.278314 | Train Acc: 92.525%
[Worker 5] Round 10 | Loss: 0.290711 | Train Acc: 91.9583%
[Worker 9] Round 10 | Loss: 0.291446 | Train Acc: 91.8%
[Worker 1] Round 10 | Loss: 0.287211 | Train Acc: 92%
[Worker 3] Round 10 | Loss: 0.28782 | Train Acc: 91.7583%
[Central Round] 10 [Global Test Accuracy]: 91.95%
[Worker 5] Round 11 | Loss: 0.288695 | Train Acc: 92.0917%
[Worker 1] Round 11 | Loss: 0.285285 | Train Acc: 92.25%
[Worker 9] Round 11 | Loss: 0.289308 | Train Acc: 91.9%
[Worker 3] Round 11 | Loss: 0.286177 | Train Acc: 91.8083%
[Worker 4] Round 11 | Loss: 0.290571 | Train Acc: 91.7667%
[Worker 2] Round 11 | Loss: 0.28378 | Train Acc: 92.2833%
[Worker 8] Round 11 | Loss: 0.267239 | Train Acc: 92.3%
[Worker 6] Round 11 | Loss: 0.257648 | Train Acc: 93.1417%
[Worker 15] Round 11 | Loss: 0.30532 | Train Acc: 91.2%
[Worker 13] Round 11 | Loss: 0.276368 | Train Acc: 92.4917%
[Worker 11] Round 11 | Loss: 0.239965 | Train Acc: 93.0167%
[Worker 7] Round 11 | Loss: 0.267904 | Train Acc: 92.4417%
[Worker 12] Round 11 | Loss: 0.278128 | Train Acc: 92.225%
[Worker 10] Round 11 | Loss: 0.282692 | Train Acc: 91.6667%
[Worker 14] Round 11 | Loss: 0.266932 | Train Acc: 92.1583%
[Central Round] 11 [Global Test Accuracy]: 92%
[Worker 4] Round 12 | Loss: 0.287805 | Train Acc: 91.9083%
[Worker 2] Round 12 | Loss: 0.282106 | Train Acc: 92.375%
[Worker 6] Round 12 | Loss: 0.256021 | Train Acc: 93.1833%
[Worker 8] Round 12 | Loss: 0.265522 | Train Acc: 92.425%
[Worker 9] Round 12 | Loss: 0.287496 | Train Acc: 91.8417%
[Worker 12] Round 12 | Loss: 0.276497 | Train Acc: 92.425%
[Worker 5] Round 12 | Loss: 0.286415 | Train Acc: 92.1667%
[Worker 11] Round 12 | Loss: 0.238335 | Train Acc: 93.05%
[Worker 7] Round 12 | Loss: 0.265891 | Train Acc: 92.5083%
[Worker 15] Round 12 | Loss: 0.302514 | Train Acc: 91.125%
[Worker 1] Round 12 | Loss: 0.283524 | Train Acc: 92.15%
[Worker 10] Round 12 | Loss: 0.281237 | Train Acc: 91.5167%
[Worker 13] Round 12 | Loss: 0.274258 | Train Acc: 92.5%
[Worker 3] Round 12 | Loss: 0.284061 | Train Acc: 91.8%
[Worker 14] Round 12 | Loss: 0.26584 | Train Acc: 92.375%
[Central Round] 12 [Global Test Accuracy]: 92.01%
[Worker 4] Round 13 | Loss: 0.286443 | Train Acc: 91.8667%
[Worker 8] Round 13 | Loss: 0.264203 | Train Acc: 92.6%
[Worker 2] Round 13 | Loss: 0.280513 | Train Acc: 92.35%
[Worker 6] Round 13 | Loss: 0.254513 | Train Acc: 93.2417%
[Worker 9] Round 13 | Loss: 0.286254 | Train Acc: 91.9417%
[Worker 5] Round 13 | Loss: 0.285122 | Train Acc: 92.15%
[Worker 1] Round 13 | Loss: 0.282041 | Train Acc: 92.2167%
[Worker 11] Round 13 | Loss: 0.236329 | Train Acc: 93.175%
[Worker 15] Round 13 | Loss: 0.300649 | Train Acc: 91.2583%
[Worker 13] Round 13 | Loss: 0.271953 | Train Acc: 92.6417%
[Worker 7] Round 13 | Loss: 0.264706 | Train Acc: 92.6917%
[Worker 12] Round 13 | Loss: 0.275272 | Train Acc: 92.3333%
[Worker 10] Round 13 | Loss: 0.279219 | Train Acc: 91.675%
[Worker 3] Round 13 | Loss: 0.282545 | Train Acc: 91.925%
[Worker 14] Round 13 | Loss: 0.263554 | Train Acc: 92.325%
[Central Round] 13 [Global Test Accuracy]: 92.1%
[Worker 4] Round 14 | Loss: 0.285047 | Train Acc: 92.0417%
[Worker 2] Round 14 | Loss: 0.278057 | Train Acc: 92.575%
[Worker 6] Round 14 | Loss: 0.252932 | Train Acc: 93.3%
[Worker 8] Round 14 | Loss: 0.263032 | Train Acc: 92.6%
[Worker 9] Round 14 | Loss: 0.284191 | Train Acc: 92.025%
[Worker 5] Round 14 | Loss: 0.283295 | Train Acc: 92.25%
[Worker 1] Round 14 | Loss: 0.280757 | Train Acc: 92.2833%
[Worker 12] Round 14 | Loss: 0.273536 | Train Acc: 92.3833%
[Worker 11] Round 14 | Loss: 0.235177 | Train Acc: 93.175%
[Worker 13] Round 14 | Loss: 0.271279 | Train Acc: 92.675%
[Worker 10] Round 14 | Loss: 0.277904 | Train Acc: 91.725%
[Worker 7] Round 14 | Loss: 0.263233 | Train Acc: 92.7833%
[Worker 15] Round 14 | Loss: 0.299635 | Train Acc: 91.3083%
[Worker 3] Round 14 | Loss: 0.2816 | Train Acc: 91.9583%
[Worker 14] Round 14 | Loss: 0.262316 | Train Acc: 92.4333%
[Central Round] 14 [Global Test Accuracy]: 92.04%
[Worker 4] Round 15 | Loss: 0.28334 | Train Acc: 91.9583%
[Worker 8] Round 15 | Loss: 0.261796 | Train Acc: 92.675%
[Worker 2] Round 15 | Loss: 0.277051 | Train Acc: 92.55%
[Worker 6] Round 15 | Loss: 0.251377 | Train Acc: 93.3917%
[Worker 9] Round 15 | Loss: 0.282932 | Train Acc: 91.9667%
[Worker 5] Round 15 | Loss: 0.281948 | Train Acc: 92.3167%
[Worker 11] Round 15 | Loss: 0.233749 | Train Acc: 93.2667%
[Worker 1] Round 15 | Loss: 0.279223 | Train Acc: 92.2083%
[Worker 12] Round 15 | Loss: 0.272661 | Train Acc: 92.5667%
[Worker 7] Round 15 | Loss: 0.261733 | Train Acc: 92.6167%
[Worker 15] Round 15 | Loss: 0.297758 | Train Acc: 91.3167%
[Worker 10] Round 15 | Loss: 0.276246 | Train Acc: 91.8833%
[Worker 13] Round 15 | Loss: 0.270051 | Train Acc: 92.725%
[Worker 3] Round 15 | Loss: 0.280356 | Train Acc: 91.8083%
[Worker 14] Round 15 | Loss: 0.260792 | Train Acc: 92.4667%
[Central Round] 15 [Global Test Accuracy]: 92.09%
[Worker 4] Round 16 | Loss: 0.282228 | Train Acc: 92.0167%
[Worker 8] Round 16 | Loss: 0.260537 | Train Acc: 92.55%
[Worker 6] Round 16 | Loss: 0.249947 | Train Acc: 93.4917%
[Worker 2] Round 16 | Loss: 0.276068 | Train Acc: 92.4583%
[Worker 9] Round 16 | Loss: 0.281032 | Train Acc: 91.9583%
[Worker 5] Round 16 | Loss: 0.279825 | Train Acc: 92.4417%
[Worker 11] Round 16 | Loss: 0.232236 | Train Acc: 93.3167%
[Worker 12] Round 16 | Loss: 0.271367 | Train Acc: 92.5%
[Worker 1] Round 16 | Loss: 0.278131 | Train Acc: 92.175%
[Worker 13] Round 16 | Loss: 0.268266 | Train Acc: 92.825%
[Worker 10] Round 16 | Loss: 0.275159 | Train Acc: 91.8167%
[Worker 7] Round 16 | Loss: 0.260529 | Train Acc: 92.7167%
[Worker 15] Round 16 | Loss: 0.29615 | Train Acc: 91.5833%
[Worker 3] Round 16 | Loss: 0.279161 | Train Acc: 92.05%
[Worker 14] Round 16 | Loss: 0.259819 | Train Acc: 92.4417%
[Central Round] 16 [Global Test Accuracy]: 92.02%
[Worker 4] Round 17 | Loss: 0.280959 | Train Acc: 92.15%
[Worker 6] Round 17 | Loss: 0.248992 | Train Acc: 93.4%
[Worker 9] Round 17 | Loss: 0.279883 | Train Acc: 92.0667%
[Worker 8] Round 17 | Loss: 0.259591 | Train Acc: 92.775%
[Worker 1] Round 17 | Loss: 0.276899 | Train Acc: 92.2917%
[Worker 5] Round 17 | Loss: 0.278928 | Train Acc: 92.4%
[Worker 12] Round 17 | Loss: 0.270541 | Train Acc: 92.6083%
[Worker 11] Round 17 | Loss: 0.230949 | Train Acc: 93.35%
[Worker 13] Round 17 | Loss: 0.267633 | Train Acc: 92.775%
[Worker 15] Round 17 | Loss: 0.295274 | Train Acc: 91.4833%
[Worker 7] Round 17 | Loss: 0.258835 | Train Acc: 92.7583%
[Worker 10] Round 17 | Loss: 0.273957 | Train Acc: 91.8167%
[Worker 3] Round 17 | Loss: 0.278214 | Train Acc: 91.925%
[Worker 2] Round 17 | Loss: 0.274282 | Train Acc: 92.575%
[Worker 14] Round 17 | Loss: 0.258 | Train Acc: 92.6%
[Central Round] 17 [Global Test Accuracy]: 92.1%
[Worker 4] Round 18 | Loss: 0.279941 | Train Acc: 92.0333%
[Worker 8] Round 18 | Loss: 0.259091 | Train Acc: 92.6833%
[Worker 6] Round 18 | Loss: 0.247982 | Train Acc: 93.4167%
[Worker 9] Round 18 | Loss: 0.278975 | Train Acc: 92.1667%
[Worker 2] Round 18 | Loss: 0.273121 | Train Acc: 92.5333%
[Worker 5] Round 18 | Loss: 0.277746 | Train Acc: 92.3583%
[Worker 11] Round 18 | Loss: 0.230048 | Train Acc: 93.375%
[Worker 12] Round 18 | Loss: 0.269495 | Train Acc: 92.6167%
[Worker 1] Round 18 | Loss: 0.276264 | Train Acc: 92.375%
[Worker 7] Round 18 | Loss: 0.258087 | Train Acc: 92.7833%
[Worker 15] Round 18 | Loss: 0.294808 | Train Acc: 91.4917%
[Worker 10] Round 18 | Loss: 0.272567 | Train Acc: 92.025%
[Worker 13] Round 18 | Loss: 0.266379 | Train Acc: 92.8%
[Worker 3] Round 18 | Loss: 0.276803 | Train Acc: 91.975%
[Worker 14] Round 18 | Loss: 0.257089 | Train Acc: 92.6167%
[Central Round] 18 [Global Test Accuracy]: 92.15%
[Worker 5] Round 19 | Loss: 0.276392 | Train Acc: 92.5167%
[Worker 9] Round 19 | Loss: 0.278113 | Train Acc: 92.2417%
[Worker 4] Round 19 | Loss: 0.278969 | Train Acc: 92.0833%
[Worker 2] Round 19 | Loss: 0.272407 | Train Acc: 92.6333%
[Worker 3] Round 19 | Loss: 0.276045 | Train Acc: 92.0833%
[Worker 6] Round 19 | Loss: 0.246916 | Train Acc: 93.5583%
[Worker 8] Round 19 | Loss: 0.258226 | Train Acc: 92.7417%
[Worker 1] Round 19 | Loss: 0.275243 | Train Acc: 92.35%
[Worker 15] Round 19 | Loss: 0.293557 | Train Acc: 91.4583%
[Worker 11] Round 19 | Loss: 0.228949 | Train Acc: 93.2917%
[Worker 12] Round 19 | Loss: 0.268857 | Train Acc: 92.55%
[Worker 13] Round 19 | Loss: 0.265368 | Train Acc: 92.8917%
[Worker 10] Round 19 | Loss: 0.271238 | Train Acc: 92%
[Worker 14] Round 19 | Loss: 0.256292 | Train Acc: 92.7417%
[Worker 7] Round 19 | Loss: 0.257217 | Train Acc: 92.8417%
[Central Round] 19 [Global Test Accuracy]: 92.18%
[Worker 8] Round 20 | Loss: 0.257167 | Train Acc: 92.7833%
[Worker 4] Round 20 | Loss: 0.278099 | Train Acc: 92.0833%
[Worker 6] Round 20 | Loss: 0.246369 | Train Acc: 93.625%
[Worker 2] Round 20 | Loss: 0.27094 | Train Acc: 92.6167%
[Worker 9] Round 20 | Loss: 0.27665 | Train Acc: 92.275%
[Worker 5] Round 20 | Loss: 0.275445 | Train Acc: 92.5083%
[Worker 11] Round 20 | Loss: 0.227523 | Train Acc: 93.4417%
[Worker 12] Round 20 | Loss: 0.267846 | Train Acc: 92.6917%
[Worker 1] Round 20 | Loss: 0.274341 | Train Acc: 92.2917%
[Worker 13] Round 20 | Loss: 0.264264 | Train Acc: 92.9333%
[Worker 7] Round 20 | Loss: 0.256698 | Train Acc: 92.8%
[Worker 15] Round 20 | Loss: 0.292468 | Train Acc: 91.6%
[Worker 10] Round 20 | Loss: 0.269962 | Train Acc: 92.0083%
[Worker 3] Round 20 | Loss: 0.274855 | Train Acc: 92.125%
[Worker 14] Round 20 | Loss: 0.254725 | Train Acc: 92.7583%
[Central Round] 20 [Global Test Accuracy]: 92.22%
[Worker 4] Round 21 | Loss: 0.277096 | Train Acc: 92.1417%
[Worker 8] Round 21 | Loss: 0.256497 | Train Acc: 92.775%
[Worker 6] Round 21 | Loss: 0.244691 | Train Acc: 93.525%
[Worker 2] Round 21 | Loss: 0.270359 | Train Acc: 92.7667%
[Worker 9] Round 21 | Loss: 0.275959 | Train Acc: 92.2583%
[Worker 1] Round 21 | Loss: 0.273945 | Train Acc: 92.4917%
[Worker 5] Round 21 | Loss: 0.273733 | Train Acc: 92.5333%
[Worker 12] Round 21 | Loss: 0.266746 | Train Acc: 92.7667%
[Worker 11] Round 21 | Loss: 0.226858 | Train Acc: 93.3917%
[Worker 7] Round 21 | Loss: 0.255902 | Train Acc: 92.8333%
[Worker 10] Round 21 | Loss: 0.269324 | Train Acc: 91.9667%
[Worker 13] Round 21 | Loss: 0.263886 | Train Acc: 92.775%
[Worker 15] Round 21 | Loss: 0.291436 | Train Acc: 91.6833%
[Worker 14] Round 21 | Loss: 0.254089 | Train Acc: 92.7583%
[Worker 3] Round 21 | Loss: 0.273993 | Train Acc: 92.1417%
[Central Round] 21 [Global Test Accuracy]: 92.12%
[Worker 4] Round 22 | Loss: 0.276055 | Train Acc: 92.175%
[Worker 8] Round 22 | Loss: 0.255771 | Train Acc: 92.875%
[Worker 6] Round 22 | Loss: 0.244382 | Train Acc: 93.625%
[Worker 5] Round 22 | Loss: 0.273665 | Train Acc: 92.525%
[Worker 9] Round 22 | Loss: 0.27518 | Train Acc: 92.3%
[Worker 11] Round 22 | Loss: 0.226151 | Train Acc: 93.3583%
[Worker 1] Round 22 | Loss: 0.272764 | Train Acc: 92.3167%
[Worker 7] Round 22 | Loss: 0.254846 | Train Acc: 92.9333%
[Worker 2] Round 22 | Loss: 0.268808 | Train Acc: 92.7%
[Worker 13] Round 22 | Loss: 0.262653 | Train Acc: 92.9167%
[Worker 3] Round 22 | Loss: 0.273204 | Train Acc: 92.225%
[Worker 10] Round 22 | Loss: 0.268331 | Train Acc: 92.1333%
[Worker 14] Round 22 | Loss: 0.252792 | Train Acc: 92.875%
[Worker 12] Round 22 | Loss: 0.265972 | Train Acc: 92.7917%
[Worker 15] Round 22 | Loss: 0.290109 | Train Acc: 91.6417%
[Central Round] 22 [Global Test Accuracy]: 92.17%
[Worker 4] Round 23 | Loss: 0.275215 | Train Acc: 92.0667%
[Worker 8] Round 23 | Loss: 0.255223 | Train Acc: 92.9417%
[Worker 6] Round 23 | Loss: 0.243362 | Train Acc: 93.7333%
[Worker 2] Round 23 | Loss: 0.267873 | Train Acc: 92.7917%
[Worker 9] Round 23 | Loss: 0.274581 | Train Acc: 92.3083%
[Worker 5] Round 23 | Loss: 0.272262 | Train Acc: 92.6167%
[Worker 11] Round 23 | Loss: 0.22522 | Train Acc: 93.5083%
[Worker 1] Round 23 | Loss: 0.271978 | Train Acc: 92.475%
[Worker 10] Round 23 | Loss: 0.267365 | Train Acc: 92.1333%
[Worker 13] Round 23 | Loss: 0.261797 | Train Acc: 93.125%
[Worker 7] Round 23 | Loss: 0.254412 | Train Acc: 92.9417%
[Worker 15] Round 23 | Loss: 0.289178 | Train Acc: 91.575%
[Worker 3] Round 23 | Loss: 0.272431 | Train Acc: 92.2417%
[Worker 12] Round 23 | Loss: 0.265292 | Train Acc: 92.7583%
[Worker 14] Round 23 | Loss: 0.251827 | Train Acc: 92.875%
[Central Round] 23 [Global Test Accuracy]: 92.29%
[Worker 2] Round 24 | Loss: 0.267302 | Train Acc: 92.775%
[Worker 9] Round 24 | Loss: 0.273221 | Train Acc: 92.3417%
[Worker 4] Round 24 | Loss: 0.27456 | Train Acc: 92.2667%
[Worker 5] Round 24 | Loss: 0.271344 | Train Acc: 92.7667%
[Worker 6] Round 24 | Loss: 0.242659 | Train Acc: 93.8%
[Worker 1] Round 24 | Loss: 0.271399 | Train Acc: 92.575%
[Worker 8] Round 24 | Loss: 0.254463 | Train Acc: 92.825%
[Worker 12] Round 24 | Loss: 0.264492 | Train Acc: 92.7583%
[Worker 13] Round 24 | Loss: 0.261282 | Train Acc: 92.9083%
[Worker 11] Round 24 | Loss: 0.224332 | Train Acc: 93.3917%
[Worker 7] Round 24 | Loss: 0.253345 | Train Acc: 93.0917%
[Worker 10] Round 24 | Loss: 0.266536 | Train Acc: 92.0167%
[Worker 15] Round 24 | Loss: 0.288885 | Train Acc: 91.55%
[Worker 3] Round 24 | Loss: 0.271691 | Train Acc: 92.125%
[Worker 14] Round 24 | Loss: 0.251357 | Train Acc: 92.9167%
[Central Round] 24 [Global Test Accuracy]: 92.16%
[Worker 8] Round 25 | Loss: 0.253564 | Train Acc: 93.0333%
[Worker 2] Round 25 | Loss: 0.266413 | Train Acc: 92.8417%
[Worker 4] Round 25 | Loss: 0.273438 | Train Acc: 92.3917%
[Worker 9] Round 25 | Loss: 0.272891 | Train Acc: 92.3417%
[Worker 6] Round 25 | Loss: 0.242424 | Train Acc: 93.6667%
[Worker 5] Round 25 | Loss: 0.270244 | Train Acc: 92.7417%
[Worker 1] Round 25 | Loss: 0.270835 | Train Acc: 92.5667%
[Worker 12] Round 25 | Loss: 0.263967 | Train Acc: 92.775%
[Worker 13] Round 25 | Loss: 0.260511 | Train Acc: 93%
[Worker 11] Round 25 | Loss: 0.223625 | Train Acc: 93.4667%
[Worker 15] Round 25 | Loss: 0.288137 | Train Acc: 91.6167%
[Worker 7] Round 25 | Loss: 0.25265 | Train Acc: 93.025%
[Worker 3] Round 25 | Loss: 0.270633 | Train Acc: 92.0417%
[Worker 10] Round 25 | Loss: 0.265694 | Train Acc: 92.0417%
[Worker 14] Round 25 | Loss: 0.250748 | Train Acc: 92.8833%
[Central Round] 25 [Global Test Accuracy]: 92.16%
[Worker 8] Round 26 | Loss: 0.252978 | Train Acc: 92.9583%
[Worker 2] Round 26 | Loss: 0.265248 | Train Acc: 92.9333%
[Worker 4] Round 26 | Loss: 0.272084 | Train Acc: 92.25%
[Worker 9] Round 26 | Loss: 0.271825 | Train Acc: 92.35%
[Worker 5] Round 26 | Loss: 0.269448 | Train Acc: 92.7417%
[Worker 11] Round 26 | Loss: 0.222869 | Train Acc: 93.4167%
[Worker 6] Round 26 | Loss: 0.241368 | Train Acc: 93.7083%
[Worker 1] Round 26 | Loss: 0.269878 | Train Acc: 92.525%
[Worker 12] Round 26 | Loss: 0.26338 | Train Acc: 92.85%
[Worker 7] Round 26 | Loss: 0.251814 | Train Acc: 93.0667%
[Worker 13] Round 26 | Loss: 0.259792 | Train Acc: 93.0667%
[Worker 15] Round 26 | Loss: 0.287248 | Train Acc: 91.65%
[Worker 14] Round 26 | Loss: 0.249917 | Train Acc: 93.1083%
[Worker 3] Round 26 | Loss: 0.270824 | Train Acc: 92.225%
[Worker 10] Round 26 | Loss: 0.264792 | Train Acc: 92.2083%
[Central Round] 26 [Global Test Accuracy]: 92.23%
[Worker 2] Round 27 | Loss: 0.265166 | Train Acc: 92.7417%
[Worker 4] Round 27 | Loss: 0.271657 | Train Acc: 92.3667%
[Worker 8] Round 27 | Loss: 0.253042 | Train Acc: 93.0667%
[Worker 12] Round 27 | Loss: 0.262322 | Train Acc: 92.9417%
[Worker 1] Round 27 | Loss: 0.269426 | Train Acc: 92.5917%
[Worker 6] Round 27 | Loss: 0.240787 | Train Acc: 93.725%
[Worker 13] Round 27 | Loss: 0.259339 | Train Acc: 93.15%
[Worker 5] Round 27 | Loss: 0.268578 | Train Acc: 92.6833%
[Worker 11] Round 27 | Loss: 0.222257 | Train Acc: 93.5833%
[Worker 9] Round 27 | Loss: 0.270894 | Train Acc: 92.4%
[Worker 7] Round 27 | Loss: 0.251386 | Train Acc: 93.025%
[Worker 3] Round 27 | Loss: 0.26966 | Train Acc: 92.2167%
[Worker 14] Round 27 | Loss: 0.249558 | Train Acc: 93.0167%
[Worker 10] Round 27 | Loss: 0.263632 | Train Acc: 92.2917%
[Worker 15] Round 27 | Loss: 0.286612 | Train Acc: 91.7833%
[Central Round] 27 [Global Test Accuracy]: 92.22%
[Worker 8] Round 28 | Loss: 0.252245 | Train Acc: 93.025%
[Worker 2] Round 28 | Loss: 0.264288 | Train Acc: 92.8417%
[Worker 4] Round 28 | Loss: 0.271315 | Train Acc: 92.3583%
[Worker 9] Round 28 | Loss: 0.270361 | Train Acc: 92.4%
[Worker 6] Round 28 | Loss: 0.240318 | Train Acc: 93.725%
[Worker 12] Round 28 | Loss: 0.262021 | Train Acc: 92.7917%
[Worker 11] Round 28 | Loss: 0.221271 | Train Acc: 93.4083%
[Worker 5] Round 28 | Loss: 0.267536 | Train Acc: 92.7083%
[Worker 1] Round 28 | Loss: 0.268868 | Train Acc: 92.5%
[Worker 13] Round 28 | Loss: 0.25795 | Train Acc: 92.9333%
[Worker 15] Round 28 | Loss: 0.286087 | Train Acc: 91.825%
[Worker 7] Round 28 | Loss: 0.250613 | Train Acc: 93.0583%
[Worker 10] Round 28 | Loss: 0.263652 | Train Acc: 92.3167%
[Worker 3] Round 28 | Loss: 0.269112 | Train Acc: 92.15%
[Worker 14] Round 28 | Loss: 0.248728 | Train Acc: 93.0333%
[Central Round] 28 [Global Test Accuracy]: 92.33%
[Worker 4] Round 29 | Loss: 0.270315 | Train Acc: 92.3833%
[Worker 2] Round 29 | Loss: 0.26325 | Train Acc: 92.85%
[Worker 8] Round 29 | Loss: 0.251504 | Train Acc: 93.0333%
[Worker 9] Round 29 | Loss: 0.269651 | Train Acc: 92.475%
[Worker 5] Round 29 | Loss: 0.267156 | Train Acc: 92.8%
[Worker 11] Round 29 | Loss: 0.220882 | Train Acc: 93.55%
[Worker 12] Round 29 | Loss: 0.261357 | Train Acc: 93.0333%
[Worker 1] Round 29 | Loss: 0.267985 | Train Acc: 92.7167%
[Worker 6] Round 29 | Loss: 0.239647 | Train Acc: 93.725%
[Worker 7] Round 29 | Loss: 0.24997 | Train Acc: 93.175%
[Worker 13] Round 29 | Loss: 0.258165 | Train Acc: 93.0667%
[Worker 15] Round 29 | Loss: 0.284926 | Train Acc: 91.825%
[Worker 10] Round 29 | Loss: 0.262543 | Train Acc: 92.2917%
[Worker 3] Round 29 | Loss: 0.268212 | Train Acc: 92.2917%
[Worker 14] Round 29 | Loss: 0.248106 | Train Acc: 93.0167%
[Central Round] 29 [Global Test Accuracy]: 92.24%
[Worker 2] Round 30 | Loss: 0.263062 | Train Acc: 92.9167%
[Worker 8] Round 30 | Loss: 0.251295 | Train Acc: 93.1583%
[Worker 9] Round 30 | Loss: 0.26873 | Train Acc: 92.3583%
[Worker 5] Round 30 | Loss: 0.266369 | Train Acc: 92.8667%
[Worker 12] Round 30 | Loss: 0.260844 | Train Acc: 92.875%
[Worker 11] Round 30 | Loss: 0.220199 | Train Acc: 93.5667%
[Worker 10] Round 30 | Loss: 0.261331 | Train Acc: 92.3833%
[Worker 4] Round 30 | Loss: 0.269789 | Train Acc: 92.375%
[Worker 1] Round 30 | Loss: 0.267933 | Train Acc: 92.5833%
[Worker 6] Round 30 | Loss: 0.2388 | Train Acc: 93.7667%
[Worker 13] Round 30 | Loss: 0.257421 | Train Acc: 93.1833%
[Worker 7] Round 30 | Loss: 0.249481 | Train Acc: 93.075%
[Worker 15] Round 30 | Loss: 0.284725 | Train Acc: 91.925%
[Worker 3] Round 30 | Loss: 0.268194 | Train Acc: 92.3%
[Worker 14] Round 30 | Loss: 0.247395 | Train Acc: 93.0917%
[Central Round] 30 [Global Test Accuracy]: 92.19%
[Worker 2] Round 31 | Loss: 0.261707 | Train Acc: 92.85%
[Worker 8] Round 31 | Loss: 0.250412 | Train Acc: 93.1333%
[Worker 4] Round 31 | Loss: 0.269438 | Train Acc: 92.4%
[Worker 9] Round 31 | Loss: 0.268383 | Train Acc: 92.3667%
[Worker 5] Round 31 | Loss: 0.265174 | Train Acc: 92.9%
[Worker 11] Round 31 | Loss: 0.219938 | Train Acc: 93.575%
[Worker 1] Round 31 | Loss: 0.267389 | Train Acc: 92.6333%
[Worker 12] Round 31 | Loss: 0.260445 | Train Acc: 93.0083%
[Worker 10] Round 31 | Loss: 0.261173 | Train Acc: 92.2917%
[Worker 6] Round 31 | Loss: 0.238543 | Train Acc: 93.825%
[Worker 7] Round 31 | Loss: 0.24897 | Train Acc: 93.0667%
[Worker 13] Round 31 | Loss: 0.257052 | Train Acc: 93.0667%
[Worker 15] Round 31 | Loss: 0.284189 | Train Acc: 91.8667%
[Worker 3] Round 31 | Loss: 0.267404 | Train Acc: 92.275%
[Worker 14] Round 31 | Loss: 0.246783 | Train Acc: 93.1333%
[Central Round] 31 [Global Test Accuracy]: 92.31%
[Worker 2] Round 32 | Loss: 0.261514 | Train Acc: 92.875%
[Worker 8] Round 32 | Loss: 0.249693 | Train Acc: 93.1%
[Worker 4] Round 32 | Loss: 0.268861 | Train Acc: 92.4333%
[Worker 5] Round 32 | Loss: 0.264924 | Train Acc: 92.8083%
[Worker 6] Round 32 | Loss: 0.238015 | Train Acc: 93.7583%
[Worker 9] Round 32 | Loss: 0.26799 | Train Acc: 92.4667%
[Worker 12] Round 32 | Loss: 0.260221 | Train Acc: 92.8667%
[Worker 11] Round 32 | Loss: 0.219383 | Train Acc: 93.5583%
[Worker 10] Round 32 | Loss: 0.261001 | Train Acc: 92.175%
[Worker 13] Round 32 | Loss: 0.256445 | Train Acc: 92.9833%
[Worker 1] Round 32 | Loss: 0.267273 | Train Acc: 92.4917%
[Worker 7] Round 32 | Loss: 0.248781 | Train Acc: 93.1167%
[Worker 14] Round 32 | Loss: 0.246263 | Train Acc: 93.1083%
[Worker 3] Round 32 | Loss: 0.267017 | Train Acc: 92.35%
[Worker 15] Round 32 | Loss: 0.283471 | Train Acc: 91.925%
[Central Round] 32 [Global Test Accuracy]: 92.31%
[Worker 2] Round 33 | Loss: 0.261248 | Train Acc: 92.9%
[Worker 8] Round 33 | Loss: 0.249714 | Train Acc: 93.0917%
[Worker 9] Round 33 | Loss: 0.267365 | Train Acc: 92.425%
[Worker 12] Round 33 | Loss: 0.259485 | Train Acc: 92.975%
[Worker 4] Round 33 | Loss: 0.268185 | Train Acc: 92.4%
[Worker 10] Round 33 | Loss: 0.259667 | Train Acc: 92.3167%
[Worker 5] Round 33 | Loss: 0.264394 | Train Acc: 92.8917%
[Worker 6] Round 33 | Loss: 0.237413 | Train Acc: 93.9583%
[Worker 11] Round 33 | Loss: 0.218753 | Train Acc: 93.6833%
[Worker 1] Round 33 | Loss: 0.266356 | Train Acc: 92.6333%
[Worker 13] Round 33 | Loss: 0.25633 | Train Acc: 93.2417%
[Worker 15] Round 33 | Loss: 0.282892 | Train Acc: 92.0167%
[Worker 7] Round 33 | Loss: 0.248394 | Train Acc: 93.2167%
[Worker 3] Round 33 | Loss: 0.266698 | Train Acc: 92.3417%
[Worker 14] Round 33 | Loss: 0.245783 | Train Acc: 93.1417%
[Central Round] 33 [Global Test Accuracy]: 92.35%
[Worker 2] Round 34 | Loss: 0.260762 | Train Acc: 92.9%
[Worker 8] Round 34 | Loss: 0.249329 | Train Acc: 93.1167%
[Worker 9] Round 34 | Loss: 0.266761 | Train Acc: 92.4583%
[Worker 4] Round 34 | Loss: 0.26712 | Train Acc: 92.425%
[Worker 11] Round 34 | Loss: 0.218178 | Train Acc: 93.6%
[Worker 5] Round 34 | Loss: 0.263509 | Train Acc: 93%
[Worker 1] Round 34 | Loss: 0.266173 | Train Acc: 92.7917%
[Worker 10] Round 34 | Loss: 0.259298 | Train Acc: 92.3083%
[Worker 6] Round 34 | Loss: 0.236627 | Train Acc: 93.7833%
[Worker 12] Round 34 | Loss: 0.258916 | Train Acc: 92.9083%
[Worker 7] Round 34 | Loss: 0.247609 | Train Acc: 93.1833%
[Worker 13] Round 34 | Loss: 0.255335 | Train Acc: 93.1667%
[Worker 15] Round 34 | Loss: 0.282485 | Train Acc: 92%
[Worker 3] Round 34 | Loss: 0.265644 | Train Acc: 92.4167%
[Worker 14] Round 34 | Loss: 0.245222 | Train Acc: 93.1333%
[Central Round] 34 [Global Test Accuracy]: 92.34%
[Worker 2] Round 35 | Loss: 0.259895 | Train Acc: 92.8417%
[Worker 9] Round 35 | Loss: 0.266459 | Train Acc: 92.45%
[Worker 8] Round 35 | Loss: 0.249433 | Train Acc: 93.2167%
[Worker 4] Round 35 | Loss: 0.267177 | Train Acc: 92.4167%
[Worker 5] Round 35 | Loss: 0.262859 | Train Acc: 92.825%
[Worker 10] Round 35 | Loss: 0.25912 | Train Acc: 92.325%
[Worker 11] Round 35 | Loss: 0.217668 | Train Acc: 93.55%
[Worker 12] Round 35 | Loss: 0.258301 | Train Acc: 92.9583%
[Worker 6] Round 35 | Loss: 0.236347 | Train Acc: 93.925%
[Worker 13] Round 35 | Loss: 0.255295 | Train Acc: 93.2083%
[Worker 1] Round 35 | Loss: 0.265721 | Train Acc: 92.7333%
[Worker 7] Round 35 | Loss: 0.246926 | Train Acc: 93.2%
[Worker 15] Round 35 | Loss: 0.282691 | Train Acc: 91.8833%
[Worker 3] Round 35 | Loss: 0.265466 | Train Acc: 92.4667%
[Worker 14] Round 35 | Loss: 0.244953 | Train Acc: 93.15%
[Central Round] 35 [Global Test Accuracy]: 92.36%
[Worker 2] Round 36 | Loss: 0.25947 | Train Acc: 92.9333%
[Worker 9] Round 36 | Loss: 0.265995 | Train Acc: 92.4333%
[Worker 8] Round 36 | Loss: 0.248349 | Train Acc: 93.2167%
[Worker 5] Round 36 | Loss: 0.262628 | Train Acc: 92.825%
[Worker 4] Round 36 | Loss: 0.266616 | Train Acc: 92.2667%
[Worker 10] Round 36 | Loss: 0.258551 | Train Acc: 92.3167%
[Worker 11] Round 36 | Loss: 0.217305 | Train Acc: 93.625%
[Worker 12] Round 36 | Loss: 0.257852 | Train Acc: 92.875%
[Worker 6] Round 36 | Loss: 0.235945 | Train Acc: 93.8917%
[Worker 1] Round 36 | Loss: 0.265104 | Train Acc: 92.65%
[Worker 13] Round 36 | Loss: 0.254222 | Train Acc: 93.2417%
[Worker 15] Round 36 | Loss: 0.281883 | Train Acc: 91.8917%
[Worker 7] Round 36 | Loss: 0.246284 | Train Acc: 93.175%
[Worker 3] Round 36 | Loss: 0.265018 | Train Acc: 92.2833%
[Worker 14] Round 36 | Loss: 0.244054 | Train Acc: 93.225%
[Central Round] 36 [Global Test Accuracy]: 92.44%
[Worker 12] Round 37 | Loss: 0.257833 | Train Acc: 93.05%
[Worker 2] Round 37 | Loss: 0.258534 | Train Acc: 93.0083%
[Worker 8] Round 37 | Loss: 0.248247 | Train Acc: 93.2667%
[Worker 9] Round 37 | Loss: 0.265531 | Train Acc: 92.5167%
[Worker 4] Round 37 | Loss: 0.266312 | Train Acc: 92.375%
[Worker 5] Round 37 | Loss: 0.262392 | Train Acc: 92.9%
[Worker 1] Round 37 | Loss: 0.264569 | Train Acc: 92.65%
[Worker 10] Round 37 | Loss: 0.257566 | Train Acc: 92.3833%
[Worker 11] Round 37 | Loss: 0.217008 | Train Acc: 93.7167%
[Worker 6] Round 37 | Loss: 0.2352 | Train Acc: 93.95%
[Worker 7] Round 37 | Loss: 0.245953 | Train Acc: 93.1667%
[Worker 13] Round 37 | Loss: 0.254496 | Train Acc: 93.2833%
[Worker 3] Round 37 | Loss: 0.264644 | Train Acc: 92.4833%
[Worker 14] Round 37 | Loss: 0.243931 | Train Acc: 93.2167%
[Worker 15] Round 37 | Loss: 0.280892 | Train Acc: 91.8667%
[Central Round] 37 [Global Test Accuracy]: 92.33%
[Worker 2] Round 38 | Loss: 0.258167 | Train Acc: 93%
[Worker 8] Round 38 | Loss: 0.247426 | Train Acc: 93.1417%
[Worker 4] Round 38 | Loss: 0.265908 | Train Acc: 92.4833%
[Worker 9] Round 38 | Loss: 0.264861 | Train Acc: 92.4667%
[Worker 5] Round 38 | Loss: 0.261219 | Train Acc: 93.0333%
[Worker 12] Round 38 | Loss: 0.257281 | Train Acc: 93.025%
[Worker 11] Round 38 | Loss: 0.216263 | Train Acc: 93.6583%
[Worker 1] Round 38 | Loss: 0.264555 | Train Acc: 92.6417%
[Worker 6] Round 38 | Loss: 0.234965 | Train Acc: 93.9417%
[Worker 13] Round 38 | Loss: 0.254112 | Train Acc: 93.1333%
[Worker 10] Round 38 | Loss: 0.257405 | Train Acc: 92.4917%
[Worker 7] Round 38 | Loss: 0.245445 | Train Acc: 93.2%
[Worker 15] Round 38 | Loss: 0.280412 | Train Acc: 91.8417%
[Worker 3] Round 38 | Loss: 0.263989 | Train Acc: 92.4083%
[Worker 14] Round 38 | Loss: 0.243703 | Train Acc: 93.2083%
[Central Round] 38 [Global Test Accuracy]: 92.39%
[Worker 2] Round 39 | Loss: 0.257717 | Train Acc: 93%
[Worker 9] Round 39 | Loss: 0.264093 | Train Acc: 92.5417%
[Worker 8] Round 39 | Loss: 0.247634 | Train Acc: 93.2333%
[Worker 5] Round 39 | Loss: 0.260719 | Train Acc: 92.875%
[Worker 11] Round 39 | Loss: 0.215654 | Train Acc: 93.7667%
[Worker 12] Round 39 | Loss: 0.257095 | Train Acc: 93.025%
[Worker 10] Round 39 | Loss: 0.256648 | Train Acc: 92.3%
[Worker 1] Round 39 | Loss: 0.264158 | Train Acc: 92.7%
[Worker 13] Round 39 | Loss: 0.253553 | Train Acc: 93.2583%
[Worker 15] Round 39 | Loss: 0.280219 | Train Acc: 91.9417%
[Worker 4] Round 39 | Loss: 0.265411 | Train Acc: 92.575%
[Worker 7] Round 39 | Loss: 0.245527 | Train Acc: 93.2083%
[Worker 6] Round 39 | Loss: 0.234688 | Train Acc: 93.975%
[Worker 3] Round 39 | Loss: 0.26358 | Train Acc: 92.425%
[Worker 14] Round 39 | Loss: 0.2432 | Train Acc: 93.2667%
[Central Round] 39 [Global Test Accuracy]: 92.34%
[Worker 2] Round 40 | Loss: 0.257646 | Train Acc: 92.9917%
[Worker 8] Round 40 | Loss: 0.246846 | Train Acc: 93.3417%
[Worker 12] Round 40 | Loss: 0.256431 | Train Acc: 93.0167%
[Worker 5] Round 40 | Loss: 0.260274 | Train Acc: 92.9833%
[Worker 1] Round 40 | Loss: 0.263317 | Train Acc: 92.7667%
[Worker 11] Round 40 | Loss: 0.21568 | Train Acc: 93.7333%
[Worker 13] Round 40 | Loss: 0.253078 | Train Acc: 93.2333%
[Worker 4] Round 40 | Loss: 0.264797 | Train Acc: 92.575%
[Worker 7] Round 40 | Loss: 0.244883 | Train Acc: 93.3167%
[Worker 9] Round 40 | Loss: 0.263842 | Train Acc: 92.525%
[Worker 15] Round 40 | Loss: 0.279569 | Train Acc: 91.9583%
[Worker 6] Round 40 | Loss: 0.234216 | Train Acc: 94.0167%
[Worker 10] Round 40 | Loss: 0.256054 | Train Acc: 92.3833%
[Worker 3] Round 40 | Loss: 0.263921 | Train Acc: 92.3833%
[Worker 14] Round 40 | Loss: 0.242655 | Train Acc: 93.2833%
[Central Round] 40 [Global Test Accuracy]: 92.39%
[Worker 2] Round 41 | Loss: 0.256663 | Train Acc: 92.9667%
[Worker 8] Round 41 | Loss: 0.246808 | Train Acc: 93.275%
[Worker 4] Round 41 | Loss: 0.26435 | Train Acc: 92.3667%
[Worker 10] Round 41 | Loss: 0.256261 | Train Acc: 92.4667%
[Worker 9] Round 41 | Loss: 0.263691 | Train Acc: 92.5583%
[Worker 1] Round 41 | Loss: 0.263336 | Train Acc: 92.8167%
[Worker 5] Round 41 | Loss: 0.259385 | Train Acc: 93.075%
[Worker 13] Round 41 | Loss: 0.252323 | Train Acc: 93.4%
[Worker 11] Round 41 | Loss: 0.214791 | Train Acc: 93.7583%
[Worker 15] Round 41 | Loss: 0.27951 | Train Acc: 91.9667%
[Worker 12] Round 41 | Loss: 0.256224 | Train Acc: 92.9833%
[Worker 7] Round 41 | Loss: 0.24441 | Train Acc: 93.2833%
[Worker 6] Round 41 | Loss: 0.234149 | Train Acc: 94.0083%
[Worker 3] Round 41 | Loss: 0.262937 | Train Acc: 92.4583%
[Worker 14] Round 41 | Loss: 0.242419 | Train Acc: 93.2833%
[Central Round] 41 [Global Test Accuracy]: 92.42%
[Central] Early stopping at round 41 after 5 rounds without global accuracy improvement.

[Central] Done. Federated data saved to /home-mscluster/ldemelo/HPC_Assignment/problem1/federated_clustering_mpi/metrics/sweep_5/federated/round_robin_iid_np16_rep3
