Rank 7 of 13 processes
Rank 9 of 13 processes
Rank 12 of 13 processes
Rank 1 of 13 processes
Rank 5 of 13 processes
Rank 11 of 13 processes
Rank 3 of 13 processes
Rank 4 of 13 processes
Rank 8 of 13 processes
Rank 2 of 13 processes
Rank 10 of 13 processes
Rank 6 of 13 processes
Rank 0 of 13 processes
Softmax regression: 10 classes; 784 features
[Mode] IID Round Robin Baseline
[Mode] IID Round Robin Baseline
[Mode] IID Round Robin Baseline
[Mode] IID Round Robin Baseline
[Mode] IID Round Robin Baseline
[Mode] IID Round Robin Baseline
[Distributed Worker 1] Shard size: 5000
[Distributed Worker 7] Shard size: 5000
[Distributed Worker 11] Shard size: 5000
[Distributed Worker 3] Shard size: 5000
[Distributed Worker 5] Shard size: 5000
[Distributed Worker 9] Shard size: 5000
Softmax regression: 10 classes; 784 features
Softmax regression: 10 classes; 784 features
Softmax regression: 10 classes; 784 features
Softmax regression: 10 classes; 784 features
Softmax regression: 10 classes; 784 features
Softmax regression: 10 classes; 784 features
[Mode] IID Round Robin Baseline
[Mode] IID Round Robin Baseline
[Mode] IID Round Robin Baseline
[Mode] IID Round Robin Baseline
[Mode] IID Round Robin Baseline
[Mode] IID Round Robin Baseline
[Distributed Worker 10] Shard size: 5000
[Distributed Worker 2] Shard size: 5000
Softmax regression: 10 classes; 784 features
Softmax regression: 10 classes; 784 features
[Distributed Worker 8] Shard size: 5000
[Distributed Worker 4] Shard size: 5000
Softmax regression: 10 classes; 784 features
Softmax regression: 10 classes; 784 features
[Distributed Worker 12] Shard size: 5000
Softmax regression: 10 classes; 784 features
[Distributed Worker 6] Shard size: 5000
Softmax regression: 10 classes; 784 features
[Worker 7] Round 1 | Loss: 0.511696 | Train Acc: 86.216%
[Worker 11] Round 1 | Loss: 0.505793 | Train Acc: 86.668%
[Worker 3] Round 1 | Loss: 0.528542 | Train Acc: 85.624%
[Worker 9] Round 1 | Loss: 0.523648 | Train Acc: 86.128%
[Worker 5] Round 1 | Loss: 0.50062 | Train Acc: 86.932%
[Worker 1] Round 1 | Loss: 0.530244 | Train Acc: 85.876%
[Worker 10] Round 1 | Loss: 0.368209 | Train Acc: 90.8%
[Worker 8] Round 1 | Loss: 0.345801 | Train Acc: 91.512%
[Worker 12] Round 1 | Loss: 0.375167 | Train Acc: 90.876%
[Worker 4] Round 1 | Loss: 0.344328 | Train Acc: 91.568%
[Worker 2] Round 1 | Loss: 0.359603 | Train Acc: 91.568%
[Worker 6] Round 1 | Loss: 0.346775 | Train Acc: 91.604%
[Central Round] 1 [Global Test Accuracy]: 90.23%
[Worker 11] Round 2 | Loss: 0.365025 | Train Acc: 89.704%
[Worker 5] Round 2 | Loss: 0.361257 | Train Acc: 89.864%
[Worker 9] Round 2 | Loss: 0.385006 | Train Acc: 89.112%
[Worker 1] Round 2 | Loss: 0.393654 | Train Acc: 88.836%
[Worker 3] Round 2 | Loss: 0.391898 | Train Acc: 88.732%
[Worker 7] Round 2 | Loss: 0.374548 | Train Acc: 89.236%
[Worker 12] Round 2 | Loss: 0.248615 | Train Acc: 93.164%
[Worker 4] Round 2 | Loss: 0.213057 | Train Acc: 94.076%
[Worker 8] Round 2 | Loss: 0.215982 | Train Acc: 94.008%
[Worker 10] Round 2 | Loss: 0.238285 | Train Acc: 93.32%
[Worker 2] Round 2 | Loss: 0.233488 | Train Acc: 93.98%
[Worker 6] Round 2 | Loss: 0.21674 | Train Acc: 94.292%
[Central Round] 2 [Global Test Accuracy]: 90.88%
[Worker 5] Round 3 | Loss: 0.338395 | Train Acc: 90.352%
[Worker 11] Round 3 | Loss: 0.341152 | Train Acc: 90.412%
[Worker 3] Round 3 | Loss: 0.368987 | Train Acc: 89.212%
[Worker 9] Round 3 | Loss: 0.359721 | Train Acc: 89.82%
[Worker 1] Round 3 | Loss: 0.373177 | Train Acc: 89.372%
[Worker 7] Round 3 | Loss: 0.354593 | Train Acc: 90%
[Worker 10] Round 3 | Loss: 0.219065 | Train Acc: 93.88%
[Worker 2] Round 3 | Loss: 0.214864 | Train Acc: 94.36%
[Worker 8] Round 3 | Loss: 0.197841 | Train Acc: 94.464%
[Worker 12] Round 3 | Loss: 0.230076 | Train Acc: 93.556%
[Worker 4] Round 3 | Loss: 0.193046 | Train Acc: 94.644%
[Worker 6] Round 3 | Loss: 0.196783 | Train Acc: 94.86%
[Central Round] 3 [Global Test Accuracy]: 91.41%
[Worker 5] Round 4 | Loss: 0.326687 | Train Acc: 90.812%
[Worker 11] Round 4 | Loss: 0.327682 | Train Acc: 90.696%
[Worker 9] Round 4 | Loss: 0.344219 | Train Acc: 90.168%
[Worker 3] Round 4 | Loss: 0.356986 | Train Acc: 89.632%
[Worker 1] Round 4 | Loss: 0.363387 | Train Acc: 89.7%
[Worker 7] Round 4 | Loss: 0.342083 | Train Acc: 90.308%
[Worker 10] Round 4 | Loss: 0.207073 | Train Acc: 94.212%
[Worker 2] Round 4 | Loss: 0.205624 | Train Acc: 94.536%
[Worker 8] Round 4 | Loss: 0.188822 | Train Acc: 94.748%
[Worker 12] Round 4 | Loss: 0.221871 | Train Acc: 93.796%
[Worker 4] Round 4 | Loss: 0.183407 | Train Acc: 94.884%
[Worker 6] Round 4 | Loss: 0.185411 | Train Acc: 95.112%
[Central Round] 4 [Global Test Accuracy]: 91.62%
[Worker 11] Round 5 | Loss: 0.331501 | Train Acc: 90.6733%
[Worker 5] Round 5 | Loss: 0.330961 | Train Acc: 90.6067%
[Worker 9] Round 5 | Loss: 0.347963 | Train Acc: 90.1%
[Worker 1] Round 5 | Loss: 0.36646 | Train Acc: 89.4133%
[Worker 3] Round 5 | Loss: 0.362628 | Train Acc: 89.48%
[Worker 7] Round 5 | Loss: 0.347308 | Train Acc: 90.1333%
[Worker 8] Round 5 | Loss: 0.18967 | Train Acc: 94.58%
[Worker 4] Round 5 | Loss: 0.186753 | Train Acc: 94.7333%
[Worker 10] Round 5 | Loss: 0.209153 | Train Acc: 94.1467%
[Worker 2] Round 5 | Loss: 0.211639 | Train Acc: 94.3%
[Worker 12] Round 5 | Loss: 0.225193 | Train Acc: 93.64%
[Worker 6] Round 5 | Loss: 0.187817 | Train Acc: 95.0467%
[Central Round] 5 [Global Test Accuracy]: 91.71%
[Worker 5] Round 6 | Loss: 0.328582 | Train Acc: 90.74%
[Worker 11] Round 6 | Loss: 0.327552 | Train Acc: 90.8%
[Worker 9] Round 6 | Loss: 0.34531 | Train Acc: 90.2267%
[Worker 1] Round 6 | Loss: 0.36375 | Train Acc: 89.6533%
[Worker 3] Round 6 | Loss: 0.356823 | Train Acc: 89.58%
[Worker 7] Round 6 | Loss: 0.342583 | Train Acc: 90.3133%
[Worker 2] Round 6 | Loss: 0.208532 | Train Acc: 94.3933%
[Worker 8] Round 6 | Loss: 0.186852 | Train Acc: 94.74%
[Worker 10] Round 6 | Loss: 0.205433 | Train Acc: 94.1933%
[Worker 4] Round 6 | Loss: 0.183977 | Train Acc: 94.8733%
[Worker 12] Round 6 | Loss: 0.22389 | Train Acc: 93.8667%
[Worker 6] Round 6 | Loss: 0.185148 | Train Acc: 95.0467%
[Central Round] 6 [Global Test Accuracy]: 91.86%
[Worker 5] Round 7 | Loss: 0.323355 | Train Acc: 90.66%
[Worker 11] Round 7 | Loss: 0.32859 | Train Acc: 90.9533%
[Worker 1] Round 7 | Loss: 0.358831 | Train Acc: 89.8067%
[Worker 3] Round 7 | Loss: 0.354087 | Train Acc: 89.7267%
[Worker 9] Round 7 | Loss: 0.340983 | Train Acc: 90.3467%
[Worker 7] Round 7 | Loss: 0.341093 | Train Acc: 90.3867%
[Worker 4] Round 7 | Loss: 0.180387 | Train Acc: 94.8933%
[Worker 2] Round 7 | Loss: 0.205006 | Train Acc: 94.4067%
[Worker 10] Round 7 | Loss: 0.202802 | Train Acc: 94.32%
[Worker 12] Round 7 | Loss: 0.222219 | Train Acc: 93.8667%
[Worker 6] Round 7 | Loss: 0.18186 | Train Acc: 95.1333%
[Worker 8] Round 7 | Loss: 0.184334 | Train Acc: 94.82%
[Central Round] 7 [Global Test Accuracy]: 91.91%
[Worker 11] Round 8 | Loss: 0.320004 | Train Acc: 91.0333%
[Worker 7] Round 8 | Loss: 0.337214 | Train Acc: 90.48%
[Worker 5] Round 8 | Loss: 0.320269 | Train Acc: 90.8533%
[Worker 1] Round 8 | Loss: 0.358995 | Train Acc: 89.8733%
[Worker 9] Round 8 | Loss: 0.337246 | Train Acc: 90.4933%
[Worker 3] Round 8 | Loss: 0.351585 | Train Acc: 89.86%
[Worker 10] Round 8 | Loss: 0.200564 | Train Acc: 94.3133%
[Worker 4] Round 8 | Loss: 0.17794 | Train Acc: 94.98%
[Worker 12] Round 8 | Loss: 0.219702 | Train Acc: 93.96%
[Worker 8] Round 8 | Loss: 0.181791 | Train Acc: 94.8333%
[Worker 2] Round 8 | Loss: 0.20313 | Train Acc: 94.5067%
[Worker 6] Round 8 | Loss: 0.179253 | Train Acc: 95.1933%
[Central Round] 8 [Global Test Accuracy]: 92.05%
[Worker 9] Round 9 | Loss: 0.337202 | Train Acc: 90.64%
[Worker 11] Round 9 | Loss: 0.318515 | Train Acc: 91.0933%
[Worker 5] Round 9 | Loss: 0.318099 | Train Acc: 90.9133%
[Worker 7] Round 9 | Loss: 0.334135 | Train Acc: 90.6267%
[Worker 3] Round 9 | Loss: 0.348479 | Train Acc: 89.8267%
[Worker 1] Round 9 | Loss: 0.354717 | Train Acc: 89.8133%
[Worker 10] Round 9 | Loss: 0.198851 | Train Acc: 94.48%
[Worker 4] Round 9 | Loss: 0.176211 | Train Acc: 95.0333%
[Worker 12] Round 9 | Loss: 0.218064 | Train Acc: 94.0267%
[Worker 2] Round 9 | Loss: 0.201548 | Train Acc: 94.66%
[Worker 8] Round 9 | Loss: 0.181359 | Train Acc: 94.9867%
[Worker 6] Round 9 | Loss: 0.177767 | Train Acc: 95.26%
[Central Round] 9 [Global Test Accuracy]: 92.06%
[Worker 3] Round 10 | Loss: 0.346451 | Train Acc: 89.84%
[Worker 1] Round 10 | Loss: 0.352371 | Train Acc: 89.8933%
[Worker 9] Round 10 | Loss: 0.331693 | Train Acc: 90.6733%
[Worker 5] Round 10 | Loss: 0.316319 | Train Acc: 91.0933%
[Worker 7] Round 10 | Loss: 0.33178 | Train Acc: 90.7%
[Worker 11] Round 10 | Loss: 0.315337 | Train Acc: 91.12%
[Worker 8] Round 10 | Loss: 0.179488 | Train Acc: 94.9733%
[Worker 4] Round 10 | Loss: 0.174411 | Train Acc: 95.14%
[Worker 10] Round 10 | Loss: 0.196009 | Train Acc: 94.54%
[Worker 12] Round 10 | Loss: 0.216974 | Train Acc: 94.02%
[Worker 2] Round 10 | Loss: 0.19983 | Train Acc: 94.6867%
[Worker 6] Round 10 | Loss: 0.175653 | Train Acc: 95.2067%
[Central Round] 10 [Global Test Accuracy]: 92.13%
[Worker 5] Round 11 | Loss: 0.313016 | Train Acc: 91.0533%
[Worker 11] Round 11 | Loss: 0.313152 | Train Acc: 91.14%
[Worker 7] Round 11 | Loss: 0.330461 | Train Acc: 90.82%
[Worker 9] Round 11 | Loss: 0.329673 | Train Acc: 90.7%
[Worker 3] Round 11 | Loss: 0.345023 | Train Acc: 89.9733%
[Worker 1] Round 11 | Loss: 0.351259 | Train Acc: 89.9533%
[Worker 12] Round 11 | Loss: 0.21336 | Train Acc: 94.08%
[Worker 10] Round 11 | Loss: 0.194219 | Train Acc: 94.6%
[Worker 4] Round 11 | Loss: 0.172385 | Train Acc: 95.1267%
[Worker 8] Round 11 | Loss: 0.176336 | Train Acc: 95.04%
[Worker 2] Round 11 | Loss: 0.199345 | Train Acc: 94.68%
[Worker 6] Round 11 | Loss: 0.175244 | Train Acc: 95.4%
[Central Round] 11 [Global Test Accuracy]: 92.16%
[Worker 11] Round 12 | Loss: 0.313542 | Train Acc: 91.1667%
[Worker 5] Round 12 | Loss: 0.312272 | Train Acc: 91.0333%
[Worker 9] Round 12 | Loss: 0.326665 | Train Acc: 90.9067%
[Worker 3] Round 12 | Loss: 0.342566 | Train Acc: 90.02%
[Worker 7] Round 12 | Loss: 0.327549 | Train Acc: 90.8733%
[Worker 1] Round 12 | Loss: 0.348043 | Train Acc: 90.2333%
[Worker 4] Round 12 | Loss: 0.17199 | Train Acc: 95.1267%
[Worker 2] Round 12 | Loss: 0.197095 | Train Acc: 94.7867%
[Worker 8] Round 12 | Loss: 0.176316 | Train Acc: 95.2133%
[Worker 12] Round 12 | Loss: 0.212936 | Train Acc: 94.0867%
[Worker 10] Round 12 | Loss: 0.193185 | Train Acc: 94.56%
[Worker 6] Round 12 | Loss: 0.172618 | Train Acc: 95.3867%
[Central Round] 12 [Global Test Accuracy]: 92.25%
[Worker 5] Round 13 | Loss: 0.310724 | Train Acc: 91.2133%
[Worker 9] Round 13 | Loss: 0.325627 | Train Acc: 90.6733%
[Worker 11] Round 13 | Loss: 0.309878 | Train Acc: 91.3133%
[Worker 7] Round 13 | Loss: 0.327666 | Train Acc: 90.82%
[Worker 3] Round 13 | Loss: 0.34196 | Train Acc: 90.0467%
[Worker 1] Round 13 | Loss: 0.34797 | Train Acc: 90.1467%
[Worker 4] Round 13 | Loss: 0.17055 | Train Acc: 95.2733%
[Worker 2] Round 13 | Loss: 0.196997 | Train Acc: 94.7333%
[Worker 8] Round 13 | Loss: 0.174013 | Train Acc: 95.1667%
[Worker 12] Round 13 | Loss: 0.212056 | Train Acc: 94.1467%
[Worker 10] Round 13 | Loss: 0.1927 | Train Acc: 94.7133%
[Worker 6] Round 13 | Loss: 0.172762 | Train Acc: 95.38%
[Central Round] 13 [Global Test Accuracy]: 92.14%
[Worker 11] Round 14 | Loss: 0.309027 | Train Acc: 91.4267%
[Worker 9] Round 14 | Loss: 0.32421 | Train Acc: 90.9067%
[Worker 5] Round 14 | Loss: 0.307612 | Train Acc: 91.3267%
[Worker 7] Round 14 | Loss: 0.325415 | Train Acc: 90.9667%
[Worker 3] Round 14 | Loss: 0.339993 | Train Acc: 90.14%
[Worker 1] Round 14 | Loss: 0.346801 | Train Acc: 90.1933%
[Worker 4] Round 14 | Loss: 0.170359 | Train Acc: 95.3%
[Worker 10] Round 14 | Loss: 0.190145 | Train Acc: 94.6533%
[Worker 8] Round 14 | Loss: 0.172773 | Train Acc: 95.1933%
[Worker 12] Round 14 | Loss: 0.210123 | Train Acc: 94.2467%
[Worker 2] Round 14 | Loss: 0.19538 | Train Acc: 94.8667%
[Worker 6] Round 14 | Loss: 0.170989 | Train Acc: 95.4333%
[Central Round] 14 [Global Test Accuracy]: 92.15%
[Worker 5] Round 15 | Loss: 0.305433 | Train Acc: 91.46%
[Worker 11] Round 15 | Loss: 0.306629 | Train Acc: 91.4933%
[Worker 1] Round 15 | Loss: 0.34545 | Train Acc: 90.1933%
[Worker 9] Round 15 | Loss: 0.322041 | Train Acc: 90.9067%
[Worker 7] Round 15 | Loss: 0.326099 | Train Acc: 90.9267%
[Worker 3] Round 15 | Loss: 0.337727 | Train Acc: 90.32%
[Worker 10] Round 15 | Loss: 0.189723 | Train Acc: 94.7333%
[Worker 4] Round 15 | Loss: 0.169294 | Train Acc: 95.3333%
[Worker 8] Round 15 | Loss: 0.171637 | Train Acc: 95.24%
[Worker 6] Round 15 | Loss: 0.169497 | Train Acc: 95.4933%
[Worker 12] Round 15 | Loss: 0.211001 | Train Acc: 94.24%
[Worker 2] Round 15 | Loss: 0.195182 | Train Acc: 94.9067%
[Central Round] 15 [Global Test Accuracy]: 92.11%
[Worker 5] Round 16 | Loss: 0.304466 | Train Acc: 91.3733%
[Worker 9] Round 16 | Loss: 0.322393 | Train Acc: 91.0067%
[Worker 7] Round 16 | Loss: 0.323375 | Train Acc: 90.98%
[Worker 11] Round 16 | Loss: 0.305125 | Train Acc: 91.3067%
[Worker 3] Round 16 | Loss: 0.339146 | Train Acc: 90.1467%
[Worker 1] Round 16 | Loss: 0.344428 | Train Acc: 90.2867%
[Worker 10] Round 16 | Loss: 0.188024 | Train Acc: 94.7067%
[Worker 4] Round 16 | Loss: 0.167912 | Train Acc: 95.3%
[Worker 8] Round 16 | Loss: 0.172027 | Train Acc: 95.2867%
[Worker 12] Round 16 | Loss: 0.208787 | Train Acc: 94.32%
[Worker 6] Round 16 | Loss: 0.169151 | Train Acc: 95.4933%
[Worker 2] Round 16 | Loss: 0.194225 | Train Acc: 94.94%
[Central Round] 16 [Global Test Accuracy]: 92.29%
[Worker 5] Round 17 | Loss: 0.30334 | Train Acc: 91.1667%
[Worker 11] Round 17 | Loss: 0.305199 | Train Acc: 91.4667%
[Worker 3] Round 17 | Loss: 0.338272 | Train Acc: 90.3133%
[Worker 1] Round 17 | Loss: 0.342415 | Train Acc: 90.2667%
[Worker 9] Round 17 | Loss: 0.320071 | Train Acc: 91.0067%
[Worker 7] Round 17 | Loss: 0.323064 | Train Acc: 91.02%
[Worker 10] Round 17 | Loss: 0.187562 | Train Acc: 94.8267%
[Worker 6] Round 17 | Loss: 0.167408 | Train Acc: 95.6333%
[Worker 4] Round 17 | Loss: 0.167503 | Train Acc: 95.3133%
[Worker 8] Round 17 | Loss: 0.170054 | Train Acc: 95.3133%
[Worker 12] Round 17 | Loss: 0.208293 | Train Acc: 94.2667%
[Worker 2] Round 17 | Loss: 0.194134 | Train Acc: 94.94%
[Central Round] 17 [Global Test Accuracy]: 92.14%
[Worker 9] Round 18 | Loss: 0.31925 | Train Acc: 90.9333%
[Worker 5] Round 18 | Loss: 0.302599 | Train Acc: 91.4067%
[Worker 11] Round 18 | Loss: 0.303445 | Train Acc: 91.3933%
[Worker 7] Round 18 | Loss: 0.32319 | Train Acc: 91.0667%
[Worker 3] Round 18 | Loss: 0.334919 | Train Acc: 90.5467%
[Worker 1] Round 18 | Loss: 0.340875 | Train Acc: 90.3933%
[Worker 10] Round 18 | Loss: 0.185976 | Train Acc: 94.7933%
[Worker 8] Round 18 | Loss: 0.168924 | Train Acc: 95.36%
[Worker 4] Round 18 | Loss: 0.166328 | Train Acc: 95.34%
[Worker 6] Round 18 | Loss: 0.167853 | Train Acc: 95.6267%
[Worker 12] Round 18 | Loss: 0.207703 | Train Acc: 94.24%
[Worker 2] Round 18 | Loss: 0.192181 | Train Acc: 94.9333%
[Central Round] 18 [Global Test Accuracy]: 92.25%
[Worker 5] Round 19 | Loss: 0.301697 | Train Acc: 91.4067%
[Worker 11] Round 19 | Loss: 0.302548 | Train Acc: 91.5933%
[Worker 7] Round 19 | Loss: 0.318709 | Train Acc: 91.0467%
[Worker 9] Round 19 | Loss: 0.318996 | Train Acc: 91.04%
[Worker 3] Round 19 | Loss: 0.335676 | Train Acc: 90.5067%
[Worker 1] Round 19 | Loss: 0.341344 | Train Acc: 90.4333%
[Worker 8] Round 19 | Loss: 0.170039 | Train Acc: 95.42%
[Worker 4] Round 19 | Loss: 0.165364 | Train Acc: 95.3933%
[Worker 10] Round 19 | Loss: 0.185877 | Train Acc: 94.8933%
[Worker 12] Round 19 | Loss: 0.206885 | Train Acc: 94.24%
[Worker 6] Round 19 | Loss: 0.166015 | Train Acc: 95.66%
[Worker 2] Round 19 | Loss: 0.19165 | Train Acc: 94.9133%
[Central Round] 19 [Global Test Accuracy]: 92.24%
[Worker 5] Round 20 | Loss: 0.302241 | Train Acc: 91.4867%
[Worker 11] Round 20 | Loss: 0.30097 | Train Acc: 91.4933%
[Worker 9] Round 20 | Loss: 0.319249 | Train Acc: 91.1067%
[Worker 1] Round 20 | Loss: 0.339362 | Train Acc: 90.2067%
[Worker 7] Round 20 | Loss: 0.318245 | Train Acc: 91.1333%
[Worker 3] Round 20 | Loss: 0.333387 | Train Acc: 90.42%
[Worker 10] Round 20 | Loss: 0.184929 | Train Acc: 94.84%
[Worker 4] Round 20 | Loss: 0.165408 | Train Acc: 95.3467%
[Worker 6] Round 20 | Loss: 0.165927 | Train Acc: 95.6667%
[Worker 8] Round 20 | Loss: 0.168123 | Train Acc: 95.3467%
[Worker 12] Round 20 | Loss: 0.206187 | Train Acc: 94.3%
[Worker 2] Round 20 | Loss: 0.191312 | Train Acc: 95.0933%
[Central Round] 20 [Global Test Accuracy]: 92.23%
[Worker 5] Round 21 | Loss: 0.299185 | Train Acc: 91.3267%
[Worker 11] Round 21 | Loss: 0.300452 | Train Acc: 91.6%
[Worker 9] Round 21 | Loss: 0.31525 | Train Acc: 91.0933%
[Worker 1] Round 21 | Loss: 0.340557 | Train Acc: 90.2533%
[Worker 7] Round 21 | Loss: 0.317771 | Train Acc: 91.1867%
[Worker 3] Round 21 | Loss: 0.331954 | Train Acc: 90.3133%
[Worker 10] Round 21 | Loss: 0.183617 | Train Acc: 94.86%
[Worker 8] Round 21 | Loss: 0.1673 | Train Acc: 95.3267%
[Worker 4] Round 21 | Loss: 0.16439 | Train Acc: 95.4867%
[Worker 6] Round 21 | Loss: 0.1643 | Train Acc: 95.66%
[Worker 12] Round 21 | Loss: 0.205135 | Train Acc: 94.24%
[Worker 2] Round 21 | Loss: 0.191406 | Train Acc: 95.0667%
[Central Round] 21 [Global Test Accuracy]: 92.25%
[Worker 5] Round 22 | Loss: 0.298535 | Train Acc: 91.4867%
[Worker 11] Round 22 | Loss: 0.298403 | Train Acc: 91.58%
[Worker 9] Round 22 | Loss: 0.317576 | Train Acc: 91.1667%
[Worker 7] Round 22 | Loss: 0.317245 | Train Acc: 91.1267%
[Worker 3] Round 22 | Loss: 0.330936 | Train Acc: 90.4133%
[Worker 1] Round 22 | Loss: 0.338208 | Train Acc: 90.4333%
[Worker 4] Round 22 | Loss: 0.163808 | Train Acc: 95.4667%
[Worker 8] Round 22 | Loss: 0.166785 | Train Acc: 95.3733%
[Worker 10] Round 22 | Loss: 0.183338 | Train Acc: 94.9667%
[Worker 12] Round 22 | Loss: 0.204944 | Train Acc: 94.3933%
[Worker 6] Round 22 | Loss: 0.164027 | Train Acc: 95.7533%
[Worker 2] Round 22 | Loss: 0.190301 | Train Acc: 95.0467%
[Central Round] 22 [Global Test Accuracy]: 92.17%
[Worker 5] Round 23 | Loss: 0.297772 | Train Acc: 91.4333%
[Worker 11] Round 23 | Loss: 0.298568 | Train Acc: 91.68%
[Worker 7] Round 23 | Loss: 0.315534 | Train Acc: 91.1867%
[Worker 9] Round 23 | Loss: 0.314337 | Train Acc: 91.12%
[Worker 3] Round 23 | Loss: 0.329615 | Train Acc: 90.4267%
[Worker 1] Round 23 | Loss: 0.338102 | Train Acc: 90.3867%
[Worker 4] Round 23 | Loss: 0.16338 | Train Acc: 95.4733%
[Worker 8] Round 23 | Loss: 0.166439 | Train Acc: 95.4333%
[Worker 12] Round 23 | Loss: 0.20447 | Train Acc: 94.4133%
[Worker 10] Round 23 | Loss: 0.183126 | Train Acc: 94.92%
[Worker 2] Round 23 | Loss: 0.19143 | Train Acc: 95.0933%
[Worker 6] Round 23 | Loss: 0.164108 | Train Acc: 95.6667%
[Central Round] 23 [Global Test Accuracy]: 92.23%
[Worker 5] Round 24 | Loss: 0.296328 | Train Acc: 91.4733%
[Worker 11] Round 24 | Loss: 0.297718 | Train Acc: 91.6333%
[Worker 9] Round 24 | Loss: 0.315 | Train Acc: 91.2%
[Worker 1] Round 24 | Loss: 0.336503 | Train Acc: 90.48%
[Worker 3] Round 24 | Loss: 0.328605 | Train Acc: 90.4267%
[Worker 7] Round 24 | Loss: 0.314938 | Train Acc: 91.2%
[Worker 10] Round 24 | Loss: 0.181832 | Train Acc: 94.82%
[Worker 8] Round 24 | Loss: 0.16487 | Train Acc: 95.52%
[Worker 4] Round 24 | Loss: 0.162722 | Train Acc: 95.5333%
[Worker 12] Round 24 | Loss: 0.203685 | Train Acc: 94.4867%
[Worker 6] Round 24 | Loss: 0.162943 | Train Acc: 95.7733%
[Worker 2] Round 24 | Loss: 0.190949 | Train Acc: 95.08%
[Central Round] 24 [Global Test Accuracy]: 92.24%
[Worker 5] Round 25 | Loss: 0.295148 | Train Acc: 91.5667%
[Worker 11] Round 25 | Loss: 0.297952 | Train Acc: 91.7467%
[Worker 9] Round 25 | Loss: 0.313317 | Train Acc: 91.1467%
[Worker 1] Round 25 | Loss: 0.334711 | Train Acc: 90.5%
[Worker 7] Round 25 | Loss: 0.315417 | Train Acc: 91.1533%
[Worker 3] Round 25 | Loss: 0.329262 | Train Acc: 90.5067%
[Worker 8] Round 25 | Loss: 0.165328 | Train Acc: 95.4333%
[Worker 10] Round 25 | Loss: 0.18108 | Train Acc: 95.0333%
[Worker 4] Round 25 | Loss: 0.162591 | Train Acc: 95.4533%
[Worker 6] Round 25 | Loss: 0.162668 | Train Acc: 95.7533%
[Worker 12] Round 25 | Loss: 0.204801 | Train Acc: 94.5%
[Worker 2] Round 25 | Loss: 0.188318 | Train Acc: 95.1333%
[Central Round] 25 [Global Test Accuracy]: 92.18%
[Worker 11] Round 26 | Loss: 0.296994 | Train Acc: 91.72%
[Worker 9] Round 26 | Loss: 0.311164 | Train Acc: 91.1467%
[Worker 5] Round 26 | Loss: 0.294454 | Train Acc: 91.5533%
[Worker 1] Round 26 | Loss: 0.334062 | Train Acc: 90.5733%
[Worker 3] Round 26 | Loss: 0.328739 | Train Acc: 90.5467%
[Worker 7] Round 26 | Loss: 0.313977 | Train Acc: 91.1933%
[Worker 10] Round 26 | Loss: 0.180643 | Train Acc: 95.0067%
[Worker 4] Round 26 | Loss: 0.162725 | Train Acc: 95.4533%
[Worker 8] Round 26 | Loss: 0.164316 | Train Acc: 95.5067%
[Worker 6] Round 26 | Loss: 0.162257 | Train Acc: 95.8%
[Worker 12] Round 26 | Loss: 0.204714 | Train Acc: 94.5467%
[Worker 2] Round 26 | Loss: 0.188429 | Train Acc: 95.1333%
[Central Round] 26 [Global Test Accuracy]: 92.29%
[Worker 5] Round 27 | Loss: 0.295204 | Train Acc: 91.5667%
[Worker 11] Round 27 | Loss: 0.296475 | Train Acc: 91.6467%
[Worker 9] Round 27 | Loss: 0.311877 | Train Acc: 91.16%
[Worker 7] Round 27 | Loss: 0.312603 | Train Acc: 91.3867%
[Worker 3] Round 27 | Loss: 0.32792 | Train Acc: 90.6933%
[Worker 1] Round 27 | Loss: 0.334944 | Train Acc: 90.6%
[Worker 10] Round 27 | Loss: 0.18002 | Train Acc: 95.1133%
[Worker 8] Round 27 | Loss: 0.164043 | Train Acc: 95.44%
[Worker 4] Round 27 | Loss: 0.161334 | Train Acc: 95.4867%
[Worker 12] Round 27 | Loss: 0.202827 | Train Acc: 94.4733%
[Worker 6] Round 27 | Loss: 0.16068 | Train Acc: 95.8267%
[Worker 2] Round 27 | Loss: 0.18867 | Train Acc: 95.0867%
[Central Round] 27 [Global Test Accuracy]: 92.2%
[Worker 11] Round 28 | Loss: 0.298627 | Train Acc: 91.8733%
[Worker 5] Round 28 | Loss: 0.295681 | Train Acc: 91.54%
[Worker 9] Round 28 | Loss: 0.312615 | Train Acc: 91.1333%
[Worker 3] Round 28 | Loss: 0.328063 | Train Acc: 90.4133%
[Worker 1] Round 28 | Loss: 0.334491 | Train Acc: 90.6733%
[Worker 7] Round 28 | Loss: 0.312092 | Train Acc: 91.3067%
[Worker 10] Round 28 | Loss: 0.17889 | Train Acc: 95.0333%
[Worker 8] Round 28 | Loss: 0.162995 | Train Acc: 95.5067%
[Worker 4] Round 28 | Loss: 0.162224 | Train Acc: 95.5%
[Worker 6] Round 28 | Loss: 0.160751 | Train Acc: 95.88%
[Worker 12] Round 28 | Loss: 0.201157 | Train Acc: 94.5533%
[Worker 2] Round 28 | Loss: 0.186135 | Train Acc: 95.2267%
[Central Round] 28 [Global Test Accuracy]: 92.32%
[Worker 5] Round 29 | Loss: 0.292219 | Train Acc: 91.74%
[Worker 11] Round 29 | Loss: 0.293368 | Train Acc: 91.7467%
[Worker 9] Round 29 | Loss: 0.309587 | Train Acc: 91.1333%
[Worker 1] Round 29 | Loss: 0.333648 | Train Acc: 90.6133%
[Worker 7] Round 29 | Loss: 0.311353 | Train Acc: 91.36%
[Worker 3] Round 29 | Loss: 0.328517 | Train Acc: 90.6467%
[Worker 4] Round 29 | Loss: 0.160661 | Train Acc: 95.5467%
[Worker 8] Round 29 | Loss: 0.161966 | Train Acc: 95.5133%
[Worker 10] Round 29 | Loss: 0.17899 | Train Acc: 95.1%
[Worker 12] Round 29 | Loss: 0.201365 | Train Acc: 94.4533%
[Worker 6] Round 29 | Loss: 0.160695 | Train Acc: 95.8933%
[Worker 2] Round 29 | Loss: 0.186435 | Train Acc: 95.1667%
[Central Round] 29 [Global Test Accuracy]: 92.35%
[Worker 5] Round 30 | Loss: 0.291635 | Train Acc: 91.62%
[Worker 11] Round 30 | Loss: 0.293873 | Train Acc: 91.72%
[Worker 9] Round 30 | Loss: 0.310534 | Train Acc: 91.2267%
[Worker 7] Round 30 | Loss: 0.311124 | Train Acc: 91.3133%
[Worker 3] Round 30 | Loss: 0.326596 | Train Acc: 90.6133%
[Worker 1] Round 30 | Loss: 0.333013 | Train Acc: 90.5533%
[Worker 4] Round 30 | Loss: 0.161103 | Train Acc: 95.66%
[Worker 10] Round 30 | Loss: 0.178235 | Train Acc: 95.2067%
[Worker 8] Round 30 | Loss: 0.16144 | Train Acc: 95.5333%
[Worker 6] Round 30 | Loss: 0.160855 | Train Acc: 95.9467%
[Worker 12] Round 30 | Loss: 0.201411 | Train Acc: 94.5133%
[Worker 2] Round 30 | Loss: 0.187965 | Train Acc: 95.14%
[Central Round] 30 [Global Test Accuracy]: 92.31%
[Worker 5] Round 31 | Loss: 0.292333 | Train Acc: 91.7%
[Worker 11] Round 31 | Loss: 0.295212 | Train Acc: 91.76%
[Worker 9] Round 31 | Loss: 0.308656 | Train Acc: 91.3667%
[Worker 7] Round 31 | Loss: 0.310234 | Train Acc: 91.3533%
[Worker 1] Round 31 | Loss: 0.331119 | Train Acc: 90.56%
[Worker 3] Round 31 | Loss: 0.323766 | Train Acc: 90.6733%
[Worker 4] Round 31 | Loss: 0.160374 | Train Acc: 95.5267%
[Worker 10] Round 31 | Loss: 0.17769 | Train Acc: 95.1733%
[Worker 8] Round 31 | Loss: 0.161172 | Train Acc: 95.4867%
[Worker 12] Round 31 | Loss: 0.200377 | Train Acc: 94.5267%
[Worker 6] Round 31 | Loss: 0.159023 | Train Acc: 95.9067%
[Worker 2] Round 31 | Loss: 0.186097 | Train Acc: 95.1733%
[Central Round] 31 [Global Test Accuracy]: 92.34%
[Worker 11] Round 32 | Loss: 0.29416 | Train Acc: 91.7733%
[Worker 9] Round 32 | Loss: 0.307809 | Train Acc: 91.34%
[Worker 5] Round 32 | Loss: 0.292004 | Train Acc: 91.76%
[Worker 3] Round 32 | Loss: 0.326971 | Train Acc: 90.66%
[Worker 1] Round 32 | Loss: 0.331818 | Train Acc: 90.54%
[Worker 7] Round 32 | Loss: 0.311358 | Train Acc: 91.2867%
[Worker 4] Round 32 | Loss: 0.159799 | Train Acc: 95.5333%
[Worker 10] Round 32 | Loss: 0.177243 | Train Acc: 95.18%
[Worker 8] Round 32 | Loss: 0.16101 | Train Acc: 95.58%
[Worker 6] Round 32 | Loss: 0.159119 | Train Acc: 95.8467%
[Worker 12] Round 32 | Loss: 0.200104 | Train Acc: 94.6%
[Worker 2] Round 32 | Loss: 0.186375 | Train Acc: 95.28%
[Central Round] 32 [Global Test Accuracy]: 92.32%
[Worker 5] Round 33 | Loss: 0.289503 | Train Acc: 91.68%
[Worker 11] Round 33 | Loss: 0.291601 | Train Acc: 91.7867%
[Worker 9] Round 33 | Loss: 0.308182 | Train Acc: 91.2067%
[Worker 7] Round 33 | Loss: 0.310061 | Train Acc: 91.42%
[Worker 3] Round 33 | Loss: 0.323375 | Train Acc: 90.68%
[Worker 1] Round 33 | Loss: 0.330774 | Train Acc: 90.7%
[Worker 8] Round 33 | Loss: 0.160741 | Train Acc: 95.56%
[Worker 10] Round 33 | Loss: 0.177411 | Train Acc: 95.1133%
[Worker 4] Round 33 | Loss: 0.161905 | Train Acc: 95.52%
[Worker 6] Round 33 | Loss: 0.158695 | Train Acc: 95.9333%
[Worker 12] Round 33 | Loss: 0.199672 | Train Acc: 94.7067%
[Worker 2] Round 33 | Loss: 0.186723 | Train Acc: 95.24%
[Central Round] 33 [Global Test Accuracy]: 92.33%
[Worker 11] Round 34 | Loss: 0.29138 | Train Acc: 91.76%
[Worker 5] Round 34 | Loss: 0.288551 | Train Acc: 91.7667%
[Worker 9] Round 34 | Loss: 0.306699 | Train Acc: 91.3267%
[Worker 7] Round 34 | Loss: 0.308315 | Train Acc: 91.48%
[Worker 3] Round 34 | Loss: 0.321949 | Train Acc: 90.7667%
[Worker 1] Round 34 | Loss: 0.330509 | Train Acc: 90.5933%
[Worker 4] Round 34 | Loss: 0.15883 | Train Acc: 95.52%
[Worker 10] Round 34 | Loss: 0.17634 | Train Acc: 95.2333%
[Worker 8] Round 34 | Loss: 0.160081 | Train Acc: 95.5067%
[Worker 6] Round 34 | Loss: 0.158242 | Train Acc: 95.9333%
[Worker 12] Round 34 | Loss: 0.199899 | Train Acc: 94.6%
[Worker 2] Round 34 | Loss: 0.184835 | Train Acc: 95.2867%
[Central Round] 34 [Global Test Accuracy]: 92.41%
[Worker 5] Round 35 | Loss: 0.288545 | Train Acc: 91.7467%
[Worker 11] Round 35 | Loss: 0.292043 | Train Acc: 91.84%
[Worker 9] Round 35 | Loss: 0.30636 | Train Acc: 91.3533%
[Worker 7] Round 35 | Loss: 0.308809 | Train Acc: 91.36%
[Worker 3] Round 35 | Loss: 0.322485 | Train Acc: 90.6067%
[Worker 1] Round 35 | Loss: 0.33155 | Train Acc: 90.78%
[Worker 10] Round 35 | Loss: 0.176626 | Train Acc: 95.2067%
[Worker 4] Round 35 | Loss: 0.158797 | Train Acc: 95.48%
[Worker 8] Round 35 | Loss: 0.159711 | Train Acc: 95.6133%
[Worker 12] Round 35 | Loss: 0.199758 | Train Acc: 94.62%
[Worker 6] Round 35 | Loss: 0.15805 | Train Acc: 95.96%
[Worker 2] Round 35 | Loss: 0.185029 | Train Acc: 95.1933%
[Central Round] 35 [Global Test Accuracy]: 92.39%
[Worker 11] Round 36 | Loss: 0.290988 | Train Acc: 91.76%
[Worker 5] Round 36 | Loss: 0.288169 | Train Acc: 91.6733%
[Worker 9] Round 36 | Loss: 0.306124 | Train Acc: 91.3%
[Worker 7] Round 36 | Loss: 0.307099 | Train Acc: 91.4467%
[Worker 3] Round 36 | Loss: 0.321531 | Train Acc: 90.6%
[Worker 1] Round 36 | Loss: 0.32794 | Train Acc: 90.7867%
[Worker 4] Round 36 | Loss: 0.158494 | Train Acc: 95.5733%
[Worker 10] Round 36 | Loss: 0.177281 | Train Acc: 95.1933%
[Worker 8] Round 36 | Loss: 0.159688 | Train Acc: 95.5933%
[Worker 6] Round 36 | Loss: 0.158728 | Train Acc: 95.9%
[Worker 12] Round 36 | Loss: 0.197883 | Train Acc: 94.68%
[Worker 2] Round 36 | Loss: 0.183744 | Train Acc: 95.2267%
[Central Round] 36 [Global Test Accuracy]: 92.35%
[Worker 5] Round 37 | Loss: 0.28898 | Train Acc: 91.7467%
[Worker 11] Round 37 | Loss: 0.29013 | Train Acc: 91.8733%
[Worker 7] Round 37 | Loss: 0.308453 | Train Acc: 91.4133%
[Worker 9] Round 37 | Loss: 0.306333 | Train Acc: 91.4533%
[Worker 3] Round 37 | Loss: 0.321657 | Train Acc: 90.7333%
[Worker 1] Round 37 | Loss: 0.328506 | Train Acc: 90.8467%
[Worker 4] Round 37 | Loss: 0.158667 | Train Acc: 95.5933%
[Worker 10] Round 37 | Loss: 0.17632 | Train Acc: 95.24%
[Worker 8] Round 37 | Loss: 0.159044 | Train Acc: 95.7267%
[Worker 6] Round 37 | Loss: 0.157378 | Train Acc: 96.0267%
[Worker 12] Round 37 | Loss: 0.197929 | Train Acc: 94.6933%
[Worker 2] Round 37 | Loss: 0.184054 | Train Acc: 95.2867%
[Central Round] 37 [Global Test Accuracy]: 92.25%
[Worker 5] Round 38 | Loss: 0.288049 | Train Acc: 91.86%
[Worker 11] Round 38 | Loss: 0.290565 | Train Acc: 91.8%
[Worker 9] Round 38 | Loss: 0.304561 | Train Acc: 91.36%
[Worker 7] Round 38 | Loss: 0.307116 | Train Acc: 91.4733%
[Worker 3] Round 38 | Loss: 0.32277 | Train Acc: 90.7267%
[Worker 1] Round 38 | Loss: 0.328348 | Train Acc: 90.7933%
[Worker 10] Round 38 | Loss: 0.175234 | Train Acc: 95.2333%
[Worker 4] Round 38 | Loss: 0.158476 | Train Acc: 95.5467%
[Worker 12] Round 38 | Loss: 0.199847 | Train Acc: 94.6867%
[Worker 2] Round 38 | Loss: 0.183704 | Train Acc: 95.2467%
[Worker 6] Round 38 | Loss: 0.156758 | Train Acc: 95.9267%
[Worker 8] Round 38 | Loss: 0.158795 | Train Acc: 95.6733%
[Central Round] 38 [Global Test Accuracy]: 92.4%
[Worker 1] Round 39 | Loss: 0.327296 | Train Acc: 90.7467%
[Worker 11] Round 39 | Loss: 0.289742 | Train Acc: 91.8%
[Worker 9] Round 39 | Loss: 0.305659 | Train Acc: 91.4933%
[Worker 5] Round 39 | Loss: 0.286759 | Train Acc: 91.7067%
[Worker 7] Round 39 | Loss: 0.306636 | Train Acc: 91.5133%
[Worker 3] Round 39 | Loss: 0.321352 | Train Acc: 90.7467%
[Worker 8] Round 39 | Loss: 0.158176 | Train Acc: 95.6667%
[Worker 6] Round 39 | Loss: 0.156717 | Train Acc: 95.9667%
[Worker 10] Round 39 | Loss: 0.174612 | Train Acc: 95.24%
[Worker 4] Round 39 | Loss: 0.158388 | Train Acc: 95.6067%
[Worker 12] Round 39 | Loss: 0.198915 | Train Acc: 94.6867%
[Worker 2] Round 39 | Loss: 0.183099 | Train Acc: 95.3933%
[Central Round] 39 [Global Test Accuracy]: 92.48%
[Worker 11] Round 40 | Loss: 0.288889 | Train Acc: 91.7333%
[Worker 9] Round 40 | Loss: 0.304834 | Train Acc: 91.4933%
[Worker 5] Round 40 | Loss: 0.286507 | Train Acc: 91.8733%
[Worker 7] Round 40 | Loss: 0.306699 | Train Acc: 91.5467%
[Worker 3] Round 40 | Loss: 0.319491 | Train Acc: 90.8133%
[Worker 1] Round 40 | Loss: 0.327098 | Train Acc: 90.9%
[Worker 4] Round 40 | Loss: 0.157643 | Train Acc: 95.66%
[Worker 10] Round 40 | Loss: 0.175882 | Train Acc: 95.2933%
[Worker 8] Round 40 | Loss: 0.158106 | Train Acc: 95.6467%
[Worker 6] Round 40 | Loss: 0.158159 | Train Acc: 95.9667%
[Worker 12] Round 40 | Loss: 0.196728 | Train Acc: 94.7133%
[Worker 2] Round 40 | Loss: 0.182597 | Train Acc: 95.3667%
[Central Round] 40 [Global Test Accuracy]: 92.34%
[Central] Early stopping at round 40 after 5 rounds without global accuracy improvement.

[Central] Done. Federated data saved to /home-mscluster/ldemelo/HPC_Assignment/problem1/federated_clustering_mpi/metrics/sweep_5/federated/round_robin_iid_np13_rep2
