Config: blockSize=256 MAX_SPHERES=512 maxDepth=5 numSpheres=200
Scene initialized

============= OPENMP =============
Time:                          639.325 s
Wrote 'output/openmp.jpg'

Spheres generated: 200 (requested 200)

============= GLOBAL =============
Kernel time:                     7.216 s
Memory transfer time:            0.005 s
Total (without mem):             7.216 s
Total (with mem):                7.221 s
Throughput:                       0.06 Mpixels/sec
Speedup vs OpenMP (kernel):      88.59x
Speedup vs OpenMP (with mem):    88.54x
Wrote 'output/cuda_global.jpg'

============= CONSTANT =============
Kernel time:                     7.122 s
Memory transfer time:            0.009 s
Total (without mem):             7.122 s
Total (with mem):                7.131 s
Throughput:                       0.06 Mpixels/sec
Speedup vs OpenMP (kernel):      89.77x
Speedup vs OpenMP (with mem):    89.65x
Wrote 'output/cuda_constant.jpg'

============= SHARED =============
Kernel time:                     7.241 s
Memory transfer time:            0.010 s
Total (without mem):             7.241 s
Total (with mem):                7.251 s
Throughput:                       0.06 Mpixels/sec
Speedup vs OpenMP (kernel):      88.29x
Speedup vs OpenMP (with mem):    88.18x
Wrote 'output/cuda_shared.jpg'

============= 1D TEXTURE =============
Kernel time:                     7.204 s
Memory transfer time:            0.004 s
Total (without mem):             7.204 s
Total (with mem):                7.208 s
Throughput:                       0.06 Mpixels/sec
Speedup vs OpenMP (kernel):      88.74x
Speedup vs OpenMP (with mem):    88.69x
Wrote 'output/cuda_1d_texture.jpg'

============= 2D TEXTURE =============
Kernel time:                     7.182 s
Memory transfer time:            0.004 s
Total (without mem):             7.182 s
Total (with mem):                7.186 s
Throughput:                       0.06 Mpixels/sec
Speedup vs OpenMP (kernel):      89.02x
Speedup vs OpenMP (with mem):    88.97x
Wrote 'output/cuda_2d_texture.jpg'

============= 2D TEXTURE + CONSTANT =============
Kernel time:                     7.129 s
Memory transfer time:            0.009 s
Total (without mem):             7.129 s
Total (with mem):                7.139 s
Throughput:                       0.06 Mpixels/sec
Speedup vs OpenMP (kernel):      89.68x
Speedup vs OpenMP (with mem):    89.56x
Wrote 'output/cuda_2d_texture_constant.jpg'

============= REALISTIC =============
Kernel time:                     7.220 s
Memory transfer time:            0.004 s
Total (without mem):             7.220 s
Total (with mem):                7.224 s
Throughput:                       0.06 Mpixels/sec
Speedup vs OpenMP (kernel):      88.55x
Speedup vs OpenMP (with mem):    88.50x
Wrote 'output/cuda_realistic.jpg'
