Config: blockSize=1024 MAX_SPHERES=512 maxDepth=50 numSpheres=200
Scene initialized

============= OPENMP =============
Time:                          656.298 s
Wrote 'output/openmp.jpg'

Spheres generated: 200 (requested 200)
CUDA error: too many resources requested for launch

============= GLOBAL =============
Kernel time:                     0.000 s
Memory transfer time:            0.005 s
Total (without mem):             0.000 s
Total (with mem):                0.005 s
Throughput:                    7407.41 Mpixels/sec
Speedup vs OpenMP (kernel):   11868818.38x
Speedup vs OpenMP (with mem): 139697.83x
Wrote 'output/cuda_global.jpg'
CUDA error: too many resources requested for launch

============= CONSTANT =============
Kernel time:                     0.000 s
Memory transfer time:            0.010 s
Total (without mem):             0.000 s
Total (with mem):                0.010 s
Throughput:                    5797.10 Mpixels/sec
Speedup vs OpenMP (kernel):   9288640.34x
Speedup vs OpenMP (with mem): 64646.78x
Wrote 'output/cuda_constant.jpg'
CUDA error: too many resources requested for launch

============= SHARED =============
Kernel time:                     0.000 s
Memory transfer time:            0.010 s
Total (without mem):             0.000 s
Total (with mem):                0.010 s
Throughput:                    4651.16 Mpixels/sec
Speedup vs OpenMP (kernel):   7452513.99x
Speedup vs OpenMP (with mem): 64435.55x
Wrote 'output/cuda_shared.jpg'
CUDA error: too many resources requested for launch

============= 1D TEXTURE =============
Kernel time:                     0.000 s
Memory transfer time:            0.004 s
Total (without mem):             0.000 s
Total (with mem):                0.004 s
Throughput:                    5055.29 Mpixels/sec
Speedup vs OpenMP (kernel):   8100046.64x
Speedup vs OpenMP (with mem): 163319.35x
Wrote 'output/cuda_1d_texture.jpg'
CUDA error: too many resources requested for launch

============= 2D TEXTURE =============
Kernel time:                     0.000 s
Memory transfer time:            0.004 s
Total (without mem):             0.000 s
Total (with mem):                0.004 s
Throughput:                    5714.29 Mpixels/sec
Speedup vs OpenMP (kernel):   9155945.94x
Speedup vs OpenMP (with mem): 163621.64x
Wrote 'output/cuda_2d_texture.jpg'
CUDA error: too many resources requested for launch

============= 2D TEXTURE + CONSTANT =============
Kernel time:                     0.000 s
Memory transfer time:            0.010 s
Total (without mem):             0.000 s
Total (with mem):                0.010 s
Throughput:                    5470.09 Mpixels/sec
Speedup vs OpenMP (kernel):   8764666.74x
Speedup vs OpenMP (with mem): 65054.22x
Wrote 'output/cuda_2d_texture_constant.jpg'
CUDA error: too many resources requested for launch

============= REALISTIC =============
Kernel time:                     0.000 s
Memory transfer time:            0.004 s
Total (without mem):             0.000 s
Total (with mem):                0.004 s
Throughput:                    4770.78 Mpixels/sec
Speedup vs OpenMP (kernel):   7644173.74x
Speedup vs OpenMP (with mem): 159769.70x
Wrote 'output/cuda_realistic.jpg'
