Config: blockSize=256 MAX_SPHERES=512 maxDepth=50 numSpheres=400
Scene initialized

============= OPENMP =============
Time:                          665.305 s
Wrote 'output/openmp.jpg'

Spheres generated: 203 (requested 400)

============= GLOBAL =============
Kernel time:                    13.639 s
Memory transfer time:            0.005 s
Total (without mem):            13.639 s
Total (with mem):               13.643 s
Throughput:                       0.03 Mpixels/sec
Speedup vs OpenMP (kernel):      48.78x
Speedup vs OpenMP (with mem):    48.76x
Wrote 'output/cuda_global.jpg'

============= CONSTANT =============
Kernel time:                    12.580 s
Memory transfer time:            0.010 s
Total (without mem):            12.580 s
Total (with mem):               12.590 s
Throughput:                       0.03 Mpixels/sec
Speedup vs OpenMP (kernel):      52.88x
Speedup vs OpenMP (with mem):    52.84x
Wrote 'output/cuda_constant.jpg'

============= SHARED =============
Kernel time:                    12.676 s
Memory transfer time:            0.010 s
Total (without mem):            12.676 s
Total (with mem):               12.686 s
Throughput:                       0.03 Mpixels/sec
Speedup vs OpenMP (kernel):      52.49x
Speedup vs OpenMP (with mem):    52.45x
Wrote 'output/cuda_shared.jpg'

============= 1D TEXTURE =============
Kernel time:                    13.563 s
Memory transfer time:            0.004 s
Total (without mem):            13.563 s
Total (with mem):               13.567 s
Throughput:                       0.03 Mpixels/sec
Speedup vs OpenMP (kernel):      49.05x
Speedup vs OpenMP (with mem):    49.04x
Wrote 'output/cuda_1d_texture.jpg'

============= 2D TEXTURE =============
Kernel time:                    13.561 s
Memory transfer time:            0.008 s
Total (without mem):            13.561 s
Total (with mem):               13.570 s
Throughput:                       0.03 Mpixels/sec
Speedup vs OpenMP (kernel):      49.06x
Speedup vs OpenMP (with mem):    49.03x
Wrote 'output/cuda_2d_texture.jpg'

============= 2D TEXTURE + CONSTANT =============
Kernel time:                    12.586 s
Memory transfer time:            0.014 s
Total (without mem):            12.586 s
Total (with mem):               12.600 s
Throughput:                       0.03 Mpixels/sec
Speedup vs OpenMP (kernel):      52.86x
Speedup vs OpenMP (with mem):    52.80x
Wrote 'output/cuda_2d_texture_constant.jpg'

============= REALISTIC =============
Kernel time:                    13.552 s
Memory transfer time:            0.008 s
Total (without mem):            13.552 s
Total (with mem):               13.561 s
Throughput:                       0.03 Mpixels/sec
Speedup vs OpenMP (kernel):      49.09x
Speedup vs OpenMP (with mem):    49.06x
Wrote 'output/cuda_realistic.jpg'
