Config: blockSize=128 MAX_SPHERES=512 maxDepth=50 numSpheres=200
Scene initialized

============= OPENMP =============
Time:                          655.683 s
Wrote 'output/openmp.jpg'

Spheres generated: 200 (requested 200)

============= GLOBAL =============
Kernel time:                    12.258 s
Memory transfer time:            0.005 s
Total (without mem):            12.258 s
Total (with mem):               12.263 s
Throughput:                       0.03 Mpixels/sec
Speedup vs OpenMP (kernel):      53.49x
Speedup vs OpenMP (with mem):    53.47x
Wrote 'output/cuda_global.jpg'

============= CONSTANT =============
Kernel time:                    11.807 s
Memory transfer time:            0.011 s
Total (without mem):            11.807 s
Total (with mem):               11.818 s
Throughput:                       0.03 Mpixels/sec
Speedup vs OpenMP (kernel):      55.53x
Speedup vs OpenMP (with mem):    55.48x
Wrote 'output/cuda_constant.jpg'

============= SHARED =============
Kernel time:                    11.987 s
Memory transfer time:            0.011 s
Total (without mem):            11.987 s
Total (with mem):               11.998 s
Throughput:                       0.03 Mpixels/sec
Speedup vs OpenMP (kernel):      54.70x
Speedup vs OpenMP (with mem):    54.65x
Wrote 'output/cuda_shared.jpg'

============= 1D TEXTURE =============
Kernel time:                    12.195 s
Memory transfer time:            0.004 s
Total (without mem):            12.195 s
Total (with mem):               12.199 s
Throughput:                       0.03 Mpixels/sec
Speedup vs OpenMP (kernel):      53.77x
Speedup vs OpenMP (with mem):    53.75x
Wrote 'output/cuda_1d_texture.jpg'

============= 2D TEXTURE =============
Kernel time:                    12.232 s
Memory transfer time:            0.004 s
Total (without mem):            12.232 s
Total (with mem):               12.236 s
Throughput:                       0.03 Mpixels/sec
Speedup vs OpenMP (kernel):      53.60x
Speedup vs OpenMP (with mem):    53.59x
Wrote 'output/cuda_2d_texture.jpg'

============= 2D TEXTURE + CONSTANT =============
Kernel time:                    11.826 s
Memory transfer time:            0.011 s
Total (without mem):            11.826 s
Total (with mem):               11.837 s
Throughput:                       0.03 Mpixels/sec
Speedup vs OpenMP (kernel):      55.44x
Speedup vs OpenMP (with mem):    55.39x
Wrote 'output/cuda_2d_texture_constant.jpg'

============= REALISTIC =============
Kernel time:                    12.239 s
Memory transfer time:            0.004 s
Total (without mem):            12.239 s
Total (with mem):               12.243 s
Throughput:                       0.03 Mpixels/sec
Speedup vs OpenMP (kernel):      53.57x
Speedup vs OpenMP (with mem):    53.56x
Wrote 'output/cuda_realistic.jpg'
