Config: blockSize=512 MAX_SPHERES=512 maxDepth=50 numSpheres=200
Scene initialized

============= OPENMP =============
Time:                          656.221 s
Wrote 'output/openmp.jpg'

Spheres generated: 200 (requested 200)

============= GLOBAL =============
Kernel time:                    15.305 s
Memory transfer time:            0.005 s
Total (without mem):            15.305 s
Total (with mem):               15.310 s
Throughput:                       0.03 Mpixels/sec
Speedup vs OpenMP (kernel):      42.88x
Speedup vs OpenMP (with mem):    42.86x
Wrote 'output/cuda_global.jpg'

============= CONSTANT =============
Kernel time:                    14.088 s
Memory transfer time:            0.010 s
Total (without mem):            14.088 s
Total (with mem):               14.098 s
Throughput:                       0.03 Mpixels/sec
Speedup vs OpenMP (kernel):      46.58x
Speedup vs OpenMP (with mem):    46.55x
Wrote 'output/cuda_constant.jpg'

============= SHARED =============
Kernel time:                    14.117 s
Memory transfer time:            0.010 s
Total (without mem):            14.117 s
Total (with mem):               14.127 s
Throughput:                       0.03 Mpixels/sec
Speedup vs OpenMP (kernel):      46.48x
Speedup vs OpenMP (with mem):    46.45x
Wrote 'output/cuda_shared.jpg'

============= 1D TEXTURE =============
Kernel time:                    15.270 s
Memory transfer time:            0.004 s
Total (without mem):            15.270 s
Total (with mem):               15.274 s
Throughput:                       0.03 Mpixels/sec
Speedup vs OpenMP (kernel):      42.98x
Speedup vs OpenMP (with mem):    42.96x
Wrote 'output/cuda_1d_texture.jpg'

============= 2D TEXTURE =============
Kernel time:                    15.255 s
Memory transfer time:            0.005 s
Total (without mem):            15.255 s
Total (with mem):               15.260 s
Throughput:                       0.03 Mpixels/sec
Speedup vs OpenMP (kernel):      43.02x
Speedup vs OpenMP (with mem):    43.00x
Wrote 'output/cuda_2d_texture.jpg'

============= 2D TEXTURE + CONSTANT =============
Kernel time:                    14.079 s
Memory transfer time:            0.010 s
Total (without mem):            14.079 s
Total (with mem):               14.090 s
Throughput:                       0.03 Mpixels/sec
Speedup vs OpenMP (kernel):      46.61x
Speedup vs OpenMP (with mem):    46.58x
Wrote 'output/cuda_2d_texture_constant.jpg'

============= REALISTIC =============
Kernel time:                    15.267 s
Memory transfer time:            0.004 s
Total (without mem):            15.267 s
Total (with mem):               15.271 s
Throughput:                       0.03 Mpixels/sec
Speedup vs OpenMP (kernel):      42.98x
Speedup vs OpenMP (with mem):    42.97x
Wrote 'output/cuda_realistic.jpg'
