Config: blockSize=256 MAX_SPHERES=512 maxDepth=10 numSpheres=200
Scene initialized

============= OPENMP =============
Time:                          651.359 s
Wrote 'output/openmp.jpg'

Spheres generated: 200 (requested 200)

============= GLOBAL =============
Kernel time:                    10.427 s
Memory transfer time:            0.005 s
Total (without mem):            10.427 s
Total (with mem):               10.432 s
Throughput:                       0.04 Mpixels/sec
Speedup vs OpenMP (kernel):      62.47x
Speedup vs OpenMP (with mem):    62.44x
Wrote 'output/cuda_global.jpg'

============= CONSTANT =============
Kernel time:                    10.016 s
Memory transfer time:            0.011 s
Total (without mem):            10.016 s
Total (with mem):               10.027 s
Throughput:                       0.04 Mpixels/sec
Speedup vs OpenMP (kernel):      65.03x
Speedup vs OpenMP (with mem):    64.96x
Wrote 'output/cuda_constant.jpg'

============= SHARED =============
Kernel time:                    10.117 s
Memory transfer time:            0.011 s
Total (without mem):            10.117 s
Total (with mem):               10.128 s
Throughput:                       0.04 Mpixels/sec
Speedup vs OpenMP (kernel):      64.38x
Speedup vs OpenMP (with mem):    64.31x
Wrote 'output/cuda_shared.jpg'

============= 1D TEXTURE =============
Kernel time:                    10.392 s
Memory transfer time:            0.004 s
Total (without mem):            10.392 s
Total (with mem):               10.396 s
Throughput:                       0.04 Mpixels/sec
Speedup vs OpenMP (kernel):      62.68x
Speedup vs OpenMP (with mem):    62.66x
Wrote 'output/cuda_1d_texture.jpg'

============= 2D TEXTURE =============
Kernel time:                    10.341 s
Memory transfer time:            0.004 s
Total (without mem):            10.341 s
Total (with mem):               10.345 s
Throughput:                       0.04 Mpixels/sec
Speedup vs OpenMP (kernel):      62.99x
Speedup vs OpenMP (with mem):    62.96x
Wrote 'output/cuda_2d_texture.jpg'

============= 2D TEXTURE + CONSTANT =============
Kernel time:                     9.986 s
Memory transfer time:            0.010 s
Total (without mem):             9.986 s
Total (with mem):                9.996 s
Throughput:                       0.04 Mpixels/sec
Speedup vs OpenMP (kernel):      65.23x
Speedup vs OpenMP (with mem):    65.16x
Wrote 'output/cuda_2d_texture_constant.jpg'

============= REALISTIC =============
Kernel time:                    10.388 s
Memory transfer time:            0.004 s
Total (without mem):            10.388 s
Total (with mem):               10.392 s
Throughput:                       0.04 Mpixels/sec
Speedup vs OpenMP (kernel):      62.70x
Speedup vs OpenMP (with mem):    62.68x
Wrote 'output/cuda_realistic.jpg'
