Config: blockSize=256 MAX_SPHERES=512 maxDepth=25 numSpheres=200
Scene initialized

============= OPENMP =============
Time:                          656.036 s
Wrote 'output/openmp.jpg'

Spheres generated: 200 (requested 200)

============= GLOBAL =============
Kernel time:                    12.846 s
Memory transfer time:            0.005 s
Total (without mem):            12.846 s
Total (with mem):               12.850 s
Throughput:                       0.03 Mpixels/sec
Speedup vs OpenMP (kernel):      51.07x
Speedup vs OpenMP (with mem):    51.05x
Wrote 'output/cuda_global.jpg'

============= CONSTANT =============
Kernel time:                    11.910 s
Memory transfer time:            0.011 s
Total (without mem):            11.910 s
Total (with mem):               11.921 s
Throughput:                       0.03 Mpixels/sec
Speedup vs OpenMP (kernel):      55.08x
Speedup vs OpenMP (with mem):    55.03x
Wrote 'output/cuda_constant.jpg'

============= SHARED =============
Kernel time:                    12.012 s
Memory transfer time:            0.011 s
Total (without mem):            12.012 s
Total (with mem):               12.023 s
Throughput:                       0.03 Mpixels/sec
Speedup vs OpenMP (kernel):      54.61x
Speedup vs OpenMP (with mem):    54.56x
Wrote 'output/cuda_shared.jpg'

============= 1D TEXTURE =============
Kernel time:                    12.770 s
Memory transfer time:            0.004 s
Total (without mem):            12.770 s
Total (with mem):               12.774 s
Throughput:                       0.03 Mpixels/sec
Speedup vs OpenMP (kernel):      51.38x
Speedup vs OpenMP (with mem):    51.36x
Wrote 'output/cuda_1d_texture.jpg'

============= 2D TEXTURE =============
Kernel time:                    12.767 s
Memory transfer time:            0.007 s
Total (without mem):            12.767 s
Total (with mem):               12.774 s
Throughput:                       0.03 Mpixels/sec
Speedup vs OpenMP (kernel):      51.39x
Speedup vs OpenMP (with mem):    51.36x
Wrote 'output/cuda_2d_texture.jpg'

============= 2D TEXTURE + CONSTANT =============
Kernel time:                    11.879 s
Memory transfer time:            0.014 s
Total (without mem):            11.879 s
Total (with mem):               11.893 s
Throughput:                       0.03 Mpixels/sec
Speedup vs OpenMP (kernel):      55.23x
Speedup vs OpenMP (with mem):    55.16x
Wrote 'output/cuda_2d_texture_constant.jpg'

============= REALISTIC =============
Kernel time:                    12.809 s
Memory transfer time:            0.007 s
Total (without mem):            12.809 s
Total (with mem):               12.816 s
Throughput:                       0.03 Mpixels/sec
Speedup vs OpenMP (kernel):      51.22x
Speedup vs OpenMP (with mem):    51.19x
Wrote 'output/cuda_realistic.jpg'
