Config: blockSize=256 MAX_SPHERES=512 maxDepth=50 numSpheres=800
Scene initialized

============= OPENMP =============
Time:                          665.859 s
Wrote 'output/openmp.jpg'

Spheres generated: 203 (requested 800)

============= GLOBAL =============
Kernel time:                    13.638 s
Memory transfer time:            0.005 s
Total (without mem):            13.638 s
Total (with mem):               13.642 s
Throughput:                       0.03 Mpixels/sec
Speedup vs OpenMP (kernel):      48.83x
Speedup vs OpenMP (with mem):    48.81x
Wrote 'output/cuda_global.jpg'

============= CONSTANT =============
Kernel time:                    12.603 s
Memory transfer time:            0.010 s
Total (without mem):            12.603 s
Total (with mem):               12.614 s
Throughput:                       0.03 Mpixels/sec
Speedup vs OpenMP (kernel):      52.83x
Speedup vs OpenMP (with mem):    52.79x
Wrote 'output/cuda_constant.jpg'

============= SHARED =============
Kernel time:                    12.682 s
Memory transfer time:            0.010 s
Total (without mem):            12.682 s
Total (with mem):               12.693 s
Throughput:                       0.03 Mpixels/sec
Speedup vs OpenMP (kernel):      52.50x
Speedup vs OpenMP (with mem):    52.46x
Wrote 'output/cuda_shared.jpg'

============= 1D TEXTURE =============
Kernel time:                    13.570 s
Memory transfer time:            0.004 s
Total (without mem):            13.570 s
Total (with mem):               13.574 s
Throughput:                       0.03 Mpixels/sec
Speedup vs OpenMP (kernel):      49.07x
Speedup vs OpenMP (with mem):    49.05x
Wrote 'output/cuda_1d_texture.jpg'

============= 2D TEXTURE =============
Kernel time:                    13.583 s
Memory transfer time:            0.007 s
Total (without mem):            13.583 s
Total (with mem):               13.590 s
Throughput:                       0.03 Mpixels/sec
Speedup vs OpenMP (kernel):      49.02x
Speedup vs OpenMP (with mem):    49.00x
Wrote 'output/cuda_2d_texture.jpg'

============= 2D TEXTURE + CONSTANT =============
Kernel time:                    12.567 s
Memory transfer time:            0.013 s
Total (without mem):            12.567 s
Total (with mem):               12.581 s
Throughput:                       0.03 Mpixels/sec
Speedup vs OpenMP (kernel):      52.98x
Speedup vs OpenMP (with mem):    52.93x
Wrote 'output/cuda_2d_texture_constant.jpg'

============= REALISTIC =============
Kernel time:                    13.590 s
Memory transfer time:            0.007 s
Total (without mem):            13.590 s
Total (with mem):               13.598 s
Throughput:                       0.03 Mpixels/sec
Speedup vs OpenMP (kernel):      49.00x
Speedup vs OpenMP (with mem):    48.97x
Wrote 'output/cuda_realistic.jpg'
