Config: blockSize=256 MAX_SPHERES=512 maxDepth=50 numSpheres=800
Scene initialized

============= OPENMP =============
Time:                          664.779 s
Wrote 'output/openmp.jpg'

Spheres generated: 203 (requested 800)

============= GLOBAL =============
Kernel time:                    13.617 s
Memory transfer time:            0.005 s
Total (without mem):            13.617 s
Total (with mem):               13.621 s
Throughput:                       0.03 Mpixels/sec
Speedup vs OpenMP (kernel):      48.82x
Speedup vs OpenMP (with mem):    48.80x
Wrote 'output/cuda_global.jpg'

============= CONSTANT =============
Kernel time:                    12.552 s
Memory transfer time:            0.015 s
Total (without mem):            12.552 s
Total (with mem):               12.567 s
Throughput:                       0.03 Mpixels/sec
Speedup vs OpenMP (kernel):      52.96x
Speedup vs OpenMP (with mem):    52.90x
Wrote 'output/cuda_constant.jpg'

============= SHARED =============
Kernel time:                    12.693 s
Memory transfer time:            0.015 s
Total (without mem):            12.693 s
Total (with mem):               12.708 s
Throughput:                       0.03 Mpixels/sec
Speedup vs OpenMP (kernel):      52.37x
Speedup vs OpenMP (with mem):    52.31x
Wrote 'output/cuda_shared.jpg'

============= 1D TEXTURE =============
Kernel time:                    13.576 s
Memory transfer time:            0.004 s
Total (without mem):            13.576 s
Total (with mem):               13.580 s
Throughput:                       0.03 Mpixels/sec
Speedup vs OpenMP (kernel):      48.97x
Speedup vs OpenMP (with mem):    48.95x
Wrote 'output/cuda_1d_texture.jpg'

============= 2D TEXTURE =============
Kernel time:                    13.575 s
Memory transfer time:            0.004 s
Total (without mem):            13.575 s
Total (with mem):               13.579 s
Throughput:                       0.03 Mpixels/sec
Speedup vs OpenMP (kernel):      48.97x
Speedup vs OpenMP (with mem):    48.96x
Wrote 'output/cuda_2d_texture.jpg'

============= 2D TEXTURE + CONSTANT =============
Kernel time:                    12.569 s
Memory transfer time:            0.015 s
Total (without mem):            12.569 s
Total (with mem):               12.584 s
Throughput:                       0.03 Mpixels/sec
Speedup vs OpenMP (kernel):      52.89x
Speedup vs OpenMP (with mem):    52.83x
Wrote 'output/cuda_2d_texture_constant.jpg'

============= REALISTIC =============
Kernel time:                    13.539 s
Memory transfer time:            0.004 s
Total (without mem):            13.539 s
Total (with mem):               13.543 s
Throughput:                       0.03 Mpixels/sec
Speedup vs OpenMP (kernel):      49.10x
Speedup vs OpenMP (with mem):    49.09x
Wrote 'output/cuda_realistic.jpg'
