Config: blockSize=256 MAX_SPHERES=512 maxDepth=50 numSpheres=50
Scene initialized

============= OPENMP =============
Time:                          189.449 s
Wrote 'output/openmp.jpg'

Spheres generated: 50 (requested 50)

============= GLOBAL =============
Kernel time:                     3.830 s
Memory transfer time:            0.005 s
Total (without mem):             3.830 s
Total (with mem):                3.835 s
Throughput:                       0.11 Mpixels/sec
Speedup vs OpenMP (kernel):      49.46x
Speedup vs OpenMP (with mem):    49.40x
Wrote 'output/cuda_global.jpg'

============= CONSTANT =============
Kernel time:                     3.574 s
Memory transfer time:            0.010 s
Total (without mem):             3.574 s
Total (with mem):                3.584 s
Throughput:                       0.11 Mpixels/sec
Speedup vs OpenMP (kernel):      53.01x
Speedup vs OpenMP (with mem):    52.87x
Wrote 'output/cuda_constant.jpg'

============= SHARED =============
Kernel time:                     3.621 s
Memory transfer time:            0.010 s
Total (without mem):             3.621 s
Total (with mem):                3.631 s
Throughput:                       0.11 Mpixels/sec
Speedup vs OpenMP (kernel):      52.32x
Speedup vs OpenMP (with mem):    52.17x
Wrote 'output/cuda_shared.jpg'

============= 1D TEXTURE =============
Kernel time:                     3.771 s
Memory transfer time:            0.004 s
Total (without mem):             3.771 s
Total (with mem):                3.775 s
Throughput:                       0.11 Mpixels/sec
Speedup vs OpenMP (kernel):      50.24x
Speedup vs OpenMP (with mem):    50.19x
Wrote 'output/cuda_1d_texture.jpg'

============= 2D TEXTURE =============
Kernel time:                     3.759 s
Memory transfer time:            0.004 s
Total (without mem):             3.759 s
Total (with mem):                3.763 s
Throughput:                       0.11 Mpixels/sec
Speedup vs OpenMP (kernel):      50.40x
Speedup vs OpenMP (with mem):    50.35x
Wrote 'output/cuda_2d_texture.jpg'

============= 2D TEXTURE + CONSTANT =============
Kernel time:                     3.561 s
Memory transfer time:            0.010 s
Total (without mem):             3.561 s
Total (with mem):                3.571 s
Throughput:                       0.12 Mpixels/sec
Speedup vs OpenMP (kernel):      53.21x
Speedup vs OpenMP (with mem):    53.06x
Wrote 'output/cuda_2d_texture_constant.jpg'

============= REALISTIC =============
Kernel time:                     3.759 s
Memory transfer time:            0.004 s
Total (without mem):             3.759 s
Total (with mem):                3.762 s
Throughput:                       0.11 Mpixels/sec
Speedup vs OpenMP (kernel):      50.40x
Speedup vs OpenMP (with mem):    50.35x
Wrote 'output/cuda_realistic.jpg'
