Config: blockSize=1024 MAX_SPHERES=512 maxDepth=50 numSpheres=200
Scene initialized

============= OPENMP =============
Time:                          656.741 s
Wrote 'output/openmp.jpg'

Spheres generated: 200 (requested 200)
CUDA error: too many resources requested for launch

============= GLOBAL =============
Kernel time:                     0.000 s
Memory transfer time:            0.005 s
Total (without mem):             0.000 s
Total (with mem):                0.005 s
Throughput:                    6776.07 Mpixels/sec
Speedup vs OpenMP (kernel):   10864561.03x
Speedup vs OpenMP (with mem): 138505.26x
Wrote 'output/cuda_global.jpg'
CUDA error: too many resources requested for launch

============= CONSTANT =============
Kernel time:                     0.000 s
Memory transfer time:            0.009 s
Total (without mem):             0.000 s
Total (with mem):                0.009 s
Throughput:                    5053.30 Mpixels/sec
Speedup vs OpenMP (kernel):   8102311.31x
Speedup vs OpenMP (with mem): 71322.86x
Wrote 'output/cuda_constant.jpg'
CUDA error: too many resources requested for launch

============= SHARED =============
Kernel time:                     0.000 s
Memory transfer time:            0.009 s
Total (without mem):             0.000 s
Total (with mem):                0.009 s
Throughput:                    3588.45 Mpixels/sec
Speedup vs OpenMP (kernel):   5753617.82x
Speedup vs OpenMP (with mem): 70854.28x
Wrote 'output/cuda_shared.jpg'
CUDA error: too many resources requested for launch

============= 1D TEXTURE =============
Kernel time:                     0.000 s
Memory transfer time:            0.004 s
Total (without mem):             0.000 s
Total (with mem):                0.004 s
Throughput:                    4953.56 Mpixels/sec
Speedup vs OpenMP (kernel):   7942397.53x
Speedup vs OpenMP (with mem): 164119.60x
Wrote 'output/cuda_1d_texture.jpg'
CUDA error: too many resources requested for launch

============= 2D TEXTURE =============
Kernel time:                     0.000 s
Memory transfer time:            0.004 s
Total (without mem):             0.000 s
Total (with mem):                0.004 s
Throughput:                    4453.72 Mpixels/sec
Speedup vs OpenMP (kernel):   7140972.29x
Speedup vs OpenMP (with mem): 157110.25x
Wrote 'output/cuda_2d_texture.jpg'
CUDA error: too many resources requested for launch

============= 2D TEXTURE + CONSTANT =============
Kernel time:                     0.000 s
Memory transfer time:            0.009 s
Total (without mem):             0.000 s
Total (with mem):                0.009 s
Throughput:                    4020.10 Mpixels/sec
Speedup vs OpenMP (kernel):   6445714.52x
Speedup vs OpenMP (with mem): 70930.20x
Wrote 'output/cuda_2d_texture_constant.jpg'
CUDA error: too many resources requested for launch

============= REALISTIC =============
Kernel time:                     0.000 s
Memory transfer time:            0.004 s
Total (without mem):             0.000 s
Total (with mem):                0.004 s
Throughput:                    3441.79 Mpixels/sec
Speedup vs OpenMP (kernel):   5518460.57x
Speedup vs OpenMP (with mem): 153662.43x
Wrote 'output/cuda_realistic.jpg'
