Config: blockSize=256 MAX_SPHERES=512 maxDepth=50 numSpheres=100
Scene initialized

============= OPENMP =============
Time:                          356.480 s
Wrote 'output/openmp.jpg'

Spheres generated: 100 (requested 100)

============= GLOBAL =============
Kernel time:                     7.680 s
Memory transfer time:            0.010 s
Total (without mem):             7.680 s
Total (with mem):                7.690 s
Throughput:                       0.05 Mpixels/sec
Speedup vs OpenMP (kernel):      46.41x
Speedup vs OpenMP (with mem):    46.36x
Wrote 'output/cuda_global.jpg'

============= CONSTANT =============
Kernel time:                     7.112 s
Memory transfer time:            0.018 s
Total (without mem):             7.112 s
Total (with mem):                7.130 s
Throughput:                       0.06 Mpixels/sec
Speedup vs OpenMP (kernel):      50.12x
Speedup vs OpenMP (with mem):    50.00x
Wrote 'output/cuda_constant.jpg'

============= SHARED =============
Kernel time:                     7.169 s
Memory transfer time:            0.018 s
Total (without mem):             7.169 s
Total (with mem):                7.186 s
Throughput:                       0.06 Mpixels/sec
Speedup vs OpenMP (kernel):      49.73x
Speedup vs OpenMP (with mem):    49.60x
Wrote 'output/cuda_shared.jpg'

============= 1D TEXTURE =============
Kernel time:                     7.597 s
Memory transfer time:            0.004 s
Total (without mem):             7.597 s
Total (with mem):                7.601 s
Throughput:                       0.05 Mpixels/sec
Speedup vs OpenMP (kernel):      46.92x
Speedup vs OpenMP (with mem):    46.90x
Wrote 'output/cuda_1d_texture.jpg'

============= 2D TEXTURE =============
Kernel time:                     7.625 s
Memory transfer time:            0.004 s
Total (without mem):             7.625 s
Total (with mem):                7.629 s
Throughput:                       0.05 Mpixels/sec
Speedup vs OpenMP (kernel):      46.75x
Speedup vs OpenMP (with mem):    46.73x
Wrote 'output/cuda_2d_texture.jpg'

============= 2D TEXTURE + CONSTANT =============
Kernel time:                     7.113 s
Memory transfer time:            0.013 s
Total (without mem):             7.113 s
Total (with mem):                7.126 s
Throughput:                       0.06 Mpixels/sec
Speedup vs OpenMP (kernel):      50.12x
Speedup vs OpenMP (with mem):    50.03x
Wrote 'output/cuda_2d_texture_constant.jpg'

============= REALISTIC =============
Kernel time:                     7.585 s
Memory transfer time:            0.004 s
Total (without mem):             7.585 s
Total (with mem):                7.589 s
Throughput:                       0.05 Mpixels/sec
Speedup vs OpenMP (kernel):      47.00x
Speedup vs OpenMP (with mem):    46.97x
Wrote 'output/cuda_realistic.jpg'
