Config: blockSize=64 MAX_SPHERES=512 maxDepth=50 numSpheres=200
Scene initialized

============= OPENMP =============
Time:                          655.802 s
Wrote 'output/openmp.jpg'

Spheres generated: 200 (requested 200)

============= GLOBAL =============
Kernel time:                    11.973 s
Memory transfer time:            0.008 s
Total (without mem):            11.973 s
Total (with mem):               11.982 s
Throughput:                       0.03 Mpixels/sec
Speedup vs OpenMP (kernel):      54.77x
Speedup vs OpenMP (with mem):    54.73x
Wrote 'output/cuda_global.jpg'

============= CONSTANT =============
Kernel time:                    11.766 s
Memory transfer time:            0.017 s
Total (without mem):            11.766 s
Total (with mem):               11.783 s
Throughput:                       0.03 Mpixels/sec
Speedup vs OpenMP (kernel):      55.74x
Speedup vs OpenMP (with mem):    55.66x
Wrote 'output/cuda_constant.jpg'

============= SHARED =============
Kernel time:                    12.940 s
Memory transfer time:            0.017 s
Total (without mem):            12.940 s
Total (with mem):               12.957 s
Throughput:                       0.03 Mpixels/sec
Speedup vs OpenMP (kernel):      50.68x
Speedup vs OpenMP (with mem):    50.61x
Wrote 'output/cuda_shared.jpg'

============= 1D TEXTURE =============
Kernel time:                    11.899 s
Memory transfer time:            0.004 s
Total (without mem):            11.899 s
Total (with mem):               11.903 s
Throughput:                       0.03 Mpixels/sec
Speedup vs OpenMP (kernel):      55.11x
Speedup vs OpenMP (with mem):    55.09x
Wrote 'output/cuda_1d_texture.jpg'

============= 2D TEXTURE =============
Kernel time:                    11.836 s
Memory transfer time:            0.004 s
Total (without mem):            11.836 s
Total (with mem):               11.840 s
Throughput:                       0.03 Mpixels/sec
Speedup vs OpenMP (kernel):      55.41x
Speedup vs OpenMP (with mem):    55.39x
Wrote 'output/cuda_2d_texture.jpg'

============= 2D TEXTURE + CONSTANT =============
Kernel time:                    11.743 s
Memory transfer time:            0.013 s
Total (without mem):            11.743 s
Total (with mem):               11.757 s
Throughput:                       0.03 Mpixels/sec
Speedup vs OpenMP (kernel):      55.84x
Speedup vs OpenMP (with mem):    55.78x
Wrote 'output/cuda_2d_texture_constant.jpg'

============= REALISTIC =============
Kernel time:                    11.941 s
Memory transfer time:            0.004 s
Total (without mem):            11.941 s
Total (with mem):               11.945 s
Throughput:                       0.03 Mpixels/sec
Speedup vs OpenMP (kernel):      54.92x
Speedup vs OpenMP (with mem):    54.90x
Wrote 'output/cuda_realistic.jpg'
