Config: blockSize=256 MAX_SPHERES=512 maxDepth=50 numSpheres=200
Scene initialized

============= OPENMP =============
Time:                          655.233 s
Wrote 'output/openmp.jpg'

Spheres generated: 200 (requested 200)

============= GLOBAL =============
Kernel time:                    13.456 s
Memory transfer time:            0.010 s
Total (without mem):            13.456 s
Total (with mem):               13.466 s
Throughput:                       0.03 Mpixels/sec
Speedup vs OpenMP (kernel):      48.69x
Speedup vs OpenMP (with mem):    48.66x
Wrote 'output/cuda_global.jpg'

============= CONSTANT =============
Kernel time:                    12.404 s
Memory transfer time:            0.018 s
Total (without mem):            12.404 s
Total (with mem):               12.423 s
Throughput:                       0.03 Mpixels/sec
Speedup vs OpenMP (kernel):      52.82x
Speedup vs OpenMP (with mem):    52.75x
Wrote 'output/cuda_constant.jpg'

============= SHARED =============
Kernel time:                    12.489 s
Memory transfer time:            0.018 s
Total (without mem):            12.489 s
Total (with mem):               12.507 s
Throughput:                       0.03 Mpixels/sec
Speedup vs OpenMP (kernel):      52.46x
Speedup vs OpenMP (with mem):    52.39x
Wrote 'output/cuda_shared.jpg'

============= 1D TEXTURE =============
Kernel time:                    13.374 s
Memory transfer time:            0.004 s
Total (without mem):            13.374 s
Total (with mem):               13.378 s
Throughput:                       0.03 Mpixels/sec
Speedup vs OpenMP (kernel):      48.99x
Speedup vs OpenMP (with mem):    48.98x
Wrote 'output/cuda_1d_texture.jpg'

============= 2D TEXTURE =============
Kernel time:                    13.418 s
Memory transfer time:            0.004 s
Total (without mem):            13.418 s
Total (with mem):               13.422 s
Throughput:                       0.03 Mpixels/sec
Speedup vs OpenMP (kernel):      48.83x
Speedup vs OpenMP (with mem):    48.82x
Wrote 'output/cuda_2d_texture.jpg'

============= 2D TEXTURE + CONSTANT =============
Kernel time:                    12.397 s
Memory transfer time:            0.013 s
Total (without mem):            12.397 s
Total (with mem):               12.410 s
Throughput:                       0.03 Mpixels/sec
Speedup vs OpenMP (kernel):      52.85x
Speedup vs OpenMP (with mem):    52.80x
Wrote 'output/cuda_2d_texture_constant.jpg'

============= REALISTIC =============
Kernel time:                    13.383 s
Memory transfer time:            0.004 s
Total (without mem):            13.383 s
Total (with mem):               13.388 s
Throughput:                       0.03 Mpixels/sec
Speedup vs OpenMP (kernel):      48.96x
Speedup vs OpenMP (with mem):    48.94x
Wrote 'output/cuda_realistic.jpg'
