Config: blockSize=256 MAX_SPHERES=512 maxDepth=75 numSpheres=200
Scene initialized

============= OPENMP =============
Time:                          658.300 s
Wrote 'output/openmp.jpg'

Spheres generated: 200 (requested 200)

============= GLOBAL =============
Kernel time:                    13.600 s
Memory transfer time:            0.005 s
Total (without mem):            13.600 s
Total (with mem):               13.605 s
Throughput:                       0.03 Mpixels/sec
Speedup vs OpenMP (kernel):      48.40x
Speedup vs OpenMP (with mem):    48.39x
Wrote 'output/cuda_global.jpg'

============= CONSTANT =============
Kernel time:                    12.505 s
Memory transfer time:            0.010 s
Total (without mem):            12.505 s
Total (with mem):               12.515 s
Throughput:                       0.03 Mpixels/sec
Speedup vs OpenMP (kernel):      52.64x
Speedup vs OpenMP (with mem):    52.60x
Wrote 'output/cuda_constant.jpg'

============= SHARED =============
Kernel time:                    12.611 s
Memory transfer time:            0.010 s
Total (without mem):            12.611 s
Total (with mem):               12.621 s
Throughput:                       0.03 Mpixels/sec
Speedup vs OpenMP (kernel):      52.20x
Speedup vs OpenMP (with mem):    52.16x
Wrote 'output/cuda_shared.jpg'

============= 1D TEXTURE =============
Kernel time:                    13.576 s
Memory transfer time:            0.004 s
Total (without mem):            13.576 s
Total (with mem):               13.580 s
Throughput:                       0.03 Mpixels/sec
Speedup vs OpenMP (kernel):      48.49x
Speedup vs OpenMP (with mem):    48.47x
Wrote 'output/cuda_1d_texture.jpg'

============= 2D TEXTURE =============
Kernel time:                    13.531 s
Memory transfer time:            0.006 s
Total (without mem):            13.531 s
Total (with mem):               13.538 s
Throughput:                       0.03 Mpixels/sec
Speedup vs OpenMP (kernel):      48.65x
Speedup vs OpenMP (with mem):    48.63x
Wrote 'output/cuda_2d_texture.jpg'

============= 2D TEXTURE + CONSTANT =============
Kernel time:                    12.502 s
Memory transfer time:            0.012 s
Total (without mem):            12.502 s
Total (with mem):               12.514 s
Throughput:                       0.03 Mpixels/sec
Speedup vs OpenMP (kernel):      52.66x
Speedup vs OpenMP (with mem):    52.60x
Wrote 'output/cuda_2d_texture_constant.jpg'

============= REALISTIC =============
Kernel time:                    13.565 s
Memory transfer time:            0.007 s
Total (without mem):            13.565 s
Total (with mem):               13.572 s
Throughput:                       0.03 Mpixels/sec
Speedup vs OpenMP (kernel):      48.53x
Speedup vs OpenMP (with mem):    48.50x
Wrote 'output/cuda_realistic.jpg'
