Config: blockSize=512 MAX_SPHERES=512 maxDepth=50 numSpheres=200
Scene initialized

============= OPENMP =============
Time:                          656.563 s
Wrote 'output/openmp.jpg'

Spheres generated: 200 (requested 200)

============= GLOBAL =============
Kernel time:                    15.307 s
Memory transfer time:            0.005 s
Total (without mem):            15.307 s
Total (with mem):               15.311 s
Throughput:                       0.03 Mpixels/sec
Speedup vs OpenMP (kernel):      42.89x
Speedup vs OpenMP (with mem):    42.88x
Wrote 'output/cuda_global.jpg'

============= CONSTANT =============
Kernel time:                    14.099 s
Memory transfer time:            0.010 s
Total (without mem):            14.099 s
Total (with mem):               14.109 s
Throughput:                       0.03 Mpixels/sec
Speedup vs OpenMP (kernel):      46.57x
Speedup vs OpenMP (with mem):    46.54x
Wrote 'output/cuda_constant.jpg'

============= SHARED =============
Kernel time:                    14.100 s
Memory transfer time:            0.010 s
Total (without mem):            14.100 s
Total (with mem):               14.110 s
Throughput:                       0.03 Mpixels/sec
Speedup vs OpenMP (kernel):      46.56x
Speedup vs OpenMP (with mem):    46.53x
Wrote 'output/cuda_shared.jpg'

============= 1D TEXTURE =============
Kernel time:                    15.243 s
Memory transfer time:            0.004 s
Total (without mem):            15.243 s
Total (with mem):               15.247 s
Throughput:                       0.03 Mpixels/sec
Speedup vs OpenMP (kernel):      43.07x
Speedup vs OpenMP (with mem):    43.06x
Wrote 'output/cuda_1d_texture.jpg'

============= 2D TEXTURE =============
Kernel time:                    15.252 s
Memory transfer time:            0.004 s
Total (without mem):            15.252 s
Total (with mem):               15.256 s
Throughput:                       0.03 Mpixels/sec
Speedup vs OpenMP (kernel):      43.05x
Speedup vs OpenMP (with mem):    43.04x
Wrote 'output/cuda_2d_texture.jpg'

============= 2D TEXTURE + CONSTANT =============
Kernel time:                    14.108 s
Memory transfer time:            0.009 s
Total (without mem):            14.108 s
Total (with mem):               14.117 s
Throughput:                       0.03 Mpixels/sec
Speedup vs OpenMP (kernel):      46.54x
Speedup vs OpenMP (with mem):    46.51x
Wrote 'output/cuda_2d_texture_constant.jpg'

============= REALISTIC =============
Kernel time:                    15.283 s
Memory transfer time:            0.004 s
Total (without mem):            15.283 s
Total (with mem):               15.288 s
Throughput:                       0.03 Mpixels/sec
Speedup vs OpenMP (kernel):      42.96x
Speedup vs OpenMP (with mem):    42.95x
Wrote 'output/cuda_realistic.jpg'
