Config: blockSize=256 MAX_SPHERES=512 maxDepth=10 numSpheres=200
Scene initialized

============= OPENMP =============
Time:                          652.001 s
Wrote 'output/openmp.jpg'

Spheres generated: 200 (requested 200)

============= GLOBAL =============
Kernel time:                    10.449 s
Memory transfer time:            0.010 s
Total (without mem):            10.449 s
Total (with mem):               10.459 s
Throughput:                       0.04 Mpixels/sec
Speedup vs OpenMP (kernel):      62.40x
Speedup vs OpenMP (with mem):    62.34x
Wrote 'output/cuda_global.jpg'

============= CONSTANT =============
Kernel time:                    10.008 s
Memory transfer time:            0.018 s
Total (without mem):            10.008 s
Total (with mem):               10.026 s
Throughput:                       0.04 Mpixels/sec
Speedup vs OpenMP (kernel):      65.15x
Speedup vs OpenMP (with mem):    65.03x
Wrote 'output/cuda_constant.jpg'

============= SHARED =============
Kernel time:                    10.137 s
Memory transfer time:            0.018 s
Total (without mem):            10.137 s
Total (with mem):               10.155 s
Throughput:                       0.04 Mpixels/sec
Speedup vs OpenMP (kernel):      64.32x
Speedup vs OpenMP (with mem):    64.20x
Wrote 'output/cuda_shared.jpg'

============= 1D TEXTURE =============
Kernel time:                    10.381 s
Memory transfer time:            0.004 s
Total (without mem):            10.381 s
Total (with mem):               10.385 s
Throughput:                       0.04 Mpixels/sec
Speedup vs OpenMP (kernel):      62.81x
Speedup vs OpenMP (with mem):    62.78x
Wrote 'output/cuda_1d_texture.jpg'

============= 2D TEXTURE =============
Kernel time:                    10.393 s
Memory transfer time:            0.004 s
Total (without mem):            10.393 s
Total (with mem):               10.397 s
Throughput:                       0.04 Mpixels/sec
Speedup vs OpenMP (kernel):      62.74x
Speedup vs OpenMP (with mem):    62.71x
Wrote 'output/cuda_2d_texture.jpg'

============= 2D TEXTURE + CONSTANT =============
Kernel time:                     9.993 s
Memory transfer time:            0.013 s
Total (without mem):             9.993 s
Total (with mem):               10.005 s
Throughput:                       0.04 Mpixels/sec
Speedup vs OpenMP (kernel):      65.25x
Speedup vs OpenMP (with mem):    65.17x
Wrote 'output/cuda_2d_texture_constant.jpg'

============= REALISTIC =============
Kernel time:                    10.422 s
Memory transfer time:            0.004 s
Total (without mem):            10.422 s
Total (with mem):               10.427 s
Throughput:                       0.04 Mpixels/sec
Speedup vs OpenMP (kernel):      62.56x
Speedup vs OpenMP (with mem):    62.53x
Wrote 'output/cuda_realistic.jpg'
