Config: blockSize=256 MAX_SPHERES=512 maxDepth=50 numSpheres=200
Scene initialized

============= OPENMP =============
Time:                          656.053 s
Wrote 'output/openmp.jpg'

Spheres generated: 200 (requested 200)

============= GLOBAL =============
Kernel time:                    13.451 s
Memory transfer time:            0.005 s
Total (without mem):            13.451 s
Total (with mem):               13.456 s
Throughput:                       0.03 Mpixels/sec
Speedup vs OpenMP (kernel):      48.77x
Speedup vs OpenMP (with mem):    48.75x
Wrote 'output/cuda_global.jpg'

============= CONSTANT =============
Kernel time:                    12.454 s
Memory transfer time:            0.012 s
Total (without mem):            12.454 s
Total (with mem):               12.466 s
Throughput:                       0.03 Mpixels/sec
Speedup vs OpenMP (kernel):      52.68x
Speedup vs OpenMP (with mem):    52.63x
Wrote 'output/cuda_constant.jpg'

============= SHARED =============
Kernel time:                    12.485 s
Memory transfer time:            0.012 s
Total (without mem):            12.485 s
Total (with mem):               12.496 s
Throughput:                       0.03 Mpixels/sec
Speedup vs OpenMP (kernel):      52.55x
Speedup vs OpenMP (with mem):    52.50x
Wrote 'output/cuda_shared.jpg'

============= 1D TEXTURE =============
Kernel time:                    13.407 s
Memory transfer time:            0.004 s
Total (without mem):            13.407 s
Total (with mem):               13.411 s
Throughput:                       0.03 Mpixels/sec
Speedup vs OpenMP (kernel):      48.93x
Speedup vs OpenMP (with mem):    48.92x
Wrote 'output/cuda_1d_texture.jpg'

============= 2D TEXTURE =============
Kernel time:                    13.424 s
Memory transfer time:            0.004 s
Total (without mem):            13.424 s
Total (with mem):               13.427 s
Throughput:                       0.03 Mpixels/sec
Speedup vs OpenMP (kernel):      48.87x
Speedup vs OpenMP (with mem):    48.86x
Wrote 'output/cuda_2d_texture.jpg'

============= 2D TEXTURE + CONSTANT =============
Kernel time:                    12.406 s
Memory transfer time:            0.012 s
Total (without mem):            12.406 s
Total (with mem):               12.418 s
Throughput:                       0.03 Mpixels/sec
Speedup vs OpenMP (kernel):      52.88x
Speedup vs OpenMP (with mem):    52.83x
Wrote 'output/cuda_2d_texture_constant.jpg'

============= REALISTIC =============
Kernel time:                    13.414 s
Memory transfer time:            0.004 s
Total (without mem):            13.414 s
Total (with mem):               13.419 s
Throughput:                       0.03 Mpixels/sec
Speedup vs OpenMP (kernel):      48.91x
Speedup vs OpenMP (with mem):    48.89x
Wrote 'output/cuda_realistic.jpg'
