Config: blockSize=256 MAX_SPHERES=512 maxDepth=50 numSpheres=800
Scene initialized

============= OPENMP =============
Time:                          665.425 s
Wrote 'output/openmp.jpg'

Spheres generated: 203 (requested 800)

============= GLOBAL =============
Kernel time:                    13.613 s
Memory transfer time:            0.005 s
Total (without mem):            13.613 s
Total (with mem):               13.617 s
Throughput:                       0.03 Mpixels/sec
Speedup vs OpenMP (kernel):      48.88x
Speedup vs OpenMP (with mem):    48.87x
Wrote 'output/cuda_global.jpg'

============= CONSTANT =============
Kernel time:                    12.596 s
Memory transfer time:            0.014 s
Total (without mem):            12.596 s
Total (with mem):               12.610 s
Throughput:                       0.03 Mpixels/sec
Speedup vs OpenMP (kernel):      52.83x
Speedup vs OpenMP (with mem):    52.77x
Wrote 'output/cuda_constant.jpg'

============= SHARED =============
Kernel time:                    12.686 s
Memory transfer time:            0.014 s
Total (without mem):            12.686 s
Total (with mem):               12.700 s
Throughput:                       0.03 Mpixels/sec
Speedup vs OpenMP (kernel):      52.46x
Speedup vs OpenMP (with mem):    52.40x
Wrote 'output/cuda_shared.jpg'

============= 1D TEXTURE =============
Kernel time:                    13.575 s
Memory transfer time:            0.004 s
Total (without mem):            13.575 s
Total (with mem):               13.579 s
Throughput:                       0.03 Mpixels/sec
Speedup vs OpenMP (kernel):      49.02x
Speedup vs OpenMP (with mem):    49.00x
Wrote 'output/cuda_1d_texture.jpg'

============= 2D TEXTURE =============
Kernel time:                    13.571 s
Memory transfer time:            0.004 s
Total (without mem):            13.571 s
Total (with mem):               13.575 s
Throughput:                       0.03 Mpixels/sec
Speedup vs OpenMP (kernel):      49.03x
Speedup vs OpenMP (with mem):    49.02x
Wrote 'output/cuda_2d_texture.jpg'

============= 2D TEXTURE + CONSTANT =============
Kernel time:                    12.581 s
Memory transfer time:            0.014 s
Total (without mem):            12.581 s
Total (with mem):               12.595 s
Throughput:                       0.03 Mpixels/sec
Speedup vs OpenMP (kernel):      52.89x
Speedup vs OpenMP (with mem):    52.83x
Wrote 'output/cuda_2d_texture_constant.jpg'

============= REALISTIC =============
Kernel time:                    13.555 s
Memory transfer time:            0.004 s
Total (without mem):            13.555 s
Total (with mem):               13.559 s
Throughput:                       0.03 Mpixels/sec
Speedup vs OpenMP (kernel):      49.09x
Speedup vs OpenMP (with mem):    49.08x
Wrote 'output/cuda_realistic.jpg'
