Config: blockSize=256 MAX_SPHERES=512 maxDepth=10 numSpheres=200
Scene initialized

============= OPENMP =============
Time:                          651.958 s
Wrote 'output/openmp.jpg'

Spheres generated: 200 (requested 200)

============= GLOBAL =============
Kernel time:                    10.426 s
Memory transfer time:            0.005 s
Total (without mem):            10.426 s
Total (with mem):               10.431 s
Throughput:                       0.04 Mpixels/sec
Speedup vs OpenMP (kernel):      62.53x
Speedup vs OpenMP (with mem):    62.50x
Wrote 'output/cuda_global.jpg'

============= CONSTANT =============
Kernel time:                    10.022 s
Memory transfer time:            0.010 s
Total (without mem):            10.022 s
Total (with mem):               10.033 s
Throughput:                       0.04 Mpixels/sec
Speedup vs OpenMP (kernel):      65.05x
Speedup vs OpenMP (with mem):    64.98x
Wrote 'output/cuda_constant.jpg'

============= SHARED =============
Kernel time:                    10.126 s
Memory transfer time:            0.010 s
Total (without mem):            10.126 s
Total (with mem):               10.137 s
Throughput:                       0.04 Mpixels/sec
Speedup vs OpenMP (kernel):      64.38x
Speedup vs OpenMP (with mem):    64.32x
Wrote 'output/cuda_shared.jpg'

============= 1D TEXTURE =============
Kernel time:                    10.387 s
Memory transfer time:            0.004 s
Total (without mem):            10.387 s
Total (with mem):               10.391 s
Throughput:                       0.04 Mpixels/sec
Speedup vs OpenMP (kernel):      62.77x
Speedup vs OpenMP (with mem):    62.74x
Wrote 'output/cuda_1d_texture.jpg'

============= 2D TEXTURE =============
Kernel time:                    10.376 s
Memory transfer time:            0.004 s
Total (without mem):            10.376 s
Total (with mem):               10.381 s
Throughput:                       0.04 Mpixels/sec
Speedup vs OpenMP (kernel):      62.83x
Speedup vs OpenMP (with mem):    62.80x
Wrote 'output/cuda_2d_texture.jpg'

============= 2D TEXTURE + CONSTANT =============
Kernel time:                    10.010 s
Memory transfer time:            0.010 s
Total (without mem):            10.010 s
Total (with mem):               10.020 s
Throughput:                       0.04 Mpixels/sec
Speedup vs OpenMP (kernel):      65.13x
Speedup vs OpenMP (with mem):    65.07x
Wrote 'output/cuda_2d_texture_constant.jpg'

============= REALISTIC =============
Kernel time:                    10.407 s
Memory transfer time:            0.004 s
Total (without mem):            10.407 s
Total (with mem):               10.411 s
Throughput:                       0.04 Mpixels/sec
Speedup vs OpenMP (kernel):      62.65x
Speedup vs OpenMP (with mem):    62.62x
Wrote 'output/cuda_realistic.jpg'
