Config: blockSize=256 MAX_SPHERES=512 maxDepth=50 numSpheres=200
Scene initialized

============= OPENMP =============
Time:                          656.689 s
Wrote 'output/openmp.jpg'

Spheres generated: 200 (requested 200)

============= GLOBAL =============
Kernel time:                    13.456 s
Memory transfer time:            0.005 s
Total (without mem):            13.456 s
Total (with mem):               13.461 s
Throughput:                       0.03 Mpixels/sec
Speedup vs OpenMP (kernel):      48.80x
Speedup vs OpenMP (with mem):    48.78x
Wrote 'output/cuda_global.jpg'

============= CONSTANT =============
Kernel time:                    12.359 s
Memory transfer time:            0.010 s
Total (without mem):            12.359 s
Total (with mem):               12.369 s
Throughput:                       0.03 Mpixels/sec
Speedup vs OpenMP (kernel):      53.13x
Speedup vs OpenMP (with mem):    53.09x
Wrote 'output/cuda_constant.jpg'

============= SHARED =============
Kernel time:                    12.491 s
Memory transfer time:            0.010 s
Total (without mem):            12.491 s
Total (with mem):               12.502 s
Throughput:                       0.03 Mpixels/sec
Speedup vs OpenMP (kernel):      52.57x
Speedup vs OpenMP (with mem):    52.53x
Wrote 'output/cuda_shared.jpg'

============= 1D TEXTURE =============
Kernel time:                    13.388 s
Memory transfer time:            0.004 s
Total (without mem):            13.388 s
Total (with mem):               13.392 s
Throughput:                       0.03 Mpixels/sec
Speedup vs OpenMP (kernel):      49.05x
Speedup vs OpenMP (with mem):    49.04x
Wrote 'output/cuda_1d_texture.jpg'

============= 2D TEXTURE =============
Kernel time:                    13.387 s
Memory transfer time:            0.005 s
Total (without mem):            13.387 s
Total (with mem):               13.392 s
Throughput:                       0.03 Mpixels/sec
Speedup vs OpenMP (kernel):      49.05x
Speedup vs OpenMP (with mem):    49.04x
Wrote 'output/cuda_2d_texture.jpg'

============= 2D TEXTURE + CONSTANT =============
Kernel time:                    12.407 s
Memory transfer time:            0.011 s
Total (without mem):            12.407 s
Total (with mem):               12.418 s
Throughput:                       0.03 Mpixels/sec
Speedup vs OpenMP (kernel):      52.93x
Speedup vs OpenMP (with mem):    52.88x
Wrote 'output/cuda_2d_texture_constant.jpg'

============= REALISTIC =============
Kernel time:                    13.400 s
Memory transfer time:            0.005 s
Total (without mem):            13.400 s
Total (with mem):               13.405 s
Throughput:                       0.03 Mpixels/sec
Speedup vs OpenMP (kernel):      49.01x
Speedup vs OpenMP (with mem):    48.99x
Wrote 'output/cuda_realistic.jpg'
