Config: blockSize=32 MAX_SPHERES=512 maxDepth=50 numSpheres=200
Scene initialized

============= OPENMP =============
Time:                          656.509 s
Wrote 'output/openmp.jpg'

Spheres generated: 200 (requested 200)

============= GLOBAL =============
Kernel time:                    11.819 s
Memory transfer time:            0.006 s
Total (without mem):            11.819 s
Total (with mem):               11.824 s
Throughput:                       0.03 Mpixels/sec
Speedup vs OpenMP (kernel):      55.55x
Speedup vs OpenMP (with mem):    55.52x
Wrote 'output/cuda_global.jpg'

============= CONSTANT =============
Kernel time:                    11.718 s
Memory transfer time:            0.120 s
Total (without mem):            11.718 s
Total (with mem):               11.838 s
Throughput:                       0.03 Mpixels/sec
Speedup vs OpenMP (kernel):      56.03x
Speedup vs OpenMP (with mem):    55.46x
Wrote 'output/cuda_constant.jpg'

============= SHARED =============
Kernel time:                    16.464 s
Memory transfer time:            0.120 s
Total (without mem):            16.464 s
Total (with mem):               16.584 s
Throughput:                       0.02 Mpixels/sec
Speedup vs OpenMP (kernel):      39.88x
Speedup vs OpenMP (with mem):    39.59x
Wrote 'output/cuda_shared.jpg'

============= 1D TEXTURE =============
Kernel time:                    11.766 s
Memory transfer time:            0.004 s
Total (without mem):            11.766 s
Total (with mem):               11.770 s
Throughput:                       0.03 Mpixels/sec
Speedup vs OpenMP (kernel):      55.80x
Speedup vs OpenMP (with mem):    55.78x
Wrote 'output/cuda_1d_texture.jpg'

============= 2D TEXTURE =============
Kernel time:                    11.741 s
Memory transfer time:            0.015 s
Total (without mem):            11.741 s
Total (with mem):               11.756 s
Throughput:                       0.03 Mpixels/sec
Speedup vs OpenMP (kernel):      55.91x
Speedup vs OpenMP (with mem):    55.84x
Wrote 'output/cuda_2d_texture.jpg'

============= 2D TEXTURE + CONSTANT =============
Kernel time:                    11.724 s
Memory transfer time:            0.129 s
Total (without mem):            11.724 s
Total (with mem):               11.853 s
Throughput:                       0.03 Mpixels/sec
Speedup vs OpenMP (kernel):      56.00x
Speedup vs OpenMP (with mem):    55.39x
Wrote 'output/cuda_2d_texture_constant.jpg'

============= REALISTIC =============
Kernel time:                    11.826 s
Memory transfer time:            0.015 s
Total (without mem):            11.826 s
Total (with mem):               11.841 s
Throughput:                       0.03 Mpixels/sec
Speedup vs OpenMP (kernel):      55.51x
Speedup vs OpenMP (with mem):    55.44x
Wrote 'output/cuda_realistic.jpg'
