Config: blockSize=256 MAX_SPHERES=512 maxDepth=5 numSpheres=200
Scene initialized

============= OPENMP =============
Time:                          639.512 s
Wrote 'output/openmp.jpg'

Spheres generated: 200 (requested 200)

============= GLOBAL =============
Kernel time:                     7.223 s
Memory transfer time:            0.005 s
Total (without mem):             7.223 s
Total (with mem):                7.228 s
Throughput:                       0.06 Mpixels/sec
Speedup vs OpenMP (kernel):      88.54x
Speedup vs OpenMP (with mem):    88.48x
Wrote 'output/cuda_global.jpg'

============= CONSTANT =============
Kernel time:                     7.136 s
Memory transfer time:            0.010 s
Total (without mem):             7.136 s
Total (with mem):                7.147 s
Throughput:                       0.06 Mpixels/sec
Speedup vs OpenMP (kernel):      89.61x
Speedup vs OpenMP (with mem):    89.48x
Wrote 'output/cuda_constant.jpg'

============= SHARED =============
Kernel time:                     7.231 s
Memory transfer time:            0.010 s
Total (without mem):             7.231 s
Total (with mem):                7.241 s
Throughput:                       0.06 Mpixels/sec
Speedup vs OpenMP (kernel):      88.45x
Speedup vs OpenMP (with mem):    88.32x
Wrote 'output/cuda_shared.jpg'

============= 1D TEXTURE =============
Kernel time:                     7.196 s
Memory transfer time:            0.004 s
Total (without mem):             7.196 s
Total (with mem):                7.200 s
Throughput:                       0.06 Mpixels/sec
Speedup vs OpenMP (kernel):      88.87x
Speedup vs OpenMP (with mem):    88.82x
Wrote 'output/cuda_1d_texture.jpg'

============= 2D TEXTURE =============
Kernel time:                     7.177 s
Memory transfer time:            0.007 s
Total (without mem):             7.177 s
Total (with mem):                7.184 s
Throughput:                       0.06 Mpixels/sec
Speedup vs OpenMP (kernel):      89.10x
Speedup vs OpenMP (with mem):    89.02x
Wrote 'output/cuda_2d_texture.jpg'

============= 2D TEXTURE + CONSTANT =============
Kernel time:                     7.132 s
Memory transfer time:            0.013 s
Total (without mem):             7.132 s
Total (with mem):                7.145 s
Throughput:                       0.06 Mpixels/sec
Speedup vs OpenMP (kernel):      89.67x
Speedup vs OpenMP (with mem):    89.51x
Wrote 'output/cuda_2d_texture_constant.jpg'

============= REALISTIC =============
Kernel time:                     7.197 s
Memory transfer time:            0.007 s
Total (without mem):             7.197 s
Total (with mem):                7.204 s
Throughput:                       0.06 Mpixels/sec
Speedup vs OpenMP (kernel):      88.86x
Speedup vs OpenMP (with mem):    88.77x
Wrote 'output/cuda_realistic.jpg'
