Config: blockSize=256 MAX_SPHERES=512 maxDepth=100 numSpheres=200
Scene initialized

============= OPENMP =============
Time:                          655.921 s
Wrote 'output/openmp.jpg'

Spheres generated: 200 (requested 200)

============= GLOBAL =============
Kernel time:                    13.686 s
Memory transfer time:            0.005 s
Total (without mem):            13.686 s
Total (with mem):               13.691 s
Throughput:                       0.03 Mpixels/sec
Speedup vs OpenMP (kernel):      47.93x
Speedup vs OpenMP (with mem):    47.91x
Wrote 'output/cuda_global.jpg'

============= CONSTANT =============
Kernel time:                    12.536 s
Memory transfer time:            0.016 s
Total (without mem):            12.536 s
Total (with mem):               12.553 s
Throughput:                       0.03 Mpixels/sec
Speedup vs OpenMP (kernel):      52.32x
Speedup vs OpenMP (with mem):    52.25x
Wrote 'output/cuda_constant.jpg'

============= SHARED =============
Kernel time:                    12.630 s
Memory transfer time:            0.016 s
Total (without mem):            12.630 s
Total (with mem):               12.646 s
Throughput:                       0.03 Mpixels/sec
Speedup vs OpenMP (kernel):      51.93x
Speedup vs OpenMP (with mem):    51.87x
Wrote 'output/cuda_shared.jpg'

============= 1D TEXTURE =============
Kernel time:                    13.617 s
Memory transfer time:            0.004 s
Total (without mem):            13.617 s
Total (with mem):               13.621 s
Throughput:                       0.03 Mpixels/sec
Speedup vs OpenMP (kernel):      48.17x
Speedup vs OpenMP (with mem):    48.16x
Wrote 'output/cuda_1d_texture.jpg'

============= 2D TEXTURE =============
Kernel time:                    13.609 s
Memory transfer time:            0.004 s
Total (without mem):            13.609 s
Total (with mem):               13.613 s
Throughput:                       0.03 Mpixels/sec
Speedup vs OpenMP (kernel):      48.20x
Speedup vs OpenMP (with mem):    48.18x
Wrote 'output/cuda_2d_texture.jpg'

============= 2D TEXTURE + CONSTANT =============
Kernel time:                    12.573 s
Memory transfer time:            0.016 s
Total (without mem):            12.573 s
Total (with mem):               12.589 s
Throughput:                       0.03 Mpixels/sec
Speedup vs OpenMP (kernel):      52.17x
Speedup vs OpenMP (with mem):    52.10x
Wrote 'output/cuda_2d_texture_constant.jpg'

============= REALISTIC =============
Kernel time:                    13.563 s
Memory transfer time:            0.004 s
Total (without mem):            13.563 s
Total (with mem):               13.567 s
Throughput:                       0.03 Mpixels/sec
Speedup vs OpenMP (kernel):      48.36x
Speedup vs OpenMP (with mem):    48.35x
Wrote 'output/cuda_realistic.jpg'
