Config: blockSize=32 MAX_SPHERES=512 maxDepth=50 numSpheres=200
Scene initialized

============= OPENMP =============
Time:                          655.193 s
Wrote 'output/openmp.jpg'

Spheres generated: 200 (requested 200)

============= GLOBAL =============
Kernel time:                    11.820 s
Memory transfer time:            0.006 s
Total (without mem):            11.820 s
Total (with mem):               11.826 s
Throughput:                       0.03 Mpixels/sec
Speedup vs OpenMP (kernel):      55.43x
Speedup vs OpenMP (with mem):    55.40x
Wrote 'output/cuda_global.jpg'

============= CONSTANT =============
Kernel time:                    11.684 s
Memory transfer time:            0.011 s
Total (without mem):            11.684 s
Total (with mem):               11.695 s
Throughput:                       0.04 Mpixels/sec
Speedup vs OpenMP (kernel):      56.08x
Speedup vs OpenMP (with mem):    56.03x
Wrote 'output/cuda_constant.jpg'

============= SHARED =============
Kernel time:                    16.451 s
Memory transfer time:            0.011 s
Total (without mem):            16.451 s
Total (with mem):               16.462 s
Throughput:                       0.02 Mpixels/sec
Speedup vs OpenMP (kernel):      39.83x
Speedup vs OpenMP (with mem):    39.80x
Wrote 'output/cuda_shared.jpg'

============= 1D TEXTURE =============
Kernel time:                    11.765 s
Memory transfer time:            0.005 s
Total (without mem):            11.765 s
Total (with mem):               11.769 s
Throughput:                       0.03 Mpixels/sec
Speedup vs OpenMP (kernel):      55.69x
Speedup vs OpenMP (with mem):    55.67x
Wrote 'output/cuda_1d_texture.jpg'

============= 2D TEXTURE =============
Kernel time:                    11.696 s
Memory transfer time:            0.005 s
Total (without mem):            11.696 s
Total (with mem):               11.701 s
Throughput:                       0.04 Mpixels/sec
Speedup vs OpenMP (kernel):      56.02x
Speedup vs OpenMP (with mem):    56.00x
Wrote 'output/cuda_2d_texture.jpg'

============= 2D TEXTURE + CONSTANT =============
Kernel time:                    11.729 s
Memory transfer time:            0.010 s
Total (without mem):            11.729 s
Total (with mem):               11.740 s
Throughput:                       0.03 Mpixels/sec
Speedup vs OpenMP (kernel):      55.86x
Speedup vs OpenMP (with mem):    55.81x
Wrote 'output/cuda_2d_texture_constant.jpg'

============= REALISTIC =============
Kernel time:                    11.839 s
Memory transfer time:            0.005 s
Total (without mem):            11.839 s
Total (with mem):               11.844 s
Throughput:                       0.03 Mpixels/sec
Speedup vs OpenMP (kernel):      55.34x
Speedup vs OpenMP (with mem):    55.32x
Wrote 'output/cuda_realistic.jpg'
