Config: blockSize=1024 MAX_SPHERES=512 maxDepth=50 numSpheres=200
Scene initialized

============= OPENMP =============
Time:                          656.039 s
Wrote 'output/openmp.jpg'

Spheres generated: 200 (requested 200)
CUDA error: too many resources requested for launch

============= GLOBAL =============
Kernel time:                     0.000 s
Memory transfer time:            0.005 s
Total (without mem):             0.000 s
Total (with mem):                0.005 s
Throughput:                    7556.08 Mpixels/sec
Speedup vs OpenMP (kernel):   12102260.37x
Speedup vs OpenMP (with mem): 139224.52x
Wrote 'output/cuda_global.jpg'
CUDA error: too many resources requested for launch

============= CONSTANT =============
Kernel time:                     0.000 s
Memory transfer time:            0.010 s
Total (without mem):             0.000 s
Total (with mem):                0.010 s
Throughput:                    5871.56 Mpixels/sec
Speedup vs OpenMP (kernel):   9404232.56x
Speedup vs OpenMP (with mem): 66783.60x
Wrote 'output/cuda_constant.jpg'
CUDA error: too many resources requested for launch

============= SHARED =============
Kernel time:                     0.000 s
Memory transfer time:            0.010 s
Total (without mem):             0.000 s
Total (with mem):                0.010 s
Throughput:                    4311.22 Mpixels/sec
Speedup vs OpenMP (kernel):   6905095.46x
Speedup vs OpenMP (with mem): 66432.58x
Wrote 'output/cuda_shared.jpg'
CUDA error: too many resources requested for launch

============= 1D TEXTURE =============
Kernel time:                     0.000 s
Memory transfer time:            0.004 s
Total (without mem):             0.000 s
Total (with mem):                0.004 s
Throughput:                    4486.51 Mpixels/sec
Speedup vs OpenMP (kernel):   7185849.20x
Speedup vs OpenMP (with mem): 163777.92x
Wrote 'output/cuda_1d_texture.jpg'
CUDA error: too many resources requested for launch

============= 2D TEXTURE =============
Kernel time:                     0.000 s
Memory transfer time:            0.004 s
Total (without mem):             0.000 s
Total (with mem):                0.004 s
Throughput:                    5241.61 Mpixels/sec
Speedup vs OpenMP (kernel):   8395261.83x
Speedup vs OpenMP (with mem): 160014.58x
Wrote 'output/cuda_2d_texture.jpg'
CUDA error: too many resources requested for launch

============= 2D TEXTURE + CONSTANT =============
Kernel time:                     0.000 s
Memory transfer time:            0.010 s
Total (without mem):             0.000 s
Total (with mem):                0.010 s
Throughput:                    5011.75 Mpixels/sec
Speedup vs OpenMP (kernel):   8027106.39x
Speedup vs OpenMP (with mem): 67096.16x
Wrote 'output/cuda_2d_texture_constant.jpg'
CUDA error: too many resources requested for launch

============= REALISTIC =============
Kernel time:                     0.000 s
Memory transfer time:            0.004 s
Total (without mem):             0.000 s
Total (with mem):                0.004 s
Throughput:                    4508.63 Mpixels/sec
Speedup vs OpenMP (kernel):   7221285.08x
Speedup vs OpenMP (with mem): 159071.00x
Wrote 'output/cuda_realistic.jpg'
