Config: blockSize=512 MAX_SPHERES=512 maxDepth=50 numSpheres=200
Scene initialized

============= OPENMP =============
Time:                          656.342 s
Wrote 'output/openmp.jpg'

Spheres generated: 200 (requested 200)

============= GLOBAL =============
Kernel time:                    15.313 s
Memory transfer time:            0.005 s
Total (without mem):            15.313 s
Total (with mem):               15.318 s
Throughput:                       0.03 Mpixels/sec
Speedup vs OpenMP (kernel):      42.86x
Speedup vs OpenMP (with mem):    42.85x
Wrote 'output/cuda_global.jpg'

============= CONSTANT =============
Kernel time:                    14.096 s
Memory transfer time:            0.011 s
Total (without mem):            14.096 s
Total (with mem):               14.107 s
Throughput:                       0.03 Mpixels/sec
Speedup vs OpenMP (kernel):      46.56x
Speedup vs OpenMP (with mem):    46.53x
Wrote 'output/cuda_constant.jpg'

============= SHARED =============
Kernel time:                    14.108 s
Memory transfer time:            0.011 s
Total (without mem):            14.108 s
Total (with mem):               14.119 s
Throughput:                       0.03 Mpixels/sec
Speedup vs OpenMP (kernel):      46.52x
Speedup vs OpenMP (with mem):    46.49x
Wrote 'output/cuda_shared.jpg'

============= 1D TEXTURE =============
Kernel time:                    15.255 s
Memory transfer time:            0.004 s
Total (without mem):            15.255 s
Total (with mem):               15.259 s
Throughput:                       0.03 Mpixels/sec
Speedup vs OpenMP (kernel):      43.03x
Speedup vs OpenMP (with mem):    43.01x
Wrote 'output/cuda_1d_texture.jpg'

============= 2D TEXTURE =============
Kernel time:                    15.247 s
Memory transfer time:            0.004 s
Total (without mem):            15.247 s
Total (with mem):               15.251 s
Throughput:                       0.03 Mpixels/sec
Speedup vs OpenMP (kernel):      43.05x
Speedup vs OpenMP (with mem):    43.04x
Wrote 'output/cuda_2d_texture.jpg'

============= 2D TEXTURE + CONSTANT =============
Kernel time:                    14.087 s
Memory transfer time:            0.011 s
Total (without mem):            14.087 s
Total (with mem):               14.098 s
Throughput:                       0.03 Mpixels/sec
Speedup vs OpenMP (kernel):      46.59x
Speedup vs OpenMP (with mem):    46.56x
Wrote 'output/cuda_2d_texture_constant.jpg'

============= REALISTIC =============
Kernel time:                    15.292 s
Memory transfer time:            0.004 s
Total (without mem):            15.292 s
Total (with mem):               15.297 s
Throughput:                       0.03 Mpixels/sec
Speedup vs OpenMP (kernel):      42.92x
Speedup vs OpenMP (with mem):    42.91x
Wrote 'output/cuda_realistic.jpg'
