Config: blockSize=256 MAX_SPHERES=512 maxDepth=50 numSpheres=400
Scene initialized

============= OPENMP =============
Time:                          665.538 s
Wrote 'output/openmp.jpg'

Spheres generated: 203 (requested 400)

============= GLOBAL =============
Kernel time:                    13.596 s
Memory transfer time:            0.006 s
Total (without mem):            13.596 s
Total (with mem):               13.601 s
Throughput:                       0.03 Mpixels/sec
Speedup vs OpenMP (kernel):      48.95x
Speedup vs OpenMP (with mem):    48.93x
Wrote 'output/cuda_global.jpg'

============= CONSTANT =============
Kernel time:                    12.541 s
Memory transfer time:            0.013 s
Total (without mem):            12.541 s
Total (with mem):               12.554 s
Throughput:                       0.03 Mpixels/sec
Speedup vs OpenMP (kernel):      53.07x
Speedup vs OpenMP (with mem):    53.02x
Wrote 'output/cuda_constant.jpg'

============= SHARED =============
Kernel time:                    12.658 s
Memory transfer time:            0.013 s
Total (without mem):            12.658 s
Total (with mem):               12.671 s
Throughput:                       0.03 Mpixels/sec
Speedup vs OpenMP (kernel):      52.58x
Speedup vs OpenMP (with mem):    52.52x
Wrote 'output/cuda_shared.jpg'

============= 1D TEXTURE =============
Kernel time:                    13.594 s
Memory transfer time:            0.005 s
Total (without mem):            13.594 s
Total (with mem):               13.599 s
Throughput:                       0.03 Mpixels/sec
Speedup vs OpenMP (kernel):      48.96x
Speedup vs OpenMP (with mem):    48.94x
Wrote 'output/cuda_1d_texture.jpg'

============= 2D TEXTURE =============
Kernel time:                    13.572 s
Memory transfer time:            0.012 s
Total (without mem):            13.572 s
Total (with mem):               13.583 s
Throughput:                       0.03 Mpixels/sec
Speedup vs OpenMP (kernel):      49.04x
Speedup vs OpenMP (with mem):    49.00x
Wrote 'output/cuda_2d_texture.jpg'

============= 2D TEXTURE + CONSTANT =============
Kernel time:                    12.566 s
Memory transfer time:            0.019 s
Total (without mem):            12.566 s
Total (with mem):               12.585 s
Throughput:                       0.03 Mpixels/sec
Speedup vs OpenMP (kernel):      52.96x
Speedup vs OpenMP (with mem):    52.88x
Wrote 'output/cuda_2d_texture_constant.jpg'

============= REALISTIC =============
Kernel time:                    13.557 s
Memory transfer time:            0.012 s
Total (without mem):            13.557 s
Total (with mem):               13.568 s
Throughput:                       0.03 Mpixels/sec
Speedup vs OpenMP (kernel):      49.09x
Speedup vs OpenMP (with mem):    49.05x
Wrote 'output/cuda_realistic.jpg'
