Config: blockSize=256 MAX_SPHERES=512 maxDepth=50 numSpheres=50
Scene initialized

============= OPENMP =============
Time:                          187.251 s
Wrote 'output/openmp.jpg'

Spheres generated: 50 (requested 50)

============= GLOBAL =============
Kernel time:                     3.823 s
Memory transfer time:            0.005 s
Total (without mem):             3.823 s
Total (with mem):                3.828 s
Throughput:                       0.11 Mpixels/sec
Speedup vs OpenMP (kernel):      48.98x
Speedup vs OpenMP (with mem):    48.92x
Wrote 'output/cuda_global.jpg'

============= CONSTANT =============
Kernel time:                     3.566 s
Memory transfer time:            0.010 s
Total (without mem):             3.566 s
Total (with mem):                3.576 s
Throughput:                       0.11 Mpixels/sec
Speedup vs OpenMP (kernel):      52.51x
Speedup vs OpenMP (with mem):    52.36x
Wrote 'output/cuda_constant.jpg'

============= SHARED =============
Kernel time:                     3.620 s
Memory transfer time:            0.010 s
Total (without mem):             3.620 s
Total (with mem):                3.631 s
Throughput:                       0.11 Mpixels/sec
Speedup vs OpenMP (kernel):      51.72x
Speedup vs OpenMP (with mem):    51.57x
Wrote 'output/cuda_shared.jpg'

============= 1D TEXTURE =============
Kernel time:                     3.767 s
Memory transfer time:            0.004 s
Total (without mem):             3.767 s
Total (with mem):                3.771 s
Throughput:                       0.11 Mpixels/sec
Speedup vs OpenMP (kernel):      49.71x
Speedup vs OpenMP (with mem):    49.66x
Wrote 'output/cuda_1d_texture.jpg'

============= 2D TEXTURE =============
Kernel time:                     3.762 s
Memory transfer time:            0.004 s
Total (without mem):             3.762 s
Total (with mem):                3.767 s
Throughput:                       0.11 Mpixels/sec
Speedup vs OpenMP (kernel):      49.77x
Speedup vs OpenMP (with mem):    49.71x
Wrote 'output/cuda_2d_texture.jpg'

============= 2D TEXTURE + CONSTANT =============
Kernel time:                     3.568 s
Memory transfer time:            0.010 s
Total (without mem):             3.568 s
Total (with mem):                3.578 s
Throughput:                       0.11 Mpixels/sec
Speedup vs OpenMP (kernel):      52.48x
Speedup vs OpenMP (with mem):    52.33x
Wrote 'output/cuda_2d_texture_constant.jpg'

============= REALISTIC =============
Kernel time:                     3.767 s
Memory transfer time:            0.004 s
Total (without mem):             3.767 s
Total (with mem):                3.771 s
Throughput:                       0.11 Mpixels/sec
Speedup vs OpenMP (kernel):      49.71x
Speedup vs OpenMP (with mem):    49.66x
Wrote 'output/cuda_realistic.jpg'
