Config: blockSize=256 MAX_SPHERES=512 maxDepth=25 numSpheres=200
Scene initialized

============= OPENMP =============
Time:                          655.796 s
Wrote 'output/openmp.jpg'

Spheres generated: 200 (requested 200)

============= GLOBAL =============
Kernel time:                    12.854 s
Memory transfer time:            0.005 s
Total (without mem):            12.854 s
Total (with mem):               12.859 s
Throughput:                       0.03 Mpixels/sec
Speedup vs OpenMP (kernel):      51.02x
Speedup vs OpenMP (with mem):    51.00x
Wrote 'output/cuda_global.jpg'

============= CONSTANT =============
Kernel time:                    11.918 s
Memory transfer time:            0.011 s
Total (without mem):            11.918 s
Total (with mem):               11.929 s
Throughput:                       0.03 Mpixels/sec
Speedup vs OpenMP (kernel):      55.02x
Speedup vs OpenMP (with mem):    54.98x
Wrote 'output/cuda_constant.jpg'

============= SHARED =============
Kernel time:                    12.030 s
Memory transfer time:            0.011 s
Total (without mem):            12.030 s
Total (with mem):               12.040 s
Throughput:                       0.03 Mpixels/sec
Speedup vs OpenMP (kernel):      54.51x
Speedup vs OpenMP (with mem):    54.47x
Wrote 'output/cuda_shared.jpg'

============= 1D TEXTURE =============
Kernel time:                    12.756 s
Memory transfer time:            0.004 s
Total (without mem):            12.756 s
Total (with mem):               12.760 s
Throughput:                       0.03 Mpixels/sec
Speedup vs OpenMP (kernel):      51.41x
Speedup vs OpenMP (with mem):    51.39x
Wrote 'output/cuda_1d_texture.jpg'

============= 2D TEXTURE =============
Kernel time:                    12.736 s
Memory transfer time:            0.005 s
Total (without mem):            12.736 s
Total (with mem):               12.741 s
Throughput:                       0.03 Mpixels/sec
Speedup vs OpenMP (kernel):      51.49x
Speedup vs OpenMP (with mem):    51.47x
Wrote 'output/cuda_2d_texture.jpg'

============= 2D TEXTURE + CONSTANT =============
Kernel time:                    11.905 s
Memory transfer time:            0.011 s
Total (without mem):            11.905 s
Total (with mem):               11.916 s
Throughput:                       0.03 Mpixels/sec
Speedup vs OpenMP (kernel):      55.09x
Speedup vs OpenMP (with mem):    55.03x
Wrote 'output/cuda_2d_texture_constant.jpg'

============= REALISTIC =============
Kernel time:                    12.775 s
Memory transfer time:            0.005 s
Total (without mem):            12.775 s
Total (with mem):               12.780 s
Throughput:                       0.03 Mpixels/sec
Speedup vs OpenMP (kernel):      51.33x
Speedup vs OpenMP (with mem):    51.31x
Wrote 'output/cuda_realistic.jpg'
