Config: blockSize=256 MAX_SPHERES=512 maxDepth=5 numSpheres=200
Scene initialized

============= OPENMP =============
Time:                          639.562 s
Wrote 'output/openmp.jpg'

Spheres generated: 200 (requested 200)

============= GLOBAL =============
Kernel time:                     7.244 s
Memory transfer time:            0.005 s
Total (without mem):             7.244 s
Total (with mem):                7.248 s
Throughput:                       0.06 Mpixels/sec
Speedup vs OpenMP (kernel):      88.29x
Speedup vs OpenMP (with mem):    88.23x
Wrote 'output/cuda_global.jpg'

============= CONSTANT =============
Kernel time:                     7.129 s
Memory transfer time:            0.015 s
Total (without mem):             7.129 s
Total (with mem):                7.144 s
Throughput:                       0.06 Mpixels/sec
Speedup vs OpenMP (kernel):      89.71x
Speedup vs OpenMP (with mem):    89.52x
Wrote 'output/cuda_constant.jpg'

============= SHARED =============
Kernel time:                     7.226 s
Memory transfer time:            0.015 s
Total (without mem):             7.226 s
Total (with mem):                7.241 s
Throughput:                       0.06 Mpixels/sec
Speedup vs OpenMP (kernel):      88.51x
Speedup vs OpenMP (with mem):    88.33x
Wrote 'output/cuda_shared.jpg'

============= 1D TEXTURE =============
Kernel time:                     7.183 s
Memory transfer time:            0.004 s
Total (without mem):             7.183 s
Total (with mem):                7.187 s
Throughput:                       0.06 Mpixels/sec
Speedup vs OpenMP (kernel):      89.04x
Speedup vs OpenMP (with mem):    88.99x
Wrote 'output/cuda_1d_texture.jpg'

============= 2D TEXTURE =============
Kernel time:                     7.189 s
Memory transfer time:            0.004 s
Total (without mem):             7.189 s
Total (with mem):                7.193 s
Throughput:                       0.06 Mpixels/sec
Speedup vs OpenMP (kernel):      88.97x
Speedup vs OpenMP (with mem):    88.92x
Wrote 'output/cuda_2d_texture.jpg'

============= 2D TEXTURE + CONSTANT =============
Kernel time:                     7.124 s
Memory transfer time:            0.015 s
Total (without mem):             7.124 s
Total (with mem):                7.139 s
Throughput:                       0.06 Mpixels/sec
Speedup vs OpenMP (kernel):      89.77x
Speedup vs OpenMP (with mem):    89.59x
Wrote 'output/cuda_2d_texture_constant.jpg'

============= REALISTIC =============
Kernel time:                     7.202 s
Memory transfer time:            0.004 s
Total (without mem):             7.202 s
Total (with mem):                7.206 s
Throughput:                       0.06 Mpixels/sec
Speedup vs OpenMP (kernel):      88.81x
Speedup vs OpenMP (with mem):    88.76x
Wrote 'output/cuda_realistic.jpg'
