Config: blockSize=256 MAX_SPHERES=512 maxDepth=50 numSpheres=200
Scene initialized

============= OPENMP =============
Time:                          656.028 s
Wrote 'output/openmp.jpg'

Spheres generated: 200 (requested 200)

============= GLOBAL =============
Kernel time:                    13.492 s
Memory transfer time:            0.005 s
Total (without mem):            13.492 s
Total (with mem):               13.497 s
Throughput:                       0.03 Mpixels/sec
Speedup vs OpenMP (kernel):      48.62x
Speedup vs OpenMP (with mem):    48.61x
Wrote 'output/cuda_global.jpg'

============= CONSTANT =============
Kernel time:                    12.412 s
Memory transfer time:            0.013 s
Total (without mem):            12.412 s
Total (with mem):               12.425 s
Throughput:                       0.03 Mpixels/sec
Speedup vs OpenMP (kernel):      52.86x
Speedup vs OpenMP (with mem):    52.80x
Wrote 'output/cuda_constant.jpg'

============= SHARED =============
Kernel time:                    12.510 s
Memory transfer time:            0.013 s
Total (without mem):            12.510 s
Total (with mem):               12.523 s
Throughput:                       0.03 Mpixels/sec
Speedup vs OpenMP (kernel):      52.44x
Speedup vs OpenMP (with mem):    52.39x
Wrote 'output/cuda_shared.jpg'

============= 1D TEXTURE =============
Kernel time:                    13.430 s
Memory transfer time:            0.004 s
Total (without mem):            13.430 s
Total (with mem):               13.434 s
Throughput:                       0.03 Mpixels/sec
Speedup vs OpenMP (kernel):      48.85x
Speedup vs OpenMP (with mem):    48.83x
Wrote 'output/cuda_1d_texture.jpg'

============= 2D TEXTURE =============
Kernel time:                    13.403 s
Memory transfer time:            0.004 s
Total (without mem):            13.403 s
Total (with mem):               13.407 s
Throughput:                       0.03 Mpixels/sec
Speedup vs OpenMP (kernel):      48.94x
Speedup vs OpenMP (with mem):    48.93x
Wrote 'output/cuda_2d_texture.jpg'

============= 2D TEXTURE + CONSTANT =============
Kernel time:                    12.352 s
Memory transfer time:            0.013 s
Total (without mem):            12.352 s
Total (with mem):               12.365 s
Throughput:                       0.03 Mpixels/sec
Speedup vs OpenMP (kernel):      53.11x
Speedup vs OpenMP (with mem):    53.05x
Wrote 'output/cuda_2d_texture_constant.jpg'

============= REALISTIC =============
Kernel time:                    13.369 s
Memory transfer time:            0.004 s
Total (without mem):            13.369 s
Total (with mem):               13.374 s
Throughput:                       0.03 Mpixels/sec
Speedup vs OpenMP (kernel):      49.07x
Speedup vs OpenMP (with mem):    49.05x
Wrote 'output/cuda_realistic.jpg'
