Config: blockSize=64 MAX_SPHERES=512 maxDepth=50 numSpheres=200
Scene initialized

============= OPENMP =============
Time:                          656.644 s
Wrote 'output/openmp.jpg'

Spheres generated: 200 (requested 200)

============= GLOBAL =============
Kernel time:                    11.957 s
Memory transfer time:            0.007 s
Total (without mem):            11.957 s
Total (with mem):               11.964 s
Throughput:                       0.03 Mpixels/sec
Speedup vs OpenMP (kernel):      54.92x
Speedup vs OpenMP (with mem):    54.88x
Wrote 'output/cuda_global.jpg'

============= CONSTANT =============
Kernel time:                    11.717 s
Memory transfer time:            0.019 s
Total (without mem):            11.717 s
Total (with mem):               11.736 s
Throughput:                       0.03 Mpixels/sec
Speedup vs OpenMP (kernel):      56.04x
Speedup vs OpenMP (with mem):    55.95x
Wrote 'output/cuda_constant.jpg'

============= SHARED =============
Kernel time:                    12.978 s
Memory transfer time:            0.019 s
Total (without mem):            12.978 s
Total (with mem):               12.996 s
Throughput:                       0.03 Mpixels/sec
Speedup vs OpenMP (kernel):      50.60x
Speedup vs OpenMP (with mem):    50.53x
Wrote 'output/cuda_shared.jpg'

============= 1D TEXTURE =============
Kernel time:                    11.894 s
Memory transfer time:            0.004 s
Total (without mem):            11.894 s
Total (with mem):               11.898 s
Throughput:                       0.03 Mpixels/sec
Speedup vs OpenMP (kernel):      55.21x
Speedup vs OpenMP (with mem):    55.19x
Wrote 'output/cuda_1d_texture.jpg'

============= 2D TEXTURE =============
Kernel time:                    11.844 s
Memory transfer time:            0.004 s
Total (without mem):            11.844 s
Total (with mem):               11.849 s
Throughput:                       0.03 Mpixels/sec
Speedup vs OpenMP (kernel):      55.44x
Speedup vs OpenMP (with mem):    55.42x
Wrote 'output/cuda_2d_texture.jpg'

============= 2D TEXTURE + CONSTANT =============
Kernel time:                    11.789 s
Memory transfer time:            0.016 s
Total (without mem):            11.789 s
Total (with mem):               11.805 s
Throughput:                       0.03 Mpixels/sec
Speedup vs OpenMP (kernel):      55.70x
Speedup vs OpenMP (with mem):    55.62x
Wrote 'output/cuda_2d_texture_constant.jpg'

============= REALISTIC =============
Kernel time:                    11.920 s
Memory transfer time:            0.004 s
Total (without mem):            11.920 s
Total (with mem):               11.924 s
Throughput:                       0.03 Mpixels/sec
Speedup vs OpenMP (kernel):      55.09x
Speedup vs OpenMP (with mem):    55.07x
Wrote 'output/cuda_realistic.jpg'
