Config: blockSize=256 MAX_SPHERES=512 maxDepth=75 numSpheres=200
Scene initialized

============= OPENMP =============
Time:                          655.433 s
Wrote 'output/openmp.jpg'

Spheres generated: 200 (requested 200)

============= GLOBAL =============
Kernel time:                    13.613 s
Memory transfer time:            0.005 s
Total (without mem):            13.613 s
Total (with mem):               13.618 s
Throughput:                       0.03 Mpixels/sec
Speedup vs OpenMP (kernel):      48.15x
Speedup vs OpenMP (with mem):    48.13x
Wrote 'output/cuda_global.jpg'

============= CONSTANT =============
Kernel time:                    12.492 s
Memory transfer time:            0.011 s
Total (without mem):            12.492 s
Total (with mem):               12.503 s
Throughput:                       0.03 Mpixels/sec
Speedup vs OpenMP (kernel):      52.47x
Speedup vs OpenMP (with mem):    52.42x
Wrote 'output/cuda_constant.jpg'

============= SHARED =============
Kernel time:                    12.625 s
Memory transfer time:            0.011 s
Total (without mem):            12.625 s
Total (with mem):               12.636 s
Throughput:                       0.03 Mpixels/sec
Speedup vs OpenMP (kernel):      51.91x
Speedup vs OpenMP (with mem):    51.87x
Wrote 'output/cuda_shared.jpg'

============= 1D TEXTURE =============
Kernel time:                    13.548 s
Memory transfer time:            0.004 s
Total (without mem):            13.548 s
Total (with mem):               13.552 s
Throughput:                       0.03 Mpixels/sec
Speedup vs OpenMP (kernel):      48.38x
Speedup vs OpenMP (with mem):    48.37x
Wrote 'output/cuda_1d_texture.jpg'

============= 2D TEXTURE =============
Kernel time:                    13.575 s
Memory transfer time:            0.007 s
Total (without mem):            13.575 s
Total (with mem):               13.582 s
Throughput:                       0.03 Mpixels/sec
Speedup vs OpenMP (kernel):      48.28x
Speedup vs OpenMP (with mem):    48.26x
Wrote 'output/cuda_2d_texture.jpg'

============= 2D TEXTURE + CONSTANT =============
Kernel time:                    12.544 s
Memory transfer time:            0.013 s
Total (without mem):            12.544 s
Total (with mem):               12.558 s
Throughput:                       0.03 Mpixels/sec
Speedup vs OpenMP (kernel):      52.25x
Speedup vs OpenMP (with mem):    52.19x
Wrote 'output/cuda_2d_texture_constant.jpg'

============= REALISTIC =============
Kernel time:                    13.540 s
Memory transfer time:            0.007 s
Total (without mem):            13.540 s
Total (with mem):               13.547 s
Throughput:                       0.03 Mpixels/sec
Speedup vs OpenMP (kernel):      48.41x
Speedup vs OpenMP (with mem):    48.38x
Wrote 'output/cuda_realistic.jpg'
