Config: blockSize=256 MAX_SPHERES=512 maxDepth=50 numSpheres=50
Scene initialized

============= OPENMP =============
Time:                          186.636 s
Wrote 'output/openmp.jpg'

Spheres generated: 50 (requested 50)

============= GLOBAL =============
Kernel time:                     3.835 s
Memory transfer time:            0.007 s
Total (without mem):             3.835 s
Total (with mem):                3.842 s
Throughput:                       0.11 Mpixels/sec
Speedup vs OpenMP (kernel):      48.67x
Speedup vs OpenMP (with mem):    48.58x
Wrote 'output/cuda_global.jpg'

============= CONSTANT =============
Kernel time:                     3.577 s
Memory transfer time:            0.012 s
Total (without mem):             3.577 s
Total (with mem):                3.589 s
Throughput:                       0.11 Mpixels/sec
Speedup vs OpenMP (kernel):      52.17x
Speedup vs OpenMP (with mem):    52.00x
Wrote 'output/cuda_constant.jpg'

============= SHARED =============
Kernel time:                     3.615 s
Memory transfer time:            0.012 s
Total (without mem):             3.615 s
Total (with mem):                3.627 s
Throughput:                       0.11 Mpixels/sec
Speedup vs OpenMP (kernel):      51.63x
Speedup vs OpenMP (with mem):    51.46x
Wrote 'output/cuda_shared.jpg'

============= 1D TEXTURE =============
Kernel time:                     3.773 s
Memory transfer time:            0.004 s
Total (without mem):             3.773 s
Total (with mem):                3.777 s
Throughput:                       0.11 Mpixels/sec
Speedup vs OpenMP (kernel):      49.47x
Speedup vs OpenMP (with mem):    49.42x
Wrote 'output/cuda_1d_texture.jpg'

============= 2D TEXTURE =============
Kernel time:                     3.764 s
Memory transfer time:            0.004 s
Total (without mem):             3.764 s
Total (with mem):                3.768 s
Throughput:                       0.11 Mpixels/sec
Speedup vs OpenMP (kernel):      49.58x
Speedup vs OpenMP (with mem):    49.53x
Wrote 'output/cuda_2d_texture.jpg'

============= 2D TEXTURE + CONSTANT =============
Kernel time:                     3.573 s
Memory transfer time:            0.010 s
Total (without mem):             3.573 s
Total (with mem):                3.583 s
Throughput:                       0.11 Mpixels/sec
Speedup vs OpenMP (kernel):      52.24x
Speedup vs OpenMP (with mem):    52.10x
Wrote 'output/cuda_2d_texture_constant.jpg'

============= REALISTIC =============
Kernel time:                     3.763 s
Memory transfer time:            0.004 s
Total (without mem):             3.763 s
Total (with mem):                3.767 s
Throughput:                       0.11 Mpixels/sec
Speedup vs OpenMP (kernel):      49.60x
Speedup vs OpenMP (with mem):    49.55x
Wrote 'output/cuda_realistic.jpg'
