Config: blockSize=256 MAX_SPHERES=512 maxDepth=100 numSpheres=200
Scene initialized

============= OPENMP =============
Time:                          656.843 s
Wrote 'output/openmp.jpg'

Spheres generated: 200 (requested 200)

============= GLOBAL =============
Kernel time:                    13.657 s
Memory transfer time:            0.005 s
Total (without mem):            13.657 s
Total (with mem):               13.661 s
Throughput:                       0.03 Mpixels/sec
Speedup vs OpenMP (kernel):      48.10x
Speedup vs OpenMP (with mem):    48.08x
Wrote 'output/cuda_global.jpg'

============= CONSTANT =============
Kernel time:                    12.571 s
Memory transfer time:            0.010 s
Total (without mem):            12.571 s
Total (with mem):               12.581 s
Throughput:                       0.03 Mpixels/sec
Speedup vs OpenMP (kernel):      52.25x
Speedup vs OpenMP (with mem):    52.21x
Wrote 'output/cuda_constant.jpg'

============= SHARED =============
Kernel time:                    12.609 s
Memory transfer time:            0.010 s
Total (without mem):            12.609 s
Total (with mem):               12.619 s
Throughput:                       0.03 Mpixels/sec
Speedup vs OpenMP (kernel):      52.09x
Speedup vs OpenMP (with mem):    52.05x
Wrote 'output/cuda_shared.jpg'

============= 1D TEXTURE =============
Kernel time:                    13.566 s
Memory transfer time:            0.004 s
Total (without mem):            13.566 s
Total (with mem):               13.570 s
Throughput:                       0.03 Mpixels/sec
Speedup vs OpenMP (kernel):      48.42x
Speedup vs OpenMP (with mem):    48.40x
Wrote 'output/cuda_1d_texture.jpg'

============= 2D TEXTURE =============
Kernel time:                    13.607 s
Memory transfer time:            0.004 s
Total (without mem):            13.607 s
Total (with mem):               13.611 s
Throughput:                       0.03 Mpixels/sec
Speedup vs OpenMP (kernel):      48.27x
Speedup vs OpenMP (with mem):    48.26x
Wrote 'output/cuda_2d_texture.jpg'

============= 2D TEXTURE + CONSTANT =============
Kernel time:                    12.572 s
Memory transfer time:            0.010 s
Total (without mem):            12.572 s
Total (with mem):               12.582 s
Throughput:                       0.03 Mpixels/sec
Speedup vs OpenMP (kernel):      52.25x
Speedup vs OpenMP (with mem):    52.20x
Wrote 'output/cuda_2d_texture_constant.jpg'

============= REALISTIC =============
Kernel time:                    13.617 s
Memory transfer time:            0.004 s
Total (without mem):            13.617 s
Total (with mem):               13.621 s
Throughput:                       0.03 Mpixels/sec
Speedup vs OpenMP (kernel):      48.24x
Speedup vs OpenMP (with mem):    48.22x
Wrote 'output/cuda_realistic.jpg'
