Config: blockSize=256 MAX_SPHERES=512 maxDepth=50 numSpheres=full
Scene initialized

============= OPENMP =============
Time:                          432.430 s
Wrote 'output/openmp.jpg'

Spheres generated: 203 (requested 203)

============= GLOBAL =============
Kernel time:                     9.284 s
Memory transfer time:            0.002 s
Total (without mem):             9.284 s
Total (with mem):                9.287 s
Throughput:                       0.04 Mpixels/sec
Speedup vs OpenMP (kernel):      46.58x
Speedup vs OpenMP (with mem):    46.56x
Wrote 'output/cuda_global.jpg'

============= CONSTANT =============
Kernel time:                     9.361 s
Memory transfer time:            0.002 s
Total (without mem):             9.361 s
Total (with mem):                9.363 s
Throughput:                       0.04 Mpixels/sec
Speedup vs OpenMP (kernel):      46.19x
Speedup vs OpenMP (with mem):    46.19x
Wrote 'output/cuda_constant.jpg'

============= SHARED =============
Kernel time:                     9.294 s
Memory transfer time:            0.002 s
Total (without mem):             9.294 s
Total (with mem):                9.296 s
Throughput:                       0.04 Mpixels/sec
Speedup vs OpenMP (kernel):      46.53x
Speedup vs OpenMP (with mem):    46.52x
Wrote 'output/cuda_shared.jpg'

============= 1D TEXTURE =============
Kernel time:                     9.349 s
Memory transfer time:            0.002 s
Total (without mem):             9.349 s
Total (with mem):                9.351 s
Throughput:                       0.04 Mpixels/sec
Speedup vs OpenMP (kernel):      46.25x
Speedup vs OpenMP (with mem):    46.25x
Wrote 'output/cuda_1d_texture.jpg'

============= 2D TEXTURE =============
Kernel time:                     9.349 s
Memory transfer time:            0.002 s
Total (without mem):             9.349 s
Total (with mem):                9.350 s
Throughput:                       0.04 Mpixels/sec
Speedup vs OpenMP (kernel):      46.26x
Speedup vs OpenMP (with mem):    46.25x
Wrote 'output/cuda_2d_texture.jpg'

============= 2D TEXTURE + CONSTANT =============
Kernel time:                     9.419 s
Memory transfer time:            0.002 s
Total (without mem):             9.419 s
Total (with mem):                9.421 s
Throughput:                       0.04 Mpixels/sec
Speedup vs OpenMP (kernel):      45.91x
Speedup vs OpenMP (with mem):    45.90x
Wrote 'output/cuda_2d_texture_constant.jpg'

============= REALISTIC =============
Kernel time:                     9.340 s
Memory transfer time:            0.002 s
Total (without mem):             9.340 s
Total (with mem):                9.341 s
Throughput:                       0.04 Mpixels/sec
Speedup vs OpenMP (kernel):      46.30x
Speedup vs OpenMP (with mem):    46.29x
Wrote 'output/cuda_realistic.jpg'
