Config: blockSize=256 MAX_SPHERES=512 maxDepth=50 numSpheres=100
Scene initialized

============= OPENMP =============
Time:                          354.389 s
Wrote 'output/openmp.jpg'

Spheres generated: 100 (requested 100)

============= GLOBAL =============
Kernel time:                     7.644 s
Memory transfer time:            0.007 s
Total (without mem):             7.644 s
Total (with mem):                7.651 s
Throughput:                       0.05 Mpixels/sec
Speedup vs OpenMP (kernel):      46.36x
Speedup vs OpenMP (with mem):    46.32x
Wrote 'output/cuda_global.jpg'

============= CONSTANT =============
Kernel time:                     7.101 s
Memory transfer time:            0.013 s
Total (without mem):             7.101 s
Total (with mem):                7.114 s
Throughput:                       0.06 Mpixels/sec
Speedup vs OpenMP (kernel):      49.91x
Speedup vs OpenMP (with mem):    49.82x
Wrote 'output/cuda_constant.jpg'

============= SHARED =============
Kernel time:                     7.165 s
Memory transfer time:            0.013 s
Total (without mem):             7.165 s
Total (with mem):                7.178 s
Throughput:                       0.06 Mpixels/sec
Speedup vs OpenMP (kernel):      49.46x
Speedup vs OpenMP (with mem):    49.37x
Wrote 'output/cuda_shared.jpg'

============= 1D TEXTURE =============
Kernel time:                     7.586 s
Memory transfer time:            0.004 s
Total (without mem):             7.586 s
Total (with mem):                7.590 s
Throughput:                       0.05 Mpixels/sec
Speedup vs OpenMP (kernel):      46.72x
Speedup vs OpenMP (with mem):    46.69x
Wrote 'output/cuda_1d_texture.jpg'

============= 2D TEXTURE =============
Kernel time:                     7.595 s
Memory transfer time:            0.004 s
Total (without mem):             7.595 s
Total (with mem):                7.599 s
Throughput:                       0.05 Mpixels/sec
Speedup vs OpenMP (kernel):      46.66x
Speedup vs OpenMP (with mem):    46.64x
Wrote 'output/cuda_2d_texture.jpg'

============= 2D TEXTURE + CONSTANT =============
Kernel time:                     7.102 s
Memory transfer time:            0.010 s
Total (without mem):             7.102 s
Total (with mem):                7.112 s
Throughput:                       0.06 Mpixels/sec
Speedup vs OpenMP (kernel):      49.90x
Speedup vs OpenMP (with mem):    49.83x
Wrote 'output/cuda_2d_texture_constant.jpg'

============= REALISTIC =============
Kernel time:                     7.604 s
Memory transfer time:            0.004 s
Total (without mem):             7.604 s
Total (with mem):                7.609 s
Throughput:                       0.05 Mpixels/sec
Speedup vs OpenMP (kernel):      46.60x
Speedup vs OpenMP (with mem):    46.58x
Wrote 'output/cuda_realistic.jpg'
