Config: blockSize=256 MAX_SPHERES=512 maxDepth=50 numSpheres=200
Scene initialized

============= OPENMP =============
Time:                          656.808 s
Wrote 'output/openmp.jpg'

Spheres generated: 200 (requested 200)

============= GLOBAL =============
Kernel time:                    13.471 s
Memory transfer time:            0.005 s
Total (without mem):            13.471 s
Total (with mem):               13.475 s
Throughput:                       0.03 Mpixels/sec
Speedup vs OpenMP (kernel):      48.76x
Speedup vs OpenMP (with mem):    48.74x
Wrote 'output/cuda_global.jpg'

============= CONSTANT =============
Kernel time:                    12.427 s
Memory transfer time:            0.011 s
Total (without mem):            12.427 s
Total (with mem):               12.438 s
Throughput:                       0.03 Mpixels/sec
Speedup vs OpenMP (kernel):      52.85x
Speedup vs OpenMP (with mem):    52.81x
Wrote 'output/cuda_constant.jpg'

============= SHARED =============
Kernel time:                    12.486 s
Memory transfer time:            0.011 s
Total (without mem):            12.486 s
Total (with mem):               12.497 s
Throughput:                       0.03 Mpixels/sec
Speedup vs OpenMP (kernel):      52.60x
Speedup vs OpenMP (with mem):    52.56x
Wrote 'output/cuda_shared.jpg'

============= 1D TEXTURE =============
Kernel time:                    13.398 s
Memory transfer time:            0.004 s
Total (without mem):            13.398 s
Total (with mem):               13.402 s
Throughput:                       0.03 Mpixels/sec
Speedup vs OpenMP (kernel):      49.02x
Speedup vs OpenMP (with mem):    49.01x
Wrote 'output/cuda_1d_texture.jpg'

============= 2D TEXTURE =============
Kernel time:                    13.374 s
Memory transfer time:            0.004 s
Total (without mem):            13.374 s
Total (with mem):               13.378 s
Throughput:                       0.03 Mpixels/sec
Speedup vs OpenMP (kernel):      49.11x
Speedup vs OpenMP (with mem):    49.10x
Wrote 'output/cuda_2d_texture.jpg'

============= 2D TEXTURE + CONSTANT =============
Kernel time:                    12.448 s
Memory transfer time:            0.010 s
Total (without mem):            12.448 s
Total (with mem):               12.458 s
Throughput:                       0.03 Mpixels/sec
Speedup vs OpenMP (kernel):      52.77x
Speedup vs OpenMP (with mem):    52.72x
Wrote 'output/cuda_2d_texture_constant.jpg'

============= REALISTIC =============
Kernel time:                    13.372 s
Memory transfer time:            0.004 s
Total (without mem):            13.372 s
Total (with mem):               13.377 s
Throughput:                       0.03 Mpixels/sec
Speedup vs OpenMP (kernel):      49.12x
Speedup vs OpenMP (with mem):    49.10x
Wrote 'output/cuda_realistic.jpg'
