Config: blockSize=256 MAX_SPHERES=512 maxDepth=50 numSpheres=200
Scene initialized

============= OPENMP =============
Time:                          655.861 s
Wrote 'output/openmp.jpg'

Spheres generated: 200 (requested 200)

============= GLOBAL =============
Kernel time:                    13.482 s
Memory transfer time:            0.005 s
Total (without mem):            13.482 s
Total (with mem):               13.486 s
Throughput:                       0.03 Mpixels/sec
Speedup vs OpenMP (kernel):      48.65x
Speedup vs OpenMP (with mem):    48.63x
Wrote 'output/cuda_global.jpg'

============= CONSTANT =============
Kernel time:                    12.424 s
Memory transfer time:            0.014 s
Total (without mem):            12.424 s
Total (with mem):               12.438 s
Throughput:                       0.03 Mpixels/sec
Speedup vs OpenMP (kernel):      52.79x
Speedup vs OpenMP (with mem):    52.73x
Wrote 'output/cuda_constant.jpg'

============= SHARED =============
Kernel time:                    12.512 s
Memory transfer time:            0.014 s
Total (without mem):            12.512 s
Total (with mem):               12.527 s
Throughput:                       0.03 Mpixels/sec
Speedup vs OpenMP (kernel):      52.42x
Speedup vs OpenMP (with mem):    52.36x
Wrote 'output/cuda_shared.jpg'

============= 1D TEXTURE =============
Kernel time:                    13.372 s
Memory transfer time:            0.004 s
Total (without mem):            13.372 s
Total (with mem):               13.376 s
Throughput:                       0.03 Mpixels/sec
Speedup vs OpenMP (kernel):      49.05x
Speedup vs OpenMP (with mem):    49.03x
Wrote 'output/cuda_1d_texture.jpg'

============= 2D TEXTURE =============
Kernel time:                    13.392 s
Memory transfer time:            0.004 s
Total (without mem):            13.392 s
Total (with mem):               13.396 s
Throughput:                       0.03 Mpixels/sec
Speedup vs OpenMP (kernel):      48.97x
Speedup vs OpenMP (with mem):    48.96x
Wrote 'output/cuda_2d_texture.jpg'

============= 2D TEXTURE + CONSTANT =============
Kernel time:                    12.377 s
Memory transfer time:            0.014 s
Total (without mem):            12.377 s
Total (with mem):               12.392 s
Throughput:                       0.03 Mpixels/sec
Speedup vs OpenMP (kernel):      52.99x
Speedup vs OpenMP (with mem):    52.93x
Wrote 'output/cuda_2d_texture_constant.jpg'

============= REALISTIC =============
Kernel time:                    13.385 s
Memory transfer time:            0.004 s
Total (without mem):            13.385 s
Total (with mem):               13.389 s
Throughput:                       0.03 Mpixels/sec
Speedup vs OpenMP (kernel):      49.00x
Speedup vs OpenMP (with mem):    48.99x
Wrote 'output/cuda_realistic.jpg'
