Config: blockSize=256 MAX_SPHERES=512 maxDepth=75 numSpheres=200
Scene initialized

============= OPENMP =============
Time:                          657.174 s
Wrote 'output/openmp.jpg'

Spheres generated: 200 (requested 200)

============= GLOBAL =============
Kernel time:                    13.607 s
Memory transfer time:            0.005 s
Total (without mem):            13.607 s
Total (with mem):               13.612 s
Throughput:                       0.03 Mpixels/sec
Speedup vs OpenMP (kernel):      48.30x
Speedup vs OpenMP (with mem):    48.28x
Wrote 'output/cuda_global.jpg'

============= CONSTANT =============
Kernel time:                    12.512 s
Memory transfer time:            0.010 s
Total (without mem):            12.512 s
Total (with mem):               12.522 s
Throughput:                       0.03 Mpixels/sec
Speedup vs OpenMP (kernel):      52.52x
Speedup vs OpenMP (with mem):    52.48x
Wrote 'output/cuda_constant.jpg'

============= SHARED =============
Kernel time:                    12.638 s
Memory transfer time:            0.010 s
Total (without mem):            12.638 s
Total (with mem):               12.648 s
Throughput:                       0.03 Mpixels/sec
Speedup vs OpenMP (kernel):      52.00x
Speedup vs OpenMP (with mem):    51.96x
Wrote 'output/cuda_shared.jpg'

============= 1D TEXTURE =============
Kernel time:                    13.576 s
Memory transfer time:            0.004 s
Total (without mem):            13.576 s
Total (with mem):               13.580 s
Throughput:                       0.03 Mpixels/sec
Speedup vs OpenMP (kernel):      48.41x
Speedup vs OpenMP (with mem):    48.39x
Wrote 'output/cuda_1d_texture.jpg'

============= 2D TEXTURE =============
Kernel time:                    13.532 s
Memory transfer time:            0.006 s
Total (without mem):            13.532 s
Total (with mem):               13.538 s
Throughput:                       0.03 Mpixels/sec
Speedup vs OpenMP (kernel):      48.57x
Speedup vs OpenMP (with mem):    48.54x
Wrote 'output/cuda_2d_texture.jpg'

============= 2D TEXTURE + CONSTANT =============
Kernel time:                    12.510 s
Memory transfer time:            0.012 s
Total (without mem):            12.510 s
Total (with mem):               12.522 s
Throughput:                       0.03 Mpixels/sec
Speedup vs OpenMP (kernel):      52.53x
Speedup vs OpenMP (with mem):    52.48x
Wrote 'output/cuda_2d_texture_constant.jpg'

============= REALISTIC =============
Kernel time:                    13.501 s
Memory transfer time:            0.006 s
Total (without mem):            13.501 s
Total (with mem):               13.508 s
Throughput:                       0.03 Mpixels/sec
Speedup vs OpenMP (kernel):      48.67x
Speedup vs OpenMP (with mem):    48.65x
Wrote 'output/cuda_realistic.jpg'
