Config: blockSize=256 MAX_SPHERES=512 maxDepth=50 numSpheres=200
Scene initialized

============= OPENMP =============
Time:                          656.536 s
Wrote 'output/openmp.jpg'

Spheres generated: 200 (requested 200)

============= GLOBAL =============
Kernel time:                    13.427 s
Memory transfer time:            0.005 s
Total (without mem):            13.427 s
Total (with mem):               13.432 s
Throughput:                       0.03 Mpixels/sec
Speedup vs OpenMP (kernel):      48.90x
Speedup vs OpenMP (with mem):    48.88x
Wrote 'output/cuda_global.jpg'

============= CONSTANT =============
Kernel time:                    12.448 s
Memory transfer time:            0.013 s
Total (without mem):            12.448 s
Total (with mem):               12.462 s
Throughput:                       0.03 Mpixels/sec
Speedup vs OpenMP (kernel):      52.74x
Speedup vs OpenMP (with mem):    52.68x
Wrote 'output/cuda_constant.jpg'

============= SHARED =============
Kernel time:                    12.426 s
Memory transfer time:            0.013 s
Total (without mem):            12.426 s
Total (with mem):               12.440 s
Throughput:                       0.03 Mpixels/sec
Speedup vs OpenMP (kernel):      52.83x
Speedup vs OpenMP (with mem):    52.78x
Wrote 'output/cuda_shared.jpg'

============= 1D TEXTURE =============
Kernel time:                    13.394 s
Memory transfer time:            0.004 s
Total (without mem):            13.394 s
Total (with mem):               13.398 s
Throughput:                       0.03 Mpixels/sec
Speedup vs OpenMP (kernel):      49.02x
Speedup vs OpenMP (with mem):    49.00x
Wrote 'output/cuda_1d_texture.jpg'

============= 2D TEXTURE =============
Kernel time:                    13.429 s
Memory transfer time:            0.004 s
Total (without mem):            13.429 s
Total (with mem):               13.433 s
Throughput:                       0.03 Mpixels/sec
Speedup vs OpenMP (kernel):      48.89x
Speedup vs OpenMP (with mem):    48.88x
Wrote 'output/cuda_2d_texture.jpg'

============= 2D TEXTURE + CONSTANT =============
Kernel time:                    12.391 s
Memory transfer time:            0.013 s
Total (without mem):            12.391 s
Total (with mem):               12.404 s
Throughput:                       0.03 Mpixels/sec
Speedup vs OpenMP (kernel):      52.99x
Speedup vs OpenMP (with mem):    52.93x
Wrote 'output/cuda_2d_texture_constant.jpg'

============= REALISTIC =============
Kernel time:                    13.414 s
Memory transfer time:            0.004 s
Total (without mem):            13.414 s
Total (with mem):               13.418 s
Throughput:                       0.03 Mpixels/sec
Speedup vs OpenMP (kernel):      48.95x
Speedup vs OpenMP (with mem):    48.93x
Wrote 'output/cuda_realistic.jpg'
