Rank 13 of 16 processes
Rank 10 of 16 processes
Rank 12 of 16 processes
Rank 0 of 16 processes
Rank 4 of 16 processes
Rank 2 of 16 processes
Rank 6 of 16 processes
Rank 7 of 16 processes
Rank 8 of 16 processes
Rank 14 of 16 processes
Rank 15 of 16 processes
Rank 3 of 16 processes
Rank 5 of 16 processes
Rank 9 of 16 processes
Rank 1 of 16 processes
Rank 11 of 16 processes
Softmax regression: 10 classes; 784 features
[Mode] Non-IID Label Shard Distribution
[Mode] Non-IID Label Shard Distribution
[Mode] Non-IID Label Shard Distribution
[Mode] Non-IID Label Shard Distribution
[Mode] Non-IID Label Shard Distribution
[Mode] Non-IID Label Shard Distribution
[Mode] Non-IID Label Shard Distribution
[Mode] Non-IID Label Shard Distribution
[Mode] Non-IID Label Shard Distribution
[Distributed Worker 8] Shard size: 4000
Softmax regression: 10 classes; 784 features
[Distributed Worker 12] Shard size: 4000
Softmax regression: 10 classes; 784 features
[Distributed Worker 2] Shard size: 4000
Softmax regression: 10 classes; 784 features
[Mode] Non-IID Label Shard Distribution
[Mode] Non-IID Label Shard Distribution
[Distributed Worker 6] Shard size: 4000
[Distributed Worker 9] Shard size: 4000
Softmax regression: 10 classes; 784 features
[Distributed Worker 15] Shard size: 4000
Softmax regression: 10 classes; 784 features
Softmax regression: 10 classes; 784 features
[Distributed Worker 5] Shard size: 4000
Softmax regression: 10 classes; 784 features
[Distributed Worker 7] Shard size: 4000
Softmax regression: 10 classes; 784 features
[Distributed Worker 10] Shard size: 4000
Softmax regression: 10 classes; 784 features
[Mode] Non-IID Label Shard Distribution
[Mode] Non-IID Label Shard Distribution
[Distributed Worker 13] Shard size: 4000
[Distributed Worker 3] Shard size: 4000
Softmax regression: 10 classes; 784 features
Softmax regression: 10 classes; 784 features
[Distributed Worker 11] Shard size: 4000
Softmax regression: 10 classes; 784 features
[Distributed Worker 1] Shard size: 4000
Softmax regression: 10 classes; 784 features
[Mode] Non-IID Label Shard Distribution
[Mode] Non-IID Label Shard Distribution
[Distributed Worker 4] Shard size: 4000
Softmax regression: 10 classes; 784 features
[Distributed Worker 14] Shard size: 4000
Softmax regression: 10 classes; 784 features
[Worker 8] Round 1 | Loss: 0.0592299 | Train Acc: 98.6%
[Worker 10] Round 1 | Loss: 0.0182714 | Train Acc: 99.575%
[Worker 2] Round 1 | Loss: 0.020707 | Train Acc: 99.625%
[Worker 1] Round 1 | Loss: 0.00843666 | Train Acc: 99.84%
[Worker 3] Round 1 | Loss: 0.0096155 | Train Acc: 99.84%
[Worker 15] Round 1 | Loss: 0.00894606 | Train Acc: 99.925%
[Worker 13] Round 1 | Loss: 0.0247858 | Train Acc: 99.44%
[Worker 9] Round 1 | Loss: 0.0123721 | Train Acc: 99.845%
[Worker 11] Round 1 | Loss: 0.0293316 | Train Acc: 99.61%
[Worker 7] Round 1 | Loss: 0.0359599 | Train Acc: 99.215%
[Worker 5] Round 1 | Loss: 0.0964462 | Train Acc: 97.13%
[Worker 12] Round 1 | Loss: 0.0107361 | Train Acc: 99.845%
[Worker 6] Round 1 | Loss: 0.00953854 | Train Acc: 99.845%
[Worker 4] Round 1 | Loss: 0.0524253 | Train Acc: 98.855%
[Worker 14] Round 1 | Loss: 0.0930934 | Train Acc: 97.325%
[Central Round] 1 [Global Test Accuracy]: 52.01%
[Worker 8] Round 2 | Loss: 0.0550359 | Train Acc: 98.87%
[Worker 3] Round 2 | Loss: 0.00741525 | Train Acc: 99.99%
[Worker 6] Round 2 | Loss: 0.00793008 | Train Acc: 99.975%
[Worker 1] Round 2 | Loss: 0.00790448 | Train Acc: 99.89%
[Worker 15] Round 2 | Loss: 0.0090602 | Train Acc: 99.87%
[Worker 9] Round 2 | Loss: 0.0109682 | Train Acc: 99.915%
[Worker 11] Round 2 | Loss: 0.0257439 | Train Acc: 99.73%
[Worker 13] Round 2 | Loss: 0.0210743 | Train Acc: 99.58%
[Worker 12] Round 2 | Loss: 0.00903694 | Train Acc: 99.975%
[Worker 7] Round 2 | Loss: 0.0330534 | Train Acc: 99.33%
[Worker 10] Round 2 | Loss: 0.0162451 | Train Acc: 99.61%
[Worker 5] Round 2 | Loss: 0.0914032 | Train Acc: 97.415%
[Worker 4] Round 2 | Loss: 0.0475354 | Train Acc: 99.16%
[Worker 14] Round 2 | Loss: 0.0894153 | Train Acc: 97.555%
[Worker 2] Round 2 | Loss: 0.0177041 | Train Acc: 99.765%
[Central Round] 2 [Global Test Accuracy]: 62.28%
[Worker 3] Round 3 | Loss: 0.00654701 | Train Acc: 100%
[Worker 8] Round 3 | Loss: 0.052263 | Train Acc: 98.93%
[Worker 1] Round 3 | Loss: 0.00726093 | Train Acc: 99.95%
[Worker 6] Round 3 | Loss: 0.0075651 | Train Acc: 99.975%
[Worker 15] Round 3 | Loss: 0.00860801 | Train Acc: 99.865%
[Worker 12] Round 3 | Loss: 0.0082257 | Train Acc: 99.985%
[Worker 13] Round 3 | Loss: 0.0191603 | Train Acc: 99.65%
[Worker 9] Round 3 | Loss: 0.0107371 | Train Acc: 99.915%
[Worker 11] Round 3 | Loss: 0.0233984 | Train Acc: 99.78%
[Worker 7] Round 3 | Loss: 0.0306497 | Train Acc: 99.44%
[Worker 10] Round 3 | Loss: 0.0143315 | Train Acc: 99.705%
[Worker 14] Round 3 | Loss: 0.0862885 | Train Acc: 97.615%
[Worker 5] Round 3 | Loss: 0.0885988 | Train Acc: 97.565%
[Worker 4] Round 3 | Loss: 0.043869 | Train Acc: 99.26%
[Worker 2] Round 3 | Loss: 0.0158499 | Train Acc: 99.8%
[Central Round] 3 [Global Test Accuracy]: 68.67%
[Worker 12] Round 4 | Loss: 0.00794749 | Train Acc: 99.975%
[Worker 6] Round 4 | Loss: 0.00744354 | Train Acc: 99.985%
[Worker 10] Round 4 | Loss: 0.0135081 | Train Acc: 99.74%
[Worker 8] Round 4 | Loss: 0.0498323 | Train Acc: 98.97%
[Worker 2] Round 4 | Loss: 0.0149896 | Train Acc: 99.785%
[Worker 9] Round 4 | Loss: 0.0105111 | Train Acc: 99.89%
[Worker 11] Round 4 | Loss: 0.0221492 | Train Acc: 99.77%
[Worker 15] Round 4 | Loss: 0.00832705 | Train Acc: 99.875%
[Worker 4] Round 4 | Loss: 0.0419556 | Train Acc: 99.3%
[Worker 13] Round 4 | Loss: 0.0174899 | Train Acc: 99.695%
[Worker 3] Round 4 | Loss: 0.00630412 | Train Acc: 99.995%
[Worker 1] Round 4 | Loss: 0.00688349 | Train Acc: 99.945%
[Worker 14] Round 4 | Loss: 0.0838072 | Train Acc: 97.65%
[Worker 7] Round 4 | Loss: 0.0290373 | Train Acc: 99.435%
[Worker 5] Round 4 | Loss: 0.086359 | Train Acc: 97.525%
[Central Round] 4 [Global Test Accuracy]: 72.85%
[Worker 3] Round 5 | Loss: 0.00931088 | Train Acc: 99.9917%
[Worker 1] Round 5 | Loss: 0.00980614 | Train Acc: 99.975%
[Worker 13] Round 5 | Loss: 0.0225289 | Train Acc: 99.675%
[Worker 7] Round 5 | Loss: 0.0359507 | Train Acc: 99.4167%
[Worker 9] Round 5 | Loss: 0.0158147 | Train Acc: 99.8583%
[Worker 15] Round 5 | Loss: 0.0129594 | Train Acc: 99.8167%
[Worker 11] Round 5 | Loss: 0.0287955 | Train Acc: 99.7583%
[Worker 5] Round 5 | Loss: 0.096011 | Train Acc: 97.475%
[Worker 4] Round 5 | Loss: 0.0505568 | Train Acc: 99.175%
[Worker 14] Round 5 | Loss: 0.0953272 | Train Acc: 97.5667%
[Worker 12] Round 5 | Loss: 0.0116766 | Train Acc: 99.9833%
[Worker 6] Round 5 | Loss: 0.0114849 | Train Acc: 99.95%
[Worker 10] Round 5 | Loss: 0.017398 | Train Acc: 99.7083%
[Worker 8] Round 5 | Loss: 0.0610115 | Train Acc: 98.8583%
[Worker 2] Round 5 | Loss: 0.020035 | Train Acc: 99.7583%
[Central Round] 5 [Global Test Accuracy]: 76.11%
[Worker 9] Round 6 | Loss: 0.015546 | Train Acc: 99.8667%
[Worker 3] Round 6 | Loss: 0.00923434 | Train Acc: 99.9333%
[Worker 11] Round 6 | Loss: 0.027735 | Train Acc: 99.75%
[Worker 1] Round 6 | Loss: 0.00949145 | Train Acc: 99.9917%
[Worker 15] Round 6 | Loss: 0.0125462 | Train Acc: 99.8083%
[Worker 13] Round 6 | Loss: 0.0214744 | Train Acc: 99.675%
[Worker 7] Round 6 | Loss: 0.0345544 | Train Acc: 99.4417%
[Worker 4] Round 6 | Loss: 0.0485654 | Train Acc: 99.25%
[Worker 12] Round 6 | Loss: 0.0118859 | Train Acc: 99.9417%
[Worker 6] Round 6 | Loss: 0.0113857 | Train Acc: 99.9667%
[Worker 10] Round 6 | Loss: 0.0169748 | Train Acc: 99.7667%
[Worker 5] Round 6 | Loss: 0.0943967 | Train Acc: 97.55%
[Worker 8] Round 6 | Loss: 0.0582817 | Train Acc: 98.9%
[Worker 14] Round 6 | Loss: 0.0930332 | Train Acc: 97.5333%
[Worker 2] Round 6 | Loss: 0.0191426 | Train Acc: 99.775%
[Central Round] 6 [Global Test Accuracy]: 78.02%
[Worker 3] Round 7 | Loss: 0.00936477 | Train Acc: 99.9417%
[Worker 1] Round 7 | Loss: 0.0094495 | Train Acc: 99.9417%
[Worker 9] Round 7 | Loss: 0.0153376 | Train Acc: 99.85%
[Worker 15] Round 7 | Loss: 0.0121521 | Train Acc: 99.8333%
[Worker 11] Round 7 | Loss: 0.0266568 | Train Acc: 99.7917%
[Worker 13] Round 7 | Loss: 0.020376 | Train Acc: 99.7%
[Worker 7] Round 7 | Loss: 0.0339172 | Train Acc: 99.4%
[Worker 4] Round 7 | Loss: 0.0477761 | Train Acc: 99.2333%
[Worker 12] Round 7 | Loss: 0.0117306 | Train Acc: 99.9167%
[Worker 6] Round 7 | Loss: 0.011503 | Train Acc: 99.9083%
[Worker 10] Round 7 | Loss: 0.015943 | Train Acc: 99.8%
[Worker 14] Round 7 | Loss: 0.0907926 | Train Acc: 97.6167%
[Worker 5] Round 7 | Loss: 0.0933837 | Train Acc: 97.3417%
[Worker 8] Round 7 | Loss: 0.0570404 | Train Acc: 98.8917%
[Worker 2] Round 7 | Loss: 0.0183261 | Train Acc: 99.7667%
[Central Round] 7 [Global Test Accuracy]: 79.58%
[Worker 3] Round 8 | Loss: 0.0090492 | Train Acc: 99.95%
[Worker 1] Round 8 | Loss: 0.00926247 | Train Acc: 99.9667%
[Worker 9] Round 8 | Loss: 0.0153595 | Train Acc: 99.8833%
[Worker 15] Round 8 | Loss: 0.0121526 | Train Acc: 99.8333%
[Worker 11] Round 8 | Loss: 0.0254513 | Train Acc: 99.8%
[Worker 13] Round 8 | Loss: 0.01965 | Train Acc: 99.75%
[Worker 7] Round 8 | Loss: 0.0332488 | Train Acc: 99.3917%
[Worker 4] Round 8 | Loss: 0.0461033 | Train Acc: 99.2833%
[Worker 12] Round 8 | Loss: 0.0117741 | Train Acc: 99.925%
[Worker 6] Round 8 | Loss: 0.0115676 | Train Acc: 99.9333%
[Worker 10] Round 8 | Loss: 0.0156486 | Train Acc: 99.8%
[Worker 8] Round 8 | Loss: 0.0553514 | Train Acc: 98.95%
[Worker 14] Round 8 | Loss: 0.0890396 | Train Acc: 97.7333%
[Worker 5] Round 8 | Loss: 0.0922308 | Train Acc: 97.575%
[Worker 2] Round 8 | Loss: 0.0179647 | Train Acc: 99.775%
[Central Round] 8 [Global Test Accuracy]: 80.47%
[Worker 1] Round 9 | Loss: 0.00962748 | Train Acc: 99.9%
[Worker 3] Round 9 | Loss: 0.00953148 | Train Acc: 99.925%
[Worker 9] Round 9 | Loss: 0.0156336 | Train Acc: 99.8333%
[Worker 11] Round 9 | Loss: 0.0249528 | Train Acc: 99.7583%
[Worker 15] Round 9 | Loss: 0.0120687 | Train Acc: 99.825%
[Worker 13] Round 9 | Loss: 0.0198111 | Train Acc: 99.7083%
[Worker 7] Round 9 | Loss: 0.032753 | Train Acc: 99.4083%
[Worker 4] Round 9 | Loss: 0.0461631 | Train Acc: 99.1667%
[Worker 6] Round 9 | Loss: 0.0119148 | Train Acc: 99.9%
[Worker 12] Round 9 | Loss: 0.0115434 | Train Acc: 99.9417%
[Worker 10] Round 9 | Loss: 0.0152172 | Train Acc: 99.85%
[Worker 14] Round 9 | Loss: 0.0882082 | Train Acc: 97.7%
[Worker 5] Round 9 | Loss: 0.0909711 | Train Acc: 97.6167%
[Worker 8] Round 9 | Loss: 0.0539723 | Train Acc: 98.9667%
[Worker 2] Round 9 | Loss: 0.0176496 | Train Acc: 99.7833%
[Central Round] 9 [Global Test Accuracy]: 81.4%
[Worker 3] Round 10 | Loss: 0.0093427 | Train Acc: 99.9167%
[Worker 9] Round 10 | Loss: 0.0153507 | Train Acc: 99.8583%
[Worker 1] Round 10 | Loss: 0.00916539 | Train Acc: 99.9333%
[Worker 15] Round 10 | Loss: 0.0116444 | Train Acc: 99.85%
[Worker 13] Round 10 | Loss: 0.0188705 | Train Acc: 99.725%
[Worker 11] Round 10 | Loss: 0.024422 | Train Acc: 99.775%
[Worker 6] Round 10 | Loss: 0.0114683 | Train Acc: 99.9417%
[Worker 7] Round 10 | Loss: 0.0324726 | Train Acc: 99.375%
[Worker 12] Round 10 | Loss: 0.0120395 | Train Acc: 99.875%
[Worker 4] Round 10 | Loss: 0.0452221 | Train Acc: 99.275%
[Worker 10] Round 10 | Loss: 0.0149081 | Train Acc: 99.8083%
[Worker 14] Round 10 | Loss: 0.0862579 | Train Acc: 97.7917%
[Worker 8] Round 10 | Loss: 0.0531041 | Train Acc: 99.0083%
[Worker 5] Round 10 | Loss: 0.0902707 | Train Acc: 97.6333%
[Worker 2] Round 10 | Loss: 0.017293 | Train Acc: 99.7917%
[Central Round] 10 [Global Test Accuracy]: 82.07%
[Worker 6] Round 11 | Loss: 0.0118504 | Train Acc: 99.8833%
[Worker 10] Round 11 | Loss: 0.0145398 | Train Acc: 99.8333%
[Worker 12] Round 11 | Loss: 0.0114935 | Train Acc: 99.9%
[Worker 8] Round 11 | Loss: 0.0519381 | Train Acc: 98.9667%
[Worker 2] Round 11 | Loss: 0.0170036 | Train Acc: 99.8%
[Worker 3] Round 11 | Loss: 0.00930552 | Train Acc: 99.8917%
[Worker 9] Round 11 | Loss: 0.0153223 | Train Acc: 99.85%
[Worker 11] Round 11 | Loss: 0.0240828 | Train Acc: 99.7333%
[Worker 15] Round 11 | Loss: 0.0119127 | Train Acc: 99.8333%
[Worker 13] Round 11 | Loss: 0.0187534 | Train Acc: 99.7417%
[Worker 1] Round 11 | Loss: 0.00929247 | Train Acc: 99.9583%
[Worker 7] Round 11 | Loss: 0.0320718 | Train Acc: 99.3667%
[Worker 4] Round 11 | Loss: 0.0446063 | Train Acc: 99.2667%
[Worker 5] Round 11 | Loss: 0.0886721 | Train Acc: 97.4667%
[Worker 14] Round 11 | Loss: 0.0856333 | Train Acc: 97.775%
[Central Round] 11 [Global Test Accuracy]: 82.66%
[Worker 3] Round 12 | Loss: 0.00953502 | Train Acc: 99.9167%
[Worker 9] Round 12 | Loss: 0.0153516 | Train Acc: 99.8417%
[Worker 1] Round 12 | Loss: 0.00892853 | Train Acc: 99.9667%
[Worker 11] Round 12 | Loss: 0.0238519 | Train Acc: 99.7167%
[Worker 15] Round 12 | Loss: 0.0116948 | Train Acc: 99.8917%
[Worker 13] Round 12 | Loss: 0.0183457 | Train Acc: 99.6833%
[Worker 4] Round 12 | Loss: 0.0445025 | Train Acc: 99.2333%
[Worker 7] Round 12 | Loss: 0.0314807 | Train Acc: 99.3667%
[Worker 5] Round 12 | Loss: 0.0890927 | Train Acc: 97.5667%
[Worker 14] Round 12 | Loss: 0.0838112 | Train Acc: 97.8167%
[Worker 12] Round 12 | Loss: 0.0119102 | Train Acc: 99.85%
[Worker 6] Round 12 | Loss: 0.0117551 | Train Acc: 99.8833%
[Worker 10] Round 12 | Loss: 0.0143614 | Train Acc: 99.8167%
[Worker 8] Round 12 | Loss: 0.0508822 | Train Acc: 99%
[Worker 2] Round 12 | Loss: 0.0166986 | Train Acc: 99.825%
[Central Round] 12 [Global Test Accuracy]: 83.14%
[Worker 3] Round 13 | Loss: 0.00952158 | Train Acc: 99.9083%
[Worker 1] Round 13 | Loss: 0.00913746 | Train Acc: 99.9417%
[Worker 9] Round 13 | Loss: 0.0152682 | Train Acc: 99.8583%
[Worker 4] Round 13 | Loss: 0.0439412 | Train Acc: 99.25%
[Worker 11] Round 13 | Loss: 0.0230967 | Train Acc: 99.7417%
[Worker 6] Round 13 | Loss: 0.0121766 | Train Acc: 99.85%
[Worker 15] Round 13 | Loss: 0.0118435 | Train Acc: 99.85%
[Worker 12] Round 13 | Loss: 0.0117197 | Train Acc: 99.925%
[Worker 13] Round 13 | Loss: 0.0183019 | Train Acc: 99.7167%
[Worker 7] Round 13 | Loss: 0.0310674 | Train Acc: 99.3917%
[Worker 8] Round 13 | Loss: 0.0500975 | Train Acc: 99.0083%
[Worker 5] Round 13 | Loss: 0.0879089 | Train Acc: 97.5167%
[Worker 10] Round 13 | Loss: 0.0143168 | Train Acc: 99.825%
[Worker 14] Round 13 | Loss: 0.0827382 | Train Acc: 97.825%
[Worker 2] Round 13 | Loss: 0.0164832 | Train Acc: 99.8%
[Central Round] 13 [Global Test Accuracy]: 83.58%
[Worker 3] Round 14 | Loss: 0.00983988 | Train Acc: 99.8833%
[Worker 11] Round 14 | Loss: 0.0228879 | Train Acc: 99.7167%
[Worker 9] Round 14 | Loss: 0.0153084 | Train Acc: 99.875%
[Worker 7] Round 14 | Loss: 0.0312835 | Train Acc: 99.3917%
[Worker 1] Round 14 | Loss: 0.00889179 | Train Acc: 99.9583%
[Worker 5] Round 14 | Loss: 0.0875785 | Train Acc: 97.5083%
[Worker 4] Round 14 | Loss: 0.0434366 | Train Acc: 99.2333%
[Worker 13] Round 14 | Loss: 0.0177078 | Train Acc: 99.75%
[Worker 15] Round 14 | Loss: 0.0120323 | Train Acc: 99.8333%
[Worker 12] Round 14 | Loss: 0.0119466 | Train Acc: 99.8833%
[Worker 8] Round 14 | Loss: 0.049401 | Train Acc: 99.0417%
[Worker 14] Round 14 | Loss: 0.0818872 | Train Acc: 97.8333%
[Worker 6] Round 14 | Loss: 0.0124204 | Train Acc: 99.8583%
[Worker 2] Round 14 | Loss: 0.0162219 | Train Acc: 99.775%
[Worker 10] Round 14 | Loss: 0.0145622 | Train Acc: 99.7833%
[Central Round] 14 [Global Test Accuracy]: 83.88%
[Worker 6] Round 15 | Loss: 0.011696 | Train Acc: 99.8583%
[Worker 9] Round 15 | Loss: 0.0153052 | Train Acc: 99.8083%
[Worker 11] Round 15 | Loss: 0.0226277 | Train Acc: 99.7333%
[Worker 1] Round 15 | Loss: 0.00901747 | Train Acc: 99.9167%
[Worker 3] Round 15 | Loss: 0.00973132 | Train Acc: 99.8917%
[Worker 12] Round 15 | Loss: 0.0117209 | Train Acc: 99.875%
[Worker 15] Round 15 | Loss: 0.0119112 | Train Acc: 99.8583%
[Worker 13] Round 15 | Loss: 0.0180698 | Train Acc: 99.7083%
[Worker 4] Round 15 | Loss: 0.0430712 | Train Acc: 99.2417%
[Worker 7] Round 15 | Loss: 0.0306721 | Train Acc: 99.4%
[Worker 10] Round 15 | Loss: 0.0138788 | Train Acc: 99.825%
[Worker 8] Round 15 | Loss: 0.0492367 | Train Acc: 99.0083%
[Worker 14] Round 15 | Loss: 0.0811533 | Train Acc: 97.8083%
[Worker 5] Round 15 | Loss: 0.0866099 | Train Acc: 97.6417%
[Worker 2] Round 15 | Loss: 0.0161732 | Train Acc: 99.825%
[Central Round] 15 [Global Test Accuracy]: 84.15%
[Worker 3] Round 16 | Loss: 0.00990038 | Train Acc: 99.85%
[Worker 1] Round 16 | Loss: 0.00881608 | Train Acc: 99.9667%
[Worker 13] Round 16 | Loss: 0.0179456 | Train Acc: 99.6833%
[Worker 9] Round 16 | Loss: 0.0156826 | Train Acc: 99.7833%
[Worker 15] Round 16 | Loss: 0.0116669 | Train Acc: 99.875%
[Worker 11] Round 16 | Loss: 0.0222591 | Train Acc: 99.7667%
[Worker 7] Round 16 | Loss: 0.0310214 | Train Acc: 99.3917%
[Worker 12] Round 16 | Loss: 0.0119212 | Train Acc: 99.8917%
[Worker 4] Round 16 | Loss: 0.0430123 | Train Acc: 99.2917%
[Worker 6] Round 16 | Loss: 0.0118535 | Train Acc: 99.8583%
[Worker 10] Round 16 | Loss: 0.0142641 | Train Acc: 99.8%
[Worker 5] Round 16 | Loss: 0.0864407 | Train Acc: 97.6167%
[Worker 14] Round 16 | Loss: 0.0807533 | Train Acc: 97.8833%
[Worker 8] Round 16 | Loss: 0.0482967 | Train Acc: 99.0167%
[Worker 2] Round 16 | Loss: 0.0158788 | Train Acc: 99.7667%
[Central Round] 16 [Global Test Accuracy]: 84.47%
[Worker 9] Round 17 | Loss: 0.0159526 | Train Acc: 99.7667%
[Worker 3] Round 17 | Loss: 0.0100427 | Train Acc: 99.8583%
[Worker 1] Round 17 | Loss: 0.00901369 | Train Acc: 99.9083%
[Worker 13] Round 17 | Loss: 0.0176915 | Train Acc: 99.7167%
[Worker 15] Round 17 | Loss: 0.0116567 | Train Acc: 99.8333%
[Worker 11] Round 17 | Loss: 0.0220743 | Train Acc: 99.7417%
[Worker 4] Round 17 | Loss: 0.0430799 | Train Acc: 99.2333%
[Worker 7] Round 17 | Loss: 0.0307843 | Train Acc: 99.3917%
[Worker 12] Round 17 | Loss: 0.0118601 | Train Acc: 99.8917%
[Worker 6] Round 17 | Loss: 0.012123 | Train Acc: 99.8667%
[Worker 5] Round 17 | Loss: 0.0855847 | Train Acc: 97.6167%
[Worker 10] Round 17 | Loss: 0.0137797 | Train Acc: 99.8083%
[Worker 14] Round 17 | Loss: 0.0795902 | Train Acc: 97.8667%
[Worker 8] Round 17 | Loss: 0.0476777 | Train Acc: 99.05%
[Worker 2] Round 17 | Loss: 0.0158542 | Train Acc: 99.8083%
[Central Round] 17 [Global Test Accuracy]: 84.59%
[Worker 3] Round 18 | Loss: 0.00999638 | Train Acc: 99.8667%
[Worker 1] Round 18 | Loss: 0.00866125 | Train Acc: 99.9333%
[Worker 6] Round 18 | Loss: 0.0121028 | Train Acc: 99.85%
[Worker 13] Round 18 | Loss: 0.0173163 | Train Acc: 99.6833%
[Worker 15] Round 18 | Loss: 0.0113613 | Train Acc: 99.875%
[Worker 9] Round 18 | Loss: 0.0148378 | Train Acc: 99.85%
[Worker 11] Round 18 | Loss: 0.0216648 | Train Acc: 99.775%
[Worker 4] Round 18 | Loss: 0.0421777 | Train Acc: 99.2167%
[Worker 12] Round 18 | Loss: 0.0118905 | Train Acc: 99.875%
[Worker 7] Round 18 | Loss: 0.0301817 | Train Acc: 99.4%
[Worker 5] Round 18 | Loss: 0.0851779 | Train Acc: 97.7583%
[Worker 10] Round 18 | Loss: 0.0135221 | Train Acc: 99.8417%
[Worker 8] Round 18 | Loss: 0.047147 | Train Acc: 99.1083%
[Worker 14] Round 18 | Loss: 0.0788051 | Train Acc: 97.95%
[Worker 2] Round 18 | Loss: 0.0156297 | Train Acc: 99.8167%
[Central Round] 18 [Global Test Accuracy]: 84.91%
[Worker 6] Round 19 | Loss: 0.0124606 | Train Acc: 99.825%
[Worker 12] Round 19 | Loss: 0.0117807 | Train Acc: 99.8833%
[Worker 8] Round 19 | Loss: 0.0463578 | Train Acc: 98.9833%
[Worker 10] Round 19 | Loss: 0.0137333 | Train Acc: 99.8167%
[Worker 2] Round 19 | Loss: 0.0154283 | Train Acc: 99.8167%
[Worker 1] Round 19 | Loss: 0.0089094 | Train Acc: 99.95%
[Worker 9] Round 19 | Loss: 0.0157931 | Train Acc: 99.775%
[Worker 3] Round 19 | Loss: 0.0099889 | Train Acc: 99.85%
[Worker 15] Round 19 | Loss: 0.0116426 | Train Acc: 99.8333%
[Worker 11] Round 19 | Loss: 0.0218453 | Train Acc: 99.7833%
[Worker 13] Round 19 | Loss: 0.0173196 | Train Acc: 99.6917%
[Worker 7] Round 19 | Loss: 0.0302228 | Train Acc: 99.4%
[Worker 4] Round 19 | Loss: 0.0421159 | Train Acc: 99.2083%
[Worker 5] Round 19 | Loss: 0.0852385 | Train Acc: 97.7333%
[Worker 14] Round 19 | Loss: 0.0782857 | Train Acc: 98.075%
[Central Round] 19 [Global Test Accuracy]: 84.99%
[Worker 3] Round 20 | Loss: 0.00986533 | Train Acc: 99.8667%
[Worker 9] Round 20 | Loss: 0.0153289 | Train Acc: 99.7667%
[Worker 13] Round 20 | Loss: 0.0171 | Train Acc: 99.7417%
[Worker 15] Round 20 | Loss: 0.0117327 | Train Acc: 99.8583%
[Worker 7] Round 20 | Loss: 0.0303954 | Train Acc: 99.4%
[Worker 1] Round 20 | Loss: 0.00907488 | Train Acc: 99.9167%
[Worker 4] Round 20 | Loss: 0.0421342 | Train Acc: 99.2833%
[Worker 11] Round 20 | Loss: 0.0212001 | Train Acc: 99.8083%
[Worker 14] Round 20 | Loss: 0.0777502 | Train Acc: 97.9417%
[Worker 5] Round 20 | Loss: 0.0841902 | Train Acc: 97.5667%
[Worker 12] Round 20 | Loss: 0.0123301 | Train Acc: 99.825%
[Worker 6] Round 20 | Loss: 0.0120432 | Train Acc: 99.8917%
[Worker 10] Round 20 | Loss: 0.0136843 | Train Acc: 99.7917%
[Worker 8] Round 20 | Loss: 0.0459725 | Train Acc: 99.0667%
[Worker 2] Round 20 | Loss: 0.0156169 | Train Acc: 99.7917%
[Central Round] 20 [Global Test Accuracy]: 85.3%
[Worker 9] Round 21 | Loss: 0.0151302 | Train Acc: 99.8583%
[Worker 3] Round 21 | Loss: 0.0101959 | Train Acc: 99.8417%
[Worker 6] Round 21 | Loss: 0.0122894 | Train Acc: 99.8917%
[Worker 7] Round 21 | Loss: 0.0300627 | Train Acc: 99.3417%
[Worker 11] Round 21 | Loss: 0.0212655 | Train Acc: 99.75%
[Worker 12] Round 21 | Loss: 0.0118326 | Train Acc: 99.85%
[Worker 15] Round 21 | Loss: 0.011379 | Train Acc: 99.8417%
[Worker 4] Round 21 | Loss: 0.0414005 | Train Acc: 99.25%
[Worker 13] Round 21 | Loss: 0.0170753 | Train Acc: 99.7333%
[Worker 1] Round 21 | Loss: 0.00887795 | Train Acc: 99.925%
[Worker 10] Round 21 | Loss: 0.0133977 | Train Acc: 99.825%
[Worker 8] Round 21 | Loss: 0.0464214 | Train Acc: 99.0833%
[Worker 5] Round 21 | Loss: 0.0840781 | Train Acc: 97.6667%
[Worker 14] Round 21 | Loss: 0.0764352 | Train Acc: 97.975%
[Worker 2] Round 21 | Loss: 0.0155556 | Train Acc: 99.775%
[Central Round] 21 [Global Test Accuracy]: 85.42%
[Worker 9] Round 22 | Loss: 0.0156335 | Train Acc: 99.8333%
[Worker 3] Round 22 | Loss: 0.0101582 | Train Acc: 99.825%
[Worker 6] Round 22 | Loss: 0.0122002 | Train Acc: 99.8583%
[Worker 11] Round 22 | Loss: 0.0212073 | Train Acc: 99.7417%
[Worker 15] Round 22 | Loss: 0.0120596 | Train Acc: 99.825%
[Worker 7] Round 22 | Loss: 0.0298238 | Train Acc: 99.4083%
[Worker 13] Round 22 | Loss: 0.0172492 | Train Acc: 99.7333%
[Worker 1] Round 22 | Loss: 0.00911353 | Train Acc: 99.9083%
[Worker 12] Round 22 | Loss: 0.0124151 | Train Acc: 99.85%
[Worker 10] Round 22 | Loss: 0.0131181 | Train Acc: 99.8417%
[Worker 4] Round 22 | Loss: 0.0414196 | Train Acc: 99.2833%
[Worker 5] Round 22 | Loss: 0.0842394 | Train Acc: 97.6667%
[Worker 14] Round 22 | Loss: 0.0763185 | Train Acc: 98.0333%
[Worker 8] Round 22 | Loss: 0.0451325 | Train Acc: 99.0917%
[Worker 2] Round 22 | Loss: 0.0154628 | Train Acc: 99.7583%
[Central Round] 22 [Global Test Accuracy]: 85.66%
[Worker 3] Round 23 | Loss: 0.010236 | Train Acc: 99.825%
[Worker 9] Round 23 | Loss: 0.0151296 | Train Acc: 99.8167%
[Worker 6] Round 23 | Loss: 0.0119892 | Train Acc: 99.8583%
[Worker 15] Round 23 | Loss: 0.0118177 | Train Acc: 99.8083%
[Worker 7] Round 23 | Loss: 0.0294641 | Train Acc: 99.4333%
[Worker 11] Round 23 | Loss: 0.0209699 | Train Acc: 99.7417%
[Worker 13] Round 23 | Loss: 0.0172694 | Train Acc: 99.7%
[Worker 4] Round 23 | Loss: 0.0410933 | Train Acc: 99.2667%
[Worker 12] Round 23 | Loss: 0.011504 | Train Acc: 99.8417%
[Worker 10] Round 23 | Loss: 0.0135439 | Train Acc: 99.8583%
[Worker 1] Round 23 | Loss: 0.0086716 | Train Acc: 99.9417%
[Worker 8] Round 23 | Loss: 0.0452319 | Train Acc: 99.1%
[Worker 5] Round 23 | Loss: 0.0842968 | Train Acc: 97.5417%
[Worker 14] Round 23 | Loss: 0.0762372 | Train Acc: 97.9667%
[Worker 2] Round 23 | Loss: 0.0150481 | Train Acc: 99.7917%
[Central Round] 23 [Global Test Accuracy]: 85.82%
[Worker 3] Round 24 | Loss: 0.0105236 | Train Acc: 99.8333%
[Worker 9] Round 24 | Loss: 0.0156759 | Train Acc: 99.775%
[Worker 11] Round 24 | Loss: 0.0207369 | Train Acc: 99.7583%
[Worker 7] Round 24 | Loss: 0.0297227 | Train Acc: 99.4417%
[Worker 1] Round 24 | Loss: 0.00880293 | Train Acc: 99.925%
[Worker 13] Round 24 | Loss: 0.0167725 | Train Acc: 99.7333%
[Worker 6] Round 24 | Loss: 0.0124162 | Train Acc: 99.8167%
[Worker 12] Round 24 | Loss: 0.0117957 | Train Acc: 99.8417%
[Worker 15] Round 24 | Loss: 0.0118774 | Train Acc: 99.8417%
[Worker 4] Round 24 | Loss: 0.0416539 | Train Acc: 99.25%
[Worker 10] Round 24 | Loss: 0.0137746 | Train Acc: 99.8167%
[Worker 8] Round 24 | Loss: 0.0445032 | Train Acc: 99.0583%
[Worker 5] Round 24 | Loss: 0.0834182 | Train Acc: 97.6417%
[Worker 14] Round 24 | Loss: 0.0756183 | Train Acc: 98.1583%
[Worker 2] Round 24 | Loss: 0.0150662 | Train Acc: 99.8%
[Central Round] 24 [Global Test Accuracy]: 85.71%
[Worker 3] Round 25 | Loss: 0.0102238 | Train Acc: 99.8333%
[Worker 9] Round 25 | Loss: 0.0154822 | Train Acc: 99.7917%
[Worker 7] Round 25 | Loss: 0.0293168 | Train Acc: 99.4833%
[Worker 11] Round 25 | Loss: 0.0205074 | Train Acc: 99.775%
[Worker 4] Round 25 | Loss: 0.040607 | Train Acc: 99.275%
[Worker 13] Round 25 | Loss: 0.0170322 | Train Acc: 99.7417%
[Worker 15] Round 25 | Loss: 0.0115659 | Train Acc: 99.8333%
[Worker 1] Round 25 | Loss: 0.00887181 | Train Acc: 99.9083%
[Worker 6] Round 25 | Loss: 0.012423 | Train Acc: 99.825%
[Worker 12] Round 25 | Loss: 0.0117435 | Train Acc: 99.8667%
[Worker 10] Round 25 | Loss: 0.013048 | Train Acc: 99.85%
[Worker 8] Round 25 | Loss: 0.0441129 | Train Acc: 99.1083%
[Worker 14] Round 25 | Loss: 0.0753127 | Train Acc: 97.9667%
[Worker 5] Round 25 | Loss: 0.0831186 | Train Acc: 97.725%
[Worker 2] Round 25 | Loss: 0.0151214 | Train Acc: 99.825%
[Central Round] 25 [Global Test Accuracy]: 85.96%
[Worker 3] Round 26 | Loss: 0.0105175 | Train Acc: 99.8167%
[Worker 9] Round 26 | Loss: 0.0157557 | Train Acc: 99.75%
[Worker 11] Round 26 | Loss: 0.0210724 | Train Acc: 99.7167%
[Worker 13] Round 26 | Loss: 0.0167557 | Train Acc: 99.7667%
[Worker 7] Round 26 | Loss: 0.0291837 | Train Acc: 99.4333%
[Worker 12] Round 26 | Loss: 0.0118079 | Train Acc: 99.9083%
[Worker 15] Round 26 | Loss: 0.0120148 | Train Acc: 99.8083%
[Worker 1] Round 26 | Loss: 0.0088939 | Train Acc: 99.9167%
[Worker 10] Round 26 | Loss: 0.013199 | Train Acc: 99.8333%
[Worker 6] Round 26 | Loss: 0.0125967 | Train Acc: 99.8417%
[Worker 4] Round 26 | Loss: 0.041119 | Train Acc: 99.25%
[Worker 8] Round 26 | Loss: 0.0440027 | Train Acc: 99.0667%
[Worker 14] Round 26 | Loss: 0.0742948 | Train Acc: 98.0667%
[Worker 5] Round 26 | Loss: 0.0828087 | Train Acc: 97.6833%
[Worker 2] Round 26 | Loss: 0.0150266 | Train Acc: 99.7917%
[Central Round] 26 [Global Test Accuracy]: 86.06%
[Worker 3] Round 27 | Loss: 0.0106503 | Train Acc: 99.8167%
[Worker 9] Round 27 | Loss: 0.0149275 | Train Acc: 99.8333%
[Worker 13] Round 27 | Loss: 0.0167294 | Train Acc: 99.7167%
[Worker 7] Round 27 | Loss: 0.0290519 | Train Acc: 99.4083%
[Worker 15] Round 27 | Loss: 0.0114747 | Train Acc: 99.8417%
[Worker 12] Round 27 | Loss: 0.0120022 | Train Acc: 99.8667%
[Worker 11] Round 27 | Loss: 0.020245 | Train Acc: 99.7833%
[Worker 4] Round 27 | Loss: 0.0414533 | Train Acc: 99.1583%
[Worker 10] Round 27 | Loss: 0.0128303 | Train Acc: 99.8583%
[Worker 1] Round 27 | Loss: 0.0086153 | Train Acc: 99.9333%
[Worker 6] Round 27 | Loss: 0.0124376 | Train Acc: 99.8333%
[Worker 14] Round 27 | Loss: 0.0741871 | Train Acc: 98.1083%
[Worker 5] Round 27 | Loss: 0.0826097 | Train Acc: 97.7333%
[Worker 8] Round 27 | Loss: 0.0437101 | Train Acc: 99.1167%
[Worker 2] Round 27 | Loss: 0.0148303 | Train Acc: 99.8417%
[Central Round] 27 [Global Test Accuracy]: 86.14%
[Worker 3] Round 28 | Loss: 0.010606 | Train Acc: 99.825%
[Worker 9] Round 28 | Loss: 0.0157441 | Train Acc: 99.75%
[Worker 7] Round 28 | Loss: 0.0292606 | Train Acc: 99.475%
[Worker 1] Round 28 | Loss: 0.00923676 | Train Acc: 99.9083%
[Worker 4] Round 28 | Loss: 0.040784 | Train Acc: 99.2%
[Worker 15] Round 28 | Loss: 0.0120751 | Train Acc: 99.8667%
[Worker 12] Round 28 | Loss: 0.0118519 | Train Acc: 99.85%
[Worker 6] Round 28 | Loss: 0.0127206 | Train Acc: 99.825%
[Worker 10] Round 28 | Loss: 0.0130422 | Train Acc: 99.8333%
[Worker 13] Round 28 | Loss: 0.0169389 | Train Acc: 99.725%
[Worker 11] Round 28 | Loss: 0.020392 | Train Acc: 99.8%
[Worker 8] Round 28 | Loss: 0.0430343 | Train Acc: 99.15%
[Worker 5] Round 28 | Loss: 0.0826822 | Train Acc: 97.6417%
[Worker 14] Round 28 | Loss: 0.0739245 | Train Acc: 98.05%
[Worker 2] Round 28 | Loss: 0.0152771 | Train Acc: 99.7417%
[Central Round] 28 [Global Test Accuracy]: 86.12%
[Worker 3] Round 29 | Loss: 0.0103969 | Train Acc: 99.8583%
[Worker 9] Round 29 | Loss: 0.01526 | Train Acc: 99.775%
[Worker 7] Round 29 | Loss: 0.0294836 | Train Acc: 99.4667%
[Worker 11] Round 29 | Loss: 0.0203648 | Train Acc: 99.7833%
[Worker 1] Round 29 | Loss: 0.00880513 | Train Acc: 99.9417%
[Worker 13] Round 29 | Loss: 0.0165852 | Train Acc: 99.75%
[Worker 12] Round 29 | Loss: 0.0119244 | Train Acc: 99.825%
[Worker 15] Round 29 | Loss: 0.012328 | Train Acc: 99.8417%
[Worker 10] Round 29 | Loss: 0.0132473 | Train Acc: 99.8333%
[Worker 4] Round 29 | Loss: 0.0402915 | Train Acc: 99.2417%
[Worker 6] Round 29 | Loss: 0.0122999 | Train Acc: 99.8333%
[Worker 5] Round 29 | Loss: 0.0821216 | Train Acc: 97.7833%
[Worker 14] Round 29 | Loss: 0.0731406 | Train Acc: 98.1583%
[Worker 8] Round 29 | Loss: 0.043237 | Train Acc: 99.0917%
[Worker 2] Round 29 | Loss: 0.0150085 | Train Acc: 99.7667%
[Central Round] 29 [Global Test Accuracy]: 86.23%
[Worker 10] Round 30 | Loss: 0.0127832 | Train Acc: 99.825%
[Worker 12] Round 30 | Loss: 0.0116494 | Train Acc: 99.8167%
[Worker 6] Round 30 | Loss: 0.0120263 | Train Acc: 99.825%
[Worker 8] Round 30 | Loss: 0.0432232 | Train Acc: 99.1%
[Worker 2] Round 30 | Loss: 0.0147712 | Train Acc: 99.775%
[Worker 9] Round 30 | Loss: 0.0149465 | Train Acc: 99.8167%
[Worker 3] Round 30 | Loss: 0.0103414 | Train Acc: 99.85%
[Worker 11] Round 30 | Loss: 0.0201547 | Train Acc: 99.8%
[Worker 15] Round 30 | Loss: 0.0116337 | Train Acc: 99.85%
[Worker 13] Round 30 | Loss: 0.0167619 | Train Acc: 99.75%
[Worker 7] Round 30 | Loss: 0.028908 | Train Acc: 99.4833%
[Worker 1] Round 30 | Loss: 0.00853741 | Train Acc: 99.925%
[Worker 4] Round 30 | Loss: 0.0403064 | Train Acc: 99.2083%
[Worker 5] Round 30 | Loss: 0.0812834 | Train Acc: 97.8%
[Worker 14] Round 30 | Loss: 0.0730911 | Train Acc: 98.0333%
[Central Round] 30 [Global Test Accuracy]: 86.36%
[Worker 9] Round 31 | Loss: 0.0153791 | Train Acc: 99.775%
[Worker 13] Round 31 | Loss: 0.0168683 | Train Acc: 99.7167%
[Worker 3] Round 31 | Loss: 0.0105455 | Train Acc: 99.8%
[Worker 1] Round 31 | Loss: 0.00882068 | Train Acc: 99.9083%
[Worker 15] Round 31 | Loss: 0.0121125 | Train Acc: 99.825%
[Worker 7] Round 31 | Loss: 0.0291795 | Train Acc: 99.4417%
[Worker 11] Round 31 | Loss: 0.020131 | Train Acc: 99.7583%
[Worker 4] Round 31 | Loss: 0.0401893 | Train Acc: 99.2417%
[Worker 14] Round 31 | Loss: 0.0729756 | Train Acc: 98.075%
[Worker 5] Round 31 | Loss: 0.0818848 | Train Acc: 97.75%
[Worker 12] Round 31 | Loss: 0.0120385 | Train Acc: 99.8167%
[Worker 6] Round 31 | Loss: 0.0122944 | Train Acc: 99.8083%
[Worker 10] Round 31 | Loss: 0.0131976 | Train Acc: 99.8583%
[Worker 8] Round 31 | Loss: 0.0427078 | Train Acc: 99.1083%
[Worker 2] Round 31 | Loss: 0.0147639 | Train Acc: 99.775%
[Central Round] 31 [Global Test Accuracy]: 86.45%
[Worker 9] Round 32 | Loss: 0.0154108 | Train Acc: 99.8%
[Worker 3] Round 32 | Loss: 0.0105351 | Train Acc: 99.8083%
[Worker 13] Round 32 | Loss: 0.0164469 | Train Acc: 99.7167%
[Worker 7] Round 32 | Loss: 0.0286581 | Train Acc: 99.4667%
[Worker 15] Round 32 | Loss: 0.0120685 | Train Acc: 99.8167%
[Worker 12] Round 32 | Loss: 0.0117902 | Train Acc: 99.8417%
[Worker 11] Round 32 | Loss: 0.0198425 | Train Acc: 99.725%
[Worker 4] Round 32 | Loss: 0.0402644 | Train Acc: 99.1167%
[Worker 10] Round 32 | Loss: 0.0129024 | Train Acc: 99.8333%
[Worker 6] Round 32 | Loss: 0.0123654 | Train Acc: 99.8%
[Worker 1] Round 32 | Loss: 0.00890928 | Train Acc: 99.8917%
[Worker 14] Round 32 | Loss: 0.0724691 | Train Acc: 98.175%
[Worker 8] Round 32 | Loss: 0.0428344 | Train Acc: 99.1167%
[Worker 5] Round 32 | Loss: 0.0817369 | Train Acc: 97.8083%
[Worker 2] Round 32 | Loss: 0.0148468 | Train Acc: 99.7917%
[Central Round] 32 [Global Test Accuracy]: 86.47%
[Worker 9] Round 33 | Loss: 0.0157528 | Train Acc: 99.775%
[Worker 4] Round 33 | Loss: 0.0397859 | Train Acc: 99.275%
[Worker 13] Round 33 | Loss: 0.016804 | Train Acc: 99.6667%
[Worker 11] Round 33 | Loss: 0.0200644 | Train Acc: 99.7667%
[Worker 5] Round 33 | Loss: 0.0816627 | Train Acc: 97.7167%
[Worker 12] Round 33 | Loss: 0.0118845 | Train Acc: 99.8417%
[Worker 6] Round 33 | Loss: 0.0125519 | Train Acc: 99.8%
[Worker 15] Round 33 | Loss: 0.0119985 | Train Acc: 99.775%
[Worker 10] Round 33 | Loss: 0.0132696 | Train Acc: 99.7917%
[Worker 7] Round 33 | Loss: 0.0287638 | Train Acc: 99.4417%
[Worker 1] Round 33 | Loss: 0.00860018 | Train Acc: 99.9%
[Worker 3] Round 33 | Loss: 0.010483 | Train Acc: 99.8083%
[Worker 8] Round 33 | Loss: 0.0421541 | Train Acc: 99.1833%
[Worker 14] Round 33 | Loss: 0.072287 | Train Acc: 98.1167%
[Worker 2] Round 33 | Loss: 0.0147407 | Train Acc: 99.775%
[Central Round] 33 [Global Test Accuracy]: 86.58%
[Worker 9] Round 34 | Loss: 0.0155902 | Train Acc: 99.7583%
[Worker 13] Round 34 | Loss: 0.0160572 | Train Acc: 99.7417%
[Worker 7] Round 34 | Loss: 0.0285678 | Train Acc: 99.4583%
[Worker 1] Round 34 | Loss: 0.0088024 | Train Acc: 99.925%
[Worker 5] Round 34 | Loss: 0.0812263 | Train Acc: 97.6833%
[Worker 15] Round 34 | Loss: 0.011954 | Train Acc: 99.825%
[Worker 11] Round 34 | Loss: 0.0198568 | Train Acc: 99.7833%
[Worker 4] Round 34 | Loss: 0.0398502 | Train Acc: 99.1667%
[Worker 12] Round 34 | Loss: 0.012123 | Train Acc: 99.825%
[Worker 10] Round 34 | Loss: 0.0129359 | Train Acc: 99.85%
[Worker 6] Round 34 | Loss: 0.012441 | Train Acc: 99.8167%
[Worker 3] Round 34 | Loss: 0.0104785 | Train Acc: 99.8167%
[Worker 14] Round 34 | Loss: 0.0716036 | Train Acc: 98.1833%
[Worker 8] Round 34 | Loss: 0.042102 | Train Acc: 99.1417%
[Worker 2] Round 34 | Loss: 0.0142906 | Train Acc: 99.8167%
[Central Round] 34 [Global Test Accuracy]: 86.68%
[Worker 9] Round 35 | Loss: 0.0157825 | Train Acc: 99.7667%
[Worker 11] Round 35 | Loss: 0.0194269 | Train Acc: 99.8%
[Worker 13] Round 35 | Loss: 0.0166246 | Train Acc: 99.6917%
[Worker 5] Round 35 | Loss: 0.0806718 | Train Acc: 97.8%
[Worker 7] Round 35 | Loss: 0.0287698 | Train Acc: 99.4583%
[Worker 15] Round 35 | Loss: 0.0116572 | Train Acc: 99.825%
[Worker 1] Round 35 | Loss: 0.0087921 | Train Acc: 99.8917%
[Worker 10] Round 35 | Loss: 0.0128639 | Train Acc: 99.8333%
[Worker 12] Round 35 | Loss: 0.01203 | Train Acc: 99.8417%
[Worker 6] Round 35 | Loss: 0.0125382 | Train Acc: 99.8333%
[Worker 3] Round 35 | Loss: 0.0102612 | Train Acc: 99.825%
[Worker 8] Round 35 | Loss: 0.0422441 | Train Acc: 99.1583%
[Worker 4] Round 35 | Loss: 0.0398365 | Train Acc: 99.225%
[Worker 14] Round 35 | Loss: 0.0708567 | Train Acc: 98.1833%
[Worker 2] Round 35 | Loss: 0.014365 | Train Acc: 99.8%
[Central Round] 35 [Global Test Accuracy]: 86.74%
[Worker 13] Round 36 | Loss: 0.0163283 | Train Acc: 99.7167%
[Worker 9] Round 36 | Loss: 0.0152538 | Train Acc: 99.7917%
[Worker 6] Round 36 | Loss: 0.012785 | Train Acc: 99.7917%
[Worker 7] Round 36 | Loss: 0.0285 | Train Acc: 99.4667%
[Worker 5] Round 36 | Loss: 0.0802951 | Train Acc: 97.75%
[Worker 11] Round 36 | Loss: 0.0195258 | Train Acc: 99.8167%
[Worker 15] Round 36 | Loss: 0.0119113 | Train Acc: 99.7833%
[Worker 4] Round 36 | Loss: 0.0397634 | Train Acc: 99.1917%
[Worker 10] Round 36 | Loss: 0.0124855 | Train Acc: 99.8833%
[Worker 12] Round 36 | Loss: 0.0122452 | Train Acc: 99.8333%
[Worker 1] Round 36 | Loss: 0.00852961 | Train Acc: 99.9167%
[Worker 8] Round 36 | Loss: 0.0418532 | Train Acc: 99.1083%
[Worker 3] Round 36 | Loss: 0.0105309 | Train Acc: 99.825%
[Worker 14] Round 36 | Loss: 0.0716502 | Train Acc: 98.1083%
[Worker 2] Round 36 | Loss: 0.0145427 | Train Acc: 99.7667%
[Central Round] 36 [Global Test Accuracy]: 86.73%
[Worker 6] Round 37 | Loss: 0.0123086 | Train Acc: 99.775%
[Worker 9] Round 37 | Loss: 0.0152145 | Train Acc: 99.7667%
[Worker 11] Round 37 | Loss: 0.0194588 | Train Acc: 99.7833%
[Worker 12] Round 37 | Loss: 0.0118809 | Train Acc: 99.8167%
[Worker 13] Round 37 | Loss: 0.0160256 | Train Acc: 99.7583%
[Worker 10] Round 37 | Loss: 0.0130098 | Train Acc: 99.8583%
[Worker 7] Round 37 | Loss: 0.0285362 | Train Acc: 99.4667%
[Worker 5] Round 37 | Loss: 0.079994 | Train Acc: 97.7%
[Worker 15] Round 37 | Loss: 0.0115758 | Train Acc: 99.8167%
[Worker 1] Round 37 | Loss: 0.00852115 | Train Acc: 99.8917%
[Worker 4] Round 37 | Loss: 0.0394005 | Train Acc: 99.225%
[Worker 8] Round 37 | Loss: 0.0416368 | Train Acc: 99.1%
[Worker 14] Round 37 | Loss: 0.0703758 | Train Acc: 98.1833%
[Worker 3] Round 37 | Loss: 0.0105416 | Train Acc: 99.7833%
[Worker 2] Round 37 | Loss: 0.0144092 | Train Acc: 99.8%
[Central Round] 37 [Global Test Accuracy]: 86.81%
[Worker 9] Round 38 | Loss: 0.0153119 | Train Acc: 99.7667%
[Worker 6] Round 38 | Loss: 0.0123114 | Train Acc: 99.8417%
[Worker 11] Round 38 | Loss: 0.0192901 | Train Acc: 99.7667%
[Worker 13] Round 38 | Loss: 0.0166504 | Train Acc: 99.725%
[Worker 7] Round 38 | Loss: 0.0280103 | Train Acc: 99.5083%
[Worker 5] Round 38 | Loss: 0.0801247 | Train Acc: 97.8083%
[Worker 15] Round 38 | Loss: 0.0117828 | Train Acc: 99.8083%
[Worker 12] Round 38 | Loss: 0.0118964 | Train Acc: 99.8167%
[Worker 10] Round 38 | Loss: 0.0125552 | Train Acc: 99.8583%
[Worker 4] Round 38 | Loss: 0.0392263 | Train Acc: 99.225%
[Worker 1] Round 38 | Loss: 0.00909237 | Train Acc: 99.9%
[Worker 3] Round 38 | Loss: 0.0103396 | Train Acc: 99.8333%
[Worker 8] Round 38 | Loss: 0.0417636 | Train Acc: 99.1%
[Worker 14] Round 38 | Loss: 0.0707162 | Train Acc: 98.075%
[Worker 2] Round 38 | Loss: 0.0142725 | Train Acc: 99.8083%
[Central Round] 38 [Global Test Accuracy]: 86.8%
[Worker 9] Round 39 | Loss: 0.0157396 | Train Acc: 99.7833%
[Worker 13] Round 39 | Loss: 0.0160077 | Train Acc: 99.7583%
[Worker 7] Round 39 | Loss: 0.0285497 | Train Acc: 99.4333%
[Worker 5] Round 39 | Loss: 0.0801979 | Train Acc: 97.85%
[Worker 6] Round 39 | Loss: 0.0128904 | Train Acc: 99.7667%
[Worker 15] Round 39 | Loss: 0.0118349 | Train Acc: 99.8%
[Worker 1] Round 39 | Loss: 0.00879428 | Train Acc: 99.9083%
[Worker 10] Round 39 | Loss: 0.0131975 | Train Acc: 99.8083%
[Worker 4] Round 39 | Loss: 0.039509 | Train Acc: 99.2417%
[Worker 12] Round 39 | Loss: 0.0118557 | Train Acc: 99.8333%
[Worker 11] Round 39 | Loss: 0.0191254 | Train Acc: 99.8%
[Worker 3] Round 39 | Loss: 0.0105237 | Train Acc: 99.8%
[Worker 14] Round 39 | Loss: 0.0699389 | Train Acc: 98.1667%
[Worker 8] Round 39 | Loss: 0.0418037 | Train Acc: 99.1417%
[Worker 2] Round 39 | Loss: 0.0144958 | Train Acc: 99.775%
[Central Round] 39 [Global Test Accuracy]: 86.88%
[Worker 9] Round 40 | Loss: 0.0160443 | Train Acc: 99.7667%
[Worker 11] Round 40 | Loss: 0.0194101 | Train Acc: 99.7583%
[Worker 13] Round 40 | Loss: 0.0168525 | Train Acc: 99.7583%
[Worker 6] Round 40 | Loss: 0.0124523 | Train Acc: 99.8417%
[Worker 1] Round 40 | Loss: 0.00875379 | Train Acc: 99.9167%
[Worker 7] Round 40 | Loss: 0.0287 | Train Acc: 99.4667%
[Worker 5] Round 40 | Loss: 0.0798153 | Train Acc: 97.7917%
[Worker 15] Round 40 | Loss: 0.0117064 | Train Acc: 99.8083%
[Worker 12] Round 40 | Loss: 0.0122883 | Train Acc: 99.8%
[Worker 10] Round 40 | Loss: 0.0126296 | Train Acc: 99.8583%
[Worker 4] Round 40 | Loss: 0.0396293 | Train Acc: 99.2333%
[Worker 3] Round 40 | Loss: 0.0107471 | Train Acc: 99.8167%
[Worker 8] Round 40 | Loss: 0.041502 | Train Acc: 99.1083%
[Worker 14] Round 40 | Loss: 0.0696492 | Train Acc: 98.2%
[Worker 2] Round 40 | Loss: 0.0141979 | Train Acc: 99.8333%
[Central Round] 40 [Global Test Accuracy]: 86.86%
[Worker 9] Round 41 | Loss: 0.0147582 | Train Acc: 99.85%
[Worker 6] Round 41 | Loss: 0.0125716 | Train Acc: 99.7917%
[Worker 1] Round 41 | Loss: 0.00864541 | Train Acc: 99.8917%
[Worker 13] Round 41 | Loss: 0.016518 | Train Acc: 99.7417%
[Worker 4] Round 41 | Loss: 0.0390968 | Train Acc: 99.225%
[Worker 11] Round 41 | Loss: 0.0195636 | Train Acc: 99.7667%
[Worker 12] Round 41 | Loss: 0.0119485 | Train Acc: 99.85%
[Worker 10] Round 41 | Loss: 0.0127261 | Train Acc: 99.85%
[Worker 7] Round 41 | Loss: 0.0281599 | Train Acc: 99.5167%
[Worker 5] Round 41 | Loss: 0.0795604 | Train Acc: 97.75%
[Worker 15] Round 41 | Loss: 0.0115882 | Train Acc: 99.825%
[Worker 8] Round 41 | Loss: 0.0410838 | Train Acc: 99.1583%
[Worker 3] Round 41 | Loss: 0.0104735 | Train Acc: 99.8167%
[Worker 14] Round 41 | Loss: 0.0696017 | Train Acc: 98.1333%
[Worker 2] Round 41 | Loss: 0.0141531 | Train Acc: 99.7917%
[Central Round] 41 [Global Test Accuracy]: 86.84%
[Worker 13] Round 42 | Loss: 0.0158497 | Train Acc: 99.7667%
[Worker 9] Round 42 | Loss: 0.015134 | Train Acc: 99.775%
[Worker 6] Round 42 | Loss: 0.012988 | Train Acc: 99.8083%
[Worker 11] Round 42 | Loss: 0.0191097 | Train Acc: 99.7667%
[Worker 7] Round 42 | Loss: 0.0280248 | Train Acc: 99.475%
[Worker 5] Round 42 | Loss: 0.0797644 | Train Acc: 97.7583%
[Worker 4] Round 42 | Loss: 0.0398448 | Train Acc: 99.2333%
[Worker 1] Round 42 | Loss: 0.00874986 | Train Acc: 99.9%
[Worker 15] Round 42 | Loss: 0.0118559 | Train Acc: 99.8083%
[Worker 12] Round 42 | Loss: 0.0117957 | Train Acc: 99.8583%
[Worker 10] Round 42 | Loss: 0.0129544 | Train Acc: 99.85%
[Worker 8] Round 42 | Loss: 0.0409529 | Train Acc: 99.1333%
[Worker 14] Round 42 | Loss: 0.0696184 | Train Acc: 98.1833%
[Worker 3] Round 42 | Loss: 0.0103099 | Train Acc: 99.8333%
[Worker 2] Round 42 | Loss: 0.0144273 | Train Acc: 99.7667%
[Central Round] 42 [Global Test Accuracy]: 86.88%
[Worker 5] Round 43 | Loss: 0.0788003 | Train Acc: 97.75%
[Worker 9] Round 43 | Loss: 0.0151975 | Train Acc: 99.7583%
[Worker 6] Round 43 | Loss: 0.0129865 | Train Acc: 99.8%
[Worker 11] Round 43 | Loss: 0.0193191 | Train Acc: 99.8083%
[Worker 7] Round 43 | Loss: 0.0282516 | Train Acc: 99.475%
[Worker 4] Round 43 | Loss: 0.03921 | Train Acc: 99.1833%
[Worker 13] Round 43 | Loss: 0.0166433 | Train Acc: 99.7083%
[Worker 15] Round 43 | Loss: 0.0117286 | Train Acc: 99.8%
[Worker 10] Round 43 | Loss: 0.0125105 | Train Acc: 99.8333%
[Worker 1] Round 43 | Loss: 0.00874428 | Train Acc: 99.8917%
[Worker 12] Round 43 | Loss: 0.0119943 | Train Acc: 99.8417%
[Worker 3] Round 43 | Loss: 0.0104101 | Train Acc: 99.8167%
[Worker 8] Round 43 | Loss: 0.0405357 | Train Acc: 99.1667%
[Worker 14] Round 43 | Loss: 0.0693862 | Train Acc: 98.1667%
[Worker 2] Round 43 | Loss: 0.0141916 | Train Acc: 99.7833%
[Central Round] 43 [Global Test Accuracy]: 86.9%
[Worker 6] Round 44 | Loss: 0.0130732 | Train Acc: 99.7667%
[Worker 12] Round 44 | Loss: 0.011774 | Train Acc: 99.8%
[Worker 10] Round 44 | Loss: 0.0123376 | Train Acc: 99.8833%
[Worker 8] Round 44 | Loss: 0.0401701 | Train Acc: 99.175%
[Worker 2] Round 44 | Loss: 0.0142526 | Train Acc: 99.7833%
[Worker 9] Round 44 | Loss: 0.0156892 | Train Acc: 99.725%
[Worker 13] Round 44 | Loss: 0.0163243 | Train Acc: 99.7333%
[Worker 5] Round 44 | Loss: 0.0790432 | Train Acc: 97.8083%
[Worker 7] Round 44 | Loss: 0.0282941 | Train Acc: 99.4417%
[Worker 11] Round 44 | Loss: 0.0193451 | Train Acc: 99.775%
[Worker 4] Round 44 | Loss: 0.0392137 | Train Acc: 99.2083%
[Worker 15] Round 44 | Loss: 0.0117114 | Train Acc: 99.8%
[Worker 1] Round 44 | Loss: 0.00831543 | Train Acc: 99.9167%
[Worker 3] Round 44 | Loss: 0.0104433 | Train Acc: 99.8167%
[Worker 14] Round 44 | Loss: 0.0686784 | Train Acc: 98.25%
[Central Round] 44 [Global Test Accuracy]: 86.93%
[Central] Early stopping at round 44 after 5 rounds without global accuracy improvement.

[Central] Done. Federated data saved to /home-mscluster/ldemelo/HPC_Assignment/problem1/federated_clustering_mpi/metrics/sweep_1/federated/label_shard_noniid_np16_rep1
