Rank 2 of 5 processes
Rank 4 of 5 processes
Rank 0 of 5 processes
Rank 3 of 5 processes
Rank 1 of 5 processes
Softmax regression: 10 classes; 784 features
[Mode] Non-IID Label Shard Distribution
[Mode] Non-IID Label Shard Distribution
[Mode] Non-IID Label Shard Distribution
[Mode] Non-IID Label Shard Distribution
[Distributed Worker 1] Shard size: 15000
Softmax regression: 10 classes; 784 features
[Distributed Worker 3] Shard size: 15000
Softmax regression: 10 classes; 784 features
[Distributed Worker 2] Shard size: 15000
Softmax regression: 10 classes; 784 features
[Distributed Worker 4] Shard size: 15000
Softmax regression: 10 classes; 784 features
[Worker 1] Round 1 | Loss: 0.051974 | Train Acc: 98.4133%
[Worker 3] Round 1 | Loss: 0.105436 | Train Acc: 97.0693%
[Worker 2] Round 1 | Loss: 0.105938 | Train Acc: 96.8027%
[Worker 4] Round 1 | Loss: 0.147274 | Train Acc: 95.3693%
[Central Round] 1 [Global Test Accuracy]: 43.42%
[Worker 1] Round 2 | Loss: 0.0461843 | Train Acc: 98.648%
[Worker 3] Round 2 | Loss: 0.0924533 | Train Acc: 97.412%
[Worker 2] Round 2 | Loss: 0.0974171 | Train Acc: 97.08%
[Worker 4] Round 2 | Loss: 0.135605 | Train Acc: 95.8093%
[Central Round] 2 [Global Test Accuracy]: 60.47%
[Worker 1] Round 3 | Loss: 0.0427447 | Train Acc: 98.7653%
[Worker 3] Round 3 | Loss: 0.0853329 | Train Acc: 97.5853%
[Worker 2] Round 3 | Loss: 0.093086 | Train Acc: 97.2213%
[Worker 4] Round 3 | Loss: 0.128676 | Train Acc: 95.9947%
[Central Round] 3 [Global Test Accuracy]: 69.55%
[Worker 1] Round 4 | Loss: 0.0406768 | Train Acc: 98.82%
[Worker 3] Round 4 | Loss: 0.080971 | Train Acc: 97.64%
[Worker 2] Round 4 | Loss: 0.0903046 | Train Acc: 97.34%
[Worker 4] Round 4 | Loss: 0.124516 | Train Acc: 96.1213%
[Central Round] 4 [Global Test Accuracy]: 73.47%
[Worker 1] Round 5 | Loss: 0.042784 | Train Acc: 98.7733%
[Worker 3] Round 5 | Loss: 0.0832914 | Train Acc: 97.5889%
[Worker 2] Round 5 | Loss: 0.092587 | Train Acc: 97.2778%
[Worker 4] Round 5 | Loss: 0.126256 | Train Acc: 96.1844%
[Central Round] 5 [Global Test Accuracy]: 76.65%
[Worker 1] Round 6 | Loss: 0.0417752 | Train Acc: 98.84%
[Worker 3] Round 6 | Loss: 0.0813203 | Train Acc: 97.6578%
[Worker 2] Round 6 | Loss: 0.0913648 | Train Acc: 97.3133%
[Worker 4] Round 6 | Loss: 0.124187 | Train Acc: 96.2178%
[Central Round] 6 [Global Test Accuracy]: 77.83%
[Worker 1] Round 7 | Loss: 0.041151 | Train Acc: 98.8511%
[Worker 3] Round 7 | Loss: 0.0795908 | Train Acc: 97.7356%
[Worker 2] Round 7 | Loss: 0.0901321 | Train Acc: 97.4067%
[Worker 4] Round 7 | Loss: 0.122483 | Train Acc: 96.2022%
[Central Round] 7 [Global Test Accuracy]: 78.93%
[Worker 1] Round 8 | Loss: 0.0403878 | Train Acc: 98.86%
[Worker 3] Round 8 | Loss: 0.0782645 | Train Acc: 97.7444%
[Worker 2] Round 8 | Loss: 0.0892877 | Train Acc: 97.3822%
[Worker 4] Round 8 | Loss: 0.121008 | Train Acc: 96.3044%
[Central Round] 8 [Global Test Accuracy]: 79.88%
[Worker 1] Round 9 | Loss: 0.040114 | Train Acc: 98.88%
[Worker 3] Round 9 | Loss: 0.0772174 | Train Acc: 97.78%
[Worker 2] Round 9 | Loss: 0.0888044 | Train Acc: 97.3933%
[Worker 4] Round 9 | Loss: 0.119888 | Train Acc: 96.3133%
[Central Round] 9 [Global Test Accuracy]: 80.34%
[Worker 1] Round 10 | Loss: 0.0394062 | Train Acc: 98.8911%
[Worker 3] Round 10 | Loss: 0.0757077 | Train Acc: 97.7778%
[Worker 2] Round 10 | Loss: 0.0878499 | Train Acc: 97.4511%
[Worker 4] Round 10 | Loss: 0.118487 | Train Acc: 96.3822%
[Central Round] 10 [Global Test Accuracy]: 80.35%
[Worker 1] Round 11 | Loss: 0.0390785 | Train Acc: 98.8778%
[Worker 3] Round 11 | Loss: 0.0750144 | Train Acc: 97.7778%
[Worker 2] Round 11 | Loss: 0.087392 | Train Acc: 97.4733%
[Worker 4] Round 11 | Loss: 0.117742 | Train Acc: 96.3689%
[Central Round] 11 [Global Test Accuracy]: 81.26%
[Worker 3] Round 12 | Loss: 0.0742606 | Train Acc: 97.8356%
[Worker 1] Round 12 | Loss: 0.0386373 | Train Acc: 98.8889%
[Worker 2] Round 12 | Loss: 0.0869055 | Train Acc: 97.5022%
[Worker 4] Round 12 | Loss: 0.116986 | Train Acc: 96.4022%
[Central Round] 12 [Global Test Accuracy]: 81.05%
[Worker 1] Round 13 | Loss: 0.0382809 | Train Acc: 98.9422%
[Worker 3] Round 13 | Loss: 0.0735567 | Train Acc: 97.8178%
[Worker 2] Round 13 | Loss: 0.0863147 | Train Acc: 97.4333%
[Worker 4] Round 13 | Loss: 0.116336 | Train Acc: 96.4689%
[Central Round] 13 [Global Test Accuracy]: 81.33%
[Worker 1] Round 14 | Loss: 0.0378518 | Train Acc: 98.8978%
[Worker 3] Round 14 | Loss: 0.0726258 | Train Acc: 97.8622%
[Worker 2] Round 14 | Loss: 0.0858653 | Train Acc: 97.5022%
[Worker 4] Round 14 | Loss: 0.115315 | Train Acc: 96.4311%
[Central Round] 14 [Global Test Accuracy]: 82.42%
[Worker 1] Round 15 | Loss: 0.0375811 | Train Acc: 98.9444%
[Worker 3] Round 15 | Loss: 0.0721161 | Train Acc: 97.8667%
[Worker 2] Round 15 | Loss: 0.0854049 | Train Acc: 97.4889%
[Worker 4] Round 15 | Loss: 0.114607 | Train Acc: 96.5022%
[Central Round] 15 [Global Test Accuracy]: 82.25%
[Worker 1] Round 16 | Loss: 0.0369801 | Train Acc: 98.9778%
[Worker 3] Round 16 | Loss: 0.0714638 | Train Acc: 97.8867%
[Worker 2] Round 16 | Loss: 0.0848583 | Train Acc: 97.5511%
[Worker 4] Round 16 | Loss: 0.114392 | Train Acc: 96.4667%
[Central Round] 16 [Global Test Accuracy]: 82.26%
[Worker 1] Round 17 | Loss: 0.036896 | Train Acc: 98.9733%
[Worker 3] Round 17 | Loss: 0.0707131 | Train Acc: 97.92%
[Worker 2] Round 17 | Loss: 0.084501 | Train Acc: 97.5133%
[Worker 4] Round 17 | Loss: 0.113339 | Train Acc: 96.5644%
[Central Round] 17 [Global Test Accuracy]: 82.5%
[Worker 1] Round 18 | Loss: 0.0368712 | Train Acc: 98.9422%
[Worker 3] Round 18 | Loss: 0.0703556 | Train Acc: 97.9244%
[Worker 2] Round 18 | Loss: 0.0840527 | Train Acc: 97.5556%
[Worker 4] Round 18 | Loss: 0.112957 | Train Acc: 96.5467%
[Central Round] 18 [Global Test Accuracy]: 82.5%
[Worker 1] Round 19 | Loss: 0.0364124 | Train Acc: 98.9689%
[Worker 3] Round 19 | Loss: 0.0697751 | Train Acc: 97.9356%
[Worker 2] Round 19 | Loss: 0.0836438 | Train Acc: 97.5733%
[Worker 4] Round 19 | Loss: 0.112396 | Train Acc: 96.5356%
[Central Round] 19 [Global Test Accuracy]: 82.52%
[Worker 1] Round 20 | Loss: 0.036164 | Train Acc: 98.9956%
[Worker 3] Round 20 | Loss: 0.0694246 | Train Acc: 97.9244%
[Worker 2] Round 20 | Loss: 0.0835035 | Train Acc: 97.5756%
[Worker 4] Round 20 | Loss: 0.111973 | Train Acc: 96.6311%
[Central Round] 20 [Global Test Accuracy]: 82.49%
[Worker 1] Round 21 | Loss: 0.0361063 | Train Acc: 98.9689%
[Worker 3] Round 21 | Loss: 0.0690149 | Train Acc: 97.94%
[Worker 2] Round 21 | Loss: 0.0832372 | Train Acc: 97.5289%
[Worker 4] Round 21 | Loss: 0.111447 | Train Acc: 96.5467%
[Central Round] 21 [Global Test Accuracy]: 82.57%
[Worker 1] Round 22 | Loss: 0.0357779 | Train Acc: 99.0089%
[Worker 3] Round 22 | Loss: 0.0686383 | Train Acc: 97.9511%
[Worker 2] Round 22 | Loss: 0.0828165 | Train Acc: 97.5644%
[Worker 4] Round 22 | Loss: 0.111295 | Train Acc: 96.6267%
[Central Round] 22 [Global Test Accuracy]: 82.59%
[Worker 1] Round 23 | Loss: 0.0355823 | Train Acc: 98.9867%
[Worker 3] Round 23 | Loss: 0.0683067 | Train Acc: 97.9556%
[Worker 2] Round 23 | Loss: 0.0828365 | Train Acc: 97.6444%
[Worker 4] Round 23 | Loss: 0.110723 | Train Acc: 96.6289%
[Central Round] 23 [Global Test Accuracy]: 82.94%
[Worker 1] Round 24 | Loss: 0.0353197 | Train Acc: 99.0244%
[Worker 3] Round 24 | Loss: 0.067843 | Train Acc: 97.9511%
[Worker 2] Round 24 | Loss: 0.0823943 | Train Acc: 97.6067%
[Worker 4] Round 24 | Loss: 0.110144 | Train Acc: 96.6867%
[Central Round] 24 [Global Test Accuracy]: 83.04%
[Worker 1] Round 25 | Loss: 0.0351157 | Train Acc: 98.9778%
[Worker 3] Round 25 | Loss: 0.0672744 | Train Acc: 98.0156%
[Worker 2] Round 25 | Loss: 0.0819099 | Train Acc: 97.68%
[Worker 4] Round 25 | Loss: 0.10978 | Train Acc: 96.6867%
[Central Round] 25 [Global Test Accuracy]: 82.82%
[Worker 1] Round 26 | Loss: 0.0352292 | Train Acc: 98.9956%
[Worker 3] Round 26 | Loss: 0.0670341 | Train Acc: 97.9711%
[Worker 2] Round 26 | Loss: 0.0818765 | Train Acc: 97.5911%
[Worker 4] Round 26 | Loss: 0.109309 | Train Acc: 96.6733%
[Central Round] 26 [Global Test Accuracy]: 82.92%
[Worker 1] Round 27 | Loss: 0.0349417 | Train Acc: 99.0044%
[Worker 3] Round 27 | Loss: 0.0665468 | Train Acc: 98.0222%
[Worker 2] Round 27 | Loss: 0.0818539 | Train Acc: 97.6333%
[Worker 4] Round 27 | Loss: 0.109206 | Train Acc: 96.68%
[Central Round] 27 [Global Test Accuracy]: 82.81%
[Worker 1] Round 28 | Loss: 0.034654 | Train Acc: 99.0111%
[Worker 3] Round 28 | Loss: 0.0663867 | Train Acc: 98.0289%
[Worker 2] Round 28 | Loss: 0.0810668 | Train Acc: 97.6689%
[Worker 4] Round 28 | Loss: 0.108765 | Train Acc: 96.6822%
[Central Round] 28 [Global Test Accuracy]: 82.87%
[Worker 1] Round 29 | Loss: 0.0345214 | Train Acc: 99.0222%
[Worker 3] Round 29 | Loss: 0.0659324 | Train Acc: 98.0533%
[Worker 2] Round 29 | Loss: 0.0809282 | Train Acc: 97.7133%
[Worker 4] Round 29 | Loss: 0.108578 | Train Acc: 96.7067%
[Central Round] 29 [Global Test Accuracy]: 83.16%
[Worker 1] Round 30 | Loss: 0.0344683 | Train Acc: 99.0244%
[Worker 3] Round 30 | Loss: 0.0656166 | Train Acc: 98.0422%
[Worker 2] Round 30 | Loss: 0.0808203 | Train Acc: 97.6244%
[Worker 4] Round 30 | Loss: 0.108584 | Train Acc: 96.6556%
[Central Round] 30 [Global Test Accuracy]: 83.04%
[Worker 1] Round 31 | Loss: 0.034101 | Train Acc: 99.0156%
[Worker 3] Round 31 | Loss: 0.0655875 | Train Acc: 98.0756%
[Worker 2] Round 31 | Loss: 0.0808331 | Train Acc: 97.6289%
[Worker 4] Round 31 | Loss: 0.107796 | Train Acc: 96.6533%
[Central Round] 31 [Global Test Accuracy]: 83.45%
[Worker 1] Round 32 | Loss: 0.0342126 | Train Acc: 99.0311%
[Worker 3] Round 32 | Loss: 0.0651379 | Train Acc: 98.0778%
[Worker 2] Round 32 | Loss: 0.0804524 | Train Acc: 97.6578%
[Worker 4] Round 32 | Loss: 0.107606 | Train Acc: 96.6889%
[Central Round] 32 [Global Test Accuracy]: 83.09%
[Worker 1] Round 33 | Loss: 0.0340113 | Train Acc: 99.0333%
[Worker 3] Round 33 | Loss: 0.0646733 | Train Acc: 98.1022%
[Worker 2] Round 33 | Loss: 0.0803574 | Train Acc: 97.6733%
[Worker 4] Round 33 | Loss: 0.10728 | Train Acc: 96.7422%
[Central Round] 33 [Global Test Accuracy]: 83.12%
[Worker 1] Round 34 | Loss: 0.0337072 | Train Acc: 99.08%
[Worker 3] Round 34 | Loss: 0.0647124 | Train Acc: 98.1%
[Worker 2] Round 34 | Loss: 0.0801596 | Train Acc: 97.6778%
[Worker 4] Round 34 | Loss: 0.107083 | Train Acc: 96.7356%
[Central Round] 34 [Global Test Accuracy]: 83.22%
[Worker 1] Round 35 | Loss: 0.0335065 | Train Acc: 99.0533%
[Worker 3] Round 35 | Loss: 0.0642702 | Train Acc: 98.0911%
[Worker 2] Round 35 | Loss: 0.0799964 | Train Acc: 97.6844%
[Worker 4] Round 35 | Loss: 0.107012 | Train Acc: 96.7556%
[Central Round] 35 [Global Test Accuracy]: 83.49%
[Worker 1] Round 36 | Loss: 0.0337534 | Train Acc: 99.0133%
[Worker 3] Round 36 | Loss: 0.0640817 | Train Acc: 98.0844%
[Worker 2] Round 36 | Loss: 0.0796294 | Train Acc: 97.66%
[Worker 4] Round 36 | Loss: 0.106882 | Train Acc: 96.7822%
[Central Round] 36 [Global Test Accuracy]: 83.4%
[Worker 1] Round 37 | Loss: 0.03348 | Train Acc: 99.0733%
[Worker 3] Round 37 | Loss: 0.0640213 | Train Acc: 98.0756%
[Worker 2] Round 37 | Loss: 0.0796514 | Train Acc: 97.6956%
[Worker 4] Round 37 | Loss: 0.106431 | Train Acc: 96.8044%
[Central Round] 37 [Global Test Accuracy]: 83.42%
[Worker 1] Round 38 | Loss: 0.0332376 | Train Acc: 99.0778%
[Worker 3] Round 38 | Loss: 0.0639592 | Train Acc: 98.14%
[Worker 2] Round 38 | Loss: 0.0794569 | Train Acc: 97.6933%
[Worker 4] Round 38 | Loss: 0.106484 | Train Acc: 96.7289%
[Central Round] 38 [Global Test Accuracy]: 83.13%
[Worker 1] Round 39 | Loss: 0.0333615 | Train Acc: 99.0711%
[Worker 3] Round 39 | Loss: 0.0633899 | Train Acc: 98.0933%
[Worker 2] Round 39 | Loss: 0.0791966 | Train Acc: 97.7133%
[Worker 4] Round 39 | Loss: 0.106136 | Train Acc: 96.7956%
[Central Round] 39 [Global Test Accuracy]: 82.83%
[Worker 1] Round 40 | Loss: 0.0332244 | Train Acc: 99.0578%
[Worker 3] Round 40 | Loss: 0.0630815 | Train Acc: 98.1311%
[Worker 2] Round 40 | Loss: 0.0792298 | Train Acc: 97.7044%
[Worker 4] Round 40 | Loss: 0.106246 | Train Acc: 96.76%
[Central Round] 40 [Global Test Accuracy]: 83.17%
[Central] Early stopping at round 40 after 5 rounds without global accuracy improvement.

[Central] Done. Federated data saved to /home-mscluster/ldemelo/HPC_Assignment/problem1/federated_clustering_mpi/metrics/sweep_1/federated/label_shard_noniid_np5_rep2
