Config: blockSize=256 MAX_SPHERES=512 maxDepth=50 numSpheres=200
Scene initialized

============= OPENMP =============
Time:                          657.650 s
Wrote 'output/openmp.jpg'

Spheres generated: 200 (requested 200)

============= GLOBAL =============
Kernel time:                    13.451 s
Memory transfer time:            0.009 s
Total (without mem):            13.451 s
Total (with mem):               13.459 s
Throughput:                       0.03 Mpixels/sec
Speedup vs OpenMP (kernel):      48.89x
Speedup vs OpenMP (with mem):    48.86x
Wrote 'output/cuda_global.jpg'

============= CONSTANT =============
Kernel time:                    12.387 s
Memory transfer time:            0.020 s
Total (without mem):            12.387 s
Total (with mem):               12.407 s
Throughput:                       0.03 Mpixels/sec
Speedup vs OpenMP (kernel):      53.09x
Speedup vs OpenMP (with mem):    53.00x
Wrote 'output/cuda_constant.jpg'

============= SHARED =============
Kernel time:                    12.459 s
Memory transfer time:            0.020 s
Total (without mem):            12.459 s
Total (with mem):               12.479 s
Throughput:                       0.03 Mpixels/sec
Speedup vs OpenMP (kernel):      52.79x
Speedup vs OpenMP (with mem):    52.70x
Wrote 'output/cuda_shared.jpg'

============= 1D TEXTURE =============
Kernel time:                    13.431 s
Memory transfer time:            0.004 s
Total (without mem):            13.431 s
Total (with mem):               13.435 s
Throughput:                       0.03 Mpixels/sec
Speedup vs OpenMP (kernel):      48.97x
Speedup vs OpenMP (with mem):    48.95x
Wrote 'output/cuda_1d_texture.jpg'

============= 2D TEXTURE =============
Kernel time:                    13.394 s
Memory transfer time:            0.004 s
Total (without mem):            13.394 s
Total (with mem):               13.398 s
Throughput:                       0.03 Mpixels/sec
Speedup vs OpenMP (kernel):      49.10x
Speedup vs OpenMP (with mem):    49.09x
Wrote 'output/cuda_2d_texture.jpg'

============= 2D TEXTURE + CONSTANT =============
Kernel time:                    12.397 s
Memory transfer time:            0.016 s
Total (without mem):            12.397 s
Total (with mem):               12.413 s
Throughput:                       0.03 Mpixels/sec
Speedup vs OpenMP (kernel):      53.05x
Speedup vs OpenMP (with mem):    52.98x
Wrote 'output/cuda_2d_texture_constant.jpg'

============= REALISTIC =============
Kernel time:                    13.399 s
Memory transfer time:            0.004 s
Total (without mem):            13.399 s
Total (with mem):               13.403 s
Throughput:                       0.03 Mpixels/sec
Speedup vs OpenMP (kernel):      49.08x
Speedup vs OpenMP (with mem):    49.07x
Wrote 'output/cuda_realistic.jpg'
