Config: blockSize=256 MAX_SPHERES=512 maxDepth=50 numSpheres=400
Scene initialized

============= OPENMP =============
Time:                          665.500 s
Wrote 'output/openmp.jpg'

Spheres generated: 203 (requested 400)

============= GLOBAL =============
Kernel time:                    13.631 s
Memory transfer time:            0.007 s
Total (without mem):            13.631 s
Total (with mem):               13.637 s
Throughput:                       0.03 Mpixels/sec
Speedup vs OpenMP (kernel):      48.82x
Speedup vs OpenMP (with mem):    48.80x
Wrote 'output/cuda_global.jpg'

============= CONSTANT =============
Kernel time:                    12.598 s
Memory transfer time:            0.012 s
Total (without mem):            12.598 s
Total (with mem):               12.610 s
Throughput:                       0.03 Mpixels/sec
Speedup vs OpenMP (kernel):      52.83x
Speedup vs OpenMP (with mem):    52.78x
Wrote 'output/cuda_constant.jpg'

============= SHARED =============
Kernel time:                    12.626 s
Memory transfer time:            0.012 s
Total (without mem):            12.626 s
Total (with mem):               12.637 s
Throughput:                       0.03 Mpixels/sec
Speedup vs OpenMP (kernel):      52.71x
Speedup vs OpenMP (with mem):    52.66x
Wrote 'output/cuda_shared.jpg'

============= 1D TEXTURE =============
Kernel time:                    13.549 s
Memory transfer time:            0.004 s
Total (without mem):            13.549 s
Total (with mem):               13.553 s
Throughput:                       0.03 Mpixels/sec
Speedup vs OpenMP (kernel):      49.12x
Speedup vs OpenMP (with mem):    49.10x
Wrote 'output/cuda_1d_texture.jpg'

============= 2D TEXTURE =============
Kernel time:                    13.583 s
Memory transfer time:            0.004 s
Total (without mem):            13.583 s
Total (with mem):               13.587 s
Throughput:                       0.03 Mpixels/sec
Speedup vs OpenMP (kernel):      48.99x
Speedup vs OpenMP (with mem):    48.98x
Wrote 'output/cuda_2d_texture.jpg'

============= 2D TEXTURE + CONSTANT =============
Kernel time:                    12.552 s
Memory transfer time:            0.009 s
Total (without mem):            12.552 s
Total (with mem):               12.562 s
Throughput:                       0.03 Mpixels/sec
Speedup vs OpenMP (kernel):      53.02x
Speedup vs OpenMP (with mem):    52.98x
Wrote 'output/cuda_2d_texture_constant.jpg'

============= REALISTIC =============
Kernel time:                    13.566 s
Memory transfer time:            0.004 s
Total (without mem):            13.566 s
Total (with mem):               13.571 s
Throughput:                       0.03 Mpixels/sec
Speedup vs OpenMP (kernel):      49.05x
Speedup vs OpenMP (with mem):    49.04x
Wrote 'output/cuda_realistic.jpg'
