Config: blockSize=256 MAX_SPHERES=512 maxDepth=25 numSpheres=200
Scene initialized

============= OPENMP =============
Time:                          656.815 s
Wrote 'output/openmp.jpg'

Spheres generated: 200 (requested 200)

============= GLOBAL =============
Kernel time:                    12.855 s
Memory transfer time:            0.009 s
Total (without mem):            12.855 s
Total (with mem):               12.865 s
Throughput:                       0.03 Mpixels/sec
Speedup vs OpenMP (kernel):      51.09x
Speedup vs OpenMP (with mem):    51.06x
Wrote 'output/cuda_global.jpg'

============= CONSTANT =============
Kernel time:                    11.923 s
Memory transfer time:            0.021 s
Total (without mem):            11.923 s
Total (with mem):               11.944 s
Throughput:                       0.03 Mpixels/sec
Speedup vs OpenMP (kernel):      55.09x
Speedup vs OpenMP (with mem):    54.99x
Wrote 'output/cuda_constant.jpg'

============= SHARED =============
Kernel time:                    12.046 s
Memory transfer time:            0.021 s
Total (without mem):            12.046 s
Total (with mem):               12.068 s
Throughput:                       0.03 Mpixels/sec
Speedup vs OpenMP (kernel):      54.52x
Speedup vs OpenMP (with mem):    54.43x
Wrote 'output/cuda_shared.jpg'

============= 1D TEXTURE =============
Kernel time:                    12.753 s
Memory transfer time:            0.004 s
Total (without mem):            12.753 s
Total (with mem):               12.757 s
Throughput:                       0.03 Mpixels/sec
Speedup vs OpenMP (kernel):      51.50x
Speedup vs OpenMP (with mem):    51.49x
Wrote 'output/cuda_1d_texture.jpg'

============= 2D TEXTURE =============
Kernel time:                    12.759 s
Memory transfer time:            0.004 s
Total (without mem):            12.759 s
Total (with mem):               12.764 s
Throughput:                       0.03 Mpixels/sec
Speedup vs OpenMP (kernel):      51.48x
Speedup vs OpenMP (with mem):    51.46x
Wrote 'output/cuda_2d_texture.jpg'

============= 2D TEXTURE + CONSTANT =============
Kernel time:                    11.866 s
Memory transfer time:            0.017 s
Total (without mem):            11.866 s
Total (with mem):               11.882 s
Throughput:                       0.03 Mpixels/sec
Speedup vs OpenMP (kernel):      55.35x
Speedup vs OpenMP (with mem):    55.28x
Wrote 'output/cuda_2d_texture_constant.jpg'

============= REALISTIC =============
Kernel time:                    12.788 s
Memory transfer time:            0.004 s
Total (without mem):            12.788 s
Total (with mem):               12.792 s
Throughput:                       0.03 Mpixels/sec
Speedup vs OpenMP (kernel):      51.36x
Speedup vs OpenMP (with mem):    51.34x
Wrote 'output/cuda_realistic.jpg'
