Config: blockSize=512 MAX_SPHERES=512 maxDepth=50 numSpheres=200
Scene initialized

============= OPENMP =============
Time:                          657.435 s
Wrote 'output/openmp.jpg'

Spheres generated: 200 (requested 200)

============= GLOBAL =============
Kernel time:                    15.307 s
Memory transfer time:            0.005 s
Total (without mem):            15.307 s
Total (with mem):               15.312 s
Throughput:                       0.03 Mpixels/sec
Speedup vs OpenMP (kernel):      42.95x
Speedup vs OpenMP (with mem):    42.94x
Wrote 'output/cuda_global.jpg'

============= CONSTANT =============
Kernel time:                    14.114 s
Memory transfer time:            0.015 s
Total (without mem):            14.114 s
Total (with mem):               14.129 s
Throughput:                       0.03 Mpixels/sec
Speedup vs OpenMP (kernel):      46.58x
Speedup vs OpenMP (with mem):    46.53x
Wrote 'output/cuda_constant.jpg'

============= SHARED =============
Kernel time:                    14.112 s
Memory transfer time:            0.015 s
Total (without mem):            14.112 s
Total (with mem):               14.128 s
Throughput:                       0.03 Mpixels/sec
Speedup vs OpenMP (kernel):      46.59x
Speedup vs OpenMP (with mem):    46.54x
Wrote 'output/cuda_shared.jpg'

============= 1D TEXTURE =============
Kernel time:                    15.257 s
Memory transfer time:            0.004 s
Total (without mem):            15.257 s
Total (with mem):               15.261 s
Throughput:                       0.03 Mpixels/sec
Speedup vs OpenMP (kernel):      43.09x
Speedup vs OpenMP (with mem):    43.08x
Wrote 'output/cuda_1d_texture.jpg'

============= 2D TEXTURE =============
Kernel time:                    15.239 s
Memory transfer time:            0.004 s
Total (without mem):            15.239 s
Total (with mem):               15.243 s
Throughput:                       0.03 Mpixels/sec
Speedup vs OpenMP (kernel):      43.14x
Speedup vs OpenMP (with mem):    43.13x
Wrote 'output/cuda_2d_texture.jpg'

============= 2D TEXTURE + CONSTANT =============
Kernel time:                    14.093 s
Memory transfer time:            0.015 s
Total (without mem):            14.093 s
Total (with mem):               14.108 s
Throughput:                       0.03 Mpixels/sec
Speedup vs OpenMP (kernel):      46.65x
Speedup vs OpenMP (with mem):    46.60x
Wrote 'output/cuda_2d_texture_constant.jpg'

============= REALISTIC =============
Kernel time:                    15.283 s
Memory transfer time:            0.004 s
Total (without mem):            15.283 s
Total (with mem):               15.287 s
Throughput:                       0.03 Mpixels/sec
Speedup vs OpenMP (kernel):      43.02x
Speedup vs OpenMP (with mem):    43.01x
Wrote 'output/cuda_realistic.jpg'
