Config: blockSize=128 MAX_SPHERES=512 maxDepth=50 numSpheres=200
Scene initialized

============= OPENMP =============
Time:                          657.489 s
Wrote 'output/openmp.jpg'

Spheres generated: 200 (requested 200)

============= GLOBAL =============
Kernel time:                    12.234 s
Memory transfer time:            0.006 s
Total (without mem):            12.234 s
Total (with mem):               12.240 s
Throughput:                       0.03 Mpixels/sec
Speedup vs OpenMP (kernel):      53.74x
Speedup vs OpenMP (with mem):    53.72x
Wrote 'output/cuda_global.jpg'

============= CONSTANT =============
Kernel time:                    11.802 s
Memory transfer time:            0.012 s
Total (without mem):            11.802 s
Total (with mem):               11.814 s
Throughput:                       0.03 Mpixels/sec
Speedup vs OpenMP (kernel):      55.71x
Speedup vs OpenMP (with mem):    55.65x
Wrote 'output/cuda_constant.jpg'

============= SHARED =============
Kernel time:                    12.041 s
Memory transfer time:            0.012 s
Total (without mem):            12.041 s
Total (with mem):               12.053 s
Throughput:                       0.03 Mpixels/sec
Speedup vs OpenMP (kernel):      54.60x
Speedup vs OpenMP (with mem):    54.55x
Wrote 'output/cuda_shared.jpg'

============= 1D TEXTURE =============
Kernel time:                    12.201 s
Memory transfer time:            0.005 s
Total (without mem):            12.201 s
Total (with mem):               12.206 s
Throughput:                       0.03 Mpixels/sec
Speedup vs OpenMP (kernel):      53.89x
Speedup vs OpenMP (with mem):    53.86x
Wrote 'output/cuda_1d_texture.jpg'

============= 2D TEXTURE =============
Kernel time:                    12.196 s
Memory transfer time:            0.011 s
Total (without mem):            12.196 s
Total (with mem):               12.207 s
Throughput:                       0.03 Mpixels/sec
Speedup vs OpenMP (kernel):      53.91x
Speedup vs OpenMP (with mem):    53.86x
Wrote 'output/cuda_2d_texture.jpg'

============= 2D TEXTURE + CONSTANT =============
Kernel time:                    11.803 s
Memory transfer time:            0.018 s
Total (without mem):            11.803 s
Total (with mem):               11.821 s
Throughput:                       0.03 Mpixels/sec
Speedup vs OpenMP (kernel):      55.71x
Speedup vs OpenMP (with mem):    55.62x
Wrote 'output/cuda_2d_texture_constant.jpg'

============= REALISTIC =============
Kernel time:                    12.198 s
Memory transfer time:            0.011 s
Total (without mem):            12.198 s
Total (with mem):               12.209 s
Throughput:                       0.03 Mpixels/sec
Speedup vs OpenMP (kernel):      53.90x
Speedup vs OpenMP (with mem):    53.85x
Wrote 'output/cuda_realistic.jpg'
