Config: blockSize=256 MAX_SPHERES=512 maxDepth=5 numSpheres=200
Scene initialized

============= OPENMP =============
Time:                          639.844 s
Wrote 'output/openmp.jpg'

Spheres generated: 200 (requested 200)

============= GLOBAL =============
Kernel time:                     7.264 s
Memory transfer time:            0.005 s
Total (without mem):             7.264 s
Total (with mem):                7.269 s
Throughput:                       0.06 Mpixels/sec
Speedup vs OpenMP (kernel):      88.08x
Speedup vs OpenMP (with mem):    88.02x
Wrote 'output/cuda_global.jpg'

============= CONSTANT =============
Kernel time:                     7.120 s
Memory transfer time:            0.010 s
Total (without mem):             7.120 s
Total (with mem):                7.130 s
Throughput:                       0.06 Mpixels/sec
Speedup vs OpenMP (kernel):      89.87x
Speedup vs OpenMP (with mem):    89.74x
Wrote 'output/cuda_constant.jpg'

============= SHARED =============
Kernel time:                     7.225 s
Memory transfer time:            0.010 s
Total (without mem):             7.225 s
Total (with mem):                7.235 s
Throughput:                       0.06 Mpixels/sec
Speedup vs OpenMP (kernel):      88.56x
Speedup vs OpenMP (with mem):    88.43x
Wrote 'output/cuda_shared.jpg'

============= 1D TEXTURE =============
Kernel time:                     7.187 s
Memory transfer time:            0.004 s
Total (without mem):             7.187 s
Total (with mem):                7.191 s
Throughput:                       0.06 Mpixels/sec
Speedup vs OpenMP (kernel):      89.02x
Speedup vs OpenMP (with mem):    88.97x
Wrote 'output/cuda_1d_texture.jpg'

============= 2D TEXTURE =============
Kernel time:                     7.157 s
Memory transfer time:            0.008 s
Total (without mem):             7.157 s
Total (with mem):                7.165 s
Throughput:                       0.06 Mpixels/sec
Speedup vs OpenMP (kernel):      89.40x
Speedup vs OpenMP (with mem):    89.30x
Wrote 'output/cuda_2d_texture.jpg'

============= 2D TEXTURE + CONSTANT =============
Kernel time:                     7.119 s
Memory transfer time:            0.014 s
Total (without mem):             7.119 s
Total (with mem):                7.133 s
Throughput:                       0.06 Mpixels/sec
Speedup vs OpenMP (kernel):      89.88x
Speedup vs OpenMP (with mem):    89.70x
Wrote 'output/cuda_2d_texture_constant.jpg'

============= REALISTIC =============
Kernel time:                     7.197 s
Memory transfer time:            0.008 s
Total (without mem):             7.197 s
Total (with mem):                7.205 s
Throughput:                       0.06 Mpixels/sec
Speedup vs OpenMP (kernel):      88.90x
Speedup vs OpenMP (with mem):    88.81x
Wrote 'output/cuda_realistic.jpg'
