Config: blockSize=256 MAX_SPHERES=512 maxDepth=50 numSpheres=800
Scene initialized

============= OPENMP =============
Time:                          665.650 s
Wrote 'output/openmp.jpg'

Spheres generated: 203 (requested 800)

============= GLOBAL =============
Kernel time:                    13.576 s
Memory transfer time:            0.005 s
Total (without mem):            13.576 s
Total (with mem):               13.581 s
Throughput:                       0.03 Mpixels/sec
Speedup vs OpenMP (kernel):      49.03x
Speedup vs OpenMP (with mem):    49.01x
Wrote 'output/cuda_global.jpg'

============= CONSTANT =============
Kernel time:                    12.589 s
Memory transfer time:            0.010 s
Total (without mem):            12.589 s
Total (with mem):               12.599 s
Throughput:                       0.03 Mpixels/sec
Speedup vs OpenMP (kernel):      52.88x
Speedup vs OpenMP (with mem):    52.83x
Wrote 'output/cuda_constant.jpg'

============= SHARED =============
Kernel time:                    12.650 s
Memory transfer time:            0.010 s
Total (without mem):            12.650 s
Total (with mem):               12.660 s
Throughput:                       0.03 Mpixels/sec
Speedup vs OpenMP (kernel):      52.62x
Speedup vs OpenMP (with mem):    52.58x
Wrote 'output/cuda_shared.jpg'

============= 1D TEXTURE =============
Kernel time:                    13.569 s
Memory transfer time:            0.004 s
Total (without mem):            13.569 s
Total (with mem):               13.574 s
Throughput:                       0.03 Mpixels/sec
Speedup vs OpenMP (kernel):      49.06x
Speedup vs OpenMP (with mem):    49.04x
Wrote 'output/cuda_1d_texture.jpg'

============= 2D TEXTURE =============
Kernel time:                    13.580 s
Memory transfer time:            0.009 s
Total (without mem):            13.580 s
Total (with mem):               13.588 s
Throughput:                       0.03 Mpixels/sec
Speedup vs OpenMP (kernel):      49.02x
Speedup vs OpenMP (with mem):    48.99x
Wrote 'output/cuda_2d_texture.jpg'

============= 2D TEXTURE + CONSTANT =============
Kernel time:                    12.575 s
Memory transfer time:            0.015 s
Total (without mem):            12.575 s
Total (with mem):               12.590 s
Throughput:                       0.03 Mpixels/sec
Speedup vs OpenMP (kernel):      52.93x
Speedup vs OpenMP (with mem):    52.87x
Wrote 'output/cuda_2d_texture_constant.jpg'

============= REALISTIC =============
Kernel time:                    13.559 s
Memory transfer time:            0.009 s
Total (without mem):            13.559 s
Total (with mem):               13.568 s
Throughput:                       0.03 Mpixels/sec
Speedup vs OpenMP (kernel):      49.09x
Speedup vs OpenMP (with mem):    49.06x
Wrote 'output/cuda_realistic.jpg'
