Config: blockSize=256 MAX_SPHERES=512 maxDepth=5 numSpheres=200
Scene initialized

============= OPENMP =============
Time:                          641.905 s
Wrote 'output/openmp.jpg'

Spheres generated: 200 (requested 200)

============= GLOBAL =============
Kernel time:                     7.234 s
Memory transfer time:            0.005 s
Total (without mem):             7.234 s
Total (with mem):                7.239 s
Throughput:                       0.06 Mpixels/sec
Speedup vs OpenMP (kernel):      88.73x
Speedup vs OpenMP (with mem):    88.67x
Wrote 'output/cuda_global.jpg'

============= CONSTANT =============
Kernel time:                     7.116 s
Memory transfer time:            0.010 s
Total (without mem):             7.116 s
Total (with mem):                7.127 s
Throughput:                       0.06 Mpixels/sec
Speedup vs OpenMP (kernel):      90.20x
Speedup vs OpenMP (with mem):    90.07x
Wrote 'output/cuda_constant.jpg'

============= SHARED =============
Kernel time:                     7.232 s
Memory transfer time:            0.010 s
Total (without mem):             7.232 s
Total (with mem):                7.242 s
Throughput:                       0.06 Mpixels/sec
Speedup vs OpenMP (kernel):      88.76x
Speedup vs OpenMP (with mem):    88.64x
Wrote 'output/cuda_shared.jpg'

============= 1D TEXTURE =============
Kernel time:                     7.174 s
Memory transfer time:            0.004 s
Total (without mem):             7.174 s
Total (with mem):                7.178 s
Throughput:                       0.06 Mpixels/sec
Speedup vs OpenMP (kernel):      89.48x
Speedup vs OpenMP (with mem):    89.42x
Wrote 'output/cuda_1d_texture.jpg'

============= 2D TEXTURE =============
Kernel time:                     7.172 s
Memory transfer time:            0.010 s
Total (without mem):             7.172 s
Total (with mem):                7.182 s
Throughput:                       0.06 Mpixels/sec
Speedup vs OpenMP (kernel):      89.50x
Speedup vs OpenMP (with mem):    89.38x
Wrote 'output/cuda_2d_texture.jpg'

============= 2D TEXTURE + CONSTANT =============
Kernel time:                     7.117 s
Memory transfer time:            0.016 s
Total (without mem):             7.117 s
Total (with mem):                7.133 s
Throughput:                       0.06 Mpixels/sec
Speedup vs OpenMP (kernel):      90.20x
Speedup vs OpenMP (with mem):    89.99x
Wrote 'output/cuda_2d_texture_constant.jpg'

============= REALISTIC =============
Kernel time:                     7.208 s
Memory transfer time:            0.010 s
Total (without mem):             7.208 s
Total (with mem):                7.218 s
Throughput:                       0.06 Mpixels/sec
Speedup vs OpenMP (kernel):      89.06x
Speedup vs OpenMP (with mem):    88.93x
Wrote 'output/cuda_realistic.jpg'
