Config: blockSize=256 MAX_SPHERES=512 maxDepth=50 numSpheres=400
Scene initialized

============= OPENMP =============
Time:                          665.060 s
Wrote 'output/openmp.jpg'

Spheres generated: 203 (requested 400)

============= GLOBAL =============
Kernel time:                    13.621 s
Memory transfer time:            0.005 s
Total (without mem):            13.621 s
Total (with mem):               13.626 s
Throughput:                       0.03 Mpixels/sec
Speedup vs OpenMP (kernel):      48.83x
Speedup vs OpenMP (with mem):    48.81x
Wrote 'output/cuda_global.jpg'

============= CONSTANT =============
Kernel time:                    12.587 s
Memory transfer time:            0.010 s
Total (without mem):            12.587 s
Total (with mem):               12.597 s
Throughput:                       0.03 Mpixels/sec
Speedup vs OpenMP (kernel):      52.84x
Speedup vs OpenMP (with mem):    52.79x
Wrote 'output/cuda_constant.jpg'

============= SHARED =============
Kernel time:                    12.672 s
Memory transfer time:            0.010 s
Total (without mem):            12.672 s
Total (with mem):               12.682 s
Throughput:                       0.03 Mpixels/sec
Speedup vs OpenMP (kernel):      52.48x
Speedup vs OpenMP (with mem):    52.44x
Wrote 'output/cuda_shared.jpg'

============= 1D TEXTURE =============
Kernel time:                    13.530 s
Memory transfer time:            0.004 s
Total (without mem):            13.530 s
Total (with mem):               13.534 s
Throughput:                       0.03 Mpixels/sec
Speedup vs OpenMP (kernel):      49.15x
Speedup vs OpenMP (with mem):    49.14x
Wrote 'output/cuda_1d_texture.jpg'

============= 2D TEXTURE =============
Kernel time:                    13.571 s
Memory transfer time:            0.004 s
Total (without mem):            13.571 s
Total (with mem):               13.575 s
Throughput:                       0.03 Mpixels/sec
Speedup vs OpenMP (kernel):      49.01x
Speedup vs OpenMP (with mem):    48.99x
Wrote 'output/cuda_2d_texture.jpg'

============= 2D TEXTURE + CONSTANT =============
Kernel time:                    12.548 s
Memory transfer time:            0.010 s
Total (without mem):            12.548 s
Total (with mem):               12.558 s
Throughput:                       0.03 Mpixels/sec
Speedup vs OpenMP (kernel):      53.00x
Speedup vs OpenMP (with mem):    52.96x
Wrote 'output/cuda_2d_texture_constant.jpg'

============= REALISTIC =============
Kernel time:                    13.576 s
Memory transfer time:            0.004 s
Total (without mem):            13.576 s
Total (with mem):               13.581 s
Throughput:                       0.03 Mpixels/sec
Speedup vs OpenMP (kernel):      48.99x
Speedup vs OpenMP (with mem):    48.97x
Wrote 'output/cuda_realistic.jpg'
