Config: blockSize=512 MAX_SPHERES=512 maxDepth=50 numSpheres=200
Scene initialized

============= OPENMP =============
Time:                          657.884 s
Wrote 'output/openmp.jpg'

Spheres generated: 200 (requested 200)

============= GLOBAL =============
Kernel time:                    15.315 s
Memory transfer time:            0.006 s
Total (without mem):            15.315 s
Total (with mem):               15.321 s
Throughput:                       0.03 Mpixels/sec
Speedup vs OpenMP (kernel):      42.96x
Speedup vs OpenMP (with mem):    42.94x
Wrote 'output/cuda_global.jpg'

============= CONSTANT =============
Kernel time:                    14.096 s
Memory transfer time:            0.012 s
Total (without mem):            14.096 s
Total (with mem):               14.108 s
Throughput:                       0.03 Mpixels/sec
Speedup vs OpenMP (kernel):      46.67x
Speedup vs OpenMP (with mem):    46.63x
Wrote 'output/cuda_constant.jpg'

============= SHARED =============
Kernel time:                    14.109 s
Memory transfer time:            0.012 s
Total (without mem):            14.109 s
Total (with mem):               14.121 s
Throughput:                       0.03 Mpixels/sec
Speedup vs OpenMP (kernel):      46.63x
Speedup vs OpenMP (with mem):    46.59x
Wrote 'output/cuda_shared.jpg'

============= 1D TEXTURE =============
Kernel time:                    15.265 s
Memory transfer time:            0.005 s
Total (without mem):            15.265 s
Total (with mem):               15.271 s
Throughput:                       0.03 Mpixels/sec
Speedup vs OpenMP (kernel):      43.10x
Speedup vs OpenMP (with mem):    43.08x
Wrote 'output/cuda_1d_texture.jpg'

============= 2D TEXTURE =============
Kernel time:                    15.258 s
Memory transfer time:            0.005 s
Total (without mem):            15.258 s
Total (with mem):               15.263 s
Throughput:                       0.03 Mpixels/sec
Speedup vs OpenMP (kernel):      43.12x
Speedup vs OpenMP (with mem):    43.10x
Wrote 'output/cuda_2d_texture.jpg'

============= 2D TEXTURE + CONSTANT =============
Kernel time:                    14.119 s
Memory transfer time:            0.011 s
Total (without mem):            14.119 s
Total (with mem):               14.130 s
Throughput:                       0.03 Mpixels/sec
Speedup vs OpenMP (kernel):      46.60x
Speedup vs OpenMP (with mem):    46.56x
Wrote 'output/cuda_2d_texture_constant.jpg'

============= REALISTIC =============
Kernel time:                    15.276 s
Memory transfer time:            0.005 s
Total (without mem):            15.276 s
Total (with mem):               15.281 s
Throughput:                       0.03 Mpixels/sec
Speedup vs OpenMP (kernel):      43.07x
Speedup vs OpenMP (with mem):    43.05x
Wrote 'output/cuda_realistic.jpg'
