Config: blockSize=256 MAX_SPHERES=512 maxDepth=75 numSpheres=200
Scene initialized

============= OPENMP =============
Time:                          658.629 s
Wrote 'output/openmp.jpg'

Spheres generated: 200 (requested 200)

============= GLOBAL =============
Kernel time:                    13.631 s
Memory transfer time:            0.008 s
Total (without mem):            13.631 s
Total (with mem):               13.640 s
Throughput:                       0.03 Mpixels/sec
Speedup vs OpenMP (kernel):      48.32x
Speedup vs OpenMP (with mem):    48.29x
Wrote 'output/cuda_global.jpg'

============= CONSTANT =============
Kernel time:                    12.482 s
Memory transfer time:            0.020 s
Total (without mem):            12.482 s
Total (with mem):               12.502 s
Throughput:                       0.03 Mpixels/sec
Speedup vs OpenMP (kernel):      52.76x
Speedup vs OpenMP (with mem):    52.68x
Wrote 'output/cuda_constant.jpg'

============= SHARED =============
Kernel time:                    12.569 s
Memory transfer time:            0.020 s
Total (without mem):            12.569 s
Total (with mem):               12.589 s
Throughput:                       0.03 Mpixels/sec
Speedup vs OpenMP (kernel):      52.40x
Speedup vs OpenMP (with mem):    52.32x
Wrote 'output/cuda_shared.jpg'

============= 1D TEXTURE =============
Kernel time:                    13.518 s
Memory transfer time:            0.004 s
Total (without mem):            13.518 s
Total (with mem):               13.522 s
Throughput:                       0.03 Mpixels/sec
Speedup vs OpenMP (kernel):      48.72x
Speedup vs OpenMP (with mem):    48.71x
Wrote 'output/cuda_1d_texture.jpg'

============= 2D TEXTURE =============
Kernel time:                    13.530 s
Memory transfer time:            0.004 s
Total (without mem):            13.530 s
Total (with mem):               13.534 s
Throughput:                       0.03 Mpixels/sec
Speedup vs OpenMP (kernel):      48.68x
Speedup vs OpenMP (with mem):    48.66x
Wrote 'output/cuda_2d_texture.jpg'

============= 2D TEXTURE + CONSTANT =============
Kernel time:                    12.498 s
Memory transfer time:            0.016 s
Total (without mem):            12.498 s
Total (with mem):               12.514 s
Throughput:                       0.03 Mpixels/sec
Speedup vs OpenMP (kernel):      52.70x
Speedup vs OpenMP (with mem):    52.63x
Wrote 'output/cuda_2d_texture_constant.jpg'

============= REALISTIC =============
Kernel time:                    13.565 s
Memory transfer time:            0.004 s
Total (without mem):            13.565 s
Total (with mem):               13.569 s
Throughput:                       0.03 Mpixels/sec
Speedup vs OpenMP (kernel):      48.55x
Speedup vs OpenMP (with mem):    48.54x
Wrote 'output/cuda_realistic.jpg'
