Config: blockSize=256 MAX_SPHERES=512 maxDepth=50 numSpheres=200
Scene initialized

============= OPENMP =============
Time:                          657.147 s
Wrote 'output/openmp.jpg'

Spheres generated: 200 (requested 200)

============= GLOBAL =============
Kernel time:                    13.451 s
Memory transfer time:            0.005 s
Total (without mem):            13.451 s
Total (with mem):               13.456 s
Throughput:                       0.03 Mpixels/sec
Speedup vs OpenMP (kernel):      48.85x
Speedup vs OpenMP (with mem):    48.84x
Wrote 'output/cuda_global.jpg'

============= CONSTANT =============
Kernel time:                    12.413 s
Memory transfer time:            0.011 s
Total (without mem):            12.413 s
Total (with mem):               12.425 s
Throughput:                       0.03 Mpixels/sec
Speedup vs OpenMP (kernel):      52.94x
Speedup vs OpenMP (with mem):    52.89x
Wrote 'output/cuda_constant.jpg'

============= SHARED =============
Kernel time:                    12.506 s
Memory transfer time:            0.011 s
Total (without mem):            12.506 s
Total (with mem):               12.517 s
Throughput:                       0.03 Mpixels/sec
Speedup vs OpenMP (kernel):      52.55x
Speedup vs OpenMP (with mem):    52.50x
Wrote 'output/cuda_shared.jpg'

============= 1D TEXTURE =============
Kernel time:                    13.400 s
Memory transfer time:            0.004 s
Total (without mem):            13.400 s
Total (with mem):               13.404 s
Throughput:                       0.03 Mpixels/sec
Speedup vs OpenMP (kernel):      49.04x
Speedup vs OpenMP (with mem):    49.03x
Wrote 'output/cuda_1d_texture.jpg'

============= 2D TEXTURE =============
Kernel time:                    13.411 s
Memory transfer time:            0.004 s
Total (without mem):            13.411 s
Total (with mem):               13.415 s
Throughput:                       0.03 Mpixels/sec
Speedup vs OpenMP (kernel):      49.00x
Speedup vs OpenMP (with mem):    48.99x
Wrote 'output/cuda_2d_texture.jpg'

============= 2D TEXTURE + CONSTANT =============
Kernel time:                    12.408 s
Memory transfer time:            0.011 s
Total (without mem):            12.408 s
Total (with mem):               12.419 s
Throughput:                       0.03 Mpixels/sec
Speedup vs OpenMP (kernel):      52.96x
Speedup vs OpenMP (with mem):    52.92x
Wrote 'output/cuda_2d_texture_constant.jpg'

============= REALISTIC =============
Kernel time:                    13.395 s
Memory transfer time:            0.004 s
Total (without mem):            13.395 s
Total (with mem):               13.399 s
Throughput:                       0.03 Mpixels/sec
Speedup vs OpenMP (kernel):      49.06x
Speedup vs OpenMP (with mem):    49.04x
Wrote 'output/cuda_realistic.jpg'
