Config: blockSize=256 MAX_SPHERES=512 maxDepth=50 numSpheres=100
Scene initialized

============= OPENMP =============
Time:                          361.601 s
Wrote 'output/openmp.jpg'

Spheres generated: 100 (requested 100)

============= GLOBAL =============
Kernel time:                     7.647 s
Memory transfer time:            0.011 s
Total (without mem):             7.647 s
Total (with mem):                7.659 s
Throughput:                       0.05 Mpixels/sec
Speedup vs OpenMP (kernel):      47.28x
Speedup vs OpenMP (with mem):    47.21x
Wrote 'output/cuda_global.jpg'

============= CONSTANT =============
Kernel time:                     7.101 s
Memory transfer time:            0.054 s
Total (without mem):             7.101 s
Total (with mem):                7.155 s
Throughput:                       0.06 Mpixels/sec
Speedup vs OpenMP (kernel):      50.92x
Speedup vs OpenMP (with mem):    50.54x
Wrote 'output/cuda_constant.jpg'

============= SHARED =============
Kernel time:                     7.169 s
Memory transfer time:            0.054 s
Total (without mem):             7.169 s
Total (with mem):                7.223 s
Throughput:                       0.06 Mpixels/sec
Speedup vs OpenMP (kernel):      50.44x
Speedup vs OpenMP (with mem):    50.06x
Wrote 'output/cuda_shared.jpg'

============= 1D TEXTURE =============
Kernel time:                     7.621 s
Memory transfer time:            0.006 s
Total (without mem):             7.621 s
Total (with mem):                7.627 s
Throughput:                       0.05 Mpixels/sec
Speedup vs OpenMP (kernel):      47.45x
Speedup vs OpenMP (with mem):    47.41x
Wrote 'output/cuda_1d_texture.jpg'

============= 2D TEXTURE =============
Kernel time:                     7.595 s
Memory transfer time:            0.006 s
Total (without mem):             7.595 s
Total (with mem):                7.601 s
Throughput:                       0.05 Mpixels/sec
Speedup vs OpenMP (kernel):      47.61x
Speedup vs OpenMP (with mem):    47.57x
Wrote 'output/cuda_2d_texture.jpg'

============= 2D TEXTURE + CONSTANT =============
Kernel time:                     7.097 s
Memory transfer time:            0.049 s
Total (without mem):             7.097 s
Total (with mem):                7.146 s
Throughput:                       0.06 Mpixels/sec
Speedup vs OpenMP (kernel):      50.95x
Speedup vs OpenMP (with mem):    50.60x
Wrote 'output/cuda_2d_texture_constant.jpg'

============= REALISTIC =============
Kernel time:                     7.602 s
Memory transfer time:            0.006 s
Total (without mem):             7.602 s
Total (with mem):                7.608 s
Throughput:                       0.05 Mpixels/sec
Speedup vs OpenMP (kernel):      47.57x
Speedup vs OpenMP (with mem):    47.53x
Wrote 'output/cuda_realistic.jpg'
