Config: blockSize=256 MAX_SPHERES=512 maxDepth=50 numSpheres=800
Scene initialized

============= OPENMP =============
Time:                          665.612 s
Wrote 'output/openmp.jpg'

Spheres generated: 203 (requested 800)

============= GLOBAL =============
Kernel time:                    13.603 s
Memory transfer time:            0.007 s
Total (without mem):            13.603 s
Total (with mem):               13.610 s
Throughput:                       0.03 Mpixels/sec
Speedup vs OpenMP (kernel):      48.93x
Speedup vs OpenMP (with mem):    48.91x
Wrote 'output/cuda_global.jpg'

============= CONSTANT =============
Kernel time:                    12.560 s
Memory transfer time:            0.048 s
Total (without mem):            12.560 s
Total (with mem):               12.608 s
Throughput:                       0.03 Mpixels/sec
Speedup vs OpenMP (kernel):      52.99x
Speedup vs OpenMP (with mem):    52.79x
Wrote 'output/cuda_constant.jpg'

============= SHARED =============
Kernel time:                    12.657 s
Memory transfer time:            0.048 s
Total (without mem):            12.657 s
Total (with mem):               12.705 s
Throughput:                       0.03 Mpixels/sec
Speedup vs OpenMP (kernel):      52.59x
Speedup vs OpenMP (with mem):    52.39x
Wrote 'output/cuda_shared.jpg'

============= 1D TEXTURE =============
Kernel time:                    13.587 s
Memory transfer time:            0.005 s
Total (without mem):            13.587 s
Total (with mem):               13.592 s
Throughput:                       0.03 Mpixels/sec
Speedup vs OpenMP (kernel):      48.99x
Speedup vs OpenMP (with mem):    48.97x
Wrote 'output/cuda_1d_texture.jpg'

============= 2D TEXTURE =============
Kernel time:                    13.561 s
Memory transfer time:            0.005 s
Total (without mem):            13.561 s
Total (with mem):               13.566 s
Throughput:                       0.03 Mpixels/sec
Speedup vs OpenMP (kernel):      49.08x
Speedup vs OpenMP (with mem):    49.06x
Wrote 'output/cuda_2d_texture.jpg'

============= 2D TEXTURE + CONSTANT =============
Kernel time:                    12.549 s
Memory transfer time:            0.046 s
Total (without mem):            12.549 s
Total (with mem):               12.595 s
Throughput:                       0.03 Mpixels/sec
Speedup vs OpenMP (kernel):      53.04x
Speedup vs OpenMP (with mem):    52.85x
Wrote 'output/cuda_2d_texture_constant.jpg'

============= REALISTIC =============
Kernel time:                    13.578 s
Memory transfer time:            0.005 s
Total (without mem):            13.578 s
Total (with mem):               13.583 s
Throughput:                       0.03 Mpixels/sec
Speedup vs OpenMP (kernel):      49.02x
Speedup vs OpenMP (with mem):    49.00x
Wrote 'output/cuda_realistic.jpg'
