Config: blockSize=64 MAX_SPHERES=512 maxDepth=50 numSpheres=200
Scene initialized

============= OPENMP =============
Time:                          658.556 s
Wrote 'output/openmp.jpg'

Spheres generated: 200 (requested 200)

============= GLOBAL =============
Kernel time:                    11.896 s
Memory transfer time:            0.006 s
Total (without mem):            11.896 s
Total (with mem):               11.902 s
Throughput:                       0.03 Mpixels/sec
Speedup vs OpenMP (kernel):      55.36x
Speedup vs OpenMP (with mem):    55.33x
Wrote 'output/cuda_global.jpg'

============= CONSTANT =============
Kernel time:                    11.754 s
Memory transfer time:            0.052 s
Total (without mem):            11.754 s
Total (with mem):               11.807 s
Throughput:                       0.03 Mpixels/sec
Speedup vs OpenMP (kernel):      56.03x
Speedup vs OpenMP (with mem):    55.78x
Wrote 'output/cuda_constant.jpg'

============= SHARED =============
Kernel time:                    12.946 s
Memory transfer time:            0.052 s
Total (without mem):            12.946 s
Total (with mem):               12.998 s
Throughput:                       0.03 Mpixels/sec
Speedup vs OpenMP (kernel):      50.87x
Speedup vs OpenMP (with mem):    50.67x
Wrote 'output/cuda_shared.jpg'

============= 1D TEXTURE =============
Kernel time:                    11.846 s
Memory transfer time:            0.005 s
Total (without mem):            11.846 s
Total (with mem):               11.852 s
Throughput:                       0.03 Mpixels/sec
Speedup vs OpenMP (kernel):      55.59x
Speedup vs OpenMP (with mem):    55.57x
Wrote 'output/cuda_1d_texture.jpg'

============= 2D TEXTURE =============
Kernel time:                    11.863 s
Memory transfer time:            0.005 s
Total (without mem):            11.863 s
Total (with mem):               11.868 s
Throughput:                       0.03 Mpixels/sec
Speedup vs OpenMP (kernel):      55.51x
Speedup vs OpenMP (with mem):    55.49x
Wrote 'output/cuda_2d_texture.jpg'

============= 2D TEXTURE + CONSTANT =============
Kernel time:                    11.802 s
Memory transfer time:            0.052 s
Total (without mem):            11.802 s
Total (with mem):               11.854 s
Throughput:                       0.03 Mpixels/sec
Speedup vs OpenMP (kernel):      55.80x
Speedup vs OpenMP (with mem):    55.56x
Wrote 'output/cuda_2d_texture_constant.jpg'

============= REALISTIC =============
Kernel time:                    11.885 s
Memory transfer time:            0.005 s
Total (without mem):            11.885 s
Total (with mem):               11.890 s
Throughput:                       0.03 Mpixels/sec
Speedup vs OpenMP (kernel):      55.41x
Speedup vs OpenMP (with mem):    55.39x
Wrote 'output/cuda_realistic.jpg'
